Archive member included because of file (symbol)

c:/program files (x86)/atmel/atmel toolchain/avr8 gcc/native/3.4.1061/avr8-gnu-toolchain/bin/../lib/gcc/avr/4.8.1/../../../../avr/lib/avr5\libm.a(addsf3.o)
                              devices/BMP280.o (__subsf3)
c:/program files (x86)/atmel/atmel toolchain/avr8 gcc/native/3.4.1061/avr8-gnu-toolchain/bin/../lib/gcc/avr/4.8.1/../../../../avr/lib/avr5\libm.a(addsf3x.o)
                              c:/program files (x86)/atmel/atmel toolchain/avr8 gcc/native/3.4.1061/avr8-gnu-toolchain/bin/../lib/gcc/avr/4.8.1/../../../../avr/lib/avr5\libm.a(addsf3.o) (__addsf3x)
c:/program files (x86)/atmel/atmel toolchain/avr8 gcc/native/3.4.1061/avr8-gnu-toolchain/bin/../lib/gcc/avr/4.8.1/../../../../avr/lib/avr5\libm.a(cmpsf2.o)
                              devices/BMP280.o (__ltsf2)
c:/program files (x86)/atmel/atmel toolchain/avr8 gcc/native/3.4.1061/avr8-gnu-toolchain/bin/../lib/gcc/avr/4.8.1/../../../../avr/lib/avr5\libm.a(divsf3.o)
                              devices/BMP280.o (__divsf3)
c:/program files (x86)/atmel/atmel toolchain/avr8 gcc/native/3.4.1061/avr8-gnu-toolchain/bin/../lib/gcc/avr/4.8.1/../../../../avr/lib/avr5\libm.a(divsf3x.o)
                              c:/program files (x86)/atmel/atmel toolchain/avr8 gcc/native/3.4.1061/avr8-gnu-toolchain/bin/../lib/gcc/avr/4.8.1/../../../../avr/lib/avr5\libm.a(divsf3.o) (__divsf3x)
c:/program files (x86)/atmel/atmel toolchain/avr8 gcc/native/3.4.1061/avr8-gnu-toolchain/bin/../lib/gcc/avr/4.8.1/../../../../avr/lib/avr5\libm.a(fixsfsi.o)
                              devices/BMP280.o (__fixsfsi)
c:/program files (x86)/atmel/atmel toolchain/avr8 gcc/native/3.4.1061/avr8-gnu-toolchain/bin/../lib/gcc/avr/4.8.1/../../../../avr/lib/avr5\libm.a(fixunssfsi.o)
                              c:/program files (x86)/atmel/atmel toolchain/avr8 gcc/native/3.4.1061/avr8-gnu-toolchain/bin/../lib/gcc/avr/4.8.1/../../../../avr/lib/avr5\libm.a(fixsfsi.o) (__fixunssfsi)
c:/program files (x86)/atmel/atmel toolchain/avr8 gcc/native/3.4.1061/avr8-gnu-toolchain/bin/../lib/gcc/avr/4.8.1/../../../../avr/lib/avr5\libm.a(floatsisf.o)
                              devices/BMP280.o (__floatunsisf)
c:/program files (x86)/atmel/atmel toolchain/avr8 gcc/native/3.4.1061/avr8-gnu-toolchain/bin/../lib/gcc/avr/4.8.1/../../../../avr/lib/avr5\libm.a(fp_cmp.o)
                              c:/program files (x86)/atmel/atmel toolchain/avr8 gcc/native/3.4.1061/avr8-gnu-toolchain/bin/../lib/gcc/avr/4.8.1/../../../../avr/lib/avr5\libm.a(cmpsf2.o) (__fp_cmp)
c:/program files (x86)/atmel/atmel toolchain/avr8 gcc/native/3.4.1061/avr8-gnu-toolchain/bin/../lib/gcc/avr/4.8.1/../../../../avr/lib/avr5\libm.a(fp_inf.o)
                              c:/program files (x86)/atmel/atmel toolchain/avr8 gcc/native/3.4.1061/avr8-gnu-toolchain/bin/../lib/gcc/avr/4.8.1/../../../../avr/lib/avr5\libm.a(addsf3x.o) (__fp_inf)
c:/program files (x86)/atmel/atmel toolchain/avr8 gcc/native/3.4.1061/avr8-gnu-toolchain/bin/../lib/gcc/avr/4.8.1/../../../../avr/lib/avr5\libm.a(fp_nan.o)
                              c:/program files (x86)/atmel/atmel toolchain/avr8 gcc/native/3.4.1061/avr8-gnu-toolchain/bin/../lib/gcc/avr/4.8.1/../../../../avr/lib/avr5\libm.a(addsf3x.o) (__fp_nan)
c:/program files (x86)/atmel/atmel toolchain/avr8 gcc/native/3.4.1061/avr8-gnu-toolchain/bin/../lib/gcc/avr/4.8.1/../../../../avr/lib/avr5\libm.a(fp_pscA.o)
                              c:/program files (x86)/atmel/atmel toolchain/avr8 gcc/native/3.4.1061/avr8-gnu-toolchain/bin/../lib/gcc/avr/4.8.1/../../../../avr/lib/avr5\libm.a(addsf3x.o) (__fp_pscA)
c:/program files (x86)/atmel/atmel toolchain/avr8 gcc/native/3.4.1061/avr8-gnu-toolchain/bin/../lib/gcc/avr/4.8.1/../../../../avr/lib/avr5\libm.a(fp_pscB.o)
                              c:/program files (x86)/atmel/atmel toolchain/avr8 gcc/native/3.4.1061/avr8-gnu-toolchain/bin/../lib/gcc/avr/4.8.1/../../../../avr/lib/avr5\libm.a(addsf3x.o) (__fp_pscB)
c:/program files (x86)/atmel/atmel toolchain/avr8 gcc/native/3.4.1061/avr8-gnu-toolchain/bin/../lib/gcc/avr/4.8.1/../../../../avr/lib/avr5\libm.a(fp_round.o)
                              c:/program files (x86)/atmel/atmel toolchain/avr8 gcc/native/3.4.1061/avr8-gnu-toolchain/bin/../lib/gcc/avr/4.8.1/../../../../avr/lib/avr5\libm.a(addsf3.o) (__fp_round)
c:/program files (x86)/atmel/atmel toolchain/avr8 gcc/native/3.4.1061/avr8-gnu-toolchain/bin/../lib/gcc/avr/4.8.1/../../../../avr/lib/avr5\libm.a(fp_split3.o)
                              c:/program files (x86)/atmel/atmel toolchain/avr8 gcc/native/3.4.1061/avr8-gnu-toolchain/bin/../lib/gcc/avr/4.8.1/../../../../avr/lib/avr5\libm.a(addsf3x.o) (__fp_split3)
c:/program files (x86)/atmel/atmel toolchain/avr8 gcc/native/3.4.1061/avr8-gnu-toolchain/bin/../lib/gcc/avr/4.8.1/../../../../avr/lib/avr5\libm.a(fp_zero.o)
[...]
Memory Configuration

Name             Origin             Length             Attributes
text             0x00000000         0x00020000         xr
data             0x00800060         0x0000ffa0         rw !x
eeprom           0x00810000         0x00010000         rw !x
fuse             0x00820000         0x00000400         rw !x
lock             0x00830000         0x00000400         rw !x
signature        0x00840000         0x00000400         rw !x
user_signatures  0x00850000         0x00000400         rw !x
*default*        0x00000000         0xffffffff

Linker script and memory map

Address of section .data set to 0x800200
LOAD c:/program files (x86)/atmel/atmel toolchain/avr8 gcc/native/3.4.1061/avr8-gnu-toolchain/bin/../lib/gcc/avr/4.8.1/../../../../avr/lib/avr5/crtm644rfr2.o
LOAD ATMOS.o
LOAD common.o
LOAD devices/BMP280.o
LOAD devices/K30.o
LOAD devices/Si7020.o
LOAD devices/TGS2600.o
LOAD drivers/ADC.o
LOAD drivers/PWR.o
LOAD drivers/SPI.o
LOAD drivers/TWI.o
LOAD drivers/usart0.o
LOAD Event/Event_Timer.o
LOAD Event/Event.o
LOAD hal/atmega256rfr2/src/hal.o
LOAD hal/atmega256rfr2/src/halTimer.o
LOAD nwk/src/nwk.o
LOAD nwk/src/nwkDataReq.o
LOAD nwk/src/nwkFrame.o
LOAD nwk/src/nwkGroup.o
LOAD nwk/src/nwkRoute.o
LOAD nwk/src/nwkRouteDiscovery.o
LOAD nwk/src/nwkRx.o
LOAD nwk/src/nwkSecurity.o
LOAD nwk/src/nwkTx.o
LOAD phy/atmegarfr2/src/phy.o
LOAD sensors/Base_Sensor.o
LOAD sensors/My_Sensor.o
LOAD sys/src/sys.o
LOAD sys/src/sysEncrypt.o
LOAD sys/src/sysTimer.o
LOAD utilities/llist.o
START GROUP
LOAD c:/program files (x86)/atmel/atmel toolchain/avr8 gcc/native/3.4.1061/avr8-gnu-toolchain/bin/../lib/gcc/avr/4.8.1/../../../../avr/lib/avr5\libm.a
LOAD c:/program files (x86)/atmel/atmel toolchain/avr8 gcc/native/3.4.1061/avr8-gnu-toolchain/bin/../lib/gcc/avr/4.8.1/../../../../avr/lib/avr5\libprintf_flt.a
END GROUP
START GROUP
LOAD c:/program files (x86)/atmel/atmel toolchain/avr8 gcc/native/3.4.1061/avr8-gnu-toolchain/bin/../lib/gcc/avr/4.8.1/avr5\libgcc.a
LOAD c:/program files (x86)/atmel/atmel toolchain/avr8 gcc/native/3.4.1061/avr8-gnu-toolchain/bin/../lib/gcc/avr/4.8.1/../../../../avr/lib/avr5\libm.a
LOAD c:/program files (x86)/atmel/atmel toolchain/avr8 gcc/native/3.4.1061/avr8-gnu-toolchain/bin/../lib/gcc/avr/4.8.1/../../../../avr/lib/avr5\libc.a
END GROUP

.hash
 *(.hash)

.dynsym
 *(.dynsym)

.dynstr
 *(.dynstr)

.gnu.version
 *(.gnu.version)

.gnu.version_d
 *(.gnu.version_d)

.gnu.version_r
 *(.gnu.version_r)

.rel.init
 *(.rel.init)

.rela.init
 *(.rela.init)

.rel.text
 *(.rel.text)
 *(.rel.text.*)
 *(.rel.gnu.linkonce.t*)

.rela.text
 *(.rela.text)
 *(.rela.text.*)
 *(.rela.gnu.linkonce.t*)

.rel.fini
 *(.rel.fini)

.rela.fini
 *(.rela.fini)

.rel.rodata
 *(.rel.rodata)
 *(.rel.rodata.*)
 *(.rel.gnu.linkonce.r*)

.rela.rodata
 *(.rela.rodata)
 *(.rela.rodata.*)
 *(.rela.gnu.linkonce.r*)

.rel.data
 *(.rel.data)
 *(.rel.data.*)
 *(.rel.gnu.linkonce.d*)

.rela.data
 *(.rela.data)
 *(.rela.data.*)
 *(.rela.gnu.linkonce.d*)

.rel.ctors
 *(.rel.ctors)

.rela.ctors
 *(.rela.ctors)

.rel.dtors
 *(.rel.dtors)

.rela.dtors
 *(.rela.dtors)

.rel.got
 *(.rel.got)

.rela.got
 *(.rela.got)

.rel.bss
 *(.rel.bss)

.rela.bss
 *(.rela.bss)

.rel.plt
 *(.rel.plt)

.rela.plt
 *(.rela.plt)

.text           0x00000000     0x1e88
 *(.vectors)
 .vectors       0x00000000      0x134 c:/program files (x86)/atmel/atmel toolchain/avr8 gcc/native/3.4.1061/avr8-gnu-toolchain/bin/../lib/gcc/avr/4.8.1/../../../../avr/lib/avr5/crtm644rfr2.o
                0x00000000                __vector_default
                0x00000000                __vectors
 *(.vectors)
 *(.progmem.gcc*)
                0x00000134                . = ALIGN (0x2)
                0x00000134                __trampolines_start = .
 *(.trampolines)
 .trampolines   0x00000134        0x0 linker stubs
 *(.trampolines*)
                0x00000134                __trampolines_end = .
 *(.progmem*)
 .progmem.data  0x00000134        0x8 c:/program files (x86)/atmel/atmel toolchain/avr8 gcc/native/3.4.1061/avr8-gnu-toolchain/bin/../lib/gcc/avr/4.8.1/../../../../avr/lib/avr5\libprintf_flt.a(vfprintf_flt.o)
 .progmem.data  0x0000013c       0xfa c:/program files (x86)/atmel/atmel toolchain/avr8 gcc/native/3.4.1061/avr8-gnu-toolchain/bin/../lib/gcc/avr/4.8.1/../../../../avr/lib/avr5\libc.a(ftoa_engine.o)
                0x00000236                . = ALIGN (0x2)
 *(.jumptables)
 *(.jumptables*)
 *(.lowtext)
 *(.lowtext*)
                0x00000236                __ctors_start = .
 *(.ctors)
                0x00000236                __ctors_end = .
                0x00000236                __dtors_start = .
 *(.dtors)
                0x00000236                __dtors_end = .
 SORT(*)(.ctors)
 SORT(*)(.dtors)
 *(.init0)
 .init0         0x00000236        0x0 c:/program files (x86)/atmel/atmel toolchain/avr8 gcc/native/3.4.1061/avr8-gnu-toolchain/bin/../lib/gcc/avr/4.8.1/../../../../avr/lib/avr5/crtm644rfr2.o
                0x00000236                __init
 *(.init0)
 *(.init1)
 *(.init1)
 *(.init2)
 .init2         0x00000236        0xc c:/program files (x86)/atmel/atmel toolchain/avr8 gcc/native/3.4.1061/avr8-gnu-toolchain/bin/../lib/gcc/avr/4.8.1/../../../../avr/lib/avr5/crtm644rfr2.o
 *(.init2)
 *(.init3)
 *(.init3)
 *(.init4)
 .init4         0x00000242       0x16 c:/program files (x86)/atmel/atmel toolchain/avr8 gcc/native/3.4.1061/avr8-gnu-toolchain/bin/../lib/gcc/avr/4.8.1/avr5\libgcc.a(_copy_data.o)
                0x00000242                __do_copy_data
 .init4         0x00000258       0x10 c:/program files (x86)/atmel/atmel toolchain/avr8 gcc/native/3.4.1061/avr8-gnu-toolchain/bin/../lib/gcc/avr/4.8.1/avr5\libgcc.a(_clear_bss.o)
                0x00000258                __do_clear_bss
 *(.init4)
 *(.init5)
 *(.init5)
 *(.init6)
 *(.init6)
 *(.init7)
 *(.init7)
 *(.init8)
 *(.init8)
 *(.init9)
 .init9         0x00000268        0x8 c:/program files (x86)/atmel/atmel toolchain/avr8 gcc/native/3.4.1061/avr8-gnu-toolchain/bin/../lib/gcc/avr/4.8.1/../../../../avr/lib/avr5/crtm644rfr2.o
 *(.init9)
 *(.text)
 .text          0x00000270        0x4 c:/program files (x86)/atmel/atmel toolchain/avr8 gcc/native/3.4.1061/avr8-gnu-toolchain/bin/../lib/gcc/avr/4.8.1/../../../../avr/lib/avr5/crtm644rfr2.o
                0x00000270                __vector_38
                0x00000270                __vector_22
                0x00000270                __vector_63
                0x00000270                __vector_28
                0x00000270                __vector_67
                0x00000270                __vector_1
                0x00000270                __vector_32
                0x00000270                __vector_75
                0x00000270                __vector_71
                0x00000270                __vector_34
                0x00000270                __vector_62
                0x00000270                __vector_24
                0x00000270                __vector_12
                0x00000270                __vector_55
                0x00000270                __vector_69
                0x00000270                __vector_46
                0x00000270                __bad_interrupt
                0x00000270                __vector_72
                0x00000270                __vector_6
                0x00000270                __vector_31
                0x00000270                __vector_35
                0x00000270                __vector_74
                0x00000270                __vector_39
                0x00000270                __vector_3
                0x00000270                __vector_23
                0x00000270                __vector_68
                0x00000270                __vector_30
                0x00000270                __vector_73
                0x00000270                __vector_45
                0x00000270                __vector_25
                0x00000270                __vector_61
                0x00000270                __vector_11
                0x00000270                __vector_54
                0x00000270                __vector_17
                0x00000270                __vector_19
                0x00000270                __vector_56
                0x00000270                __vector_7
                0x00000270                __vector_49
                0x00000270                __vector_41
                0x00000270                __vector_64
                0x00000270                __vector_43
                0x00000270                __vector_27
                0x00000270                __vector_5
                0x00000270                __vector_33
                0x00000270                __vector_76
                0x00000270                __vector_47
                0x00000270                __vector_52
                0x00000270                __vector_37
                0x00000270                __vector_4
                0x00000270                __vector_44
                0x00000270                __vector_51
                0x00000270                __vector_9
                0x00000270                __vector_2
                0x00000270                __vector_21
                0x00000270                __vector_15
                0x00000270                __vector_66
                0x00000270                __vector_36
                0x00000270                __vector_58
                0x00000270                __vector_70
                0x00000270                __vector_29
                0x00000270                __vector_60
                0x00000270                __vector_40
                0x00000270                __vector_8
                0x00000270                __vector_26
                0x00000270                __vector_48
                0x00000270                __vector_14
                0x00000270                __vector_57
                0x00000270                __vector_53
                0x00000270                __vector_10
                0x00000270                __vector_50
                0x00000270                __vector_16
                0x00000270                __vector_59
                0x00000270                __vector_18
                0x00000270                __vector_20
                0x00000270                __vector_65
                0x00000274                . = ALIGN (0x2)
 *(.text.*)
 .text.main     0x00000274       0x9a ATMOS.o
                0x00000274                main
 .text.BMP280_ReadBytes
                0x0000030e       0x54 devices/BMP280.o
 .text.BMP280_ReadInt
                0x00000362       0x4a devices/BMP280.o
 .text.BMP280_Init
                0x000003ac      0x1c0 devices/BMP280.o
                0x000003ac                BMP280_Init
 .text.BMP280_SetOversampling
                0x0000056c        0xc devices/BMP280.o
                0x0000056c                BMP280_SetOversampling
 .text.Si7020_init
                0x00000578        0x4 devices/Si7020.o
                0x00000578                Si7020_init
 .text.TGS2600_TurnOn
                0x0000057c        0x4 devices/TGS2600.o
                0x0000057c                TGS2600_TurnOn
 .text.TGS2600_Init
                0x00000580        0x8 devices/TGS2600.o
                0x00000580                TGS2600_Init
 .text.ADC_Init
                0x00000588       0x18 drivers/ADC.o
                0x00000588                ADC_Init
 .text.PWR_Init
                0x000005a0        0x8 drivers/PWR.o
                0x000005a0                PWR_Init
 .text.PWR_TurnOn5V
                0x000005a8        0x4 drivers/PWR.o
                0x000005a8                PWR_TurnOn5V
 .text.SPI_SlaveInit
                0x000005ac        0x8 drivers/SPI.o
                0x000005ac                SPI_SlaveInit
 .text.TWI_Init
                0x000005b4       0x3c drivers/TWI.o
                0x000005b4                TWI_Init
 .text.TWI_WriteByte
                0x000005f0       0x1c drivers/TWI.o
                0x000005f0                TWI_WriteByte
 .text.TWI_BeginWrite
                0x0000060c       0x3a drivers/TWI.o
                0x0000060c                TWI_BeginWrite
 .text.TWI_BeginRead
                0x00000646       0x30 drivers/TWI.o
                0x00000646                TWI_BeginRead
 .text.TWI_ReadAck
                0x00000676       0x20 drivers/TWI.o
                0x00000676                TWI_ReadAck
 .text.TWI_ReadNack
                0x00000696       0x20 drivers/TWI.o
                0x00000696                TWI_ReadNack
 .text.TWI_Stop
                0x000006b6        0xa drivers/TWI.o
                0x000006b6                TWI_Stop
 .text.TWI_Read
                0x000006c0       0x78 drivers/TWI.o
                0x000006c0                TWI_Read
 .text.USART0_Init
                0x00000738       0x5a drivers/usart0.o
                0x00000738                USART0_Init
 .text.USART0_Transmit
                0x00000792       0x10 drivers/usart0.o
                0x00000792                USART0_Transmit
 .text.USART0_putchar_printf
                0x000007a2       0x1c drivers/usart0.o
                0x000007a2                USART0_putchar_printf
 .text.__vector_13
                0x000007be       0x72 Event/Event_Timer.o
                0x000007be                __vector_13
 .text.init_Event_Timer
                0x00000830       0x18 Event/Event_Timer.o
                0x00000830                init_Event_Timer
 .text.init_set_timer
                0x00000848       0x20 Event/Event_Timer.o
                0x00000848                init_set_timer
 .text.set_timer
                0x00000868       0x46 Event/Event_Timer.o
                0x00000868                set_timer
 .text.init_timeoutq
                0x000008ae       0x60 Event/Event.o
                0x000008ae                init_timeoutq
 .text.get_next_interval
                0x0000090e       0x2c Event/Event.o
                0x0000090e                get_next_interval
 .text.insert_timeoutq_event
                0x0000093a       0x72 Event/Event.o
                0x0000093a                insert_timeoutq_event
 .text.load_new_sensor
                0x000009ac       0x6c Event/Event.o
                0x000009ac                load_new_sensor
 .text.run_next
                0x00000a18       0xc4 Event/Event.o
 .text.handle_timeoutq_event
                0x00000adc       0x8e Event/Event.o
                0x00000adc                handle_timeoutq_event
 .text.HAL_Init
                0x00000b6a       0x24 hal/atmega256rfr2/src/hal.o
                0x00000b6a                HAL_Init
 .text.HAL_TimerInit
                0x00000b8e       0x2a hal/atmega256rfr2/src/halTimer.o
                0x00000b8e                HAL_TimerInit
 .text.__vector_42
                0x00000bb8       0x22 hal/atmega256rfr2/src/halTimer.o
                0x00000bb8                __vector_42
 .text.NWK_Init
                0x00000bda       0x3c nwk/src/nwk.o
                0x00000bda                NWK_Init
 .text.NWK_OpenEndpoint
                0x00000c16       0x12 nwk/src/nwk.o
                0x00000c16                NWK_OpenEndpoint
 .text.nwkDataReqInit
                0x00000c28        0xa nwk/src/nwkDataReq.o
                0x00000c28                nwkDataReqInit
 .text.nwkFrameInit
                0x00000c32       0x16 nwk/src/nwkFrame.o
                0x00000c32                nwkFrameInit
 .text.nwkFrameNext
                0x00000c48       0x4a nwk/src/nwkFrame.o
                0x00000c48                nwkFrameNext
 .text.nwkRxServiceDataInd
                0x00000c92       0x28 nwk/src/nwkRx.o
 .text.nwkRxDuplicateRejectionTimerHandler
                0x00000cba       0x28 nwk/src/nwkRx.o
 .text.nwkRxInit
                0x00000ce2       0x46 nwk/src/nwkRx.o
                0x00000ce2                nwkRxInit
 .text.nwkTxDelayTimerHandler
                0x00000d28       0x62 nwk/src/nwkTx.o
 .text.nwkTxAckWaitTimerHandler
                0x00000d8a       0x72 nwk/src/nwkTx.o
 .text.nwkTxInit
                0x00000dfc       0x5a nwk/src/nwkTx.o
                0x00000dfc                nwkTxInit
 .text.nwkTxAckReceived
                0x00000e56       0x4a nwk/src/nwkTx.o
                0x00000e56                nwkTxAckReceived
 .text.phyTrxSetState
                0x00000ea0       0x24 phy/atmegarfr2/src/phy.o
 .text.PHY_Init
                0x00000ec4       0x30 phy/atmegarfr2/src/phy.o
                0x00000ec4                PHY_Init
 .text.My_FctnInit
                0x00000ef4        0xc sensors/My_Sensor.o
                0x00000ef4                My_FctnInit
 .text.My_Init  0x00000f00       0x10 sensors/My_Sensor.o
                0x00000f00                My_Init
 .text.My_Configure
                0x00000f10        0x6 sensors/My_Sensor.o
                0x00000f10                My_Configure
 .text.My_PreProcessing
                0x00000f16        0x6 sensors/My_Sensor.o
                0x00000f16                My_PreProcessing
 .text.My_Collect
                0x00000f1c        0x6 sensors/My_Sensor.o
                0x00000f1c                My_Collect
 .text.My_Error
                0x00000f22        0x6 sensors/My_Sensor.o
                0x00000f22                My_Error
 .text.New_My_Sensor
                0x00000f28       0x1a sensors/My_Sensor.o
                0x00000f28                New_My_Sensor
 .text.SYS_Init
                0x00000f42       0x12 sys/src/sys.o
                0x00000f42                SYS_Init
 .text.placeTimer
                0x00000f54       0xc8 sys/src/sysTimer.o
 .text.SYS_TimerInit
                0x0000101c        0xa sys/src/sysTimer.o
                0x0000101c                SYS_TimerInit
 .text.SYS_TimerStarted
                0x00001026       0x34 sys/src/sysTimer.o
                0x00001026                SYS_TimerStarted
 .text.SYS_TimerStart
                0x0000105a       0x1a sys/src/sysTimer.o
                0x0000105a                SYS_TimerStart
 .text.ll_first
                0x00001074       0x18 utilities/llist.o
                0x00001074                ll_first
 .text.ll_r_insert
                0x0000108c       0x26 utilities/llist.o
                0x0000108c                ll_r_insert
 .text.ll_detach
                0x000010b2       0x46 utilities/llist.o
                0x000010b2                ll_detach
 .text.ll_pop   0x000010f8       0x18 utilities/llist.o
                0x000010f8                ll_pop
 .text.avr-libc
                0x00001110      0x6f6 c:/program files (x86)/atmel/atmel toolchain/avr8 gcc/native/3.4.1061/avr8-gnu-toolchain/bin/../lib/gcc/avr/4.8.1/../../../../avr/lib/avr5\libprintf_flt.a(vfprintf_flt.o)
                0x00001110                vfprintf
 .text.libgcc.div
                0x00001806       0x44 c:/program files (x86)/atmel/atmel toolchain/avr8 gcc/native/3.4.1061/avr8-gnu-toolchain/bin/../lib/gcc/avr/4.8.1/avr5\libgcc.a(_udivmodsi4.o)
                0x00001806                __udivmodsi4
 .text.libgcc.prologue
                0x0000184a       0x38 c:/program files (x86)/atmel/atmel toolchain/avr8 gcc/native/3.4.1061/avr8-gnu-toolchain/bin/../lib/gcc/avr/4.8.1/avr5\libgcc.a(_prologue.o)
                0x0000184a                __prologue_saves__
 .text.libgcc.prologue
                0x00001882       0x36 c:/program files (x86)/atmel/atmel toolchain/avr8 gcc/native/3.4.1061/avr8-gnu-toolchain/bin/../lib/gcc/avr/4.8.1/avr5\libgcc.a(_epilogue.o)
                0x00001882                __epilogue_restores__
 .text.avr-libc
                0x000018b8      0x24e c:/program files (x86)/atmel/atmel toolchain/avr8 gcc/native/3.4.1061/avr8-gnu-toolchain/bin/../lib/gcc/avr/4.8.1/../../../../avr/lib/avr5\libc.a(malloc.o)
                0x000018b8                malloc
                0x000019e8                free
 .text.avr-libc
                0x00001b06      0x1b0 c:/program files (x86)/atmel/atmel toolchain/avr8 gcc/native/3.4.1061/avr8-gnu-toolchain/bin/../lib/gcc/avr/4.8.1/../../../../avr/lib/avr5\libc.a(ftoa_engine.o)
                0x00001b06                __ftoa_engine
 .text.avr-libc
                0x00001cb6       0x16 c:/program files (x86)/atmel/atmel toolchain/avr8 gcc/native/3.4.1061/avr8-gnu-toolchain/bin/../lib/gcc/avr/4.8.1/../../../../avr/lib/avr5\libc.a(strnlen_P.o)
                0x00001cb6                strnlen_P
 .text.avr-libc
                0x00001ccc       0x16 c:/program files (x86)/atmel/atmel toolchain/avr8 gcc/native/3.4.1061/avr8-gnu-toolchain/bin/../lib/gcc/avr/4.8.1/../../../../avr/lib/avr5\libc.a(strnlen.o)
                0x00001ccc                strnlen
 .text.avr-libc
                0x00001ce2       0x64 c:/program files (x86)/atmel/atmel toolchain/avr8 gcc/native/3.4.1061/avr8-gnu-toolchain/bin/../lib/gcc/avr/4.8.1/../../../../avr/lib/avr5\libc.a(fputc.o)
                0x00001ce2                fputc
 .text.avr-libc
                0x00001d46       0x28 c:/program files (x86)/atmel/atmel toolchain/avr8 gcc/native/3.4.1061/avr8-gnu-toolchain/bin/../lib/gcc/avr/4.8.1/../../../../avr/lib/avr5\libc.a(printf.o)
                0x00001d46                printf
 .text.avr-libc
                0x00001d6e       0x5a c:/program files (x86)/atmel/atmel toolchain/avr8 gcc/native/3.4.1061/avr8-gnu-toolchain/bin/../lib/gcc/avr/4.8.1/../../../../avr/lib/avr5\libc.a(puts.o)
                0x00001d6e                puts
 .text.avr-libc
                0x00001dc8       0xbc c:/program files (x86)/atmel/atmel toolchain/avr8 gcc/native/3.4.1061/avr8-gnu-toolchain/bin/../lib/gcc/avr/4.8.1/../../../../avr/lib/avr5\libc.a(ultoa_invert.o)
                0x00001dc8                __ultoa_invert
                0x00001e84                . = ALIGN (0x2)
 *(.fini9)
 .fini9         0x00001e84        0x0 c:/program files (x86)/atmel/atmel toolchain/avr8 gcc/native/3.4.1061/avr8-gnu-toolchain/bin/../lib/gcc/avr/4.8.1/avr5\libgcc.a(_exit.o)
                0x00001e84                _exit
                0x00001e84                exit
 *(.fini9)
 *(.fini8)
 *(.fini8)
 *(.fini7)
 *(.fini7)
 *(.fini6)
 *(.fini6)
 *(.fini5)
 *(.fini5)
 *(.fini4)
 *(.fini4)
 *(.fini3)
 *(.fini3)
 *(.fini2)
 *(.fini2)
 *(.fini1)
 *(.fini1)
 *(.fini0)
 .fini0         0x00001e84        0x4 c:/program files (x86)/atmel/atmel toolchain/avr8 gcc/native/3.4.1061/avr8-gnu-toolchain/bin/../lib/gcc/avr/4.8.1/avr5\libgcc.a(_exit.o)
 *(.fini0)
                0x00001e88                _etext = .

.data           0x00800200      0x14e load address 0x00001e88
                0x00800200                PROVIDE (__data_start, .)
 *(.data)
 .data          0x00800200        0x6 c:/program files (x86)/atmel/atmel toolchain/avr8 gcc/native/3.4.1061/avr8-gnu-toolchain/bin/../lib/gcc/avr/4.8.1/../../../../avr/lib/avr5\libc.a(malloc.o)
                0x00800200                __malloc_heap_end
                0x00800202                __malloc_heap_start
                0x00800204                __malloc_margin
 *(.data*)
 .data.USART0_stdout
                0x00800206        0xe drivers/usart0.o
 .data.My_vmt   0x00800214        0xc sensors/My_Sensor.o
                0x00800214                My_vmt
 *(.rodata)
 *(.rodata*)
 .rodata.str1.1
                0x00800220       0x1d ATMOS.o
 .rodata.str1.1
                0x0080023d       0x37 devices/BMP280.o
 .rodata.str1.1
                0x00800274       0x22 Event/Event_Timer.o
 .rodata.str1.1
                0x00800296       0xb8 Event/Event.o
 *(.gnu.linkonce.d*)
                0x0080034e                . = ALIGN (0x2)
                0x0080034e                _edata = .
                0x0080034e                PROVIDE (__data_end, .)

.bss            0x0080034e      0x4fd
                0x0080034e                PROVIDE (__bss_start, .)
 *(.bss)
 *(.bss*)
 .bss.status    0x0080034e        0x1 devices/BMP280.o
 .bss.oversampling
                0x0080034f        0x2 devices/BMP280.o
 .bss.dig_T1    0x00800351        0x2 devices/BMP280.o
 .bss.dig_P1    0x00800353        0x2 devices/BMP280.o
 .bss.dig_P9    0x00800355        0x2 devices/BMP280.o
 .bss.dig_P8    0x00800357        0x2 devices/BMP280.o
 .bss.dig_P7    0x00800359        0x2 devices/BMP280.o
 .bss.dig_P6    0x0080035b        0x2 devices/BMP280.o
 .bss.dig_P5    0x0080035d        0x2 devices/BMP280.o
 .bss.dig_P4    0x0080035f        0x2 devices/BMP280.o
 .bss.dig_P3    0x00800361        0x2 devices/BMP280.o
 .bss.dig_P2    0x00800363        0x2 devices/BMP280.o
 .bss.dig_T3    0x00800365        0x2 devices/BMP280.o
 .bss.dig_T2    0x00800367        0x2 devices/BMP280.o
 .bss.timer_usage
                0x00800369        0x2 Event/Event_Timer.o
 .bss.nwkDataReqQueue
                0x0080036b        0x2 nwk/src/nwkDataReq.o
 .bss.nwkFrameFrames
                0x0080036d      0x2ad nwk/src/nwkFrame.o
 .bss.nwkRxDuplicateRejectionTimer
                0x0080061a        0xd nwk/src/nwkRx.o
 .bss.nwkRxDuplicateRejectionTable
                0x00800627       0x32 nwk/src/nwkRx.o
 .bss.nwkTxDelayTimer
                0x00800659        0xd nwk/src/nwkTx.o
 .bss.nwkTxAckWaitTimer
                0x00800666        0xd nwk/src/nwkTx.o
 .bss.nwkTxPhyActiveFrame
                0x00800673        0x2 nwk/src/nwkTx.o
 .bss.phyBand   0x00800675        0x1 phy/atmegarfr2/src/phy.o
 .bss.phyRxState
                0x00800676        0x1 phy/atmegarfr2/src/phy.o
 .bss.phyState  0x00800677        0x1 phy/atmegarfr2/src/phy.o
 .bss.timers    0x00800678        0x2 sys/src/sysTimer.o
 *(COMMON)
 COMMON         0x0080067a      0x19e ATMOS.o
                0x0080067a                temp2
                0x0080067e                queue
                0x0080078e                co2
                0x00800790                T
                0x00800794                humidity
                0x00800798                TQ
                0x0080079c                data
                0x0080079f                timeoutq
                0x008007a1                resistance
                0x008007a5                dummy
                0x008007a6                temp3
                0x008007aa                sendbuff
                0x0080080e                P
                0x00800812                FL
                0x00800816                freelist
 COMMON         0x00800818        0x1 hal/atmega256rfr2/src/halTimer.o
                0x00800818                halTimerIrqCount
 COMMON         0x00800819       0x28 nwk/src/nwk.o
                0x00800819                nwkIb
 COMMON         0x00800841        0x4 c:/program files (x86)/atmel/atmel toolchain/avr8 gcc/native/3.4.1061/avr8-gnu-toolchain/bin/../lib/gcc/avr/4.8.1/../../../../avr/lib/avr5\libc.a(malloc.o)
                0x00800841                __brkval
                0x00800843                __flp
 COMMON         0x00800845        0x6 c:/program files (x86)/atmel/atmel toolchain/avr8 gcc/native/3.4.1061/avr8-gnu-toolchain/bin/../lib/gcc/avr/4.8.1/../../../../avr/lib/avr5\libc.a(iob.o)
                0x00800845                __iob
                0x0080084b                PROVIDE (__bss_end, .)
                0x00001e88                __data_load_start = LOADADDR (.data)
                0x00001fd6                __data_load_end = (__data_load_start + SIZEOF (.data))

.noinit         0x0080084b        0x0
                0x0080084b                PROVIDE (__noinit_start, .)
 *(.noinit*)
                0x0080084b                PROVIDE (__noinit_end, .)
                0x0080084b                _end = .
                0x0080084b                PROVIDE (__heap_start, .)

.eeprom         0x00810000        0x0
 *(.eeprom*)
                0x00810000                __eeprom_end = .

.fuse
 *(.fuse)
 *(.lfuse)
 *(.hfuse)
 *(.efuse)

.lock
 *(.lock*)

.signature
 *(.signature*)

.user_signatures
 *(.user_signatures*)

.stab
 *(.stab)

.stabstr
 *(.stabstr)

.stab.excl
 *(.stab.excl)

.stab.exclstr
 *(.stab.exclstr)

.stab.index
 *(.stab.index)

.stab.indexstr
 *(.stab.indexstr)

.comment        0x00000000       0x5c
 *(.comment)
 .comment       0x00000000       0x30 ATMOS.o
                                 0x31 (size before relaxing)
 .comment       0x00000000       0x31 devices/BMP280.o
 .comment       0x00000000       0x31 devices/Si7020.o
 .comment       0x00000000       0x31 devices/TGS2600.o
 .comment       0x00000000       0x31 drivers/ADC.o
 .comment       0x00000000       0x31 drivers/PWR.o
 .comment       0x00000000       0x31 drivers/SPI.o
 .comment       0x00000000       0x31 drivers/TWI.o
 .comment       0x00000000       0x31 drivers/usart0.o
 .comment       0x00000000       0x31 Event/Event_Timer.o
 .comment       0x00000000       0x31 Event/Event.o
 .comment       0x00000000       0x31 hal/atmega256rfr2/src/hal.o
 .comment       0x00000000       0x31 hal/atmega256rfr2/src/halTimer.o
 .comment       0x00000000       0x31 nwk/src/nwk.o
 .comment       0x00000000       0x31 nwk/src/nwkDataReq.o
 .comment       0x00000000       0x31 nwk/src/nwkFrame.o
 .comment       0x00000000       0x31 nwk/src/nwkRx.o
 .comment       0x00000000       0x31 nwk/src/nwkTx.o
 .comment       0x00000000       0x31 phy/atmegarfr2/src/phy.o
 .comment       0x00000000       0x31 sensors/My_Sensor.o
 .comment       0x00000000       0x31 sys/src/sys.o
 .comment       0x00000000       0x31 sys/src/sysTimer.o
 .comment       0x00000000       0x31 utilities/llist.o
 .comment       0x00000030       0x2c c:/program files (x86)/atmel/atmel toolchain/avr8 gcc/native/3.4.1061/avr8-gnu-toolchain/bin/../lib/gcc/avr/4.8.1/../../../../avr/lib/avr5\libprintf_flt.a(vfprintf_flt.o)
                                 0x2d (size before relaxing)
 .comment       0x00000000       0x31 c:/program files (x86)/atmel/atmel toolchain/avr8 gcc/native/3.4.1061/avr8-gnu-toolchain/bin/../lib/gcc/avr/4.8.1/../../../../avr/lib/avr5\libc.a(malloc.o)
 .comment       0x00000000       0x31 c:/program files (x86)/atmel/atmel toolchain/avr8 gcc/native/3.4.1061/avr8-gnu-toolchain/bin/../lib/gcc/avr/4.8.1/../../../../avr/lib/avr5\libc.a(fputc.o)
 .comment       0x00000000       0x31 c:/program files (x86)/atmel/atmel toolchain/avr8 gcc/native/3.4.1061/avr8-gnu-toolchain/bin/../lib/gcc/avr/4.8.1/../../../../avr/lib/avr5\libc.a(iob.o)
 .comment       0x00000000       0x31 c:/program files (x86)/atmel/atmel toolchain/avr8 gcc/native/3.4.1061/avr8-gnu-toolchain/bin/../lib/gcc/avr/4.8.1/../../../../avr/lib/avr5\libc.a(printf.o)
 .comment       0x00000000       0x31 c:/program files (x86)/atmel/atmel toolchain/avr8 gcc/native/3.4.1061/avr8-gnu-toolchain/bin/../lib/gcc/avr/4.8.1/../../../../avr/lib/avr5\libc.a(puts.o)

.note.gnu.build-id
 *(.note.gnu.build-id)

.debug
 *(.debug)

.line
 *(.line)

.debug_srcinfo
 *(.debug_srcinfo)

.debug_sfnames
 *(.debug_sfnames)

.debug_aranges  0x00000000      0x6a0
 *(.debug_aranges)
 .debug_aranges
                0x00000000       0x40 ATMOS.o
 .debug_aranges
                0x00000040       0x80 devices/BMP280.o
 .debug_aranges
                0x000000c0       0x40 devices/Si7020.o
 .debug_aranges
                0x00000100       0x38 devices/TGS2600.o
 .debug_aranges
                0x00000138       0x38 drivers/ADC.o
 .debug_aranges
                0x00000170       0x40 drivers/PWR.o
 .debug_aranges
                0x000001b0       0x30 drivers/SPI.o
 .debug_aranges
                0x000001e0       0x60 drivers/TWI.o
 .debug_aranges
                0x00000240       0x48 drivers/usart0.o
 .debug_aranges
                0x00000288       0x40 Event/Event_Timer.o
 .debug_aranges
                0x000002c8       0x58 Event/Event.o
 .debug_aranges
                0x00000320       0x28 hal/atmega256rfr2/src/hal.o
 .debug_aranges
                0x00000348       0x30 hal/atmega256rfr2/src/halTimer.o
 .debug_aranges
                0x00000378       0x70 nwk/src/nwk.o
 .debug_aranges
                0x000003e8       0x38 nwk/src/nwkDataReq.o
 .debug_aranges
                0x00000420       0x40 nwk/src/nwkFrame.o
 .debug_aranges
                0x00000460       0x48 nwk/src/nwkRx.o
 .debug_aranges
                0x000004a8       0x60 nwk/src/nwkTx.o
 .debug_aranges
                0x00000508       0x88 phy/atmegarfr2/src/phy.o
 .debug_aranges
                0x00000590       0x50 sensors/My_Sensor.o
 .debug_aranges
                0x000005e0       0x28 sys/src/sys.o
 .debug_aranges
                0x00000608       0x48 sys/src/sysTimer.o
 .debug_aranges
                0x00000650       0x50 utilities/llist.o

.debug_pubnames
 *(.debug_pubnames)

.debug_info     0x00000000     0x6b49
 *(.debug_info .gnu.linkonce.wi.*)
 .debug_info    0x00000000      0x97c ATMOS.o
 .debug_info    0x0000097c      0xaeb devices/BMP280.o
 .debug_info    0x00001467      0x448 devices/Si7020.o
 .debug_info    0x000018af      0x13a devices/TGS2600.o
 .debug_info    0x000019e9      0x121 drivers/ADC.o
 .debug_info    0x00001b0a       0xdb drivers/PWR.o
 .debug_info    0x00001be5      0x102 drivers/SPI.o
 .debug_info    0x00001ce7      0x45e drivers/TWI.o
 .debug_info    0x00002145      0x299 drivers/usart0.o
 .debug_info    0x000023de      0x418 Event/Event_Timer.o
 .debug_info    0x000027f6      0x6bb Event/Event.o
 .debug_info    0x00002eb1       0xe8 hal/atmega256rfr2/src/hal.o
 .debug_info    0x00002f99       0xe4 hal/atmega256rfr2/src/halTimer.o
 .debug_info    0x0000307d      0x4a6 nwk/src/nwk.o
 .debug_info    0x00003523      0x79d nwk/src/nwkDataReq.o
 .debug_info    0x00003cc0      0x56d nwk/src/nwkFrame.o
 .debug_info    0x0000422d      0xc06 nwk/src/nwkRx.o
 .debug_info    0x00004e33      0xa08 nwk/src/nwkTx.o
 .debug_info    0x0000583b      0x7c0 phy/atmegarfr2/src/phy.o
 .debug_info    0x00005ffb      0x396 sensors/My_Sensor.o
 .debug_info    0x00006391      0x12b sys/src/sys.o
 .debug_info    0x000064bc      0x341 sys/src/sysTimer.o
 .debug_info    0x000067fd      0x34c utilities/llist.o

.debug_abbrev   0x00000000     0x27e1
 *(.debug_abbrev)
 .debug_abbrev  0x00000000      0x30e ATMOS.o
 .debug_abbrev  0x0000030e      0x335 devices/BMP280.o
 .debug_abbrev  0x00000643      0x126 devices/Si7020.o
 .debug_abbrev  0x00000769       0xf2 devices/TGS2600.o
 .debug_abbrev  0x0000085b       0xdd drivers/ADC.o
 .debug_abbrev  0x00000938       0x51 drivers/PWR.o
 .debug_abbrev  0x00000989       0xc6 drivers/SPI.o
 .debug_abbrev  0x00000a4f      0x1e3 drivers/TWI.o
 .debug_abbrev  0x00000c32      0x18f drivers/usart0.o
 .debug_abbrev  0x00000dc1      0x1e8 Event/Event_Timer.o
 .debug_abbrev  0x00000fa9      0x296 Event/Event.o
 .debug_abbrev  0x0000123f       0x96 hal/atmega256rfr2/src/hal.o
 .debug_abbrev  0x000012d5       0xaa hal/atmega256rfr2/src/halTimer.o
 .debug_abbrev  0x0000137f      0x1c7 nwk/src/nwk.o
 .debug_abbrev  0x00001546      0x2ac nwk/src/nwkDataReq.o
 .debug_abbrev  0x000017f2      0x190 nwk/src/nwkFrame.o
 .debug_abbrev  0x00001982      0x3da nwk/src/nwkRx.o
 .debug_abbrev  0x00001d5c      0x354 nwk/src/nwkTx.o
 .debug_abbrev  0x000020b0      0x247 phy/atmegarfr2/src/phy.o
 .debug_abbrev  0x000022f7      0x15a sensors/My_Sensor.o
 .debug_abbrev  0x00002451       0x62 sys/src/sys.o
 .debug_abbrev  0x000024b3      0x199 sys/src/sysTimer.o
 .debug_abbrev  0x0000264c      0x195 utilities/llist.o

.debug_line     0x00000000     0x2398
 *(.debug_line .debug_line.* .debug_line_end)
 .debug_line    0x00000000      0x2d0 ATMOS.o
 .debug_line    0x000002d0      0x27f devices/BMP280.o
 .debug_line    0x0000054f       0xc9 devices/Si7020.o
 .debug_line    0x00000618      0x105 devices/TGS2600.o
 .debug_line    0x0000071d       0xf9 drivers/ADC.o
 .debug_line    0x00000816       0xef drivers/PWR.o
 .debug_line    0x00000905       0xdd drivers/SPI.o
 .debug_line    0x000009e2      0x244 drivers/TWI.o
 .debug_line    0x00000c26      0x152 drivers/usart0.o
 .debug_line    0x00000d78      0x187 Event/Event_Timer.o
 .debug_line    0x00000eff      0x1f5 Event/Event.o
 .debug_line    0x000010f4       0xfa hal/atmega256rfr2/src/hal.o
 .debug_line    0x000011ee       0xf2 hal/atmega256rfr2/src/halTimer.o
 .debug_line    0x000012e0      0x1e1 nwk/src/nwk.o
 .debug_line    0x000014c1      0x169 nwk/src/nwkDataReq.o
 .debug_line    0x0000162a      0x13e nwk/src/nwkFrame.o
 .debug_line    0x00001768      0x254 nwk/src/nwkRx.o
 .debug_line    0x000019bc      0x286 nwk/src/nwkTx.o
 .debug_line    0x00001c42      0x22c phy/atmegarfr2/src/phy.o
 .debug_line    0x00001e6e      0x1c8 sensors/My_Sensor.o
 .debug_line    0x00002036       0xc2 sys/src/sys.o
 .debug_line    0x000020f8      0x191 sys/src/sysTimer.o
 .debug_line    0x00002289      0x10f utilities/llist.o

.debug_frame    0x00000000      0xfe4
 *(.debug_frame)
 .debug_frame   0x00000000       0x74 ATMOS.o
 .debug_frame   0x00000074      0x248 devices/BMP280.o
 .debug_frame   0x000002bc       0x7c devices/Si7020.o
 .debug_frame   0x00000338       0x68 devices/TGS2600.o
 .debug_frame   0x000003a0       0x54 drivers/ADC.o
 .debug_frame   0x000003f4       0x64 drivers/PWR.o
 .debug_frame   0x00000458       0x44 drivers/SPI.o
 .debug_frame   0x0000049c       0xf0 drivers/TWI.o
 .debug_frame   0x0000058c       0x7c drivers/usart0.o
 .debug_frame   0x00000608       0xd8 Event/Event_Timer.o
 .debug_frame   0x000006e0      0x140 Event/Event.o
 .debug_frame   0x00000820       0x34 hal/atmega256rfr2/src/hal.o
 .debug_frame   0x00000854       0x54 hal/atmega256rfr2/src/halTimer.o
 .debug_frame   0x000008a8       0xd4 nwk/src/nwk.o
 .debug_frame   0x0000097c       0x68 nwk/src/nwkDataReq.o
 .debug_frame   0x000009e4       0x64 nwk/src/nwkFrame.o
 .debug_frame   0x00000a48       0xe0 nwk/src/nwkRx.o
 .debug_frame   0x00000b28      0x150 nwk/src/nwkTx.o
 .debug_frame   0x00000c78      0x13c phy/atmegarfr2/src/phy.o
 .debug_frame   0x00000db4       0x90 sensors/My_Sensor.o
 .debug_frame   0x00000e44       0x34 sys/src/sys.o
 .debug_frame   0x00000e78       0xc0 sys/src/sysTimer.o
 .debug_frame   0x00000f38       0xac utilities/llist.o

.debug_str      0x00000000     0x1b12
 *(.debug_str)
 .debug_str     0x00000000      0x3f5 ATMOS.o
                                0x4ae (size before relaxing)
 .debug_str     0x000003f5      0x214 devices/BMP280.o
                                0x3d7 (size before relaxing)
 .debug_str     0x00000609       0xbd devices/Si7020.o
                                0x25f (size before relaxing)
 .debug_str     0x000006c6       0x64 devices/TGS2600.o
                                0x1b4 (size before relaxing)
 .debug_str     0x0000072a       0x2e drivers/ADC.o
                                0x19b (size before relaxing)
 .debug_str     0x00000758       0x3c drivers/PWR.o
                                0x18f (size before relaxing)
 .debug_str     0x00000794       0x3b drivers/SPI.o
                                0x19a (size before relaxing)
 .debug_str     0x000007cf       0x3b drivers/TWI.o
                                0x25e (size before relaxing)
 .debug_str     0x0000080a       0x8a drivers/usart0.o
                                0x20f (size before relaxing)
 .debug_str     0x00000894       0x59 Event/Event_Timer.o
                                0x2e7 (size before relaxing)
 .debug_str     0x000008ed       0x91 Event/Event.o
                                0x354 (size before relaxing)
 .debug_str     0x0000097e       0x4f hal/atmega256rfr2/src/hal.o
                                0x195 (size before relaxing)
 .debug_str     0x000009cd       0x41 hal/atmega256rfr2/src/halTimer.o
                                0x1a4 (size before relaxing)
 .debug_str     0x00000a0e      0x1b9 nwk/src/nwk.o
                                0x324 (size before relaxing)
 .debug_str     0x00000bc7      0x338 nwk/src/nwkDataReq.o
                                0x560 (size before relaxing)
 .debug_str     0x00000eff       0x5b nwk/src/nwkFrame.o
                                0x3ff (size before relaxing)
 .debug_str     0x00000f5a      0x37d nwk/src/nwkRx.o
                                0x6f9 (size before relaxing)
 .debug_str     0x000012d7      0x1c1 nwk/src/nwkTx.o
                                0x6ae (size before relaxing)
 .debug_str     0x00001498      0x525 phy/atmegarfr2/src/phy.o
                                0x76e (size before relaxing)
 .debug_str     0x000019bd       0x79 sensors/My_Sensor.o
                                0x260 (size before relaxing)
 .debug_str     0x00001a36       0x44 sys/src/sys.o
                                0x1cc (size before relaxing)
 .debug_str     0x00001a7a       0x58 sys/src/sysTimer.o
                                0x261 (size before relaxing)
 .debug_str     0x00001ad2       0x40 utilities/llist.o
                                0x14e (size before relaxing)

.debug_loc      0x00000000     0x3cd3
 *(.debug_loc)
 .debug_loc     0x00000000      0x1d1 ATMOS.o
 .debug_loc     0x000001d1      0xb0f devices/BMP280.o
 .debug_loc     0x00000ce0      0x66e devices/Si7020.o
 .debug_loc     0x0000134e       0x7d devices/TGS2600.o
 .debug_loc     0x000013cb       0x42 drivers/ADC.o
 .debug_loc     0x0000140d       0x2d drivers/SPI.o
 .debug_loc     0x0000143a      0x471 drivers/TWI.o
 .debug_loc     0x000018ab       0xa0 drivers/usart0.o
 .debug_loc     0x0000194b      0x206 Event/Event_Timer.o
 .debug_loc     0x00001b51      0x64f Event/Event.o
 .debug_loc     0x000021a0       0x21 hal/atmega256rfr2/src/hal.o
 .debug_loc     0x000021c1       0x62 hal/atmega256rfr2/src/halTimer.o
 .debug_loc     0x00002223      0x14d nwk/src/nwk.o
 .debug_loc     0x00002370      0x147 nwk/src/nwkDataReq.o
 .debug_loc     0x000024b7       0xf6 nwk/src/nwkFrame.o
 .debug_loc     0x000025ad      0x460 nwk/src/nwkRx.o
 .debug_loc     0x00002a0d      0x6b5 nwk/src/nwkTx.o
 .debug_loc     0x000030c2      0x31d phy/atmegarfr2/src/phy.o
 .debug_loc     0x000033df      0x123 sensors/My_Sensor.o
 .debug_loc     0x00003502      0x432 sys/src/sysTimer.o
 .debug_loc     0x00003934      0x39f utilities/llist.o

.debug_macinfo
 *(.debug_macinfo)

.debug_weaknames
 *(.debug_weaknames)

.debug_funcnames
 *(.debug_funcnames)

.debug_typenames
 *(.debug_typenames)

.debug_varnames
 *(.debug_varnames)

.debug_pubtypes
 *(.debug_pubtypes)

.debug_ranges   0x00000000      0x688
 *(.debug_ranges)
 .debug_ranges  0x00000000       0x30 ATMOS.o
 .debug_ranges  0x00000030       0xa0 devices/BMP280.o
 .debug_ranges  0x000000d0       0x70 devices/Si7020.o
 .debug_ranges  0x00000140       0x28 devices/TGS2600.o
 .debug_ranges  0x00000168       0x28 drivers/ADC.o
 .debug_ranges  0x00000190       0x30 drivers/PWR.o
 .debug_ranges  0x000001c0       0x20 drivers/SPI.o
 .debug_ranges  0x000001e0       0x50 drivers/TWI.o
 .debug_ranges  0x00000230       0x38 drivers/usart0.o
 .debug_ranges  0x00000268       0x30 Event/Event_Timer.o
 .debug_ranges  0x00000298       0x48 Event/Event.o
 .debug_ranges  0x000002e0       0x18 hal/atmega256rfr2/src/hal.o
 .debug_ranges  0x000002f8       0x20 hal/atmega256rfr2/src/halTimer.o
 .debug_ranges  0x00000318       0x60 nwk/src/nwk.o
 .debug_ranges  0x00000378       0x28 nwk/src/nwkDataReq.o
 .debug_ranges  0x000003a0       0x30 nwk/src/nwkFrame.o
 .debug_ranges  0x000003d0       0xd0 nwk/src/nwkRx.o
 .debug_ranges  0x000004a0       0x68 nwk/src/nwkTx.o
 .debug_ranges  0x00000508       0x78 phy/atmegarfr2/src/phy.o
 .debug_ranges  0x00000580       0x40 sensors/My_Sensor.o
 .debug_ranges  0x000005c0       0x18 sys/src/sys.o
 .debug_ranges  0x000005d8       0x70 sys/src/sysTimer.o
 .debug_ranges  0x00000648       0x40 utilities/llist.o

.debug_macro
 *(.debug_macro)
OUTPUT(ATMOS.elf elf32-avr)
LOAD linker stubs
