Archive member included because of file (symbol)

c:/program files (x86)/atmel/atmel toolchain/avr8 gcc/native/3.4.1061/avr8-gnu-toolchain/bin/../lib/gcc/avr/4.8.1/../../../../avr/lib/avr5\libm.a(addsf3.o)
                              devices/BMP280.o (__subsf3)
c:/program files (x86)/atmel/atmel toolchain/avr8 gcc/native/3.4.1061/avr8-gnu-toolchain/bin/../lib/gcc/avr/4.8.1/../../../../avr/lib/avr5\libm.a(addsf3x.o)
                              c:/program files (x86)/atmel/atmel toolchain/avr8 gcc/native/3.4.1061/avr8-gnu-toolchain/bin/../lib/gcc/avr/4.8.1/../../../../avr/lib/avr5\libm.a(addsf3.o) (__addsf3x)
c:/program files (x86)/atmel/atmel toolchain/avr8 gcc/native/3.4.1061/avr8-gnu-toolchain/bin/../lib/gcc/avr/4.8.1/../../../../avr/lib/avr5\libm.a(cmpsf2.o)
                              devices/BMP280.o (__ltsf2)
c:/program files (x86)/atmel/atmel toolchain/avr8 gcc/native/3.4.1061/avr8-gnu-toolchain/bin/../lib/gcc/avr/4.8.1/../../../../avr/lib/avr5\libm.a(divsf3.o)
                              devices/BMP280.o (__divsf3)
c:/program files (x86)/atmel/atmel toolchain/avr8 gcc/native/3.4.1061/avr8-gnu-toolchain/bin/../lib/gcc/avr/4.8.1/../../../../avr/lib/avr5\libm.a(divsf3x.o)
                              c:/program files (x86)/atmel/atmel toolchain/avr8 gcc/native/3.4.1061/avr8-gnu-toolchain/bin/../lib/gcc/avr/4.8.1/../../../../avr/lib/avr5\libm.a(divsf3.o) (__divsf3x)
c:/program files (x86)/atmel/atmel toolchain/avr8 gcc/native/3.4.1061/avr8-gnu-toolchain/bin/../lib/gcc/avr/4.8.1/../../../../avr/lib/avr5\libm.a(fixsfsi.o)
                              devices/BMP280.o (__fixsfsi)
c:/program files (x86)/atmel/atmel toolchain/avr8 gcc/native/3.4.1061/avr8-gnu-toolchain/bin/../lib/gcc/avr/4.8.1/../../../../avr/lib/avr5\libm.a(fixunssfsi.o)
                              c:/program files (x86)/atmel/atmel toolchain/avr8 gcc/native/3.4.1061/avr8-gnu-toolchain/bin/../lib/gcc/avr/4.8.1/../../../../avr/lib/avr5\libm.a(fixsfsi.o) (__fixunssfsi)
c:/program files (x86)/atmel/atmel toolchain/avr8 gcc/native/3.4.1061/avr8-gnu-toolchain/bin/../lib/gcc/avr/4.8.1/../../../../avr/lib/avr5\libm.a(floatsisf.o)
                              devices/BMP280.o (__floatunsisf)
c:/program files (x86)/atmel/atmel toolchain/avr8 gcc/native/3.4.1061/avr8-gnu-toolchain/bin/../lib/gcc/avr/4.8.1/../../../../avr/lib/avr5\libm.a(fp_cmp.o)
                              c:/program files (x86)/atmel/atmel toolchain/avr8 gcc/native/3.4.1061/avr8-gnu-toolchain/bin/../lib/gcc/avr/4.8.1/../../../../avr/lib/avr5\libm.a(cmpsf2.o) (__fp_cmp)
c:/program files (x86)/atmel/atmel toolchain/avr8 gcc/native/3.4.1061/avr8-gnu-toolchain/bin/../lib/gcc/avr/4.8.1/../../../../avr/lib/avr5\libm.a(fp_inf.o)
                              c:/program files (x86)/atmel/atmel toolchain/avr8 gcc/native/3.4.1061/avr8-gnu-toolchain/bin/../lib/gcc/avr/4.8.1/../../../../avr/lib/avr5\libm.a(addsf3x.o) (__fp_inf)
c:/program files (x86)/atmel/atmel toolchain/avr8 gcc/native/3.4.1061/avr8-gnu-toolchain/bin/../lib/gcc/avr/4.8.1/../../../../avr/lib/avr5\libm.a(fp_nan.o)
                              c:/program files (x86)/atmel/atmel toolchain/avr8 gcc/native/3.4.1061/avr8-gnu-toolchain/bin/../lib/gcc/avr/4.8.1/../../../../avr/lib/avr5\libm.a(addsf3x.o) (__fp_nan)
c:/program files (x86)/atmel/atmel toolchain/avr8 gcc/native/3.4.1061/avr8-gnu-toolchain/bin/../lib/gcc/avr/4.8.1/../../../../avr/lib/avr5\libm.a(fp_pscA.o)
                              c:/program files (x86)/atmel/atmel toolchain/avr8 gcc/native/3.4.1061/avr8-gnu-toolchain/bin/../lib/gcc/avr/4.8.1/../../../../avr/lib/avr5\libm.a(addsf3x.o) (__fp_pscA)
c:/program files (x86)/atmel/atmel toolchain/avr8 gcc/native/3.4.1061/avr8-gnu-toolchain/bin/../lib/gcc/avr/4.8.1/../../../../avr/lib/avr5\libm.a(fp_pscB.o)
                              c:/program files (x86)/atmel/atmel toolchain/avr8 gcc/native/3.4.1061/avr8-gnu-toolchain/bin/../lib/gcc/avr/4.8.1/../../../../avr/lib/avr5\libm.a(addsf3x.o) (__fp_pscB)
c:/program files (x86)/atmel/atmel toolchain/avr8 gcc/native/3.4.1061/avr8-gnu-toolchain/bin/../lib/gcc/avr/4.8.1/../../../../avr/lib/avr5\libm.a(fp_round.o)
                              c:/program files (x86)/atmel/atmel toolchain/avr8 gcc/native/3.4.1061/avr8-gnu-toolchain/bin/../lib/gcc/avr/4.8.1/../../../../avr/lib/avr5\libm.a(addsf3.o) (__fp_round)
c:/program files (x86)/atmel/atmel toolchain/avr8 gcc/native/3.4.1061/avr8-gnu-toolchain/bin/../lib/gcc/avr/4.8.1/../../../../avr/lib/avr5\libm.a(fp_split3.o)
                              c:/program files (x86)/atmel/atmel toolchain/avr8 gcc/native/3.4.1061/avr8-gnu-toolchain/bin/../lib/gcc/avr/4.8.1/../../../../avr/lib/avr5\libm.a(addsf3x.o) (__fp_split3)
c:/program files (x86)/atmel/atmel toolchain/avr8 gcc/native/3.4.1061/avr8-gnu-toolchain/bin/../lib/gcc/avr/4.8.1/../../../../avr/lib/avr5\libm.a(fp_zero.o)
[...]
Memory Configuration

Name             Origin             Length             Attributes
text             0x00000000         0x00020000         xr
data             0x00800060         0x0000ffa0         rw !x
eeprom           0x00810000         0x00010000         rw !x
fuse             0x00820000         0x00000400         rw !x
lock             0x00830000         0x00000400         rw !x
signature        0x00840000         0x00000400         rw !x
user_signatures  0x00850000         0x00000400         rw !x
*default*        0x00000000         0xffffffff

Linker script and memory map

Address of section .data set to 0x800200
LOAD c:/program files (x86)/atmel/atmel toolchain/avr8 gcc/native/3.4.1061/avr8-gnu-toolchain/bin/../lib/gcc/avr/4.8.1/../../../../avr/lib/avr5/crtm644rfr2.o
LOAD ATMOS.o
LOAD common.o
LOAD devices/BMP280.o
LOAD devices/K30.o
LOAD devices/Si7020.o
LOAD devices/TGS2600.o
LOAD drivers/ADC.o
LOAD drivers/PWR.o
LOAD drivers/SPI.o
LOAD drivers/TWI.o
LOAD drivers/usart0.o
LOAD Event/Event.o
LOAD hal/atmega256rfr2/src/hal.o
LOAD hal/atmega256rfr2/src/halTimer.o
LOAD nwk/src/nwk.o
LOAD nwk/src/nwkDataReq.o
LOAD nwk/src/nwkFrame.o
LOAD nwk/src/nwkGroup.o
LOAD nwk/src/nwkRoute.o
LOAD nwk/src/nwkRouteDiscovery.o
LOAD nwk/src/nwkRx.o
LOAD nwk/src/nwkSecurity.o
LOAD nwk/src/nwkTx.o
LOAD phy/atmegarfr2/src/phy.o
LOAD sys/src/sys.o
LOAD sys/src/sysEncrypt.o
LOAD sys/src/sysTimer.o
START GROUP
LOAD c:/program files (x86)/atmel/atmel toolchain/avr8 gcc/native/3.4.1061/avr8-gnu-toolchain/bin/../lib/gcc/avr/4.8.1/../../../../avr/lib/avr5\libm.a
LOAD c:/program files (x86)/atmel/atmel toolchain/avr8 gcc/native/3.4.1061/avr8-gnu-toolchain/bin/../lib/gcc/avr/4.8.1/../../../../avr/lib/avr5\libprintf_flt.a
END GROUP
START GROUP
LOAD c:/program files (x86)/atmel/atmel toolchain/avr8 gcc/native/3.4.1061/avr8-gnu-toolchain/bin/../lib/gcc/avr/4.8.1/avr5\libgcc.a
LOAD c:/program files (x86)/atmel/atmel toolchain/avr8 gcc/native/3.4.1061/avr8-gnu-toolchain/bin/../lib/gcc/avr/4.8.1/../../../../avr/lib/avr5\libm.a
LOAD c:/program files (x86)/atmel/atmel toolchain/avr8 gcc/native/3.4.1061/avr8-gnu-toolchain/bin/../lib/gcc/avr/4.8.1/../../../../avr/lib/avr5\libc.a
END GROUP

.hash
 *(.hash)

.dynsym
 *(.dynsym)

.dynstr
 *(.dynstr)

.gnu.version
 *(.gnu.version)

.gnu.version_d
 *(.gnu.version_d)

.gnu.version_r
 *(.gnu.version_r)

.rel.init
 *(.rel.init)

.rela.init
 *(.rela.init)

.rel.text
 *(.rel.text)
 *(.rel.text.*)
 *(.rel.gnu.linkonce.t*)

.rela.text
 *(.rela.text)
 *(.rela.text.*)
 *(.rela.gnu.linkonce.t*)

.rel.fini
 *(.rel.fini)

.rela.fini
 *(.rela.fini)

.rel.rodata
 *(.rel.rodata)
 *(.rel.rodata.*)
 *(.rel.gnu.linkonce.r*)

.rela.rodata
 *(.rela.rodata)
 *(.rela.rodata.*)
 *(.rela.gnu.linkonce.r*)

.rel.data
 *(.rel.data)
 *(.rel.data.*)
 *(.rel.gnu.linkonce.d*)

.rela.data
 *(.rela.data)
 *(.rela.data.*)
 *(.rela.gnu.linkonce.d*)

.rel.ctors
 *(.rel.ctors)

.rela.ctors
 *(.rela.ctors)

.rel.dtors
 *(.rel.dtors)

.rela.dtors
 *(.rela.dtors)

.rel.got
 *(.rel.got)

.rela.got
 *(.rela.got)

.rel.bss
 *(.rel.bss)

.rela.bss
 *(.rela.bss)

.rel.plt
 *(.rel.plt)

.rela.plt
 *(.rela.plt)

.text           0x00000000     0x18be
 *(.vectors)
 .vectors       0x00000000      0x134 c:/program files (x86)/atmel/atmel toolchain/avr8 gcc/native/3.4.1061/avr8-gnu-toolchain/bin/../lib/gcc/avr/4.8.1/../../../../avr/lib/avr5/crtm644rfr2.o
                0x00000000                __vector_default
                0x00000000                __vectors
 *(.vectors)
 *(.progmem.gcc*)
                0x00000134                . = ALIGN (0x2)
                0x00000134                __trampolines_start = .
 *(.trampolines)
 .trampolines   0x00000134        0x0 linker stubs
 *(.trampolines*)
                0x00000134                __trampolines_end = .
 *(.progmem*)
 .progmem.data  0x00000134        0x8 c:/program files (x86)/atmel/atmel toolchain/avr8 gcc/native/3.4.1061/avr8-gnu-toolchain/bin/../lib/gcc/avr/4.8.1/../../../../avr/lib/avr5\libprintf_flt.a(vfprintf_flt.o)
 .progmem.data  0x0000013c       0xfa c:/program files (x86)/atmel/atmel toolchain/avr8 gcc/native/3.4.1061/avr8-gnu-toolchain/bin/../lib/gcc/avr/4.8.1/../../../../avr/lib/avr5\libc.a(ftoa_engine.o)
                0x00000236                . = ALIGN (0x2)
 *(.jumptables)
 *(.jumptables*)
 *(.lowtext)
 *(.lowtext*)
                0x00000236                __ctors_start = .
 *(.ctors)
                0x00000236                __ctors_end = .
                0x00000236                __dtors_start = .
 *(.dtors)
                0x00000236                __dtors_end = .
 SORT(*)(.ctors)
 SORT(*)(.dtors)
 *(.init0)
 .init0         0x00000236        0x0 c:/program files (x86)/atmel/atmel toolchain/avr8 gcc/native/3.4.1061/avr8-gnu-toolchain/bin/../lib/gcc/avr/4.8.1/../../../../avr/lib/avr5/crtm644rfr2.o
                0x00000236                __init
 *(.init0)
 *(.init1)
 *(.init1)
 *(.init2)
 .init2         0x00000236        0xc c:/program files (x86)/atmel/atmel toolchain/avr8 gcc/native/3.4.1061/avr8-gnu-toolchain/bin/../lib/gcc/avr/4.8.1/../../../../avr/lib/avr5/crtm644rfr2.o
 *(.init2)
 *(.init3)
 *(.init3)
 *(.init4)
 .init4         0x00000242       0x16 c:/program files (x86)/atmel/atmel toolchain/avr8 gcc/native/3.4.1061/avr8-gnu-toolchain/bin/../lib/gcc/avr/4.8.1/avr5\libgcc.a(_copy_data.o)
                0x00000242                __do_copy_data
 .init4         0x00000258       0x10 c:/program files (x86)/atmel/atmel toolchain/avr8 gcc/native/3.4.1061/avr8-gnu-toolchain/bin/../lib/gcc/avr/4.8.1/avr5\libgcc.a(_clear_bss.o)
                0x00000258                __do_clear_bss
 *(.init4)
 *(.init5)
 *(.init5)
 *(.init6)
 *(.init6)
 *(.init7)
 *(.init7)
 *(.init8)
 *(.init8)
 *(.init9)
 .init9         0x00000268        0x8 c:/program files (x86)/atmel/atmel toolchain/avr8 gcc/native/3.4.1061/avr8-gnu-toolchain/bin/../lib/gcc/avr/4.8.1/../../../../avr/lib/avr5/crtm644rfr2.o
 *(.init9)
 *(.text)
 .text          0x00000270        0x4 c:/program files (x86)/atmel/atmel toolchain/avr8 gcc/native/3.4.1061/avr8-gnu-toolchain/bin/../lib/gcc/avr/4.8.1/../../../../avr/lib/avr5/crtm644rfr2.o
                0x00000270                __vector_38
                0x00000270                __vector_22
                0x00000270                __vector_63
                0x00000270                __vector_28
                0x00000270                __vector_67
                0x00000270                __vector_1
                0x00000270                __vector_32
                0x00000270                __vector_75
                0x00000270                __vector_71
                0x00000270                __vector_34
                0x00000270                __vector_62
                0x00000270                __vector_24
                0x00000270                __vector_12
                0x00000270                __vector_55
                0x00000270                __vector_69
                0x00000270                __vector_46
                0x00000270                __bad_interrupt
                0x00000270                __vector_72
                0x00000270                __vector_6
                0x00000270                __vector_31
                0x00000270                __vector_35
                0x00000270                __vector_74
                0x00000270                __vector_39
                0x00000270                __vector_3
                0x00000270                __vector_23
                0x00000270                __vector_68
                0x00000270                __vector_30
                0x00000270                __vector_73
                0x00000270                __vector_45
                0x00000270                __vector_25
                0x00000270                __vector_61
                0x00000270                __vector_11
                0x00000270                __vector_54
                0x00000270                __vector_17
                0x00000270                __vector_19
                0x00000270                __vector_56
                0x00000270                __vector_7
                0x00000270                __vector_49
                0x00000270                __vector_41
                0x00000270                __vector_64
                0x00000270                __vector_43
                0x00000270                __vector_27
                0x00000270                __vector_5
                0x00000270                __vector_33
                0x00000270                __vector_76
                0x00000270                __vector_47
                0x00000270                __vector_52
                0x00000270                __vector_37
                0x00000270                __vector_4
                0x00000270                __vector_44
                0x00000270                __vector_51
                0x00000270                __vector_9
                0x00000270                __vector_2
                0x00000270                __vector_21
                0x00000270                __vector_15
                0x00000270                __vector_66
                0x00000270                __vector_36
                0x00000270                __vector_58
                0x00000270                __vector_70
                0x00000270                __vector_29
                0x00000270                __vector_60
                0x00000270                __vector_40
                0x00000270                __vector_8
                0x00000270                __vector_26
                0x00000270                __vector_48
                0x00000270                __vector_14
                0x00000270                __vector_57
                0x00000270                __vector_53
                0x00000270                __vector_10
                0x00000270                __vector_50
                0x00000270                __vector_59
                0x00000270                __vector_18
                0x00000270                __vector_20
                0x00000270                __vector_65
                0x00000274                . = ALIGN (0x2)
 *(.text.*)
 .text.init_Ex3
                0x00000274       0x2e ATMOS.o
                0x00000274                init_Ex3
 .text.__vector_13
                0x000002a2       0x8c ATMOS.o
                0x000002a2                __vector_13
 .text.__vector_16
                0x0000032e       0x7a ATMOS.o
                0x0000032e                __vector_16
 .text.main     0x000003a8       0x76 ATMOS.o
                0x000003a8                main
 .text.BMP280_ReadBytes
                0x0000041e       0x54 devices/BMP280.o
 .text.BMP280_ReadInt
                0x00000472       0x4a devices/BMP280.o
 .text.BMP280_Init
                0x000004bc      0x1c0 devices/BMP280.o
                0x000004bc                BMP280_Init
 .text.BMP280_SetOversampling
                0x0000067c        0xc devices/BMP280.o
                0x0000067c                BMP280_SetOversampling
 .text.Si7020_init
                0x00000688        0x4 devices/Si7020.o
                0x00000688                Si7020_init
 .text.TGS2600_TurnOn
                0x0000068c        0x4 devices/TGS2600.o
                0x0000068c                TGS2600_TurnOn
 .text.TGS2600_Init
                0x00000690        0x8 devices/TGS2600.o
                0x00000690                TGS2600_Init
 .text.ADC_Init
                0x00000698       0x18 drivers/ADC.o
                0x00000698                ADC_Init
 .text.PWR_Init
                0x000006b0        0x8 drivers/PWR.o
                0x000006b0                PWR_Init
 .text.PWR_TurnOn5V
                0x000006b8        0x4 drivers/PWR.o
                0x000006b8                PWR_TurnOn5V
 .text.SPI_SlaveInit
                0x000006bc        0x8 drivers/SPI.o
                0x000006bc                SPI_SlaveInit
 .text.TWI_Init
                0x000006c4       0x3c drivers/TWI.o
                0x000006c4                TWI_Init
 .text.TWI_WriteByte
                0x00000700       0x1c drivers/TWI.o
                0x00000700                TWI_WriteByte
 .text.TWI_BeginWrite
                0x0000071c       0x3a drivers/TWI.o
                0x0000071c                TWI_BeginWrite
 .text.TWI_BeginRead
                0x00000756       0x30 drivers/TWI.o
                0x00000756                TWI_BeginRead
 .text.TWI_ReadAck
                0x00000786       0x20 drivers/TWI.o
                0x00000786                TWI_ReadAck
 .text.TWI_ReadNack
                0x000007a6       0x20 drivers/TWI.o
                0x000007a6                TWI_ReadNack
 .text.TWI_Stop
                0x000007c6        0xa drivers/TWI.o
                0x000007c6                TWI_Stop
 .text.TWI_Read
                0x000007d0       0x78 drivers/TWI.o
                0x000007d0                TWI_Read
 .text.USART0_Init
                0x00000848       0x5a drivers/usart0.o
                0x00000848                USART0_Init
 .text.USART0_Transmit
                0x000008a2       0x10 drivers/usart0.o
                0x000008a2                USART0_Transmit
 .text.USART0_putchar_printf
                0x000008b2       0x1c drivers/usart0.o
                0x000008b2                USART0_putchar_printf
 .text.foo      0x000008ce        0xa Event/Event.o
                0x000008ce                foo
 .text.HAL_Init
                0x000008d8       0x24 hal/atmega256rfr2/src/hal.o
                0x000008d8                HAL_Init
 .text.HAL_TimerInit
                0x000008fc       0x2a hal/atmega256rfr2/src/halTimer.o
                0x000008fc                HAL_TimerInit
 .text.__vector_42
                0x00000926       0x22 hal/atmega256rfr2/src/halTimer.o
                0x00000926                __vector_42
 .text.NWK_Init
                0x00000948       0x3c nwk/src/nwk.o
                0x00000948                NWK_Init
 .text.NWK_OpenEndpoint
                0x00000984       0x12 nwk/src/nwk.o
                0x00000984                NWK_OpenEndpoint
 .text.nwkDataReqInit
                0x00000996        0xa nwk/src/nwkDataReq.o
                0x00000996                nwkDataReqInit
 .text.nwkFrameInit
                0x000009a0       0x16 nwk/src/nwkFrame.o
                0x000009a0                nwkFrameInit
 .text.nwkFrameNext
                0x000009b6       0x4a nwk/src/nwkFrame.o
                0x000009b6                nwkFrameNext
 .text.nwkRxServiceDataInd
                0x00000a00       0x28 nwk/src/nwkRx.o
 .text.nwkRxDuplicateRejectionTimerHandler
                0x00000a28       0x28 nwk/src/nwkRx.o
 .text.nwkRxInit
                0x00000a50       0x46 nwk/src/nwkRx.o
                0x00000a50                nwkRxInit
 .text.nwkTxDelayTimerHandler
                0x00000a96       0x62 nwk/src/nwkTx.o
 .text.nwkTxAckWaitTimerHandler
                0x00000af8       0x72 nwk/src/nwkTx.o
 .text.nwkTxInit
                0x00000b6a       0x5a nwk/src/nwkTx.o
                0x00000b6a                nwkTxInit
 .text.nwkTxAckReceived
                0x00000bc4       0x4a nwk/src/nwkTx.o
                0x00000bc4                nwkTxAckReceived
 .text.phyTrxSetState
                0x00000c0e       0x24 phy/atmegarfr2/src/phy.o
 .text.PHY_Init
                0x00000c32       0x30 phy/atmegarfr2/src/phy.o
                0x00000c32                PHY_Init
 .text.SYS_Init
                0x00000c62       0x12 sys/src/sys.o
                0x00000c62                SYS_Init
 .text.placeTimer
                0x00000c74       0xc8 sys/src/sysTimer.o
 .text.SYS_TimerInit
                0x00000d3c        0xa sys/src/sysTimer.o
                0x00000d3c                SYS_TimerInit
 .text.SYS_TimerStarted
                0x00000d46       0x34 sys/src/sysTimer.o
                0x00000d46                SYS_TimerStarted
 .text.SYS_TimerStart
                0x00000d7a       0x1a sys/src/sysTimer.o
                0x00000d7a                SYS_TimerStart
 .text.avr-libc
                0x00000d94      0x6f6 c:/program files (x86)/atmel/atmel toolchain/avr8 gcc/native/3.4.1061/avr8-gnu-toolchain/bin/../lib/gcc/avr/4.8.1/../../../../avr/lib/avr5\libprintf_flt.a(vfprintf_flt.o)
                0x00000d94                vfprintf
 .text.libgcc.div
                0x0000148a       0x44 c:/program files (x86)/atmel/atmel toolchain/avr8 gcc/native/3.4.1061/avr8-gnu-toolchain/bin/../lib/gcc/avr/4.8.1/avr5\libgcc.a(_udivmodsi4.o)
                0x0000148a                __udivmodsi4
 .text.libgcc.prologue
                0x000014ce       0x38 c:/program files (x86)/atmel/atmel toolchain/avr8 gcc/native/3.4.1061/avr8-gnu-toolchain/bin/../lib/gcc/avr/4.8.1/avr5\libgcc.a(_prologue.o)
                0x000014ce                __prologue_saves__
 .text.libgcc.prologue
                0x00001506       0x36 c:/program files (x86)/atmel/atmel toolchain/avr8 gcc/native/3.4.1061/avr8-gnu-toolchain/bin/../lib/gcc/avr/4.8.1/avr5\libgcc.a(_epilogue.o)
                0x00001506                __epilogue_restores__
 .text.avr-libc
                0x0000153c      0x1b0 c:/program files (x86)/atmel/atmel toolchain/avr8 gcc/native/3.4.1061/avr8-gnu-toolchain/bin/../lib/gcc/avr/4.8.1/../../../../avr/lib/avr5\libc.a(ftoa_engine.o)
                0x0000153c                __ftoa_engine
 .text.avr-libc
                0x000016ec       0x16 c:/program files (x86)/atmel/atmel toolchain/avr8 gcc/native/3.4.1061/avr8-gnu-toolchain/bin/../lib/gcc/avr/4.8.1/../../../../avr/lib/avr5\libc.a(strnlen_P.o)
                0x000016ec                strnlen_P
 .text.avr-libc
                0x00001702       0x16 c:/program files (x86)/atmel/atmel toolchain/avr8 gcc/native/3.4.1061/avr8-gnu-toolchain/bin/../lib/gcc/avr/4.8.1/../../../../avr/lib/avr5\libc.a(strnlen.o)
                0x00001702                strnlen
 .text.avr-libc
                0x00001718       0x64 c:/program files (x86)/atmel/atmel toolchain/avr8 gcc/native/3.4.1061/avr8-gnu-toolchain/bin/../lib/gcc/avr/4.8.1/../../../../avr/lib/avr5\libc.a(fputc.o)
                0x00001718                fputc
 .text.avr-libc
                0x0000177c       0x28 c:/program files (x86)/atmel/atmel toolchain/avr8 gcc/native/3.4.1061/avr8-gnu-toolchain/bin/../lib/gcc/avr/4.8.1/../../../../avr/lib/avr5\libc.a(printf.o)
                0x0000177c                printf
 .text.avr-libc
                0x000017a4       0x5a c:/program files (x86)/atmel/atmel toolchain/avr8 gcc/native/3.4.1061/avr8-gnu-toolchain/bin/../lib/gcc/avr/4.8.1/../../../../avr/lib/avr5\libc.a(puts.o)
                0x000017a4                puts
 .text.avr-libc
                0x000017fe       0xbc c:/program files (x86)/atmel/atmel toolchain/avr8 gcc/native/3.4.1061/avr8-gnu-toolchain/bin/../lib/gcc/avr/4.8.1/../../../../avr/lib/avr5\libc.a(ultoa_invert.o)
                0x000017fe                __ultoa_invert
                0x000018ba                . = ALIGN (0x2)
 *(.fini9)
 .fini9         0x000018ba        0x0 c:/program files (x86)/atmel/atmel toolchain/avr8 gcc/native/3.4.1061/avr8-gnu-toolchain/bin/../lib/gcc/avr/4.8.1/avr5\libgcc.a(_exit.o)
                0x000018ba                _exit
                0x000018ba                exit
 *(.fini9)
 *(.fini8)
 *(.fini8)
 *(.fini7)
 *(.fini7)
 *(.fini6)
 *(.fini6)
 *(.fini5)
 *(.fini5)
 *(.fini4)
 *(.fini4)
 *(.fini3)
 *(.fini3)
 *(.fini2)
 *(.fini2)
 *(.fini1)
 *(.fini1)
 *(.fini0)
 .fini0         0x000018ba        0x4 c:/program files (x86)/atmel/atmel toolchain/avr8 gcc/native/3.4.1061/avr8-gnu-toolchain/bin/../lib/gcc/avr/4.8.1/avr5\libgcc.a(_exit.o)
 *(.fini0)
                0x000018be                _etext = .

.data           0x00800200      0x11c load address 0x000018be
                0x00800200                PROVIDE (__data_start, .)
 *(.data)
 *(.data*)
 .data.USART0_stdout
                0x00800200        0xe drivers/usart0.o
 *(.rodata)
 *(.rodata*)
 .rodata.str1.1
                0x0080020e       0x36 ATMOS.o
 .rodata.str1.1
                0x00800244       0x37 devices/BMP280.o
 .rodata.str1.1
                0x0080027b       0xa1 Event/Event.o
 *(.gnu.linkonce.d*)
                0x0080031c                . = ALIGN (0x2)
                0x0080031c                _edata = .
                0x0080031c                PROVIDE (__data_end, .)

.bss            0x0080031c      0x35b
                0x0080031c                PROVIDE (__bss_start, .)
 *(.bss)
 *(.bss*)
 .bss.count     0x0080031c        0x2 ATMOS.o
 .bss.status    0x0080031e        0x1 devices/BMP280.o
 .bss.oversampling
                0x0080031f        0x2 devices/BMP280.o
 .bss.dig_T1    0x00800321        0x2 devices/BMP280.o
 .bss.dig_P1    0x00800323        0x2 devices/BMP280.o
 .bss.dig_P9    0x00800325        0x2 devices/BMP280.o
 .bss.dig_P8    0x00800327        0x2 devices/BMP280.o
 .bss.dig_P7    0x00800329        0x2 devices/BMP280.o
 .bss.dig_P6    0x0080032b        0x2 devices/BMP280.o
 .bss.dig_P5    0x0080032d        0x2 devices/BMP280.o
 .bss.dig_P4    0x0080032f        0x2 devices/BMP280.o
 .bss.dig_P3    0x00800331        0x2 devices/BMP280.o
 .bss.dig_P2    0x00800333        0x2 devices/BMP280.o
 .bss.dig_T3    0x00800335        0x2 devices/BMP280.o
 .bss.dig_T2    0x00800337        0x2 devices/BMP280.o
 .bss.nwkDataReqQueue
                0x00800339        0x2 nwk/src/nwkDataReq.o
 .bss.nwkFrameFrames
                0x0080033b      0x2ad nwk/src/nwkFrame.o
 .bss.nwkRxDuplicateRejectionTimer
                0x008005e8        0xd nwk/src/nwkRx.o
 .bss.nwkRxDuplicateRejectionTable
                0x008005f5       0x32 nwk/src/nwkRx.o
 .bss.nwkTxDelayTimer
                0x00800627        0xd nwk/src/nwkTx.o
 .bss.nwkTxAckWaitTimer
                0x00800634        0xd nwk/src/nwkTx.o
 .bss.nwkTxPhyActiveFrame
                0x00800641        0x2 nwk/src/nwkTx.o
 .bss.phyBand   0x00800643        0x1 phy/atmegarfr2/src/phy.o
 .bss.phyRxState
                0x00800644        0x1 phy/atmegarfr2/src/phy.o
 .bss.phyState  0x00800645        0x1 phy/atmegarfr2/src/phy.o
 .bss.timers    0x00800646        0x2 sys/src/sysTimer.o
 *(COMMON)
 COMMON         0x00800648        0x1 hal/atmega256rfr2/src/halTimer.o
                0x00800648                halTimerIrqCount
 COMMON         0x00800649       0x28 nwk/src/nwk.o
                0x00800649                nwkIb
 COMMON         0x00800671        0x6 c:/program files (x86)/atmel/atmel toolchain/avr8 gcc/native/3.4.1061/avr8-gnu-toolchain/bin/../lib/gcc/avr/4.8.1/../../../../avr/lib/avr5\libc.a(iob.o)
                0x00800671                __iob
                0x00800677                PROVIDE (__bss_end, .)
                0x000018be                __data_load_start = LOADADDR (.data)
                0x000019da                __data_load_end = (__data_load_start + SIZEOF (.data))

.noinit         0x00800677        0x0
                0x00800677                PROVIDE (__noinit_start, .)
 *(.noinit*)
                0x00800677                PROVIDE (__noinit_end, .)
                0x00800677                _end = .
                0x00800677                PROVIDE (__heap_start, .)

.eeprom         0x00810000        0x0
 *(.eeprom*)
                0x00810000                __eeprom_end = .

.fuse
 *(.fuse)
 *(.lfuse)
 *(.hfuse)
 *(.efuse)

.lock
 *(.lock*)

.signature
 *(.signature*)

.user_signatures
 *(.user_signatures*)

.stab
 *(.stab)

.stabstr
 *(.stabstr)

.stab.excl
 *(.stab.excl)

.stab.exclstr
 *(.stab.exclstr)

.stab.index
 *(.stab.index)

.stab.indexstr
 *(.stab.indexstr)

.comment        0x00000000       0x5c
 *(.comment)
 .comment       0x00000000       0x30 ATMOS.o
                                 0x31 (size before relaxing)
 .comment       0x00000000       0x31 devices/BMP280.o
 .comment       0x00000000       0x31 devices/Si7020.o
 .comment       0x00000000       0x31 devices/TGS2600.o
 .comment       0x00000000       0x31 drivers/ADC.o
 .comment       0x00000000       0x31 drivers/PWR.o
 .comment       0x00000000       0x31 drivers/SPI.o
 .comment       0x00000000       0x31 drivers/TWI.o
 .comment       0x00000000       0x31 drivers/usart0.o
 .comment       0x00000000       0x31 Event/Event.o
 .comment       0x00000000       0x31 hal/atmega256rfr2/src/hal.o
 .comment       0x00000000       0x31 hal/atmega256rfr2/src/halTimer.o
 .comment       0x00000000       0x31 nwk/src/nwk.o
 .comment       0x00000000       0x31 nwk/src/nwkDataReq.o
 .comment       0x00000000       0x31 nwk/src/nwkFrame.o
 .comment       0x00000000       0x31 nwk/src/nwkRx.o
 .comment       0x00000000       0x31 nwk/src/nwkTx.o
 .comment       0x00000000       0x31 phy/atmegarfr2/src/phy.o
 .comment       0x00000000       0x31 sys/src/sys.o
 .comment       0x00000000       0x31 sys/src/sysTimer.o
 .comment       0x00000030       0x2c c:/program files (x86)/atmel/atmel toolchain/avr8 gcc/native/3.4.1061/avr8-gnu-toolchain/bin/../lib/gcc/avr/4.8.1/../../../../avr/lib/avr5\libprintf_flt.a(vfprintf_flt.o)
                                 0x2d (size before relaxing)
 .comment       0x00000000       0x31 c:/program files (x86)/atmel/atmel toolchain/avr8 gcc/native/3.4.1061/avr8-gnu-toolchain/bin/../lib/gcc/avr/4.8.1/../../../../avr/lib/avr5\libc.a(fputc.o)
 .comment       0x00000000       0x31 c:/program files (x86)/atmel/atmel toolchain/avr8 gcc/native/3.4.1061/avr8-gnu-toolchain/bin/../lib/gcc/avr/4.8.1/../../../../avr/lib/avr5\libc.a(iob.o)
 .comment       0x00000000       0x31 c:/program files (x86)/atmel/atmel toolchain/avr8 gcc/native/3.4.1061/avr8-gnu-toolchain/bin/../lib/gcc/avr/4.8.1/../../../../avr/lib/avr5\libc.a(printf.o)
 .comment       0x00000000       0x31 c:/program files (x86)/atmel/atmel toolchain/avr8 gcc/native/3.4.1061/avr8-gnu-toolchain/bin/../lib/gcc/avr/4.8.1/../../../../avr/lib/avr5\libc.a(puts.o)

.note.gnu.build-id
 *(.note.gnu.build-id)

.debug
 *(.debug)

.line
 *(.line)

.debug_srcinfo
 *(.debug_srcinfo)

.debug_sfnames
 *(.debug_sfnames)

.debug_aranges  0x00000000      0x5c8
 *(.debug_aranges)
 .debug_aranges
                0x00000000       0x50 ATMOS.o
 .debug_aranges
                0x00000050       0x80 devices/BMP280.o
 .debug_aranges
                0x000000d0       0x40 devices/Si7020.o
 .debug_aranges
                0x00000110       0x38 devices/TGS2600.o
 .debug_aranges
                0x00000148       0x38 drivers/ADC.o
 .debug_aranges
                0x00000180       0x40 drivers/PWR.o
 .debug_aranges
                0x000001c0       0x30 drivers/SPI.o
 .debug_aranges
                0x000001f0       0x60 drivers/TWI.o
 .debug_aranges
                0x00000250       0x48 drivers/usart0.o
 .debug_aranges
                0x00000298       0x50 Event/Event.o
 .debug_aranges
                0x000002e8       0x28 hal/atmega256rfr2/src/hal.o
 .debug_aranges
                0x00000310       0x30 hal/atmega256rfr2/src/halTimer.o
 .debug_aranges
                0x00000340       0x70 nwk/src/nwk.o
 .debug_aranges
                0x000003b0       0x38 nwk/src/nwkDataReq.o
 .debug_aranges
                0x000003e8       0x40 nwk/src/nwkFrame.o
 .debug_aranges
                0x00000428       0x48 nwk/src/nwkRx.o
 .debug_aranges
                0x00000470       0x60 nwk/src/nwkTx.o
 .debug_aranges
                0x000004d0       0x88 phy/atmegarfr2/src/phy.o
 .debug_aranges
                0x00000558       0x28 sys/src/sys.o
 .debug_aranges
                0x00000580       0x48 sys/src/sysTimer.o

.debug_pubnames
 *(.debug_pubnames)

.debug_info     0x00000000     0x5c53
 *(.debug_info .gnu.linkonce.wi.*)
 .debug_info    0x00000000      0x782 ATMOS.o
 .debug_info    0x00000782      0xaeb devices/BMP280.o
 .debug_info    0x0000126d      0x448 devices/Si7020.o
 .debug_info    0x000016b5      0x13a devices/TGS2600.o
 .debug_info    0x000017ef      0x121 drivers/ADC.o
 .debug_info    0x00001910       0xdb drivers/PWR.o
 .debug_info    0x000019eb      0x102 drivers/SPI.o
 .debug_info    0x00001aed      0x45e drivers/TWI.o
 .debug_info    0x00001f4b      0x299 drivers/usart0.o
 .debug_info    0x000021e4      0x4b9 Event/Event.o
 .debug_info    0x0000269d       0xe8 hal/atmega256rfr2/src/hal.o
 .debug_info    0x00002785       0xe4 hal/atmega256rfr2/src/halTimer.o
 .debug_info    0x00002869      0x4a6 nwk/src/nwk.o
 .debug_info    0x00002d0f      0x79d nwk/src/nwkDataReq.o
 .debug_info    0x000034ac      0x56d nwk/src/nwkFrame.o
 .debug_info    0x00003a19      0xc06 nwk/src/nwkRx.o
 .debug_info    0x0000461f      0xa08 nwk/src/nwkTx.o
 .debug_info    0x00005027      0x7c0 phy/atmegarfr2/src/phy.o
 .debug_info    0x000057e7      0x12b sys/src/sys.o
 .debug_info    0x00005912      0x341 sys/src/sysTimer.o

.debug_abbrev   0x00000000     0x225a
 *(.debug_abbrev)
 .debug_abbrev  0x00000000      0x2f2 ATMOS.o
 .debug_abbrev  0x000002f2      0x335 devices/BMP280.o
 .debug_abbrev  0x00000627      0x126 devices/Si7020.o
 .debug_abbrev  0x0000074d       0xf2 devices/TGS2600.o
 .debug_abbrev  0x0000083f       0xdd drivers/ADC.o
 .debug_abbrev  0x0000091c       0x51 drivers/PWR.o
 .debug_abbrev  0x0000096d       0xc6 drivers/SPI.o
 .debug_abbrev  0x00000a33      0x1e3 drivers/TWI.o
 .debug_abbrev  0x00000c16      0x18f drivers/usart0.o
 .debug_abbrev  0x00000da5      0x202 Event/Event.o
 .debug_abbrev  0x00000fa7       0x96 hal/atmega256rfr2/src/hal.o
 .debug_abbrev  0x0000103d       0xaa hal/atmega256rfr2/src/halTimer.o
 .debug_abbrev  0x000010e7      0x1c7 nwk/src/nwk.o
 .debug_abbrev  0x000012ae      0x2ac nwk/src/nwkDataReq.o
 .debug_abbrev  0x0000155a      0x190 nwk/src/nwkFrame.o
 .debug_abbrev  0x000016ea      0x3da nwk/src/nwkRx.o
 .debug_abbrev  0x00001ac4      0x354 nwk/src/nwkTx.o
 .debug_abbrev  0x00001e18      0x247 phy/atmegarfr2/src/phy.o
 .debug_abbrev  0x0000205f       0x62 sys/src/sys.o
 .debug_abbrev  0x000020c1      0x199 sys/src/sysTimer.o

.debug_line     0x00000000     0x1eb8
 *(.debug_line .debug_line.* .debug_line_end)
 .debug_line    0x00000000      0x2b4 ATMOS.o
 .debug_line    0x000002b4      0x27f devices/BMP280.o
 .debug_line    0x00000533       0xc9 devices/Si7020.o
 .debug_line    0x000005fc      0x105 devices/TGS2600.o
 .debug_line    0x00000701       0xf9 drivers/ADC.o
 .debug_line    0x000007fa       0xef drivers/PWR.o
 .debug_line    0x000008e9       0xdd drivers/SPI.o
 .debug_line    0x000009c6      0x244 drivers/TWI.o
 .debug_line    0x00000c0a      0x152 drivers/usart0.o
 .debug_line    0x00000d5c      0x18f Event/Event.o
 .debug_line    0x00000eeb       0xfa hal/atmega256rfr2/src/hal.o
 .debug_line    0x00000fe5       0xf2 hal/atmega256rfr2/src/halTimer.o
 .debug_line    0x000010d7      0x1e1 nwk/src/nwk.o
 .debug_line    0x000012b8      0x169 nwk/src/nwkDataReq.o
 .debug_line    0x00001421      0x13e nwk/src/nwkFrame.o
 .debug_line    0x0000155f      0x254 nwk/src/nwkRx.o
 .debug_line    0x000017b3      0x286 nwk/src/nwkTx.o
 .debug_line    0x00001a39      0x22c phy/atmegarfr2/src/phy.o
 .debug_line    0x00001c65       0xc2 sys/src/sys.o
 .debug_line    0x00001d27      0x191 sys/src/sysTimer.o

.debug_frame    0x00000000      0xe50
 *(.debug_frame)
 .debug_frame   0x00000000      0x144 ATMOS.o
 .debug_frame   0x00000144      0x248 devices/BMP280.o
 .debug_frame   0x0000038c       0x7c devices/Si7020.o
 .debug_frame   0x00000408       0x68 devices/TGS2600.o
 .debug_frame   0x00000470       0x54 drivers/ADC.o
 .debug_frame   0x000004c4       0x64 drivers/PWR.o
 .debug_frame   0x00000528       0x44 drivers/SPI.o
 .debug_frame   0x0000056c       0xf0 drivers/TWI.o
 .debug_frame   0x0000065c       0x7c drivers/usart0.o
 .debug_frame   0x000006d8       0xf0 Event/Event.o
 .debug_frame   0x000007c8       0x34 hal/atmega256rfr2/src/hal.o
 .debug_frame   0x000007fc       0x54 hal/atmega256rfr2/src/halTimer.o
 .debug_frame   0x00000850       0xd4 nwk/src/nwk.o
 .debug_frame   0x00000924       0x68 nwk/src/nwkDataReq.o
 .debug_frame   0x0000098c       0x64 nwk/src/nwkFrame.o
 .debug_frame   0x000009f0       0xe0 nwk/src/nwkRx.o
 .debug_frame   0x00000ad0      0x150 nwk/src/nwkTx.o
 .debug_frame   0x00000c20      0x13c phy/atmegarfr2/src/phy.o
 .debug_frame   0x00000d5c       0x34 sys/src/sys.o
 .debug_frame   0x00000d90       0xc0 sys/src/sysTimer.o

.debug_str      0x00000000     0x19a0
 *(.debug_str)
 .debug_str     0x00000000      0x329 ATMOS.o
                                0x391 (size before relaxing)
 .debug_str     0x00000329      0x248 devices/BMP280.o
                                0x3d5 (size before relaxing)
 .debug_str     0x00000571       0xbd devices/Si7020.o
                                0x25d (size before relaxing)
 .debug_str     0x0000062e       0x64 devices/TGS2600.o
                                0x1b2 (size before relaxing)
 .debug_str     0x00000692       0x25 drivers/ADC.o
                                0x199 (size before relaxing)
 .debug_str     0x000006b7       0x3c drivers/PWR.o
                                0x18d (size before relaxing)
 .debug_str     0x000006f3       0x3b drivers/SPI.o
                                0x198 (size before relaxing)
 .debug_str     0x0000072e       0x3b drivers/TWI.o
                                0x25c (size before relaxing)
 .debug_str     0x00000769       0x8a drivers/usart0.o
                                0x20d (size before relaxing)
 .debug_str     0x000007f3       0xc6 Event/Event.o
                                0x289 (size before relaxing)
 .debug_str     0x000008b9       0x4f hal/atmega256rfr2/src/hal.o
                                0x193 (size before relaxing)
 .debug_str     0x00000908       0x41 hal/atmega256rfr2/src/halTimer.o
                                0x1a2 (size before relaxing)
 .debug_str     0x00000949      0x1b9 nwk/src/nwk.o
                                0x322 (size before relaxing)
 .debug_str     0x00000b02      0x33e nwk/src/nwkDataReq.o
                                0x55e (size before relaxing)
 .debug_str     0x00000e40       0x5b nwk/src/nwkFrame.o
                                0x3fd (size before relaxing)
 .debug_str     0x00000e9b      0x383 nwk/src/nwkRx.o
                                0x6f7 (size before relaxing)
 .debug_str     0x0000121e      0x1c1 nwk/src/nwkTx.o
                                0x6ac (size before relaxing)
 .debug_str     0x000013df      0x525 phy/atmegarfr2/src/phy.o
                                0x76c (size before relaxing)
 .debug_str     0x00001904       0x44 sys/src/sys.o
                                0x1ca (size before relaxing)
 .debug_str     0x00001948       0x58 sys/src/sysTimer.o
                                0x25f (size before relaxing)

.debug_loc      0x00000000     0x35ca
 *(.debug_loc)
 .debug_loc     0x00000000      0x3c1 ATMOS.o
 .debug_loc     0x000003c1      0xb0f devices/BMP280.o
 .debug_loc     0x00000ed0      0x66e devices/Si7020.o
 .debug_loc     0x0000153e       0x7d devices/TGS2600.o
 .debug_loc     0x000015bb       0x42 drivers/ADC.o
 .debug_loc     0x000015fd       0x2d drivers/SPI.o
 .debug_loc     0x0000162a      0x471 drivers/TWI.o
 .debug_loc     0x00001a9b       0xa0 drivers/usart0.o
 .debug_loc     0x00001b3b      0x41e Event/Event.o
 .debug_loc     0x00001f59       0x21 hal/atmega256rfr2/src/hal.o
 .debug_loc     0x00001f7a       0x62 hal/atmega256rfr2/src/halTimer.o
 .debug_loc     0x00001fdc      0x14d nwk/src/nwk.o
 .debug_loc     0x00002129      0x147 nwk/src/nwkDataReq.o
 .debug_loc     0x00002270       0xf6 nwk/src/nwkFrame.o
 .debug_loc     0x00002366      0x460 nwk/src/nwkRx.o
 .debug_loc     0x000027c6      0x6b5 nwk/src/nwkTx.o
 .debug_loc     0x00002e7b      0x31d phy/atmegarfr2/src/phy.o
 .debug_loc     0x00003198      0x432 sys/src/sysTimer.o

.debug_macinfo
 *(.debug_macinfo)

.debug_weaknames
 *(.debug_weaknames)

.debug_funcnames
 *(.debug_funcnames)

.debug_typenames
 *(.debug_typenames)

.debug_varnames
 *(.debug_varnames)

.debug_pubtypes
 *(.debug_pubtypes)

.debug_ranges   0x00000000      0x5e0
 *(.debug_ranges)
 .debug_ranges  0x00000000       0x40 ATMOS.o
 .debug_ranges  0x00000040       0xa0 devices/BMP280.o
 .debug_ranges  0x000000e0       0x70 devices/Si7020.o
 .debug_ranges  0x00000150       0x28 devices/TGS2600.o
 .debug_ranges  0x00000178       0x28 drivers/ADC.o
 .debug_ranges  0x000001a0       0x30 drivers/PWR.o
 .debug_ranges  0x000001d0       0x20 drivers/SPI.o
 .debug_ranges  0x000001f0       0x50 drivers/TWI.o
 .debug_ranges  0x00000240       0x38 drivers/usart0.o
 .debug_ranges  0x00000278       0x40 Event/Event.o
 .debug_ranges  0x000002b8       0x18 hal/atmega256rfr2/src/hal.o
 .debug_ranges  0x000002d0       0x20 hal/atmega256rfr2/src/halTimer.o
 .debug_ranges  0x000002f0       0x60 nwk/src/nwk.o
 .debug_ranges  0x00000350       0x28 nwk/src/nwkDataReq.o
 .debug_ranges  0x00000378       0x30 nwk/src/nwkFrame.o
 .debug_ranges  0x000003a8       0xd0 nwk/src/nwkRx.o
 .debug_ranges  0x00000478       0x68 nwk/src/nwkTx.o
 .debug_ranges  0x000004e0       0x78 phy/atmegarfr2/src/phy.o
 .debug_ranges  0x00000558       0x18 sys/src/sys.o
 .debug_ranges  0x00000570       0x70 sys/src/sysTimer.o

.debug_macro
 *(.debug_macro)
OUTPUT(ATMOS.elf elf32-avr)
LOAD linker stubs
