Archive member included because of file (symbol)

c:/program files (x86)/atmel/atmel toolchain/avr8 gcc/native/3.4.1061/avr8-gnu-toolchain/bin/../lib/gcc/avr/4.8.1/../../../../avr/lib/avr5\libm.a(addsf3.o)
                              devices/src/BMP280.o (__subsf3)
c:/program files (x86)/atmel/atmel toolchain/avr8 gcc/native/3.4.1061/avr8-gnu-toolchain/bin/../lib/gcc/avr/4.8.1/../../../../avr/lib/avr5\libm.a(addsf3x.o)
                              c:/program files (x86)/atmel/atmel toolchain/avr8 gcc/native/3.4.1061/avr8-gnu-toolchain/bin/../lib/gcc/avr/4.8.1/../../../../avr/lib/avr5\libm.a(addsf3.o) (__addsf3x)
c:/program files (x86)/atmel/atmel toolchain/avr8 gcc/native/3.4.1061/avr8-gnu-toolchain/bin/../lib/gcc/avr/4.8.1/../../../../avr/lib/avr5\libm.a(cmpsf2.o)
                              devices/src/BMP280.o (__ltsf2)
c:/program files (x86)/atmel/atmel toolchain/avr8 gcc/native/3.4.1061/avr8-gnu-toolchain/bin/../lib/gcc/avr/4.8.1/../../../../avr/lib/avr5\libm.a(divsf3.o)
                              devices/src/BMP280.o (__divsf3)
c:/program files (x86)/atmel/atmel toolchain/avr8 gcc/native/3.4.1061/avr8-gnu-toolchain/bin/../lib/gcc/avr/4.8.1/../../../../avr/lib/avr5\libm.a(divsf3x.o)
                              c:/program files (x86)/atmel/atmel toolchain/avr8 gcc/native/3.4.1061/avr8-gnu-toolchain/bin/../lib/gcc/avr/4.8.1/../../../../avr/lib/avr5\libm.a(divsf3.o) (__divsf3x)
c:/program files (x86)/atmel/atmel toolchain/avr8 gcc/native/3.4.1061/avr8-gnu-toolchain/bin/../lib/gcc/avr/4.8.1/../../../../avr/lib/avr5\libm.a(fixsfsi.o)
                              devices/src/BMP280.o (__fixsfsi)
c:/program files (x86)/atmel/atmel toolchain/avr8 gcc/native/3.4.1061/avr8-gnu-toolchain/bin/../lib/gcc/avr/4.8.1/../../../../avr/lib/avr5\libm.a(fixunssfsi.o)
                              c:/program files (x86)/atmel/atmel toolchain/avr8 gcc/native/3.4.1061/avr8-gnu-toolchain/bin/../lib/gcc/avr/4.8.1/../../../../avr/lib/avr5\libm.a(fixsfsi.o) (__fixunssfsi)
c:/program files (x86)/atmel/atmel toolchain/avr8 gcc/native/3.4.1061/avr8-gnu-toolchain/bin/../lib/gcc/avr/4.8.1/../../../../avr/lib/avr5\libm.a(floatsisf.o)
                              devices/src/BMP280.o (__floatunsisf)
c:/program files (x86)/atmel/atmel toolchain/avr8 gcc/native/3.4.1061/avr8-gnu-toolchain/bin/../lib/gcc/avr/4.8.1/../../../../avr/lib/avr5\libm.a(fp_cmp.o)
                              c:/program files (x86)/atmel/atmel toolchain/avr8 gcc/native/3.4.1061/avr8-gnu-toolchain/bin/../lib/gcc/avr/4.8.1/../../../../avr/lib/avr5\libm.a(cmpsf2.o) (__fp_cmp)
c:/program files (x86)/atmel/atmel toolchain/avr8 gcc/native/3.4.1061/avr8-gnu-toolchain/bin/../lib/gcc/avr/4.8.1/../../../../avr/lib/avr5\libm.a(fp_inf.o)
                              c:/program files (x86)/atmel/atmel toolchain/avr8 gcc/native/3.4.1061/avr8-gnu-toolchain/bin/../lib/gcc/avr/4.8.1/../../../../avr/lib/avr5\libm.a(addsf3x.o) (__fp_inf)
c:/program files (x86)/atmel/atmel toolchain/avr8 gcc/native/3.4.1061/avr8-gnu-toolchain/bin/../lib/gcc/avr/4.8.1/../../../../avr/lib/avr5\libm.a(fp_nan.o)
                              c:/program files (x86)/atmel/atmel toolchain/avr8 gcc/native/3.4.1061/avr8-gnu-toolchain/bin/../lib/gcc/avr/4.8.1/../../../../avr/lib/avr5\libm.a(addsf3x.o) (__fp_nan)
c:/program files (x86)/atmel/atmel toolchain/avr8 gcc/native/3.4.1061/avr8-gnu-toolchain/bin/../lib/gcc/avr/4.8.1/../../../../avr/lib/avr5\libm.a(fp_pscA.o)
                              c:/program files (x86)/atmel/atmel toolchain/avr8 gcc/native/3.4.1061/avr8-gnu-toolchain/bin/../lib/gcc/avr/4.8.1/../../../../avr/lib/avr5\libm.a(addsf3x.o) (__fp_pscA)
c:/program files (x86)/atmel/atmel toolchain/avr8 gcc/native/3.4.1061/avr8-gnu-toolchain/bin/../lib/gcc/avr/4.8.1/../../../../avr/lib/avr5\libm.a(fp_pscB.o)
                              c:/program files (x86)/atmel/atmel toolchain/avr8 gcc/native/3.4.1061/avr8-gnu-toolchain/bin/../lib/gcc/avr/4.8.1/../../../../avr/lib/avr5\libm.a(addsf3x.o) (__fp_pscB)
c:/program files (x86)/atmel/atmel toolchain/avr8 gcc/native/3.4.1061/avr8-gnu-toolchain/bin/../lib/gcc/avr/4.8.1/../../../../avr/lib/avr5\libm.a(fp_round.o)
                              c:/program files (x86)/atmel/atmel toolchain/avr8 gcc/native/3.4.1061/avr8-gnu-toolchain/bin/../lib/gcc/avr/4.8.1/../../../../avr/lib/avr5\libm.a(addsf3.o) (__fp_round)
c:/program files (x86)/atmel/atmel toolchain/avr8 gcc/native/3.4.1061/avr8-gnu-toolchain/bin/../lib/gcc/avr/4.8.1/../../../../avr/lib/avr5\libm.a(fp_split3.o)
                              c:/program files (x86)/atmel/atmel toolchain/avr8 gcc/native/3.4.1061/avr8-gnu-toolchain/bin/../lib/gcc/avr/4.8.1/../../../../avr/lib/avr5\libm.a(addsf3x.o) (__fp_split3)
c:/program files (x86)/atmel/atmel toolchain/avr8 gcc/native/3.4.1061/avr8-gnu-toolchain/bin/../lib/gcc/avr/4.8.1/../../../../avr/lib/avr5\libm.a(fp_zero.o)
[...]
Memory Configuration

Name             Origin             Length             Attributes
text             0x00000000         0x00020000         xr
data             0x00800060         0x0000ffa0         rw !x
eeprom           0x00810000         0x00010000         rw !x
fuse             0x00820000         0x00000400         rw !x
lock             0x00830000         0x00000400         rw !x
signature        0x00840000         0x00000400         rw !x
user_signatures  0x00850000         0x00000400         rw !x
*default*        0x00000000         0xffffffff

Linker script and memory map

Address of section .data set to 0x800200
LOAD c:/program files (x86)/atmel/atmel toolchain/avr8 gcc/native/3.4.1061/avr8-gnu-toolchain/bin/../lib/gcc/avr/4.8.1/../../../../avr/lib/avr5/crtm644rfr2.o
LOAD ATMOS.o
LOAD devices/src/BMP280.o
LOAD devices/src/K30.o
LOAD devices/src/Si7020.o
LOAD devices/src/TGS2600.o
LOAD drivers/src/ADC.o
LOAD drivers/src/int_timer.o
LOAD drivers/src/PWR.o
LOAD drivers/src/SPI.o
LOAD drivers/src/TWI.o
LOAD drivers/src/usart0.o
LOAD hal/atmega256rfr2/src/hal.o
LOAD hal/atmega256rfr2/src/halTimer.o
LOAD nwk/src/nwk.o
LOAD nwk/src/nwkDataReq.o
LOAD nwk/src/nwkFrame.o
LOAD nwk/src/nwkGroup.o
LOAD nwk/src/nwkRoute.o
LOAD nwk/src/nwkRouteDiscovery.o
LOAD nwk/src/nwkRx.o
LOAD nwk/src/nwkSecurity.o
LOAD nwk/src/nwkTx.o
LOAD phy/atmegarfr2/src/phy.o
LOAD scheduler/src/handler.o
LOAD scheduler/src/scheduler.o
LOAD sys/src/sys.o
LOAD sys/src/sysEncrypt.o
LOAD sys/src/sysTimer.o
LOAD utilities/src/common.o
LOAD utilities/src/llist.o
LOAD utilities/src/time.o
LOAD wrapper/base-class/src/Base_Device.o
LOAD wrapper/base-class/src/Base_Sensor.o
LOAD wrapper/other-device/src/My_Device.o
LOAD wrapper/sensor/src/BMP280_Sensor.o
LOAD wrapper/sensor/src/My_Sensor.o
START GROUP
LOAD c:/program files (x86)/atmel/atmel toolchain/avr8 gcc/native/3.4.1061/avr8-gnu-toolchain/bin/../lib/gcc/avr/4.8.1/../../../../avr/lib/avr5\libm.a
LOAD c:/program files (x86)/atmel/atmel toolchain/avr8 gcc/native/3.4.1061/avr8-gnu-toolchain/bin/../lib/gcc/avr/4.8.1/../../../../avr/lib/avr5\libprintf_flt.a
END GROUP
START GROUP
LOAD c:/program files (x86)/atmel/atmel toolchain/avr8 gcc/native/3.4.1061/avr8-gnu-toolchain/bin/../lib/gcc/avr/4.8.1/avr5\libgcc.a
LOAD c:/program files (x86)/atmel/atmel toolchain/avr8 gcc/native/3.4.1061/avr8-gnu-toolchain/bin/../lib/gcc/avr/4.8.1/../../../../avr/lib/avr5\libm.a
LOAD c:/program files (x86)/atmel/atmel toolchain/avr8 gcc/native/3.4.1061/avr8-gnu-toolchain/bin/../lib/gcc/avr/4.8.1/../../../../avr/lib/avr5\libc.a
END GROUP

.hash
 *(.hash)

.dynsym
 *(.dynsym)

.dynstr
 *(.dynstr)

.gnu.version
 *(.gnu.version)

.gnu.version_d
 *(.gnu.version_d)

.gnu.version_r
 *(.gnu.version_r)

.rel.init
 *(.rel.init)

.rela.init
 *(.rela.init)

.rel.text
 *(.rel.text)
 *(.rel.text.*)
 *(.rel.gnu.linkonce.t*)

.rela.text
 *(.rela.text)
 *(.rela.text.*)
 *(.rela.gnu.linkonce.t*)

.rel.fini
 *(.rel.fini)

.rela.fini
 *(.rela.fini)

.rel.rodata
 *(.rel.rodata)
 *(.rel.rodata.*)
 *(.rel.gnu.linkonce.r*)

.rela.rodata
 *(.rela.rodata)
 *(.rela.rodata.*)
 *(.rela.gnu.linkonce.r*)

.rel.data
 *(.rel.data)
 *(.rel.data.*)
 *(.rel.gnu.linkonce.d*)

.rela.data
 *(.rela.data)
 *(.rela.data.*)
 *(.rela.gnu.linkonce.d*)

.rel.ctors
 *(.rel.ctors)

.rela.ctors
 *(.rela.ctors)

.rel.dtors
 *(.rel.dtors)

.rela.dtors
 *(.rela.dtors)

.rel.got
 *(.rel.got)

.rela.got
 *(.rela.got)

.rel.bss
 *(.rel.bss)

.rela.bss
 *(.rela.bss)

.rel.plt
 *(.rel.plt)

.rela.plt
 *(.rela.plt)

.text           0x00000000     0x2d60
 *(.vectors)
 .vectors       0x00000000      0x134 c:/program files (x86)/atmel/atmel toolchain/avr8 gcc/native/3.4.1061/avr8-gnu-toolchain/bin/../lib/gcc/avr/4.8.1/../../../../avr/lib/avr5/crtm644rfr2.o
                0x00000000                __vector_default
                0x00000000                __vectors
 *(.vectors)
 *(.progmem.gcc*)
                0x00000134                . = ALIGN (0x2)
                0x00000134                __trampolines_start = .
 *(.trampolines)
 .trampolines   0x00000134        0x0 linker stubs
 *(.trampolines*)
                0x00000134                __trampolines_end = .
 *(.progmem*)
 .progmem.data  0x00000134        0x8 c:/program files (x86)/atmel/atmel toolchain/avr8 gcc/native/3.4.1061/avr8-gnu-toolchain/bin/../lib/gcc/avr/4.8.1/../../../../avr/lib/avr5\libprintf_flt.a(vfprintf_flt.o)
 .progmem.data  0x0000013c       0xfa c:/program files (x86)/atmel/atmel toolchain/avr8 gcc/native/3.4.1061/avr8-gnu-toolchain/bin/../lib/gcc/avr/4.8.1/../../../../avr/lib/avr5\libc.a(ftoa_engine.o)
                0x00000236                . = ALIGN (0x2)
 *(.jumptables)
 *(.jumptables*)
 *(.lowtext)
 *(.lowtext*)
                0x00000236                __ctors_start = .
 *(.ctors)
                0x00000236                __ctors_end = .
                0x00000236                __dtors_start = .
 *(.dtors)
                0x00000236                __dtors_end = .
 SORT(*)(.ctors)
 SORT(*)(.dtors)
 *(.init0)
 .init0         0x00000236        0x0 c:/program files (x86)/atmel/atmel toolchain/avr8 gcc/native/3.4.1061/avr8-gnu-toolchain/bin/../lib/gcc/avr/4.8.1/../../../../avr/lib/avr5/crtm644rfr2.o
                0x00000236                __init
 *(.init0)
 *(.init1)
 *(.init1)
 *(.init2)
 .init2         0x00000236        0xc c:/program files (x86)/atmel/atmel toolchain/avr8 gcc/native/3.4.1061/avr8-gnu-toolchain/bin/../lib/gcc/avr/4.8.1/../../../../avr/lib/avr5/crtm644rfr2.o
 *(.init2)
 *(.init3)
 *(.init3)
 *(.init4)
 .init4         0x00000242       0x16 c:/program files (x86)/atmel/atmel toolchain/avr8 gcc/native/3.4.1061/avr8-gnu-toolchain/bin/../lib/gcc/avr/4.8.1/avr5\libgcc.a(_copy_data.o)
                0x00000242                __do_copy_data
 .init4         0x00000258       0x10 c:/program files (x86)/atmel/atmel toolchain/avr8 gcc/native/3.4.1061/avr8-gnu-toolchain/bin/../lib/gcc/avr/4.8.1/avr5\libgcc.a(_clear_bss.o)
                0x00000258                __do_clear_bss
 *(.init4)
 *(.init5)
 *(.init5)
 *(.init6)
 *(.init6)
 *(.init7)
 *(.init7)
 *(.init8)
 *(.init8)
 *(.init9)
 .init9         0x00000268        0x8 c:/program files (x86)/atmel/atmel toolchain/avr8 gcc/native/3.4.1061/avr8-gnu-toolchain/bin/../lib/gcc/avr/4.8.1/../../../../avr/lib/avr5/crtm644rfr2.o
 *(.init9)
 *(.text)
 .text          0x00000270        0x4 c:/program files (x86)/atmel/atmel toolchain/avr8 gcc/native/3.4.1061/avr8-gnu-toolchain/bin/../lib/gcc/avr/4.8.1/../../../../avr/lib/avr5/crtm644rfr2.o
                0x00000270                __vector_38
                0x00000270                __vector_22
                0x00000270                __vector_63
                0x00000270                __vector_28
                0x00000270                __vector_67
                0x00000270                __vector_1
                0x00000270                __vector_32
                0x00000270                __vector_75
                0x00000270                __vector_71
                0x00000270                __vector_34
                0x00000270                __vector_62
                0x00000270                __vector_24
                0x00000270                __vector_12
                0x00000270                __vector_55
                0x00000270                __vector_69
                0x00000270                __vector_46
                0x00000270                __bad_interrupt
                0x00000270                __vector_72
                0x00000270                __vector_6
                0x00000270                __vector_31
                0x00000270                __vector_35
                0x00000270                __vector_74
                0x00000270                __vector_39
                0x00000270                __vector_3
                0x00000270                __vector_23
                0x00000270                __vector_68
                0x00000270                __vector_30
                0x00000270                __vector_73
                0x00000270                __vector_45
                0x00000270                __vector_25
                0x00000270                __vector_61
                0x00000270                __vector_11
                0x00000270                __vector_54
                0x00000270                __vector_13
                0x00000270                __vector_17
                0x00000270                __vector_19
                0x00000270                __vector_56
                0x00000270                __vector_7
                0x00000270                __vector_49
                0x00000270                __vector_41
                0x00000270                __vector_64
                0x00000270                __vector_43
                0x00000270                __vector_27
                0x00000270                __vector_5
                0x00000270                __vector_33
                0x00000270                __vector_76
                0x00000270                __vector_47
                0x00000270                __vector_52
                0x00000270                __vector_37
                0x00000270                __vector_4
                0x00000270                __vector_44
                0x00000270                __vector_51
                0x00000270                __vector_9
                0x00000270                __vector_2
                0x00000270                __vector_21
                0x00000270                __vector_66
                0x00000270                __vector_36
                0x00000270                __vector_58
                0x00000270                __vector_70
                0x00000270                __vector_29
                0x00000270                __vector_60
                0x00000270                __vector_40
                0x00000270                __vector_8
                0x00000270                __vector_26
                0x00000270                __vector_48
                0x00000270                __vector_14
                0x00000270                __vector_57
                0x00000270                __vector_53
                0x00000270                __vector_10
                0x00000270                __vector_50
                0x00000270                __vector_16
                0x00000270                __vector_59
                0x00000270                __vector_18
                0x00000270                __vector_20
                0x00000270                __vector_65
                0x00000274                . = ALIGN (0x2)
 *(.text.*)
 .text.main     0x00000274       0x92 ATMOS.o
                0x00000274                main
 .text.BMP280_ReadBytes
                0x00000306       0x54 devices/src/BMP280.o
 .text.BMP280_ReadInt
                0x0000035a       0x4a devices/src/BMP280.o
 .text.BMP280_Init
                0x000003a4      0x1c0 devices/src/BMP280.o
                0x000003a4                BMP280_Init
 .text.BMP280_SetOversampling
                0x00000564        0xc devices/src/BMP280.o
                0x00000564                BMP280_SetOversampling
 .text.BMP280_StartMeasurment
                0x00000570       0xd4 devices/src/BMP280.o
                0x00000570                BMP280_StartMeasurment
 .text.BMP280_GetUnPT
                0x00000644      0x144 devices/src/BMP280.o
                0x00000644                BMP280_GetUnPT
 .text.BMP280_CalcTemperature
                0x00000788      0x184 devices/src/BMP280.o
                0x00000788                BMP280_CalcTemperature
 .text.BMP280_CalcPressure
                0x0000090c      0x2ea devices/src/BMP280.o
                0x0000090c                BMP280_CalcPressure
 .text.BMP280_GetTemperatureAndPressure
                0x00000bf6       0x8c devices/src/BMP280.o
                0x00000bf6                BMP280_GetTemperatureAndPressure
 .text.ADC_Init
                0x00000c82       0x18 drivers/src/ADC.o
                0x00000c82                ADC_Init
 .text.__vector_15
                0x00000c9a       0x9e drivers/src/int_timer.o
                0x00000c9a                __vector_15
 .text.init_Event_Timer
                0x00000d38       0x2e drivers/src/int_timer.o
                0x00000d38                init_Event_Timer
 .text.general_set_timer
                0x00000d66      0x1c8 drivers/src/int_timer.o
                0x00000d66                general_set_timer
 .text.init_set_timer
                0x00000f2e       0x10 drivers/src/int_timer.o
                0x00000f2e                init_set_timer
 .text.set_timer
                0x00000f3e       0x42 drivers/src/int_timer.o
                0x00000f3e                set_timer
 .text.PWR_Init
                0x00000f80        0x8 drivers/src/PWR.o
                0x00000f80                PWR_Init
 .text.PWR_TurnOn5V
                0x00000f88        0x4 drivers/src/PWR.o
                0x00000f88                PWR_TurnOn5V
 .text.SPI_SlaveInit
                0x00000f8c        0x8 drivers/src/SPI.o
                0x00000f8c                SPI_SlaveInit
 .text.TWI_Init
                0x00000f94       0x3c drivers/src/TWI.o
                0x00000f94                TWI_Init
 .text.TWI_WriteByte
                0x00000fd0       0x1c drivers/src/TWI.o
                0x00000fd0                TWI_WriteByte
 .text.TWI_BeginWrite
                0x00000fec       0x3a drivers/src/TWI.o
                0x00000fec                TWI_BeginWrite
 .text.TWI_BeginRead
                0x00001026       0x30 drivers/src/TWI.o
                0x00001026                TWI_BeginRead
 .text.TWI_ReadAck
                0x00001056       0x20 drivers/src/TWI.o
                0x00001056                TWI_ReadAck
 .text.TWI_ReadNack
                0x00001076       0x20 drivers/src/TWI.o
                0x00001076                TWI_ReadNack
 .text.TWI_Stop
                0x00001096        0xa drivers/src/TWI.o
                0x00001096                TWI_Stop
 .text.TWI_Read
                0x000010a0       0x78 drivers/src/TWI.o
                0x000010a0                TWI_Read
 .text.TWI_Write
                0x00001118       0x34 drivers/src/TWI.o
                0x00001118                TWI_Write
 .text.USART0_Init
                0x0000114c       0x5a drivers/src/usart0.o
                0x0000114c                USART0_Init
 .text.USART0_Transmit
                0x000011a6       0x10 drivers/src/usart0.o
                0x000011a6                USART0_Transmit
 .text.USART0_putchar_printf
                0x000011b6       0x1c drivers/src/usart0.o
                0x000011b6                USART0_putchar_printf
 .text.HAL_Init
                0x000011d2       0x24 hal/atmega256rfr2/src/hal.o
                0x000011d2                HAL_Init
 .text.HAL_TimerInit
                0x000011f6       0x2a hal/atmega256rfr2/src/halTimer.o
                0x000011f6                HAL_TimerInit
 .text.__vector_42
                0x00001220       0x22 hal/atmega256rfr2/src/halTimer.o
                0x00001220                __vector_42
 .text.NWK_Init
                0x00001242       0x3c nwk/src/nwk.o
                0x00001242                NWK_Init
 .text.NWK_OpenEndpoint
                0x0000127e       0x12 nwk/src/nwk.o
                0x0000127e                NWK_OpenEndpoint
 .text.nwkDataReqInit
                0x00001290        0xa nwk/src/nwkDataReq.o
                0x00001290                nwkDataReqInit
 .text.nwkFrameInit
                0x0000129a       0x16 nwk/src/nwkFrame.o
                0x0000129a                nwkFrameInit
 .text.nwkFrameNext
                0x000012b0       0x4a nwk/src/nwkFrame.o
                0x000012b0                nwkFrameNext
 .text.nwkRxServiceDataInd
                0x000012fa       0x28 nwk/src/nwkRx.o
 .text.nwkRxDuplicateRejectionTimerHandler
                0x00001322       0x28 nwk/src/nwkRx.o
 .text.nwkRxInit
                0x0000134a       0x46 nwk/src/nwkRx.o
                0x0000134a                nwkRxInit
 .text.nwkTxDelayTimerHandler
                0x00001390       0x62 nwk/src/nwkTx.o
 .text.nwkTxAckWaitTimerHandler
                0x000013f2       0x72 nwk/src/nwkTx.o
 .text.nwkTxInit
                0x00001464       0x5a nwk/src/nwkTx.o
                0x00001464                nwkTxInit
 .text.nwkTxAckReceived
                0x000014be       0x4a nwk/src/nwkTx.o
                0x000014be                nwkTxAckReceived
 .text.phyTrxSetState
                0x00001508       0x24 phy/atmegarfr2/src/phy.o
 .text.PHY_Init
                0x0000152c       0x30 phy/atmegarfr2/src/phy.o
                0x0000152c                PHY_Init
 .text.sensor_handler
                0x0000155c      0x120 scheduler/src/handler.o
                0x0000155c                sensor_handler
 .text.init_timeoutq
                0x0000167c       0x60 scheduler/src/scheduler.o
                0x0000167c                init_timeoutq
 .text.get_next_interval
                0x000016dc       0x42 scheduler/src/scheduler.o
                0x000016dc                get_next_interval
 .text.insert_timeoutq_event
                0x0000171e       0x72 scheduler/src/scheduler.o
                0x0000171e                insert_timeoutq_event
 .text.load_new_sensor
                0x00001790       0x6c scheduler/src/scheduler.o
                0x00001790                load_new_sensor
 .text.handle_timeoutq_event
                0x000017fc       0xc0 scheduler/src/scheduler.o
                0x000017fc                handle_timeoutq_event
 .text.SYS_Init
                0x000018bc       0x12 sys/src/sys.o
                0x000018bc                SYS_Init
 .text.placeTimer
                0x000018ce       0xc8 sys/src/sysTimer.o
 .text.SYS_TimerInit
                0x00001996        0xa sys/src/sysTimer.o
                0x00001996                SYS_TimerInit
 .text.SYS_TimerStarted
                0x000019a0       0x34 sys/src/sysTimer.o
                0x000019a0                SYS_TimerStarted
 .text.SYS_TimerStart
                0x000019d4       0x1a sys/src/sysTimer.o
                0x000019d4                SYS_TimerStart
 .text.ll_first
                0x000019ee       0x18 utilities/src/llist.o
                0x000019ee                ll_first
 .text.ll_r_insert
                0x00001a06       0x26 utilities/src/llist.o
                0x00001a06                ll_r_insert
 .text.ll_detach
                0x00001a2c       0x46 utilities/src/llist.o
                0x00001a2c                ll_detach
 .text.ll_pop   0x00001a72       0x18 utilities/src/llist.o
                0x00001a72                ll_pop
 .text.BMP280_FctnInit
                0x00001a8a        0xc wrapper/sensor/src/BMP280_Sensor.o
                0x00001a8a                BMP280_FctnInit
 .text.BMP280_Configure
                0x00001a96        0x6 wrapper/sensor/src/BMP280_Sensor.o
                0x00001a96                BMP280_Configure
 .text.BMP280_VTinit
                0x00001a9c        0xc wrapper/sensor/src/BMP280_Sensor.o
                0x00001a9c                BMP280_VTinit
 .text.BMP280_reset
                0x00001aa8        0x6 wrapper/sensor/src/BMP280_Sensor.o
                0x00001aa8                BMP280_reset
 .text.BMP280_getType
                0x00001aae        0x6 wrapper/sensor/src/BMP280_Sensor.o
                0x00001aae                BMP280_getType
 .text.BMP280_Error
                0x00001ab4        0xe wrapper/sensor/src/BMP280_Sensor.o
                0x00001ab4                BMP280_Error
 .text.BMP280_init
                0x00001ac2        0xe wrapper/sensor/src/BMP280_Sensor.o
                0x00001ac2                BMP280_init
 .text.BMP280_Request
                0x00001ad0       0x40 wrapper/sensor/src/BMP280_Sensor.o
                0x00001ad0                BMP280_Request
 .text.BMP280_Collect
                0x00001b10       0x76 wrapper/sensor/src/BMP280_Sensor.o
                0x00001b10                BMP280_Collect
 .text.New_BMP280_Sensor
                0x00001b86       0x2c wrapper/sensor/src/BMP280_Sensor.o
                0x00001b86                New_BMP280_Sensor
 .text.avr-libc.fplib
                0x00001bb2        0xa c:/program files (x86)/atmel/atmel toolchain/avr8 gcc/native/3.4.1061/avr8-gnu-toolchain/bin/../lib/gcc/avr/4.8.1/../../../../avr/lib/avr5\libm.a(addsf3.o)
                0x00001bb2                __subsf3
                0x00001bb4                __addsf3
 .text.avr-libc.fplib
                0x00001bbc       0xc0 c:/program files (x86)/atmel/atmel toolchain/avr8 gcc/native/3.4.1061/avr8-gnu-toolchain/bin/../lib/gcc/avr/4.8.1/../../../../avr/lib/avr5\libm.a(addsf3x.o)
                0x00001bd6                __addsf3x
 .text.avr-libc.fplib
                0x00001c7c        0x8 c:/program files (x86)/atmel/atmel toolchain/avr8 gcc/native/3.4.1061/avr8-gnu-toolchain/bin/../lib/gcc/avr/4.8.1/../../../../avr/lib/avr5\libm.a(cmpsf2.o)
                0x00001c7c                __nesf2
                0x00001c7c                __eqsf2
                0x00001c7c                __cmpsf2
                0x00001c7c                __ltsf2
                0x00001c7c                __lesf2
 .text.avr-libc.fplib
                0x00001c84        0x4 c:/program files (x86)/atmel/atmel toolchain/avr8 gcc/native/3.4.1061/avr8-gnu-toolchain/bin/../lib/gcc/avr/4.8.1/../../../../avr/lib/avr5\libm.a(divsf3.o)
                0x00001c84                __divsf3
 .text.avr-libc.fplib
                0x00001c88       0xcc c:/program files (x86)/atmel/atmel toolchain/avr8 gcc/native/3.4.1061/avr8-gnu-toolchain/bin/../lib/gcc/avr/4.8.1/../../../../avr/lib/avr5\libm.a(divsf3x.o)
                0x00001c9e                __divsf3x
                0x00001ca2                __divsf3_pse
 .text.avr-libc.fplib
                0x00001d54        0xa c:/program files (x86)/atmel/atmel toolchain/avr8 gcc/native/3.4.1061/avr8-gnu-toolchain/bin/../lib/gcc/avr/4.8.1/../../../../avr/lib/avr5\libm.a(fixsfsi.o)
                0x00001d54                __fixsfsi
 .text.avr-libc.fplib
                0x00001d5e       0x58 c:/program files (x86)/atmel/atmel toolchain/avr8 gcc/native/3.4.1061/avr8-gnu-toolchain/bin/../lib/gcc/avr/4.8.1/../../../../avr/lib/avr5\libm.a(fixunssfsi.o)
                0x00001d5e                __fixunssfsi
 .text.avr-libc.fplib
                0x00001db6       0x7a c:/program files (x86)/atmel/atmel toolchain/avr8 gcc/native/3.4.1061/avr8-gnu-toolchain/bin/../lib/gcc/avr/4.8.1/../../../../avr/lib/avr5\libm.a(floatsisf.o)
                0x00001db6                __floatunsisf
                0x00001dba                __floatsisf
 .text.avr-libc.fplib
                0x00001e30       0x48 c:/program files (x86)/atmel/atmel toolchain/avr8 gcc/native/3.4.1061/avr8-gnu-toolchain/bin/../lib/gcc/avr/4.8.1/../../../../avr/lib/avr5\libm.a(fp_cmp.o)
                0x00001e30                __fp_cmp
 .text.avr-libc.fplib
                0x00001e78        0xc c:/program files (x86)/atmel/atmel toolchain/avr8 gcc/native/3.4.1061/avr8-gnu-toolchain/bin/../lib/gcc/avr/4.8.1/../../../../avr/lib/avr5\libm.a(fp_inf.o)
                0x00001e78                __fp_inf
 .text.avr-libc.fplib
                0x00001e84        0x6 c:/program files (x86)/atmel/atmel toolchain/avr8 gcc/native/3.4.1061/avr8-gnu-toolchain/bin/../lib/gcc/avr/4.8.1/../../../../avr/lib/avr5\libm.a(fp_nan.o)
                0x00001e84                __fp_nan
 .text.avr-libc.fplib
                0x00001e8a        0xe c:/program files (x86)/atmel/atmel toolchain/avr8 gcc/native/3.4.1061/avr8-gnu-toolchain/bin/../lib/gcc/avr/4.8.1/../../../../avr/lib/avr5\libm.a(fp_pscA.o)
                0x00001e8a                __fp_pscA
 .text.avr-libc.fplib
                0x00001e98        0xe c:/program files (x86)/atmel/atmel toolchain/avr8 gcc/native/3.4.1061/avr8-gnu-toolchain/bin/../lib/gcc/avr/4.8.1/../../../../avr/lib/avr5\libm.a(fp_pscB.o)
                0x00001e98                __fp_pscB
 .text.avr-libc.fplib
                0x00001ea6       0x22 c:/program files (x86)/atmel/atmel toolchain/avr8 gcc/native/3.4.1061/avr8-gnu-toolchain/bin/../lib/gcc/avr/4.8.1/../../../../avr/lib/avr5\libm.a(fp_round.o)
                0x00001ea6                __fp_round
 .text.avr-libc.fplib
                0x00001ec8       0x44 c:/program files (x86)/atmel/atmel toolchain/avr8 gcc/native/3.4.1061/avr8-gnu-toolchain/bin/../lib/gcc/avr/4.8.1/../../../../avr/lib/avr5\libm.a(fp_split3.o)
                0x00001ec8                __fp_split3
                0x00001ed8                __fp_splitA
 .text.avr-libc.fplib
                0x00001f0c        0xe c:/program files (x86)/atmel/atmel toolchain/avr8 gcc/native/3.4.1061/avr8-gnu-toolchain/bin/../lib/gcc/avr/4.8.1/../../../../avr/lib/avr5\libm.a(fp_zero.o)
                0x00001f0c                __fp_zero
                0x00001f0e                __fp_szero
 .text.avr-libc.fplib
                0x00001f1a        0x8 c:/program files (x86)/atmel/atmel toolchain/avr8 gcc/native/3.4.1061/avr8-gnu-toolchain/bin/../lib/gcc/avr/4.8.1/../../../../avr/lib/avr5\libm.a(gesf2.o)
                0x00001f1a                __gesf2
                0x00001f1a                __gtsf2
 .text.avr-libc.fplib
                0x00001f22        0x4 c:/program files (x86)/atmel/atmel toolchain/avr8 gcc/native/3.4.1061/avr8-gnu-toolchain/bin/../lib/gcc/avr/4.8.1/../../../../avr/lib/avr5\libm.a(mulsf3.o)
                0x00001f22                __mulsf3
 .text.avr-libc.fplib
                0x00001f26       0xc2 c:/program files (x86)/atmel/atmel toolchain/avr8 gcc/native/3.4.1061/avr8-gnu-toolchain/bin/../lib/gcc/avr/4.8.1/../../../../avr/lib/avr5\libm.a(mulsf3x.o)
                0x00001f3a                __mulsf3x
                0x00001f3e                __mulsf3_pse
 .text.avr-libc
                0x00001fe8      0x6f6 c:/program files (x86)/atmel/atmel toolchain/avr8 gcc/native/3.4.1061/avr8-gnu-toolchain/bin/../lib/gcc/avr/4.8.1/../../../../avr/lib/avr5\libprintf_flt.a(vfprintf_flt.o)
                0x00001fe8                vfprintf
 .text.libgcc.div
                0x000026de       0x44 c:/program files (x86)/atmel/atmel toolchain/avr8 gcc/native/3.4.1061/avr8-gnu-toolchain/bin/../lib/gcc/avr/4.8.1/avr5\libgcc.a(_udivmodsi4.o)
                0x000026de                __udivmodsi4
 .text.libgcc.prologue
                0x00002722       0x38 c:/program files (x86)/atmel/atmel toolchain/avr8 gcc/native/3.4.1061/avr8-gnu-toolchain/bin/../lib/gcc/avr/4.8.1/avr5\libgcc.a(_prologue.o)
                0x00002722                __prologue_saves__
 .text.libgcc.prologue
                0x0000275a       0x36 c:/program files (x86)/atmel/atmel toolchain/avr8 gcc/native/3.4.1061/avr8-gnu-toolchain/bin/../lib/gcc/avr/4.8.1/avr5\libgcc.a(_epilogue.o)
                0x0000275a                __epilogue_restores__
 .text.avr-libc
                0x00002790      0x24e c:/program files (x86)/atmel/atmel toolchain/avr8 gcc/native/3.4.1061/avr8-gnu-toolchain/bin/../lib/gcc/avr/4.8.1/../../../../avr/lib/avr5\libc.a(malloc.o)
                0x00002790                malloc
                0x000028c0                free
 .text.avr-libc
                0x000029de      0x1b0 c:/program files (x86)/atmel/atmel toolchain/avr8 gcc/native/3.4.1061/avr8-gnu-toolchain/bin/../lib/gcc/avr/4.8.1/../../../../avr/lib/avr5\libc.a(ftoa_engine.o)
                0x000029de                __ftoa_engine
 .text.avr-libc
                0x00002b8e       0x16 c:/program files (x86)/atmel/atmel toolchain/avr8 gcc/native/3.4.1061/avr8-gnu-toolchain/bin/../lib/gcc/avr/4.8.1/../../../../avr/lib/avr5\libc.a(strnlen_P.o)
                0x00002b8e                strnlen_P
 .text.avr-libc
                0x00002ba4       0x16 c:/program files (x86)/atmel/atmel toolchain/avr8 gcc/native/3.4.1061/avr8-gnu-toolchain/bin/../lib/gcc/avr/4.8.1/../../../../avr/lib/avr5\libc.a(strnlen.o)
                0x00002ba4                strnlen
 .text.avr-libc
                0x00002bba       0x64 c:/program files (x86)/atmel/atmel toolchain/avr8 gcc/native/3.4.1061/avr8-gnu-toolchain/bin/../lib/gcc/avr/4.8.1/../../../../avr/lib/avr5\libc.a(fputc.o)
                0x00002bba                fputc
 .text.avr-libc
                0x00002c1e       0x28 c:/program files (x86)/atmel/atmel toolchain/avr8 gcc/native/3.4.1061/avr8-gnu-toolchain/bin/../lib/gcc/avr/4.8.1/../../../../avr/lib/avr5\libc.a(printf.o)
                0x00002c1e                printf
 .text.avr-libc
                0x00002c46       0x5a c:/program files (x86)/atmel/atmel toolchain/avr8 gcc/native/3.4.1061/avr8-gnu-toolchain/bin/../lib/gcc/avr/4.8.1/../../../../avr/lib/avr5\libc.a(puts.o)
                0x00002c46                puts
 .text.avr-libc
                0x00002ca0       0xbc c:/program files (x86)/atmel/atmel toolchain/avr8 gcc/native/3.4.1061/avr8-gnu-toolchain/bin/../lib/gcc/avr/4.8.1/../../../../avr/lib/avr5\libc.a(ultoa_invert.o)
                0x00002ca0                __ultoa_invert
                0x00002d5c                . = ALIGN (0x2)
 *(.fini9)
 .fini9         0x00002d5c        0x0 c:/program files (x86)/atmel/atmel toolchain/avr8 gcc/native/3.4.1061/avr8-gnu-toolchain/bin/../lib/gcc/avr/4.8.1/avr5\libgcc.a(_exit.o)
                0x00002d5c                _exit
                0x00002d5c                exit
 *(.fini9)
 *(.fini8)
 *(.fini8)
 *(.fini7)
 *(.fini7)
 *(.fini6)
 *(.fini6)
 *(.fini5)
 *(.fini5)
 *(.fini4)
 *(.fini4)
 *(.fini3)
 *(.fini3)
 *(.fini2)
 *(.fini2)
 *(.fini1)
 *(.fini1)
 *(.fini0)
 .fini0         0x00002d5c        0x4 c:/program files (x86)/atmel/atmel toolchain/avr8 gcc/native/3.4.1061/avr8-gnu-toolchain/bin/../lib/gcc/avr/4.8.1/avr5\libgcc.a(_exit.o)
 *(.fini0)
                0x00002d60                _etext = .

.data           0x00800200      0x27e load address 0x00002d60
                0x00800200                PROVIDE (__data_start, .)
 *(.data)
 .data          0x00800200        0x6 c:/program files (x86)/atmel/atmel toolchain/avr8 gcc/native/3.4.1061/avr8-gnu-toolchain/bin/../lib/gcc/avr/4.8.1/../../../../avr/lib/avr5\libc.a(malloc.o)
                0x00800200                __malloc_heap_end
                0x00800202                __malloc_heap_start
                0x00800204                __malloc_margin
 *(.data*)
 .data.USART0_stdout
                0x00800206        0xe drivers/src/usart0.o
 .data.BMP280_abstract_vmt
                0x00800214        0x8 wrapper/sensor/src/BMP280_Sensor.o
                0x00800214                BMP280_abstract_vmt
 .data.BMP280_vmt
                0x0080021c        0xa wrapper/sensor/src/BMP280_Sensor.o
                0x0080021c                BMP280_vmt
 *(.rodata)
 *(.rodata*)
 .rodata.str1.1
                0x00800226       0x1d ATMOS.o
 .rodata.str1.1
                0x00800243       0x37 devices/src/BMP280.o
 .rodata.str1.1
                0x0080027a       0x45 drivers/src/int_timer.o
 .rodata.str1.1
                0x008002bf       0x44 scheduler/src/handler.o
 .rodata.str1.1
                0x00800303      0x106 scheduler/src/scheduler.o
 .rodata.str1.1
                0x00800409       0x75 wrapper/sensor/src/BMP280_Sensor.o
 *(.gnu.linkonce.d*)
                0x0080047e                . = ALIGN (0x2)
                0x0080047e                _edata = .
                0x0080047e                PROVIDE (__data_end, .)

.bss            0x0080047e      0x486
                0x0080047e                PROVIDE (__bss_start, .)
 *(.bss)
 *(.bss*)
 .bss.status    0x0080047e        0x1 devices/src/BMP280.o
 .bss.error     0x0080047f        0x1 devices/src/BMP280.o
 .bss.t_fine    0x00800480        0x4 devices/src/BMP280.o
 .bss.oversampling_t
                0x00800484        0x2 devices/src/BMP280.o
 .bss.oversampling
                0x00800486        0x2 devices/src/BMP280.o
 .bss.dig_T1    0x00800488        0x2 devices/src/BMP280.o
 .bss.dig_P1    0x0080048a        0x2 devices/src/BMP280.o
 .bss.dig_P9    0x0080048c        0x2 devices/src/BMP280.o
 .bss.dig_P8    0x0080048e        0x2 devices/src/BMP280.o
 .bss.dig_P7    0x00800490        0x2 devices/src/BMP280.o
 .bss.dig_P6    0x00800492        0x2 devices/src/BMP280.o
 .bss.dig_P5    0x00800494        0x2 devices/src/BMP280.o
 .bss.dig_P4    0x00800496        0x2 devices/src/BMP280.o
 .bss.dig_P3    0x00800498        0x2 devices/src/BMP280.o
 .bss.dig_P2    0x0080049a        0x2 devices/src/BMP280.o
 .bss.dig_T3    0x0080049c        0x2 devices/src/BMP280.o
 .bss.dig_T2    0x0080049e        0x2 devices/src/BMP280.o
 .bss.TimeStamp
                0x008004a0        0x4 drivers/src/int_timer.o
 .bss.timer_usage
                0x008004a4        0x2 drivers/src/int_timer.o
 .bss.nwkDataReqQueue
                0x008004a6        0x2 nwk/src/nwkDataReq.o
 .bss.nwkFrameFrames
                0x008004a8      0x2ad nwk/src/nwkFrame.o
 .bss.nwkRxDuplicateRejectionTimer
                0x00800755        0xd nwk/src/nwkRx.o
 .bss.nwkRxDuplicateRejectionTable
                0x00800762       0x32 nwk/src/nwkRx.o
 .bss.nwkTxDelayTimer
                0x00800794        0xd nwk/src/nwkTx.o
 .bss.nwkTxAckWaitTimer
                0x008007a1        0xd nwk/src/nwkTx.o
 .bss.nwkTxPhyActiveFrame
                0x008007ae        0x2 nwk/src/nwkTx.o
 .bss.phyBand   0x008007b0        0x1 phy/atmegarfr2/src/phy.o
 .bss.phyRxState
                0x008007b1        0x1 phy/atmegarfr2/src/phy.o
 .bss.phyState  0x008007b2        0x1 phy/atmegarfr2/src/phy.o
 .bss.timers    0x008007b3        0x2 sys/src/sysTimer.o
 *(COMMON)
 COMMON         0x008007b5      0x11c ATMOS.o
                0x008007b5                queue
                0x008008c5                TQ
                0x008008c9                timeoutq
                0x008008cb                FL
                0x008008cf                freelist
 COMMON         0x008008d1        0x1 hal/atmega256rfr2/src/halTimer.o
                0x008008d1                halTimerIrqCount
 COMMON         0x008008d2       0x28 nwk/src/nwk.o
                0x008008d2                nwkIb
 COMMON         0x008008fa        0x4 c:/program files (x86)/atmel/atmel toolchain/avr8 gcc/native/3.4.1061/avr8-gnu-toolchain/bin/../lib/gcc/avr/4.8.1/../../../../avr/lib/avr5\libc.a(malloc.o)
                0x008008fa                __brkval
                0x008008fc                __flp
 COMMON         0x008008fe        0x6 c:/program files (x86)/atmel/atmel toolchain/avr8 gcc/native/3.4.1061/avr8-gnu-toolchain/bin/../lib/gcc/avr/4.8.1/../../../../avr/lib/avr5\libc.a(iob.o)
                0x008008fe                __iob
                0x00800904                PROVIDE (__bss_end, .)
                0x00002d60                __data_load_start = LOADADDR (.data)
                0x00002fde                __data_load_end = (__data_load_start + SIZEOF (.data))

.noinit         0x00800904        0x0
                0x00800904                PROVIDE (__noinit_start, .)
 *(.noinit*)
                0x00800904                PROVIDE (__noinit_end, .)
                0x00800904                _end = .
                0x00800904                PROVIDE (__heap_start, .)

.eeprom         0x00810000        0x0
 *(.eeprom*)
                0x00810000                __eeprom_end = .

.fuse
 *(.fuse)
 *(.lfuse)
 *(.hfuse)
 *(.efuse)

.lock
 *(.lock*)

.signature
 *(.signature*)

.user_signatures
 *(.user_signatures*)

.stab
 *(.stab)

.stabstr
 *(.stabstr)

.stab.excl
 *(.stab.excl)

.stab.exclstr
 *(.stab.exclstr)

.stab.index
 *(.stab.index)

.stab.indexstr
 *(.stab.indexstr)

.comment        0x00000000       0x5c
 *(.comment)
 .comment       0x00000000       0x30 ATMOS.o
                                 0x31 (size before relaxing)
 .comment       0x00000000       0x31 devices/src/BMP280.o
 .comment       0x00000000       0x31 drivers/src/ADC.o
 .comment       0x00000000       0x31 drivers/src/int_timer.o
 .comment       0x00000000       0x31 drivers/src/PWR.o
 .comment       0x00000000       0x31 drivers/src/SPI.o
 .comment       0x00000000       0x31 drivers/src/TWI.o
 .comment       0x00000000       0x31 drivers/src/usart0.o
 .comment       0x00000000       0x31 hal/atmega256rfr2/src/hal.o
 .comment       0x00000000       0x31 hal/atmega256rfr2/src/halTimer.o
 .comment       0x00000000       0x31 nwk/src/nwk.o
 .comment       0x00000000       0x31 nwk/src/nwkDataReq.o
 .comment       0x00000000       0x31 nwk/src/nwkFrame.o
 .comment       0x00000000       0x31 nwk/src/nwkRx.o
 .comment       0x00000000       0x31 nwk/src/nwkTx.o
 .comment       0x00000000       0x31 phy/atmegarfr2/src/phy.o
 .comment       0x00000000       0x31 scheduler/src/handler.o
 .comment       0x00000000       0x31 scheduler/src/scheduler.o
 .comment       0x00000000       0x31 sys/src/sys.o
 .comment       0x00000000       0x31 sys/src/sysTimer.o
 .comment       0x00000000       0x31 utilities/src/llist.o
 .comment       0x00000000       0x31 wrapper/sensor/src/BMP280_Sensor.o
 .comment       0x00000030       0x2c c:/program files (x86)/atmel/atmel toolchain/avr8 gcc/native/3.4.1061/avr8-gnu-toolchain/bin/../lib/gcc/avr/4.8.1/../../../../avr/lib/avr5\libprintf_flt.a(vfprintf_flt.o)
                                 0x2d (size before relaxing)
 .comment       0x00000000       0x31 c:/program files (x86)/atmel/atmel toolchain/avr8 gcc/native/3.4.1061/avr8-gnu-toolchain/bin/../lib/gcc/avr/4.8.1/../../../../avr/lib/avr5\libc.a(malloc.o)
 .comment       0x00000000       0x31 c:/program files (x86)/atmel/atmel toolchain/avr8 gcc/native/3.4.1061/avr8-gnu-toolchain/bin/../lib/gcc/avr/4.8.1/../../../../avr/lib/avr5\libc.a(fputc.o)
 .comment       0x00000000       0x31 c:/program files (x86)/atmel/atmel toolchain/avr8 gcc/native/3.4.1061/avr8-gnu-toolchain/bin/../lib/gcc/avr/4.8.1/../../../../avr/lib/avr5\libc.a(iob.o)
 .comment       0x00000000       0x31 c:/program files (x86)/atmel/atmel toolchain/avr8 gcc/native/3.4.1061/avr8-gnu-toolchain/bin/../lib/gcc/avr/4.8.1/../../../../avr/lib/avr5\libc.a(printf.o)
 .comment       0x00000000       0x31 c:/program files (x86)/atmel/atmel toolchain/avr8 gcc/native/3.4.1061/avr8-gnu-toolchain/bin/../lib/gcc/avr/4.8.1/../../../../avr/lib/avr5\libc.a(puts.o)

.note.gnu.build-id
 *(.note.gnu.build-id)

.debug
 *(.debug)

.line
 *(.line)

.debug_srcinfo
 *(.debug_srcinfo)

.debug_sfnames
 *(.debug_sfnames)

.debug_aranges  0x00000000      0x640
 *(.debug_aranges)
 .debug_aranges
                0x00000000       0x20 ATMOS.o
 .debug_aranges
                0x00000020       0x80 devices/src/BMP280.o
 .debug_aranges
                0x000000a0       0x38 drivers/src/ADC.o
 .debug_aranges
                0x000000d8       0x40 drivers/src/int_timer.o
 .debug_aranges
                0x00000118       0x40 drivers/src/PWR.o
 .debug_aranges
                0x00000158       0x30 drivers/src/SPI.o
 .debug_aranges
                0x00000188       0x60 drivers/src/TWI.o
 .debug_aranges
                0x000001e8       0x48 drivers/src/usart0.o
 .debug_aranges
                0x00000230       0x28 hal/atmega256rfr2/src/hal.o
 .debug_aranges
                0x00000258       0x30 hal/atmega256rfr2/src/halTimer.o
 .debug_aranges
                0x00000288       0x70 nwk/src/nwk.o
 .debug_aranges
                0x000002f8       0x38 nwk/src/nwkDataReq.o
 .debug_aranges
                0x00000330       0x40 nwk/src/nwkFrame.o
 .debug_aranges
                0x00000370       0x48 nwk/src/nwkRx.o
 .debug_aranges
                0x000003b8       0x60 nwk/src/nwkTx.o
 .debug_aranges
                0x00000418       0x88 phy/atmegarfr2/src/phy.o
 .debug_aranges
                0x000004a0       0x30 scheduler/src/handler.o
 .debug_aranges
                0x000004d0       0x48 scheduler/src/scheduler.o
 .debug_aranges
                0x00000518       0x28 sys/src/sys.o
 .debug_aranges
                0x00000540       0x48 sys/src/sysTimer.o
 .debug_aranges
                0x00000588       0x50 utilities/src/llist.o
 .debug_aranges
                0x000005d8       0x68 wrapper/sensor/src/BMP280_Sensor.o

.debug_pubnames
 *(.debug_pubnames)

.debug_info     0x00000000     0x6ea2
 *(.debug_info .gnu.linkonce.wi.*)
 .debug_info    0x00000000      0x780 ATMOS.o
 .debug_info    0x00000780      0xaeb devices/src/BMP280.o
 .debug_info    0x0000126b      0x121 drivers/src/ADC.o
 .debug_info    0x0000138c      0x530 drivers/src/int_timer.o
 .debug_info    0x000018bc       0xdb drivers/src/PWR.o
 .debug_info    0x00001997      0x102 drivers/src/SPI.o
 .debug_info    0x00001a99      0x45e drivers/src/TWI.o
 .debug_info    0x00001ef7      0x299 drivers/src/usart0.o
 .debug_info    0x00002190       0xe8 hal/atmega256rfr2/src/hal.o
 .debug_info    0x00002278       0xe4 hal/atmega256rfr2/src/halTimer.o
 .debug_info    0x0000235c      0x4a6 nwk/src/nwk.o
 .debug_info    0x00002802      0x79d nwk/src/nwkDataReq.o
 .debug_info    0x00002f9f      0x56d nwk/src/nwkFrame.o
 .debug_info    0x0000350c      0xc06 nwk/src/nwkRx.o
 .debug_info    0x00004112      0xa08 nwk/src/nwkTx.o
 .debug_info    0x00004b1a      0x7c0 phy/atmegarfr2/src/phy.o
 .debug_info    0x000052da      0x607 scheduler/src/handler.o
 .debug_info    0x000058e1      0x724 scheduler/src/scheduler.o
 .debug_info    0x00006005      0x12b sys/src/sys.o
 .debug_info    0x00006130      0x341 sys/src/sysTimer.o
 .debug_info    0x00006471      0x34c utilities/src/llist.o
 .debug_info    0x000067bd      0x6e5 wrapper/sensor/src/BMP280_Sensor.o

.debug_abbrev   0x00000000     0x27d6
 *(.debug_abbrev)
 .debug_abbrev  0x00000000      0x256 ATMOS.o
 .debug_abbrev  0x00000256      0x335 devices/src/BMP280.o
 .debug_abbrev  0x0000058b       0xdd drivers/src/ADC.o
 .debug_abbrev  0x00000668      0x1fa drivers/src/int_timer.o
 .debug_abbrev  0x00000862       0x51 drivers/src/PWR.o
 .debug_abbrev  0x000008b3       0xc6 drivers/src/SPI.o
 .debug_abbrev  0x00000979      0x1e3 drivers/src/TWI.o
 .debug_abbrev  0x00000b5c      0x18f drivers/src/usart0.o
 .debug_abbrev  0x00000ceb       0x96 hal/atmega256rfr2/src/hal.o
 .debug_abbrev  0x00000d81       0xaa hal/atmega256rfr2/src/halTimer.o
 .debug_abbrev  0x00000e2b      0x1c7 nwk/src/nwk.o
 .debug_abbrev  0x00000ff2      0x2ac nwk/src/nwkDataReq.o
 .debug_abbrev  0x0000129e      0x190 nwk/src/nwkFrame.o
 .debug_abbrev  0x0000142e      0x3da nwk/src/nwkRx.o
 .debug_abbrev  0x00001808      0x354 nwk/src/nwkTx.o
 .debug_abbrev  0x00001b5c      0x247 phy/atmegarfr2/src/phy.o
 .debug_abbrev  0x00001da3      0x222 scheduler/src/handler.o
 .debug_abbrev  0x00001fc5      0x24e scheduler/src/scheduler.o
 .debug_abbrev  0x00002213       0x62 sys/src/sys.o
 .debug_abbrev  0x00002275      0x199 sys/src/sysTimer.o
 .debug_abbrev  0x0000240e      0x195 utilities/src/llist.o
 .debug_abbrev  0x000025a3      0x233 wrapper/sensor/src/BMP280_Sensor.o

.debug_line     0x00000000     0x245c
 *(.debug_line .debug_line.* .debug_line_end)
 .debug_line    0x00000000      0x20c ATMOS.o
 .debug_line    0x0000020c      0x27f devices/src/BMP280.o
 .debug_line    0x0000048b       0xfd drivers/src/ADC.o
 .debug_line    0x00000588      0x1e6 drivers/src/int_timer.o
 .debug_line    0x0000076e       0xf3 drivers/src/PWR.o
 .debug_line    0x00000861       0xe1 drivers/src/SPI.o
 .debug_line    0x00000942      0x244 drivers/src/TWI.o
 .debug_line    0x00000b86      0x152 drivers/src/usart0.o
 .debug_line    0x00000cd8       0xfa hal/atmega256rfr2/src/hal.o
 .debug_line    0x00000dd2       0xf2 hal/atmega256rfr2/src/halTimer.o
 .debug_line    0x00000ec4      0x1e1 nwk/src/nwk.o
 .debug_line    0x000010a5      0x169 nwk/src/nwkDataReq.o
 .debug_line    0x0000120e      0x13e nwk/src/nwkFrame.o
 .debug_line    0x0000134c      0x254 nwk/src/nwkRx.o
 .debug_line    0x000015a0      0x286 nwk/src/nwkTx.o
 .debug_line    0x00001826      0x22c phy/atmegarfr2/src/phy.o
 .debug_line    0x00001a52      0x1ce scheduler/src/handler.o
 .debug_line    0x00001c20      0x234 scheduler/src/scheduler.o
 .debug_line    0x00001e54       0xc2 sys/src/sys.o
 .debug_line    0x00001f16      0x191 sys/src/sysTimer.o
 .debug_line    0x000020a7      0x10f utilities/src/llist.o
 .debug_line    0x000021b6      0x2a6 wrapper/sensor/src/BMP280_Sensor.o

.debug_frame    0x00000000      0xf60
 *(.debug_frame)
 .debug_frame   0x00000000       0x34 ATMOS.o
 .debug_frame   0x00000034      0x248 devices/src/BMP280.o
 .debug_frame   0x0000027c       0x54 drivers/src/ADC.o
 .debug_frame   0x000002d0       0xf4 drivers/src/int_timer.o
 .debug_frame   0x000003c4       0x64 drivers/src/PWR.o
 .debug_frame   0x00000428       0x44 drivers/src/SPI.o
 .debug_frame   0x0000046c       0xf0 drivers/src/TWI.o
 .debug_frame   0x0000055c       0x7c drivers/src/usart0.o
 .debug_frame   0x000005d8       0x34 hal/atmega256rfr2/src/hal.o
 .debug_frame   0x0000060c       0x54 hal/atmega256rfr2/src/halTimer.o
 .debug_frame   0x00000660       0xd4 nwk/src/nwk.o
 .debug_frame   0x00000734       0x68 nwk/src/nwkDataReq.o
 .debug_frame   0x0000079c       0x64 nwk/src/nwkFrame.o
 .debug_frame   0x00000800       0xe0 nwk/src/nwkRx.o
 .debug_frame   0x000008e0      0x150 nwk/src/nwkTx.o
 .debug_frame   0x00000a30      0x13c phy/atmegarfr2/src/phy.o
 .debug_frame   0x00000b6c       0x7c scheduler/src/handler.o
 .debug_frame   0x00000be8       0xec scheduler/src/scheduler.o
 .debug_frame   0x00000cd4       0x34 sys/src/sys.o
 .debug_frame   0x00000d08       0xc0 sys/src/sysTimer.o
 .debug_frame   0x00000dc8       0xac utilities/src/llist.o
 .debug_frame   0x00000e74       0xec wrapper/sensor/src/BMP280_Sensor.o

.debug_str      0x00000000     0x1bc7
 *(.debug_str)
 .debug_str     0x00000000      0x377 ATMOS.o
                                0x42a (size before relaxing)
 .debug_str     0x00000377      0x22f devices/src/BMP280.o
                                0x3db (size before relaxing)
 .debug_str     0x000005a6       0x4c drivers/src/ADC.o
                                0x19f (size before relaxing)
 .debug_str     0x000005f2       0x78 drivers/src/int_timer.o
                                0x374 (size before relaxing)
 .debug_str     0x0000066a       0x40 drivers/src/PWR.o
                                0x193 (size before relaxing)
 .debug_str     0x000006aa       0x45 drivers/src/SPI.o
                                0x19e (size before relaxing)
 .debug_str     0x000006ef       0x83 drivers/src/TWI.o
                                0x262 (size before relaxing)
 .debug_str     0x00000772       0x8e drivers/src/usart0.o
                                0x213 (size before relaxing)
 .debug_str     0x00000800       0x4f hal/atmega256rfr2/src/hal.o
                                0x195 (size before relaxing)
 .debug_str     0x0000084f       0x41 hal/atmega256rfr2/src/halTimer.o
                                0x1a4 (size before relaxing)
 .debug_str     0x00000890      0x1b1 nwk/src/nwk.o
                                0x324 (size before relaxing)
 .debug_str     0x00000a41      0x338 nwk/src/nwkDataReq.o
                                0x560 (size before relaxing)
 .debug_str     0x00000d79       0x5b nwk/src/nwkFrame.o
                                0x3ff (size before relaxing)
 .debug_str     0x00000dd4      0x37d nwk/src/nwkRx.o
                                0x6f9 (size before relaxing)
 .debug_str     0x00001151      0x1c1 nwk/src/nwkTx.o
                                0x6ae (size before relaxing)
 .debug_str     0x00001312      0x525 phy/atmegarfr2/src/phy.o
                                0x76e (size before relaxing)
 .debug_str     0x00001837       0xea scheduler/src/handler.o
                                0x3ba (size before relaxing)
 .debug_str     0x00001921       0x70 scheduler/src/scheduler.o
                                0x3b2 (size before relaxing)
 .debug_str     0x00001991       0x44 sys/src/sys.o
                                0x1cc (size before relaxing)
 .debug_str     0x000019d5       0x58 sys/src/sysTimer.o
                                0x261 (size before relaxing)
 .debug_str     0x00001a2d       0x44 utilities/src/llist.o
                                0x152 (size before relaxing)
 .debug_str     0x00001a71      0x156 wrapper/sensor/src/BMP280_Sensor.o
                                0x411 (size before relaxing)

.debug_loc      0x00000000     0x37a4
 *(.debug_loc)
 .debug_loc     0x00000000       0x7e ATMOS.o
 .debug_loc     0x0000007e      0xb0f devices/src/BMP280.o
 .debug_loc     0x00000b8d       0x42 drivers/src/ADC.o
 .debug_loc     0x00000bcf      0x358 drivers/src/int_timer.o
 .debug_loc     0x00000f27       0x2d drivers/src/SPI.o
 .debug_loc     0x00000f54      0x471 drivers/src/TWI.o
 .debug_loc     0x000013c5       0xa0 drivers/src/usart0.o
 .debug_loc     0x00001465       0x21 hal/atmega256rfr2/src/hal.o
 .debug_loc     0x00001486       0x62 hal/atmega256rfr2/src/halTimer.o
 .debug_loc     0x000014e8      0x14d nwk/src/nwk.o
 .debug_loc     0x00001635      0x147 nwk/src/nwkDataReq.o
 .debug_loc     0x0000177c       0xf6 nwk/src/nwkFrame.o
 .debug_loc     0x00001872      0x460 nwk/src/nwkRx.o
 .debug_loc     0x00001cd2      0x6b5 nwk/src/nwkTx.o
 .debug_loc     0x00002387      0x31d phy/atmegarfr2/src/phy.o
 .debug_loc     0x000026a4      0x24c scheduler/src/handler.o
 .debug_loc     0x000028f0      0x47f scheduler/src/scheduler.o
 .debug_loc     0x00002d6f      0x432 sys/src/sysTimer.o
 .debug_loc     0x000031a1      0x39f utilities/src/llist.o
 .debug_loc     0x00003540      0x264 wrapper/sensor/src/BMP280_Sensor.o

.debug_macinfo
 *(.debug_macinfo)

.debug_weaknames
 *(.debug_weaknames)

.debug_funcnames
 *(.debug_funcnames)

.debug_typenames
 *(.debug_typenames)

.debug_varnames
 *(.debug_varnames)

.debug_pubtypes
 *(.debug_pubtypes)

.debug_ranges   0x00000000      0x5f8
 *(.debug_ranges)
 .debug_ranges  0x00000000       0x10 ATMOS.o
 .debug_ranges  0x00000010       0xa0 devices/src/BMP280.o
 .debug_ranges  0x000000b0       0x28 drivers/src/ADC.o
 .debug_ranges  0x000000d8       0x30 drivers/src/int_timer.o
 .debug_ranges  0x00000108       0x30 drivers/src/PWR.o
 .debug_ranges  0x00000138       0x20 drivers/src/SPI.o
 .debug_ranges  0x00000158       0x50 drivers/src/TWI.o
 .debug_ranges  0x000001a8       0x38 drivers/src/usart0.o
 .debug_ranges  0x000001e0       0x18 hal/atmega256rfr2/src/hal.o
 .debug_ranges  0x000001f8       0x20 hal/atmega256rfr2/src/halTimer.o
 .debug_ranges  0x00000218       0x60 nwk/src/nwk.o
 .debug_ranges  0x00000278       0x28 nwk/src/nwkDataReq.o
 .debug_ranges  0x000002a0       0x30 nwk/src/nwkFrame.o
 .debug_ranges  0x000002d0       0xd0 nwk/src/nwkRx.o
 .debug_ranges  0x000003a0       0x68 nwk/src/nwkTx.o
 .debug_ranges  0x00000408       0x78 phy/atmegarfr2/src/phy.o
 .debug_ranges  0x00000480       0x20 scheduler/src/handler.o
 .debug_ranges  0x000004a0       0x38 scheduler/src/scheduler.o
 .debug_ranges  0x000004d8       0x18 sys/src/sys.o
 .debug_ranges  0x000004f0       0x70 sys/src/sysTimer.o
 .debug_ranges  0x00000560       0x40 utilities/src/llist.o
 .debug_ranges  0x000005a0       0x58 wrapper/sensor/src/BMP280_Sensor.o

.debug_macro
 *(.debug_macro)
OUTPUT(ATMOS.elf elf32-avr)
LOAD linker stubs
