Archive member included to satisfy reference by file (symbol)

c:/program files (x86)/atmel/studio/7.0/toolchain/avr8/avr8-gnu-toolchain/bin/../lib/gcc/avr/4.9.2/../../../../avr/lib/avr6\libm.a(addsf3.o)
                              drivers/src/ADC.o (__subsf3)
c:/program files (x86)/atmel/studio/7.0/toolchain/avr8/avr8-gnu-toolchain/bin/../lib/gcc/avr/4.9.2/../../../../avr/lib/avr6\libm.a(addsf3x.o)
                              c:/program files (x86)/atmel/studio/7.0/toolchain/avr8/avr8-gnu-toolchain/bin/../lib/gcc/avr/4.9.2/../../../../avr/lib/avr6\libm.a(addsf3.o) (__addsf3x)
c:/program files (x86)/atmel/studio/7.0/toolchain/avr8/avr8-gnu-toolchain/bin/../lib/gcc/avr/4.9.2/../../../../avr/lib/avr6\libm.a(cmpsf2.o)
                              devices/old-sensor/BMP280.o (__ltsf2)
c:/program files (x86)/atmel/studio/7.0/toolchain/avr8/avr8-gnu-toolchain/bin/../lib/gcc/avr/4.9.2/../../../../avr/lib/avr6\libm.a(divsf3.o)
                              devices/old-sensor/BMP280.o (__divsf3)
c:/program files (x86)/atmel/studio/7.0/toolchain/avr8/avr8-gnu-toolchain/bin/../lib/gcc/avr/4.9.2/../../../../avr/lib/avr6\libm.a(divsf3x.o)
                              c:/program files (x86)/atmel/studio/7.0/toolchain/avr8/avr8-gnu-toolchain/bin/../lib/gcc/avr/4.9.2/../../../../avr/lib/avr6\libm.a(divsf3.o) (__divsf3x)
c:/program files (x86)/atmel/studio/7.0/toolchain/avr8/avr8-gnu-toolchain/bin/../lib/gcc/avr/4.9.2/../../../../avr/lib/avr6\libm.a(fixsfsi.o)
                              drivers/src/int_timer.o (__fixsfsi)
c:/program files (x86)/atmel/studio/7.0/toolchain/avr8/avr8-gnu-toolchain/bin/../lib/gcc/avr/4.9.2/../../../../avr/lib/avr6\libm.a(fixunssfsi.o)
                              c:/program files (x86)/atmel/studio/7.0/toolchain/avr8/avr8-gnu-toolchain/bin/../lib/gcc/avr/4.9.2/../../../../avr/lib/avr6\libm.a(fixsfsi.o) (__fixunssfsi)
c:/program files (x86)/atmel/studio/7.0/toolchain/avr8/avr8-gnu-toolchain/bin/../lib/gcc/avr/4.9.2/../../../../avr/lib/avr6\libm.a(floatsisf.o)
                              drivers/src/ADC.o (__floatunsisf)
c:/program files (x86)/atmel/studio/7.0/toolchain/avr8/avr8-gnu-toolchain/bin/../lib/gcc/avr/4.9.2/../../../../avr/lib/avr6\libm.a(fp_cmp.o)
                              c:/program files (x86)/atmel/studio/7.0/toolchain/avr8/avr8-gnu-toolchain/bin/../lib/gcc/avr/4.9.2/../../../../avr/lib/avr6\libm.a(cmpsf2.o) (__fp_cmp)
c:/program files (x86)/atmel/studio/7.0/toolchain/avr8/avr8-gnu-toolchain/bin/../lib/gcc/avr/4.9.2/../../../../avr/lib/avr6\libm.a(fp_inf.o)
                              c:/program files (x86)/atmel/studio/7.0/toolchain/avr8/avr8-gnu-toolchain/bin/../lib/gcc/avr/4.9.2/../../../../avr/lib/avr6\libm.a(addsf3x.o) (__fp_inf)
c:/program files (x86)/atmel/studio/7.0/toolchain/avr8/avr8-gnu-toolchain/bin/../lib/gcc/avr/4.9.2/../../../../avr/lib/avr6\libm.a(fp_nan.o)
                              c:/program files (x86)/atmel/studio/7.0/toolchain/avr8/avr8-gnu-toolchain/bin/../lib/gcc/avr/4.9.2/../../../../avr/lib/avr6\libm.a(addsf3x.o) (__fp_nan)
c:/program files (x86)/atmel/studio/7.0/toolchain/avr8/avr8-gnu-toolchain/bin/../lib/gcc/avr/4.9.2/../../../../avr/lib/avr6\libm.a(fp_pscA.o)
                              c:/program files (x86)/atmel/studio/7.0/toolchain/avr8/avr8-gnu-toolchain/bin/../lib/gcc/avr/4.9.2/../../../../avr/lib/avr6\libm.a(addsf3x.o) (__fp_pscA)
c:/program files (x86)/atmel/studio/7.0/toolchain/avr8/avr8-gnu-toolchain/bin/../lib/gcc/avr/4.9.2/../../../../avr/lib/avr6\libm.a(fp_pscB.o)
                              c:/program files (x86)/atmel/studio/7.0/toolchain/avr8/avr8-gnu-toolchain/bin/../lib/gcc/avr/4.9.2/../../../../avr/lib/avr6\libm.a(addsf3x.o) (__fp_pscB)
c:/program files (x86)/atmel/studio/7.0/toolchain/avr8/avr8-gnu-toolchain/bin/../lib/gcc/avr/4.9.2/../../../../avr/lib/avr6\libm.a(fp_round.o)
                              c:/program files (x86)/atmel/studio/7.0/toolchain/avr8/avr8-gnu-toolchain/bin/../lib/gcc/avr/4.9.2/../../../../avr/lib/avr6\libm.a(addsf3.o) (__fp_round)
c:/program files (x86)/atmel/studio/7.0/toolchain/avr8/avr8-gnu-toolchain/bin/../lib/gcc/avr/4.9.2/../../../../avr/lib/avr6\libm.a(fp_split3.o)
                              c:/program files (x86)/atmel/studio/7.0/toolchain/avr8/avr8-gnu-toolchain/bin/../lib/gcc/avr/4.9.2/../../../../avr/lib/avr6\libm.a(addsf3x.o) (__fp_split3)
c:/program files (x86)/atmel/studio/7.0/toolchain/avr8/avr8-gnu-toolchain/bin/../lib/gcc/avr/4.9.2/../../../../avr/lib/avr6\libm.a(fp_zero.o)
                              c:/program files (x86)/atmel/studio/7.0/toolchain/avr8/avr8-gnu-toolchain/bin/../lib/gcc/avr/4.9.2/../../../../avr/lib/avr6\libm.a(addsf3x.o) (__fp_zero)
c:/program files (x86)/atmel/studio/7.0/toolchain/avr8/avr8-gnu-toolchain/bin/../lib/gcc/avr/4.9.2/../../../../avr/lib/avr6\libm.a(gesf2.o)
                              devices/old-sensor/BMP280.o (__gtsf2)
[...]
Memory Configuration

Name             Origin             Length             Attributes
text             0x00000000         0x00100000         xr
data             0x00800200         0x0000fe00         rw !x
eeprom           0x00810000         0x00010000         rw !x
fuse             0x00820000         0x00000400         rw !x
lock             0x00830000         0x00000400         rw !x
signature        0x00840000         0x00000400         rw !x
user_signatures  0x00850000         0x00000400         rw !x
*default*        0x00000000         0xffffffff

Linker script and memory map

Address of section .data set to 0x800200
LOAD C:/Program Files (x86)/Atmel/Studio/7.0/Packs/atmel/ATmega_DFP/1.0.98/gcc/dev/atmega2564rfr2/avr6/crtatmega2564rfr2.o
LOAD ATMOS.o
LOAD devices/sensor/src/K30_Sensor.o
LOAD drivers/src/ADC.o
LOAD drivers/src/int_timer.o
LOAD drivers/src/PWR.o
LOAD drivers/src/SPI.o
LOAD drivers/src/TWI.o
LOAD drivers/src/usart0.o
LOAD hal/atmega256rfr2/src/hal.o
LOAD hal/atmega256rfr2/src/halTimer.o
LOAD nwk/src/nwk.o
LOAD nwk/src/nwkDataReq.o
LOAD nwk/src/nwkFrame.o
LOAD nwk/src/nwkGroup.o
LOAD nwk/src/nwkRoute.o
LOAD nwk/src/nwkRouteDiscovery.o
LOAD nwk/src/nwkRx.o
LOAD nwk/src/nwkSecurity.o
LOAD nwk/src/nwkTx.o
LOAD phy/atmegarfr2/src/phy.o
LOAD scheduler/src/handler.o
LOAD scheduler/src/scheduler.o
LOAD sys/src/sys.o
LOAD sys/src/sysEncrypt.o
LOAD sys/src/sysTimer.o
LOAD utilities/src/common.o
LOAD utilities/src/llist.o
LOAD utilities/src/time.o
LOAD devices/base-class/src/Base_Device.o
LOAD devices/base-class/src/Base_Sensor.o
LOAD devices/old-sensor/BMP280.o
LOAD devices/old-sensor/Si7020.o
LOAD devices/old-sensor/TGS2600.o
LOAD devices/other-device/src/DemoStorage_Device.o
LOAD devices/other-device/src/LoadData_Device.o
LOAD devices/other-device/src/My_Device.o
LOAD devices/sensor/src/BMP280_Sensor.o
LOAD devices/sensor/src/My_Sensor.o
LOAD devices/sensor/src/Si7020_Sensor.o
START GROUP
LOAD c:/program files (x86)/atmel/studio/7.0/toolchain/avr8/avr8-gnu-toolchain/bin/../lib/gcc/avr/4.9.2/../../../../avr/lib/avr6\libm.a
LOAD c:/program files (x86)/atmel/studio/7.0/toolchain/avr8/avr8-gnu-toolchain/bin/../lib/gcc/avr/4.9.2/../../../../avr/lib/avr6\libprintf_flt.a
END GROUP
START GROUP
LOAD c:/program files (x86)/atmel/studio/7.0/toolchain/avr8/avr8-gnu-toolchain/bin/../lib/gcc/avr/4.9.2/avr6\libgcc.a
LOAD c:/program files (x86)/atmel/studio/7.0/toolchain/avr8/avr8-gnu-toolchain/bin/../lib/gcc/avr/4.9.2/../../../../avr/lib/avr6\libm.a
LOAD c:/program files (x86)/atmel/studio/7.0/toolchain/avr8/avr8-gnu-toolchain/bin/../lib/gcc/avr/4.9.2/../../../../avr/lib/avr6\libc.a
LOAD C:/Program Files (x86)/Atmel/Studio/7.0/Packs/atmel/ATmega_DFP/1.0.98/gcc/dev/atmega2564rfr2/avr6\libatmega2564rfr2.a
END GROUP

.hash
 *(.hash)

.dynsym
 *(.dynsym)

.dynstr
 *(.dynstr)

.gnu.version
 *(.gnu.version)

.gnu.version_d
 *(.gnu.version_d)

.gnu.version_r
 *(.gnu.version_r)

.rel.init
 *(.rel.init)

.rela.init
 *(.rela.init)

.rel.text
 *(.rel.text)
 *(.rel.text.*)
 *(.rel.gnu.linkonce.t*)

.rela.text
 *(.rela.text)
 *(.rela.text.*)
 *(.rela.gnu.linkonce.t*)

.rel.fini
 *(.rel.fini)

.rela.fini
 *(.rela.fini)

.rel.rodata
 *(.rel.rodata)
 *(.rel.rodata.*)
 *(.rel.gnu.linkonce.r*)

.rela.rodata
 *(.rela.rodata)
 *(.rela.rodata.*)
 *(.rela.gnu.linkonce.r*)

.rel.data
 *(.rel.data)
 *(.rel.data.*)
 *(.rel.gnu.linkonce.d*)

.rela.data
 *(.rela.data)
 *(.rela.data.*)
 *(.rela.gnu.linkonce.d*)

.rel.ctors
 *(.rel.ctors)

.rela.ctors
 *(.rela.ctors)

.rel.dtors
 *(.rel.dtors)

.rela.dtors
 *(.rela.dtors)

.rel.got
 *(.rel.got)

.rela.got
 *(.rela.got)

.rel.bss
 *(.rel.bss)

.rela.bss
 *(.rela.bss)

.rel.plt
 *(.rel.plt)

.rela.plt
 *(.rela.plt)

.text           0x00000000     0x3ab0
 *(.vectors)
 .vectors       0x00000000      0x134 C:/Program Files (x86)/Atmel/Studio/7.0/Packs/atmel/ATmega_DFP/1.0.98/gcc/dev/atmega2564rfr2/avr6/crtatmega2564rfr2.o
                0x00000000                __vector_default
                0x00000000                __vectors
 *(.vectors)
 *(.progmem.gcc*)
                0x00000134                . = ALIGN (0x2)
                0x00000134                __trampolines_start = .
 *(.trampolines)
 .trampolines   0x00000134        0x0 linker stubs
 *(.trampolines*)
                0x00000134                __trampolines_end = .
 *(.progmem*)
 .progmem.data  0x00000134        0x8 c:/program files (x86)/atmel/studio/7.0/toolchain/avr8/avr8-gnu-toolchain/bin/../lib/gcc/avr/4.9.2/../../../../avr/lib/avr6\libprintf_flt.a(vfprintf_flt.o)
 .progmem.data  0x0000013c       0xfa c:/program files (x86)/atmel/studio/7.0/toolchain/avr8/avr8-gnu-toolchain/bin/../lib/gcc/avr/4.9.2/../../../../avr/lib/avr6\libc.a(ftoa_engine.o)
                0x00000236                . = ALIGN (0x2)
 *(.jumptables)
 *(.jumptables*)
 *(.lowtext)
 *(.lowtext*)
                0x00000236                __ctors_start = .
 *(.ctors)
                0x00000236                __ctors_end = .
                0x00000236                __dtors_start = .
 *(.dtors)
                0x00000236                __dtors_end = .
 SORT(*)(.ctors)
 SORT(*)(.dtors)
 *(.init0)
 .init0         0x00000236        0x0 C:/Program Files (x86)/Atmel/Studio/7.0/Packs/atmel/ATmega_DFP/1.0.98/gcc/dev/atmega2564rfr2/avr6/crtatmega2564rfr2.o
                0x00000236                __init
 *(.init0)
 *(.init1)
 *(.init1)
 *(.init2)
 .init2         0x00000236       0x10 C:/Program Files (x86)/Atmel/Studio/7.0/Packs/atmel/ATmega_DFP/1.0.98/gcc/dev/atmega2564rfr2/avr6/crtatmega2564rfr2.o
 *(.init2)
 *(.init3)
 *(.init3)
 *(.init4)
 .init4         0x00000246       0x1a c:/program files (x86)/atmel/studio/7.0/toolchain/avr8/avr8-gnu-toolchain/bin/../lib/gcc/avr/4.9.2/avr6\libgcc.a(_copy_data.o)
                0x00000246                __do_copy_data
 .init4         0x00000260       0x10 c:/program files (x86)/atmel/studio/7.0/toolchain/avr8/avr8-gnu-toolchain/bin/../lib/gcc/avr/4.9.2/avr6\libgcc.a(_clear_bss.o)
                0x00000260                __do_clear_bss
 *(.init4)
 *(.init5)
 *(.init5)
 *(.init6)
 *(.init6)
 *(.init7)
 *(.init7)
 *(.init8)
 *(.init8)
 *(.init9)
 .init9         0x00000270        0x6 C:/Program Files (x86)/Atmel/Studio/7.0/Packs/atmel/ATmega_DFP/1.0.98/gcc/dev/atmega2564rfr2/avr6/crtatmega2564rfr2.o
 *(.init9)
 *(.text)
 .text          0x00000276        0x2 C:/Program Files (x86)/Atmel/Studio/7.0/Packs/atmel/ATmega_DFP/1.0.98/gcc/dev/atmega2564rfr2/avr6/crtatmega2564rfr2.o
                0x00000276                __vector_38
                0x00000276                __vector_22
                0x00000276                __vector_63
                0x00000276                __vector_28
                0x00000276                __vector_67
                0x00000276                __vector_1
                0x00000276                __vector_32
                0x00000276                __vector_75
                0x00000276                __vector_71
                0x00000276                __vector_34
                0x00000276                __vector_62
                0x00000276                __vector_24
                0x00000276                __vector_12
                0x00000276                __vector_55
                0x00000276                __vector_69
                0x00000276                __vector_46
                0x00000276                __bad_interrupt
                0x00000276                __vector_72
                0x00000276                __vector_6
                0x00000276                __vector_31
                0x00000276                __vector_35
                0x00000276                __vector_74
                0x00000276                __vector_39
                0x00000276                __vector_3
                0x00000276                __vector_23
                0x00000276                __vector_68
                0x00000276                __vector_30
                0x00000276                __vector_73
                0x00000276                __vector_45
                0x00000276                __vector_25
                0x00000276                __vector_61
                0x00000276                __vector_11
                0x00000276                __vector_54
                0x00000276                __vector_13
                0x00000276                __vector_17
                0x00000276                __vector_19
                0x00000276                __vector_56
                0x00000276                __vector_7
                0x00000276                __vector_49
                0x00000276                __vector_41
                0x00000276                __vector_64
                0x00000276                __vector_43
                0x00000276                __vector_27
                0x00000276                __vector_5
                0x00000276                __vector_33
                0x00000276                __vector_76
                0x00000276                __vector_47
                0x00000276                __vector_52
                0x00000276                __vector_37
                0x00000276                __vector_4
                0x00000276                __vector_44
                0x00000276                __vector_51
                0x00000276                __vector_9
                0x00000276                __vector_2
                0x00000276                __vector_21
                0x00000276                __vector_66
                0x00000276                __vector_36
                0x00000276                __vector_58
                0x00000276                __vector_70
                0x00000276                __vector_29
                0x00000276                __vector_60
                0x00000276                __vector_40
                0x00000276                __vector_8
                0x00000276                __vector_26
                0x00000276                __vector_48
                0x00000276                __vector_14
                0x00000276                __vector_57
                0x00000276                __vector_53
                0x00000276                __vector_10
                0x00000276                __vector_50
                0x00000276                __vector_16
                0x00000276                __vector_59
                0x00000276                __vector_18
                0x00000276                __vector_20
                0x00000276                __vector_65
                0x00000278                . = ALIGN (0x2)
 *(.text.*)
 .text.init_parameter
                0x00000278      0x122 ATMOS.o
                0x00000278                init_parameter
 .text.main     0x0000039a      0x17a ATMOS.o
                0x0000039a                main
 .text.K30_FctnInit
                0x00000514        0xc devices/sensor/src/K30_Sensor.o
                0x00000514                K30_FctnInit
 .text.K30_Configure
                0x00000520        0x6 devices/sensor/src/K30_Sensor.o
                0x00000520                K30_Configure
 .text.K30_Error
                0x00000526        0x6 devices/sensor/src/K30_Sensor.o
                0x00000526                K30_Error
 .text.K30_VTinit
                0x0000052c        0xc devices/sensor/src/K30_Sensor.o
                0x0000052c                K30_VTinit
 .text.K30_reset
                0x00000538        0x6 devices/sensor/src/K30_Sensor.o
                0x00000538                K30_reset
 .text.K30_getType
                0x0000053e        0x6 devices/sensor/src/K30_Sensor.o
                0x0000053e                K30_getType
 .text.K30_Request
                0x00000544       0x2a devices/sensor/src/K30_Sensor.o
                0x00000544                K30_Request
 .text.K30_Collect
                0x0000056e       0x76 devices/sensor/src/K30_Sensor.o
                0x0000056e                K30_Collect
 .text.K30_init
                0x000005e4       0x18 devices/sensor/src/K30_Sensor.o
                0x000005e4                K30_init
 .text.New_K30_Sensor
                0x000005fc       0x84 devices/sensor/src/K30_Sensor.o
                0x000005fc                New_K30_Sensor
 .text.ADC_Init
                0x00000680       0x18 drivers/src/ADC.o
                0x00000680                ADC_Init
 .text.__vector_15
                0x00000698       0x90 drivers/src/int_timer.o
                0x00000698                __vector_15
 .text.init_Event_Timer
                0x00000728       0x2e drivers/src/int_timer.o
                0x00000728                init_Event_Timer
 .text.general_set_timer
                0x00000756      0x1c8 drivers/src/int_timer.o
                0x00000756                general_set_timer
 .text.init_set_timer
                0x0000091e        0xe drivers/src/int_timer.o
                0x0000091e                init_set_timer
 .text.set_timer
                0x0000092c       0x5a drivers/src/int_timer.o
                0x0000092c                set_timer
 .text.PWR_Init
                0x00000986        0x8 drivers/src/PWR.o
                0x00000986                PWR_Init
 .text.PWR_TurnOn5V
                0x0000098e        0x4 drivers/src/PWR.o
                0x0000098e                PWR_TurnOn5V
 .text.SPI_SlaveInit
                0x00000992        0x8 drivers/src/SPI.o
                0x00000992                SPI_SlaveInit
 .text.TWI_Init
                0x0000099a       0x3c drivers/src/TWI.o
                0x0000099a                TWI_Init
 .text.TWI_WriteByte
                0x000009d6       0x1c drivers/src/TWI.o
                0x000009d6                TWI_WriteByte
 .text.TWI_BeginWrite
                0x000009f2       0x38 drivers/src/TWI.o
                0x000009f2                TWI_BeginWrite
 .text.TWI_BeginRead
                0x00000a2a       0x2e drivers/src/TWI.o
                0x00000a2a                TWI_BeginRead
 .text.TWI_ReadAck
                0x00000a58       0x20 drivers/src/TWI.o
                0x00000a58                TWI_ReadAck
 .text.TWI_ReadNack
                0x00000a78       0x20 drivers/src/TWI.o
                0x00000a78                TWI_ReadNack
 .text.TWI_Stop
                0x00000a98        0xa drivers/src/TWI.o
                0x00000a98                TWI_Stop
 .text.TWI_Read
                0x00000aa2       0x74 drivers/src/TWI.o
                0x00000aa2                TWI_Read
 .text.TWI_Write
                0x00000b16       0x32 drivers/src/TWI.o
                0x00000b16                TWI_Write
 .text.USART0_Init
                0x00000b48       0x5a drivers/src/usart0.o
                0x00000b48                USART0_Init
 .text.USART0_Transmit
                0x00000ba2       0x10 drivers/src/usart0.o
                0x00000ba2                USART0_Transmit
 .text.USART0_putchar_printf
                0x00000bb2       0x18 drivers/src/usart0.o
                0x00000bb2                USART0_putchar_printf
 .text.HAL_Init
                0x00000bca       0x28 hal/atmega256rfr2/src/hal.o
                0x00000bca                HAL_Init
 .text.HAL_TimerInit
                0x00000bf2       0x2a hal/atmega256rfr2/src/halTimer.o
                0x00000bf2                HAL_TimerInit
 .text.__vector_42
                0x00000c1c       0x22 hal/atmega256rfr2/src/halTimer.o
                0x00000c1c                __vector_42
 .text.NWK_Init
                0x00000c3e       0x2c nwk/src/nwk.o
                0x00000c3e                NWK_Init
 .text.NWK_OpenEndpoint
                0x00000c6a       0x12 nwk/src/nwk.o
                0x00000c6a                NWK_OpenEndpoint
 .text.nwkDataReqInit
                0x00000c7c        0xa nwk/src/nwkDataReq.o
                0x00000c7c                nwkDataReqInit
 .text.nwkFrameInit
                0x00000c86       0x16 nwk/src/nwkFrame.o
                0x00000c86                nwkFrameInit
 .text.nwkFrameNext
                0x00000c9c       0x44 nwk/src/nwkFrame.o
                0x00000c9c                nwkFrameNext
 .text.nwkRxServiceDataInd
                0x00000ce0       0x26 nwk/src/nwkRx.o
 .text.nwkRxDuplicateRejectionTimerHandler
                0x00000d06       0x2c nwk/src/nwkRx.o
 .text.nwkRxInit
                0x00000d32       0x3a nwk/src/nwkRx.o
                0x00000d32                nwkRxInit
 .text.nwkTxDelayTimerHandler
                0x00000d6c       0x58 nwk/src/nwkTx.o
 .text.nwkTxAckWaitTimerHandler
                0x00000dc4       0x64 nwk/src/nwkTx.o
 .text.nwkTxInit
                0x00000e28       0x46 nwk/src/nwkTx.o
                0x00000e28                nwkTxInit
 .text.nwkTxAckReceived
                0x00000e6e       0x48 nwk/src/nwkTx.o
                0x00000e6e                nwkTxAckReceived
 .text.phyTrxSetState
                0x00000eb6       0x24 phy/atmegarfr2/src/phy.o
 .text.PHY_Init
                0x00000eda       0x2e phy/atmegarfr2/src/phy.o
                0x00000eda                PHY_Init
 .text.sensor_handler
                0x00000f08      0x10e scheduler/src/handler.o
                0x00000f08                sensor_handler
 .text.device_handler
                0x00001016       0x98 scheduler/src/handler.o
                0x00001016                device_handler
 .text.init_timeoutq
                0x000010ae       0x56 scheduler/src/scheduler.o
                0x000010ae                init_timeoutq
 .text.next_event_time_collapse
                0x00001104       0x3e scheduler/src/scheduler.o
                0x00001104                next_event_time_collapse
 .text.get_next_interval
                0x00001142       0x48 scheduler/src/scheduler.o
                0x00001142                get_next_interval
 .text.insert_timeoutq_event
                0x0000118a       0x92 scheduler/src/scheduler.o
                0x0000118a                insert_timeoutq_event
 .text.load_new_sensor
                0x0000121c       0x84 scheduler/src/scheduler.o
                0x0000121c                load_new_sensor
 .text.load_new_device
                0x000012a0       0x88 scheduler/src/scheduler.o
                0x000012a0                load_new_device
 .text.handle_timeoutq_event
                0x00001328      0x156 scheduler/src/scheduler.o
                0x00001328                handle_timeoutq_event
 .text.SYS_Init
                0x0000147e        0xa sys/src/sys.o
                0x0000147e                SYS_Init
 .text.placeTimer
                0x00001488       0xc8 sys/src/sysTimer.o
 .text.SYS_TimerInit
                0x00001550        0xa sys/src/sysTimer.o
                0x00001550                SYS_TimerInit
 .text.SYS_TimerStarted
                0x0000155a       0x34 sys/src/sysTimer.o
                0x0000155a                SYS_TimerStarted
 .text.SYS_TimerStart
                0x0000158e       0x16 sys/src/sysTimer.o
                0x0000158e                SYS_TimerStart
 .text.ll_first
                0x000015a4       0x12 utilities/src/llist.o
                0x000015a4                ll_first
 .text.ll_r_insert
                0x000015b6       0x26 utilities/src/llist.o
                0x000015b6                ll_r_insert
 .text.ll_detach
                0x000015dc       0x46 utilities/src/llist.o
                0x000015dc                ll_detach
 .text.ll_pop   0x00001622       0x16 utilities/src/llist.o
                0x00001622                ll_pop
 .text.calcDate
                0x00001638      0x332 utilities/src/time.o
                0x00001638                calcDate
 .text.updateTime
                0x0000196a       0x68 utilities/src/time.o
                0x0000196a                updateTime
 .text.init_timestamp
                0x000019d2       0x14 utilities/src/time.o
                0x000019d2                init_timestamp
 .text.fctn_getStartNum
                0x000019e6        0x8 devices/base-class/src/Base_Sensor.o
                0x000019e6                fctn_getStartNum
 .text.fctn_getEndNum
                0x000019ee       0x10 devices/base-class/src/Base_Sensor.o
                0x000019ee                fctn_getEndNum
 .text.BMP280_ReadBytes
                0x000019fe       0x4e devices/old-sensor/BMP280.o
 .text.BMP280_ReadInt
                0x00001a4c       0x4a devices/old-sensor/BMP280.o
 .text.BMP280_Init
                0x00001a96      0x1aa devices/old-sensor/BMP280.o
                0x00001a96                BMP280_Init
 .text.BMP280_SetOversampling
                0x00001c40        0xc devices/old-sensor/BMP280.o
                0x00001c40                BMP280_SetOversampling
 .text.BMP280_StartMeasurment
                0x00001c4c       0xd6 devices/old-sensor/BMP280.o
                0x00001c4c                BMP280_StartMeasurment
 .text.BMP280_GetUnPT
                0x00001d22      0x128 devices/old-sensor/BMP280.o
                0x00001d22                BMP280_GetUnPT
 .text.BMP280_CalcTemperature
                0x00001e4a      0x164 devices/old-sensor/BMP280.o
                0x00001e4a                BMP280_CalcTemperature
 .text.BMP280_CalcPressure
                0x00001fae      0x28e devices/old-sensor/BMP280.o
                0x00001fae                BMP280_CalcPressure
 .text.BMP280_GetTemperatureAndPressure
                0x0000223c       0x86 devices/old-sensor/BMP280.o
                0x0000223c                BMP280_GetTemperatureAndPressure
 .text.DemoStorage_Device_VTinit
                0x000022c2        0xc devices/other-device/src/DemoStorage_Device.o
                0x000022c2                DemoStorage_Device_VTinit
 .text.DemoStorage_Device_init
                0x000022ce        0x6 devices/other-device/src/DemoStorage_Device.o
                0x000022ce                DemoStorage_Device_init
 .text.DemoStorage_Device_reset
                0x000022d4        0x6 devices/other-device/src/DemoStorage_Device.o
                0x000022d4                DemoStorage_Device_reset
 .text.DemoStorage_Device_getType
                0x000022da        0x6 devices/other-device/src/DemoStorage_Device.o
                0x000022da                DemoStorage_Device_getType
 .text.DemoStorage_Device_Tinit
                0x000022e0        0xc devices/other-device/src/DemoStorage_Device.o
                0x000022e0                DemoStorage_Device_Tinit
 .text.DemoStorage_Device_Configure
                0x000022ec        0x6 devices/other-device/src/DemoStorage_Device.o
                0x000022ec                DemoStorage_Device_Configure
 .text.DemoStorageget_CurDataUnit
                0x000022f2       0x4e devices/other-device/src/DemoStorage_Device.o
                0x000022f2                DemoStorageget_CurDataUnit
 .text.DemoStorage_Device_Execute
                0x00002340      0x19a devices/other-device/src/DemoStorage_Device.o
                0x00002340                DemoStorage_Device_Execute
 .text.New_DemoStorage_Device
                0x000024da       0xbe devices/other-device/src/DemoStorage_Device.o
                0x000024da                New_DemoStorage_Device
 .text.LoadData_Device_VTinit
                0x00002598        0xc devices/other-device/src/LoadData_Device.o
                0x00002598                LoadData_Device_VTinit
 .text.LoadData_Device_init
                0x000025a4        0x6 devices/other-device/src/LoadData_Device.o
                0x000025a4                LoadData_Device_init
 .text.LoadData_Device_reset
                0x000025aa        0x6 devices/other-device/src/LoadData_Device.o
                0x000025aa                LoadData_Device_reset
 .text.LoadData_Device_getType
                0x000025b0        0x6 devices/other-device/src/LoadData_Device.o
                0x000025b0                LoadData_Device_getType
 .text.LoadData_Device_Tinit
                0x000025b6        0xc devices/other-device/src/LoadData_Device.o
                0x000025b6                LoadData_Device_Tinit
 .text.LoadData_Device_Configure
                0x000025c2        0x6 devices/other-device/src/LoadData_Device.o
                0x000025c2                LoadData_Device_Configure
 .text.LoadData_Device_Execute
                0x000025c8       0xca devices/other-device/src/LoadData_Device.o
                0x000025c8                LoadData_Device_Execute
 .text.New_LoadData_Device
                0x00002692       0x38 devices/other-device/src/LoadData_Device.o
                0x00002692                New_LoadData_Device
 .text.BMP280_FctnInit
                0x000026ca        0xc devices/sensor/src/BMP280_Sensor.o
                0x000026ca                BMP280_FctnInit
 .text.BMP280_Configure
                0x000026d6        0x6 devices/sensor/src/BMP280_Sensor.o
                0x000026d6                BMP280_Configure
 .text.BMP280_VTinit
                0x000026dc        0xc devices/sensor/src/BMP280_Sensor.o
                0x000026dc                BMP280_VTinit
 .text.BMP280_reset
                0x000026e8        0x6 devices/sensor/src/BMP280_Sensor.o
                0x000026e8                BMP280_reset
 .text.BMP280_getType
                0x000026ee        0x6 devices/sensor/src/BMP280_Sensor.o
                0x000026ee                BMP280_getType
 .text.BMP280_Error
                0x000026f4        0xe devices/sensor/src/BMP280_Sensor.o
                0x000026f4                BMP280_Error
 .text.BMP280_init
                0x00002702        0xe devices/sensor/src/BMP280_Sensor.o
                0x00002702                BMP280_init
 .text.BMP280_Request
                0x00002710       0x3e devices/sensor/src/BMP280_Sensor.o
                0x00002710                BMP280_Request
 .text.BMP280_Collect
                0x0000274e       0xea devices/sensor/src/BMP280_Sensor.o
                0x0000274e                BMP280_Collect
 .text.New_BMP280_Sensor
                0x00002838       0x82 devices/sensor/src/BMP280_Sensor.o
                0x00002838                New_BMP280_Sensor
 .text.avr-libc.fplib
                0x000028ba        0xa c:/program files (x86)/atmel/studio/7.0/toolchain/avr8/avr8-gnu-toolchain/bin/../lib/gcc/avr/4.9.2/../../../../avr/lib/avr6\libm.a(addsf3.o)
                0x000028ba                __subsf3
                0x000028bc                __addsf3
 .text.avr-libc.fplib
                0x000028c4       0xc0 c:/program files (x86)/atmel/studio/7.0/toolchain/avr8/avr8-gnu-toolchain/bin/../lib/gcc/avr/4.9.2/../../../../avr/lib/avr6\libm.a(addsf3x.o)
                0x000028de                __addsf3x
 .text.avr-libc.fplib
                0x00002984        0x8 c:/program files (x86)/atmel/studio/7.0/toolchain/avr8/avr8-gnu-toolchain/bin/../lib/gcc/avr/4.9.2/../../../../avr/lib/avr6\libm.a(cmpsf2.o)
                0x00002984                __nesf2
                0x00002984                __eqsf2
                0x00002984                __cmpsf2
                0x00002984                __ltsf2
                0x00002984                __lesf2
 .text.avr-libc.fplib
                0x0000298c        0x4 c:/program files (x86)/atmel/studio/7.0/toolchain/avr8/avr8-gnu-toolchain/bin/../lib/gcc/avr/4.9.2/../../../../avr/lib/avr6\libm.a(divsf3.o)
                0x0000298c                __divsf3
 .text.avr-libc.fplib
                0x00002990       0xcc c:/program files (x86)/atmel/studio/7.0/toolchain/avr8/avr8-gnu-toolchain/bin/../lib/gcc/avr/4.9.2/../../../../avr/lib/avr6\libm.a(divsf3x.o)
                0x000029a6                __divsf3x
                0x000029aa                __divsf3_pse
 .text.avr-libc.fplib
                0x00002a5c        0xa c:/program files (x86)/atmel/studio/7.0/toolchain/avr8/avr8-gnu-toolchain/bin/../lib/gcc/avr/4.9.2/../../../../avr/lib/avr6\libm.a(fixsfsi.o)
                0x00002a5c                __fixsfsi
 .text.avr-libc.fplib
                0x00002a66       0x58 c:/program files (x86)/atmel/studio/7.0/toolchain/avr8/avr8-gnu-toolchain/bin/../lib/gcc/avr/4.9.2/../../../../avr/lib/avr6\libm.a(fixunssfsi.o)
                0x00002a66                __fixunssfsi
 .text.avr-libc.fplib
                0x00002abe       0x7a c:/program files (x86)/atmel/studio/7.0/toolchain/avr8/avr8-gnu-toolchain/bin/../lib/gcc/avr/4.9.2/../../../../avr/lib/avr6\libm.a(floatsisf.o)
                0x00002abe                __floatunsisf
                0x00002ac2                __floatsisf
 .text.avr-libc.fplib
                0x00002b38       0x48 c:/program files (x86)/atmel/studio/7.0/toolchain/avr8/avr8-gnu-toolchain/bin/../lib/gcc/avr/4.9.2/../../../../avr/lib/avr6\libm.a(fp_cmp.o)
                0x00002b38                __fp_cmp
 .text.avr-libc.fplib
                0x00002b80        0xc c:/program files (x86)/atmel/studio/7.0/toolchain/avr8/avr8-gnu-toolchain/bin/../lib/gcc/avr/4.9.2/../../../../avr/lib/avr6\libm.a(fp_inf.o)
                0x00002b80                __fp_inf
 .text.avr-libc.fplib
                0x00002b8c        0x6 c:/program files (x86)/atmel/studio/7.0/toolchain/avr8/avr8-gnu-toolchain/bin/../lib/gcc/avr/4.9.2/../../../../avr/lib/avr6\libm.a(fp_nan.o)
                0x00002b8c                __fp_nan
 .text.avr-libc.fplib
                0x00002b92        0xe c:/program files (x86)/atmel/studio/7.0/toolchain/avr8/avr8-gnu-toolchain/bin/../lib/gcc/avr/4.9.2/../../../../avr/lib/avr6\libm.a(fp_pscA.o)
                0x00002b92                __fp_pscA
 .text.avr-libc.fplib
                0x00002ba0        0xe c:/program files (x86)/atmel/studio/7.0/toolchain/avr8/avr8-gnu-toolchain/bin/../lib/gcc/avr/4.9.2/../../../../avr/lib/avr6\libm.a(fp_pscB.o)
                0x00002ba0                __fp_pscB
 .text.avr-libc.fplib
                0x00002bae       0x22 c:/program files (x86)/atmel/studio/7.0/toolchain/avr8/avr8-gnu-toolchain/bin/../lib/gcc/avr/4.9.2/../../../../avr/lib/avr6\libm.a(fp_round.o)
                0x00002bae                __fp_round
 .text.avr-libc.fplib
                0x00002bd0       0x44 c:/program files (x86)/atmel/studio/7.0/toolchain/avr8/avr8-gnu-toolchain/bin/../lib/gcc/avr/4.9.2/../../../../avr/lib/avr6\libm.a(fp_split3.o)
                0x00002bd0                __fp_split3
                0x00002be0                __fp_splitA
 .text.avr-libc.fplib
                0x00002c14        0xe c:/program files (x86)/atmel/studio/7.0/toolchain/avr8/avr8-gnu-toolchain/bin/../lib/gcc/avr/4.9.2/../../../../avr/lib/avr6\libm.a(fp_zero.o)
                0x00002c14                __fp_zero
                0x00002c16                __fp_szero
 .text.avr-libc.fplib
                0x00002c22        0x8 c:/program files (x86)/atmel/studio/7.0/toolchain/avr8/avr8-gnu-toolchain/bin/../lib/gcc/avr/4.9.2/../../../../avr/lib/avr6\libm.a(gesf2.o)
                0x00002c22                __gesf2
                0x00002c22                __gtsf2
 .text.avr-libc.fplib
                0x00002c2a        0x4 c:/program files (x86)/atmel/studio/7.0/toolchain/avr8/avr8-gnu-toolchain/bin/../lib/gcc/avr/4.9.2/../../../../avr/lib/avr6\libm.a(mulsf3.o)
                0x00002c2a                __mulsf3
 .text.avr-libc.fplib
                0x00002c2e       0xc2 c:/program files (x86)/atmel/studio/7.0/toolchain/avr8/avr8-gnu-toolchain/bin/../lib/gcc/avr/4.9.2/../../../../avr/lib/avr6\libm.a(mulsf3x.o)
                0x00002c42                __mulsf3x
                0x00002c46                __mulsf3_pse
 .text.avr-libc
                0x00002cf0      0x710 c:/program files (x86)/atmel/studio/7.0/toolchain/avr8/avr8-gnu-toolchain/bin/../lib/gcc/avr/4.9.2/../../../../avr/lib/avr6\libprintf_flt.a(vfprintf_flt.o)
                0x00002cf0                vfprintf
 .text.libgcc.div
                0x00003400       0x44 c:/program files (x86)/atmel/studio/7.0/toolchain/avr8/avr8-gnu-toolchain/bin/../lib/gcc/avr/4.9.2/avr6\libgcc.a(_udivmodsi4.o)
                0x00003400                __udivmodsi4
 .text.libgcc.div
                0x00003444       0x28 c:/program files (x86)/atmel/studio/7.0/toolchain/avr8/avr8-gnu-toolchain/bin/../lib/gcc/avr/4.9.2/avr6\libgcc.a(_divmodsi4.o)
                0x00003444                __divmodsi4
 .text.libgcc.div
                0x0000346c       0x10 c:/program files (x86)/atmel/studio/7.0/toolchain/avr8/avr8-gnu-toolchain/bin/../lib/gcc/avr/4.9.2/avr6\libgcc.a(_negsi2.o)
                0x0000346c                __negsi2
 .text.libgcc.mul
                0x0000347c        0xc c:/program files (x86)/atmel/studio/7.0/toolchain/avr8/avr8-gnu-toolchain/bin/../lib/gcc/avr/4.9.2/avr6\libgcc.a(_mulshisi3.o)
                0x0000347c                __mulshisi3
                0x00003480                __mulohisi3
 .text.libgcc.mul
                0x00003488       0x14 c:/program files (x86)/atmel/studio/7.0/toolchain/avr8/avr8-gnu-toolchain/bin/../lib/gcc/avr/4.9.2/avr6\libgcc.a(_muluhisi3.o)
                0x00003488                __muluhisi3
 .text.libgcc.mul
                0x0000349c       0x1e c:/program files (x86)/atmel/studio/7.0/toolchain/avr8/avr8-gnu-toolchain/bin/../lib/gcc/avr/4.9.2/avr6\libgcc.a(_umulhisi3.o)
                0x0000349c                __umulhisi3
 .text.avr-libc
                0x000034ba      0x25a c:/program files (x86)/atmel/studio/7.0/toolchain/avr8/avr8-gnu-toolchain/bin/../lib/gcc/avr/4.9.2/../../../../avr/lib/avr6\libc.a(malloc.o)
                0x000034ba                malloc
                0x000035e4                free
 .text.avr-libc
                0x00003714      0x1b0 c:/program files (x86)/atmel/studio/7.0/toolchain/avr8/avr8-gnu-toolchain/bin/../lib/gcc/avr/4.9.2/../../../../avr/lib/avr6\libc.a(ftoa_engine.o)
                0x00003714                __ftoa_engine
 .text.avr-libc
                0x000038c4       0x16 c:/program files (x86)/atmel/studio/7.0/toolchain/avr8/avr8-gnu-toolchain/bin/../lib/gcc/avr/4.9.2/../../../../avr/lib/avr6\libc.a(strnlen_P.o)
                0x000038c4                strnlen_P
 .text.avr-libc
                0x000038da       0x16 c:/program files (x86)/atmel/studio/7.0/toolchain/avr8/avr8-gnu-toolchain/bin/../lib/gcc/avr/4.9.2/../../../../avr/lib/avr6\libc.a(strnlen.o)
                0x000038da                strnlen
 .text.avr-libc
                0x000038f0       0x70 c:/program files (x86)/atmel/studio/7.0/toolchain/avr8/avr8-gnu-toolchain/bin/../lib/gcc/avr/4.9.2/../../../../avr/lib/avr6\libc.a(fputc.o)
                0x000038f0                fputc
 .text.avr-libc
                0x00003960       0x26 c:/program files (x86)/atmel/studio/7.0/toolchain/avr8/avr8-gnu-toolchain/bin/../lib/gcc/avr/4.9.2/../../../../avr/lib/avr6\libc.a(printf.o)
                0x00003960                printf
 .text.avr-libc
                0x00003986        0xa c:/program files (x86)/atmel/studio/7.0/toolchain/avr8/avr8-gnu-toolchain/bin/../lib/gcc/avr/4.9.2/../../../../avr/lib/avr6\libc.a(putchar.o)
                0x00003986                putchar
 .text.avr-libc
                0x00003990       0x60 c:/program files (x86)/atmel/studio/7.0/toolchain/avr8/avr8-gnu-toolchain/bin/../lib/gcc/avr/4.9.2/../../../../avr/lib/avr6\libc.a(puts.o)
                0x00003990                puts
 .text.avr-libc
                0x000039f0       0xbc c:/program files (x86)/atmel/studio/7.0/toolchain/avr8/avr8-gnu-toolchain/bin/../lib/gcc/avr/4.9.2/../../../../avr/lib/avr6\libc.a(ultoa_invert.o)
                0x000039f0                __ultoa_invert
                0x00003aac                . = ALIGN (0x2)
 *(.fini9)
 .fini9         0x00003aac        0x0 c:/program files (x86)/atmel/studio/7.0/toolchain/avr8/avr8-gnu-toolchain/bin/../lib/gcc/avr/4.9.2/avr6\libgcc.a(_exit.o)
                0x00003aac                _exit
                0x00003aac                exit
 *(.fini9)
 *(.fini8)
 *(.fini8)
 *(.fini7)
 *(.fini7)
 *(.fini6)
 *(.fini6)
 *(.fini5)
 *(.fini5)
 *(.fini4)
 *(.fini4)
 *(.fini3)
 *(.fini3)
 *(.fini2)
 *(.fini2)
 *(.fini1)
 *(.fini1)
 *(.fini0)
 .fini0         0x00003aac        0x4 c:/program files (x86)/atmel/studio/7.0/toolchain/avr8/avr8-gnu-toolchain/bin/../lib/gcc/avr/4.9.2/avr6\libgcc.a(_exit.o)
 *(.fini0)
                0x00003ab0                _etext = .

.data           0x00800200      0x3de load address 0x00003ab0
                0x00800200                PROVIDE (__data_start, .)
 *(.data)
 .data          0x00800200        0x6 c:/program files (x86)/atmel/studio/7.0/toolchain/avr8/avr8-gnu-toolchain/bin/../lib/gcc/avr/4.9.2/../../../../avr/lib/avr6\libc.a(malloc.o)
                0x00800200                __malloc_heap_end
                0x00800202                __malloc_heap_start
                0x00800204                __malloc_margin
 *(.data*)
 .data.DeviceCheckCodeList
                0x00800206        0x8 ATMOS.o
                0x00800206                DeviceCheckCodeList
 .data.DeviceInitStartTimeList
                0x0080020e        0x8 ATMOS.o
                0x0080020e                DeviceInitStartTimeList
 .data.DeviceInitPeriodList
                0x00800216        0x8 ATMOS.o
                0x00800216                DeviceInitPeriodList
 .data.SensorNumDataList
                0x0080021e        0xc ATMOS.o
                0x0080021e                SensorNumDataList
 .data.SensorCheckCodeList
                0x0080022a        0xc ATMOS.o
                0x0080022a                SensorCheckCodeList
 .data.SensorInitStartTimeList
                0x00800236        0xc ATMOS.o
                0x00800236                SensorInitStartTimeList
 .data.K30_abstract_vmt
                0x00800242        0x8 devices/sensor/src/K30_Sensor.o
                0x00800242                K30_abstract_vmt
 .data.K30_vmt  0x0080024a        0xa devices/sensor/src/K30_Sensor.o
                0x0080024a                K30_vmt
 .data.readcmd  0x00800254        0x4 devices/sensor/src/K30_Sensor.o
                0x00800254                readcmd
 .data.USART0_stdout
                0x00800258        0xe drivers/src/usart0.o
 .data.DemoStorageDevice_vmt
                0x00800266        0x8 devices/other-device/src/DemoStorage_Device.o
                0x00800266                DemoStorageDevice_vmt
 .data.DemoStorageDevice_abstract_vmt
                0x0080026e        0x8 devices/other-device/src/DemoStorage_Device.o
                0x0080026e                DemoStorageDevice_abstract_vmt
 .data.LoadDataDevice_vmt
                0x00800276        0x6 devices/other-device/src/LoadData_Device.o
                0x00800276                LoadDataDevice_vmt
 .data.LoadDataDevice_abstract_vmt
                0x0080027c        0x8 devices/other-device/src/LoadData_Device.o
                0x0080027c                LoadDataDevice_abstract_vmt
 .data.BMP280_abstract_vmt
                0x00800284        0x8 devices/sensor/src/BMP280_Sensor.o
                0x00800284                BMP280_abstract_vmt
 .data.BMP280_vmt
                0x0080028c        0xa devices/sensor/src/BMP280_Sensor.o
                0x0080028c                BMP280_vmt
 *(.rodata)
 *(.rodata*)
 .rodata.str1.1
                0x00800296       0x31 ATMOS.o
 .rodata.str1.1
                0x008002c7       0x24 devices/sensor/src/K30_Sensor.o
 .rodata.str1.1
                0x008002eb       0x39 drivers/src/int_timer.o
 .rodata.str1.1
                0x00800324       0x53 scheduler/src/handler.o
 .rodata.str1.1
                0x00800377      0x10a scheduler/src/scheduler.o
 .rodata.daysInMonth.1824
                0x00800481        0xc utilities/src/time.o
 .rodata.str1.1
                0x0080048d       0x37 devices/old-sensor/BMP280.o
 .rodata.str1.1
                0x008004c4       0x64 devices/other-device/src/DemoStorage_Device.o
 .rodata.str1.1
                0x00800528       0x23 devices/other-device/src/LoadData_Device.o
 .rodata.str1.1
                0x0080054b       0x92 devices/sensor/src/BMP280_Sensor.o
                                 0xa6 (size before relaxing)
 *(.gnu.linkonce.d*)
                0x008005de                . = ALIGN (0x2)
 *fill*         0x008005dd        0x1 
                0x008005de                _edata = .
                0x008005de                PROVIDE (__data_end, .)

.bss            0x008005de      0x5a2
                0x008005de                PROVIDE (__bss_start, .)
 *(.bss)
 *(.bss*)
 .bss.cur_data  0x008005de        0x2 ATMOS.o
                0x008005de                cur_data
 .bss.TimeStamp
                0x008005e0        0x4 drivers/src/int_timer.o
                0x008005e0                TimeStamp
 .bss.timer_usage
                0x008005e4        0x2 drivers/src/int_timer.o
 .bss.nwkDataReqQueue
                0x008005e6        0x2 nwk/src/nwkDataReq.o
 .bss.nwkFrameFrames
                0x008005e8      0x2ad nwk/src/nwkFrame.o
 .bss.nwkRxDuplicateRejectionTimer
                0x00800895        0xd nwk/src/nwkRx.o
 .bss.nwkRxDuplicateRejectionTable
                0x008008a2       0x32 nwk/src/nwkRx.o
 .bss.nwkTxDelayTimer
                0x008008d4        0xd nwk/src/nwkTx.o
 .bss.nwkTxAckWaitTimer
                0x008008e1        0xd nwk/src/nwkTx.o
 .bss.nwkTxPhyActiveFrame
                0x008008ee        0x2 nwk/src/nwkTx.o
 .bss.phyBand   0x008008f0        0x1 phy/atmegarfr2/src/phy.o
 .bss.phyRxState
                0x008008f1        0x1 phy/atmegarfr2/src/phy.o
 .bss.phyState  0x008008f2        0x1 phy/atmegarfr2/src/phy.o
 .bss.timers    0x008008f3        0x2 sys/src/sysTimer.o
 .bss.status    0x008008f5        0x1 devices/old-sensor/BMP280.o
 .bss.error     0x008008f6        0x1 devices/old-sensor/BMP280.o
 .bss.t_fine    0x008008f7        0x4 devices/old-sensor/BMP280.o
 .bss.oversampling_t
                0x008008fb        0x2 devices/old-sensor/BMP280.o
 .bss.oversampling
                0x008008fd        0x2 devices/old-sensor/BMP280.o
 .bss.dig_T1    0x008008ff        0x2 devices/old-sensor/BMP280.o
 .bss.dig_P1    0x00800901        0x2 devices/old-sensor/BMP280.o
 .bss.dig_P9    0x00800903        0x2 devices/old-sensor/BMP280.o
 .bss.dig_P8    0x00800905        0x2 devices/old-sensor/BMP280.o
 .bss.dig_P7    0x00800907        0x2 devices/old-sensor/BMP280.o
 .bss.dig_P6    0x00800909        0x2 devices/old-sensor/BMP280.o
 .bss.dig_P5    0x0080090b        0x2 devices/old-sensor/BMP280.o
 .bss.dig_P4    0x0080090d        0x2 devices/old-sensor/BMP280.o
 .bss.dig_P3    0x0080090f        0x2 devices/old-sensor/BMP280.o
 .bss.dig_P2    0x00800911        0x2 devices/old-sensor/BMP280.o
 .bss.dig_T3    0x00800913        0x2 devices/old-sensor/BMP280.o
 .bss.dig_T2    0x00800915        0x2 devices/old-sensor/BMP280.o
 *(COMMON)
 COMMON         0x00800917      0x236 ATMOS.o
                0x00800917                cur_time
                0x0080093f                queue
                0x00800aef                TQ
                0x00800af3                timeoutq
                0x00800af5                SensorDataCount
                0x00800af7                GP
                0x00800b47                FL
                0x00800b4b                freelist
 COMMON         0x00800b4d        0x1 hal/atmega256rfr2/src/halTimer.o
                0x00800b4d                halTimerIrqCount
 COMMON         0x00800b4e       0x28 nwk/src/nwk.o
                0x00800b4e                nwkIb
 COMMON         0x00800b76        0x4 c:/program files (x86)/atmel/studio/7.0/toolchain/avr8/avr8-gnu-toolchain/bin/../lib/gcc/avr/4.9.2/../../../../avr/lib/avr6\libc.a(malloc.o)
                0x00800b76                __brkval
                0x00800b78                __flp
 COMMON         0x00800b7a        0x6 c:/program files (x86)/atmel/studio/7.0/toolchain/avr8/avr8-gnu-toolchain/bin/../lib/gcc/avr/4.9.2/../../../../avr/lib/avr6\libc.a(iob.o)
                0x00800b7a                __iob
                0x00800b80                PROVIDE (__bss_end, .)
                0x00003ab0                __data_load_start = LOADADDR (.data)
                0x00003e8e                __data_load_end = (__data_load_start + SIZEOF (.data))

.noinit         0x00800b80        0x0
                0x00800b80                PROVIDE (__noinit_start, .)
 *(.noinit*)
                0x00800b80                PROVIDE (__noinit_end, .)
                0x00800b80                _end = .
                0x00800b80                PROVIDE (__heap_start, .)

.eeprom         0x00810000        0x0
 *(.eeprom*)
                0x00810000                __eeprom_end = .

.fuse
 *(.fuse)
 *(.lfuse)
 *(.hfuse)
 *(.efuse)

.lock
 *(.lock*)

.signature
 *(.signature*)

.user_signatures
 *(.user_signatures*)

.stab
 *(.stab)

.stabstr
 *(.stabstr)

.stab.excl
 *(.stab.excl)

.stab.exclstr
 *(.stab.exclstr)

.stab.index
 *(.stab.index)

.stab.indexstr
 *(.stab.indexstr)

.comment        0x00000000       0x5c
 *(.comment)
 .comment       0x00000000       0x30 ATMOS.o
                                 0x31 (size before relaxing)
 .comment       0x00000030       0x31 devices/sensor/src/K30_Sensor.o
 .comment       0x00000030       0x31 drivers/src/ADC.o
 .comment       0x00000030       0x31 drivers/src/int_timer.o
 .comment       0x00000030       0x31 drivers/src/PWR.o
 .comment       0x00000030       0x31 drivers/src/SPI.o
 .comment       0x00000030       0x31 drivers/src/TWI.o
 .comment       0x00000030       0x31 drivers/src/usart0.o
 .comment       0x00000030       0x31 hal/atmega256rfr2/src/hal.o
 .comment       0x00000030       0x31 hal/atmega256rfr2/src/halTimer.o
 .comment       0x00000030       0x31 nwk/src/nwk.o
 .comment       0x00000030       0x31 nwk/src/nwkDataReq.o
 .comment       0x00000030       0x31 nwk/src/nwkFrame.o
 .comment       0x00000030       0x31 nwk/src/nwkRx.o
 .comment       0x00000030       0x31 nwk/src/nwkTx.o
 .comment       0x00000030       0x31 phy/atmegarfr2/src/phy.o
 .comment       0x00000030       0x31 scheduler/src/handler.o
 .comment       0x00000030       0x31 scheduler/src/scheduler.o
 .comment       0x00000030       0x31 sys/src/sys.o
 .comment       0x00000030       0x31 sys/src/sysTimer.o
 .comment       0x00000030       0x31 utilities/src/llist.o
 .comment       0x00000030       0x31 utilities/src/time.o
 .comment       0x00000030       0x31 devices/base-class/src/Base_Sensor.o
 .comment       0x00000030       0x31 devices/old-sensor/BMP280.o
 .comment       0x00000030       0x31 devices/other-device/src/DemoStorage_Device.o
 .comment       0x00000030       0x31 devices/other-device/src/LoadData_Device.o
 .comment       0x00000030       0x31 devices/sensor/src/BMP280_Sensor.o
 .comment       0x00000030       0x2c c:/program files (x86)/atmel/studio/7.0/toolchain/avr8/avr8-gnu-toolchain/bin/../lib/gcc/avr/4.9.2/../../../../avr/lib/avr6\libprintf_flt.a(vfprintf_flt.o)
                                 0x2d (size before relaxing)
 .comment       0x0000005c       0x31 c:/program files (x86)/atmel/studio/7.0/toolchain/avr8/avr8-gnu-toolchain/bin/../lib/gcc/avr/4.9.2/../../../../avr/lib/avr6\libc.a(malloc.o)
 .comment       0x0000005c       0x31 c:/program files (x86)/atmel/studio/7.0/toolchain/avr8/avr8-gnu-toolchain/bin/../lib/gcc/avr/4.9.2/../../../../avr/lib/avr6\libc.a(fputc.o)
 .comment       0x0000005c       0x31 c:/program files (x86)/atmel/studio/7.0/toolchain/avr8/avr8-gnu-toolchain/bin/../lib/gcc/avr/4.9.2/../../../../avr/lib/avr6\libc.a(iob.o)
 .comment       0x0000005c       0x31 c:/program files (x86)/atmel/studio/7.0/toolchain/avr8/avr8-gnu-toolchain/bin/../lib/gcc/avr/4.9.2/../../../../avr/lib/avr6\libc.a(printf.o)
 .comment       0x0000005c       0x31 c:/program files (x86)/atmel/studio/7.0/toolchain/avr8/avr8-gnu-toolchain/bin/../lib/gcc/avr/4.9.2/../../../../avr/lib/avr6\libc.a(putchar.o)
 .comment       0x0000005c       0x31 c:/program files (x86)/atmel/studio/7.0/toolchain/avr8/avr8-gnu-toolchain/bin/../lib/gcc/avr/4.9.2/../../../../avr/lib/avr6\libc.a(puts.o)

.note.gnu.avr.deviceinfo
                0x00000000       0x44
 .note.gnu.avr.deviceinfo
                0x00000000       0x44 C:/Program Files (x86)/Atmel/Studio/7.0/Packs/atmel/ATmega_DFP/1.0.98/gcc/dev/atmega2564rfr2/avr6/crtatmega2564rfr2.o

.note.gnu.build-id
 *(.note.gnu.build-id)

.debug
 *(.debug)

.line
 *(.line)

.debug_srcinfo
 *(.debug_srcinfo)

.debug_sfnames
 *(.debug_sfnames)

.debug_aranges  0x00000000      0x830
 *(.debug_aranges)
 .debug_aranges
                0x00000000       0x30 ATMOS.o
 .debug_aranges
                0x00000030       0x68 devices/sensor/src/K30_Sensor.o
 .debug_aranges
                0x00000098       0x38 drivers/src/ADC.o
 .debug_aranges
                0x000000d0       0x40 drivers/src/int_timer.o
 .debug_aranges
                0x00000110       0x40 drivers/src/PWR.o
 .debug_aranges
                0x00000150       0x30 drivers/src/SPI.o
 .debug_aranges
                0x00000180       0x60 drivers/src/TWI.o
 .debug_aranges
                0x000001e0       0x48 drivers/src/usart0.o
 .debug_aranges
                0x00000228       0x28 hal/atmega256rfr2/src/hal.o
 .debug_aranges
                0x00000250       0x30 hal/atmega256rfr2/src/halTimer.o
 .debug_aranges
                0x00000280       0x70 nwk/src/nwk.o
 .debug_aranges
                0x000002f0       0x38 nwk/src/nwkDataReq.o
 .debug_aranges
                0x00000328       0x40 nwk/src/nwkFrame.o
 .debug_aranges
                0x00000368       0x48 nwk/src/nwkRx.o
 .debug_aranges
                0x000003b0       0x60 nwk/src/nwkTx.o
 .debug_aranges
                0x00000410       0x88 phy/atmegarfr2/src/phy.o
 .debug_aranges
                0x00000498       0x30 scheduler/src/handler.o
 .debug_aranges
                0x000004c8       0x58 scheduler/src/scheduler.o
 .debug_aranges
                0x00000520       0x28 sys/src/sys.o
 .debug_aranges
                0x00000548       0x48 sys/src/sysTimer.o
 .debug_aranges
                0x00000590       0x50 utilities/src/llist.o
 .debug_aranges
                0x000005e0       0x38 utilities/src/time.o
 .debug_aranges
                0x00000618       0x78 devices/base-class/src/Base_Sensor.o
 .debug_aranges
                0x00000690       0x80 devices/old-sensor/BMP280.o
 .debug_aranges
                0x00000710       0x60 devices/other-device/src/DemoStorage_Device.o
 .debug_aranges
                0x00000770       0x58 devices/other-device/src/LoadData_Device.o
 .debug_aranges
                0x000007c8       0x68 devices/sensor/src/BMP280_Sensor.o

.debug_pubnames
 *(.debug_pubnames)

.debug_info     0x00000000     0xa5d5
 *(.debug_info .gnu.linkonce.wi.*)
 .debug_info    0x00000000     0x10e5 ATMOS.o
 .debug_info    0x000010e5      0x996 devices/sensor/src/K30_Sensor.o
 .debug_info    0x00001a7b      0x121 drivers/src/ADC.o
 .debug_info    0x00001b9c      0x84b drivers/src/int_timer.o
 .debug_info    0x000023e7       0xdb drivers/src/PWR.o
 .debug_info    0x000024c2      0x102 drivers/src/SPI.o
 .debug_info    0x000025c4      0x45e drivers/src/TWI.o
 .debug_info    0x00002a22      0x299 drivers/src/usart0.o
 .debug_info    0x00002cbb      0x128 hal/atmega256rfr2/src/hal.o
 .debug_info    0x00002de3       0xe4 hal/atmega256rfr2/src/halTimer.o
 .debug_info    0x00002ec7      0x4a6 nwk/src/nwk.o
 .debug_info    0x0000336d      0x79d nwk/src/nwkDataReq.o
 .debug_info    0x00003b0a      0x56a nwk/src/nwkFrame.o
 .debug_info    0x00004074      0xc23 nwk/src/nwkRx.o
 .debug_info    0x00004c97      0xa08 nwk/src/nwkTx.o
 .debug_info    0x0000569f      0x7c0 phy/atmegarfr2/src/phy.o
 .debug_info    0x00005e5f      0x93e scheduler/src/handler.o
 .debug_info    0x0000679d      0xbba scheduler/src/scheduler.o
 .debug_info    0x00007357      0x12b sys/src/sys.o
 .debug_info    0x00007482      0x341 sys/src/sysTimer.o
 .debug_info    0x000077c3      0x34c utilities/src/llist.o
 .debug_info    0x00007b0f      0x2e8 utilities/src/time.o
 .debug_info    0x00007df7      0x5e3 devices/base-class/src/Base_Sensor.o
 .debug_info    0x000083da      0xaeb devices/old-sensor/BMP280.o
 .debug_info    0x00008ec5      0x737 devices/other-device/src/DemoStorage_Device.o
 .debug_info    0x000095fc      0x75c devices/other-device/src/LoadData_Device.o
 .debug_info    0x00009d58      0x87d devices/sensor/src/BMP280_Sensor.o

.debug_abbrev   0x00000000     0x33cd
 *(.debug_abbrev)
 .debug_abbrev  0x00000000      0x318 ATMOS.o
 .debug_abbrev  0x00000318      0x2c4 devices/sensor/src/K30_Sensor.o
 .debug_abbrev  0x000005dc       0xdd drivers/src/ADC.o
 .debug_abbrev  0x000006b9      0x216 drivers/src/int_timer.o
 .debug_abbrev  0x000008cf       0x51 drivers/src/PWR.o
 .debug_abbrev  0x00000920       0xc6 drivers/src/SPI.o
 .debug_abbrev  0x000009e6      0x1e3 drivers/src/TWI.o
 .debug_abbrev  0x00000bc9      0x18f drivers/src/usart0.o
 .debug_abbrev  0x00000d58       0xda hal/atmega256rfr2/src/hal.o
 .debug_abbrev  0x00000e32       0xaa hal/atmega256rfr2/src/halTimer.o
 .debug_abbrev  0x00000edc      0x1c7 nwk/src/nwk.o
 .debug_abbrev  0x000010a3      0x2ac nwk/src/nwkDataReq.o
 .debug_abbrev  0x0000134f      0x181 nwk/src/nwkFrame.o
 .debug_abbrev  0x000014d0      0x3ca nwk/src/nwkRx.o
 .debug_abbrev  0x0000189a      0x354 nwk/src/nwkTx.o
 .debug_abbrev  0x00001bee      0x247 phy/atmegarfr2/src/phy.o
 .debug_abbrev  0x00001e35      0x247 scheduler/src/handler.o
 .debug_abbrev  0x0000207c      0x279 scheduler/src/scheduler.o
 .debug_abbrev  0x000022f5       0x62 sys/src/sys.o
 .debug_abbrev  0x00002357      0x199 sys/src/sysTimer.o
 .debug_abbrev  0x000024f0      0x195 utilities/src/llist.o
 .debug_abbrev  0x00002685      0x13b utilities/src/time.o
 .debug_abbrev  0x000027c0      0x1c8 devices/base-class/src/Base_Sensor.o
 .debug_abbrev  0x00002988      0x335 devices/old-sensor/BMP280.o
 .debug_abbrev  0x00002cbd      0x238 devices/other-device/src/DemoStorage_Device.o
 .debug_abbrev  0x00002ef5      0x25b devices/other-device/src/LoadData_Device.o
 .debug_abbrev  0x00003150      0x27d devices/sensor/src/BMP280_Sensor.o

.debug_line     0x00000000     0x4b21
 *(.debug_line .debug_line.* .debug_line_end)
 .debug_line    0x00000000      0x492 ATMOS.o
 .debug_line    0x00000492      0x403 devices/sensor/src/K30_Sensor.o
 .debug_line    0x00000895      0x150 drivers/src/ADC.o
 .debug_line    0x000009e5      0x33e drivers/src/int_timer.o
 .debug_line    0x00000d23      0x102 drivers/src/PWR.o
 .debug_line    0x00000e25      0x102 drivers/src/SPI.o
 .debug_line    0x00000f27      0x364 drivers/src/TWI.o
 .debug_line    0x0000128b      0x1b6 drivers/src/usart0.o
 .debug_line    0x00001441      0x179 hal/atmega256rfr2/src/hal.o
 .debug_line    0x000015ba      0x127 hal/atmega256rfr2/src/halTimer.o
 .debug_line    0x000016e1      0x282 nwk/src/nwk.o
 .debug_line    0x00001963      0x240 nwk/src/nwkDataReq.o
 .debug_line    0x00001ba3      0x1ab nwk/src/nwkFrame.o
 .debug_line    0x00001d4e      0x450 nwk/src/nwkRx.o
 .debug_line    0x0000219e      0x48f nwk/src/nwkTx.o
 .debug_line    0x0000262d      0x3c0 phy/atmegarfr2/src/phy.o
 .debug_line    0x000029ed      0x2fc scheduler/src/handler.o
 .debug_line    0x00002ce9      0x4ce scheduler/src/scheduler.o
 .debug_line    0x000031b7       0xe7 sys/src/sys.o
 .debug_line    0x0000329e      0x2a8 sys/src/sysTimer.o
 .debug_line    0x00003546      0x205 utilities/src/llist.o
 .debug_line    0x0000374b      0x25d utilities/src/time.o
 .debug_line    0x000039a8      0x2d0 devices/base-class/src/Base_Sensor.o
 .debug_line    0x00003c78      0x4e3 devices/old-sensor/BMP280.o
 .debug_line    0x0000415b      0x376 devices/other-device/src/DemoStorage_Device.o
 .debug_line    0x000044d1      0x2e6 devices/other-device/src/LoadData_Device.o
 .debug_line    0x000047b7      0x36a devices/sensor/src/BMP280_Sensor.o

.debug_frame    0x00000000     0x15c8
 *(.debug_frame)
 .debug_frame   0x00000000       0xd8 ATMOS.o
 .debug_frame   0x000000d8       0xf4 devices/sensor/src/K30_Sensor.o
 .debug_frame   0x000001cc       0x54 drivers/src/ADC.o
 .debug_frame   0x00000220      0x100 drivers/src/int_timer.o
 .debug_frame   0x00000320       0x64 drivers/src/PWR.o
 .debug_frame   0x00000384       0x44 drivers/src/SPI.o
 .debug_frame   0x000003c8       0xf0 drivers/src/TWI.o
 .debug_frame   0x000004b8       0x7c drivers/src/usart0.o
 .debug_frame   0x00000534       0x34 hal/atmega256rfr2/src/hal.o
 .debug_frame   0x00000568       0x54 hal/atmega256rfr2/src/halTimer.o
 .debug_frame   0x000005bc       0xd4 nwk/src/nwk.o
 .debug_frame   0x00000690       0x68 nwk/src/nwkDataReq.o
 .debug_frame   0x000006f8       0x64 nwk/src/nwkFrame.o
 .debug_frame   0x0000075c       0xe0 nwk/src/nwkRx.o
 .debug_frame   0x0000083c      0x144 nwk/src/nwkTx.o
 .debug_frame   0x00000980      0x13c phy/atmegarfr2/src/phy.o
 .debug_frame   0x00000abc       0x78 scheduler/src/handler.o
 .debug_frame   0x00000b34      0x19c scheduler/src/scheduler.o
 .debug_frame   0x00000cd0       0x34 sys/src/sys.o
 .debug_frame   0x00000d04       0xc0 sys/src/sysTimer.o
 .debug_frame   0x00000dc4       0xac utilities/src/llist.o
 .debug_frame   0x00000e70       0xdc utilities/src/time.o
 .debug_frame   0x00000f4c      0x104 devices/base-class/src/Base_Sensor.o
 .debug_frame   0x00001050      0x248 devices/old-sensor/BMP280.o
 .debug_frame   0x00001298      0x144 devices/other-device/src/DemoStorage_Device.o
 .debug_frame   0x000013dc       0xc8 devices/other-device/src/LoadData_Device.o
 .debug_frame   0x000014a4      0x124 devices/sensor/src/BMP280_Sensor.o

.debug_str      0x00000000     0x248f
 *(.debug_str)
 .debug_str     0x00000000      0x74b ATMOS.o
                                0x89d (size before relaxing)
 .debug_str     0x0000074b      0x1ae devices/sensor/src/K30_Sensor.o
                                0x4e4 (size before relaxing)
 .debug_str     0x000008f9       0x59 drivers/src/ADC.o
                                0x1ba (size before relaxing)
 .debug_str     0x00000952       0x78 drivers/src/int_timer.o
                                0x539 (size before relaxing)
 .debug_str     0x000009ca       0x40 drivers/src/PWR.o
                                0x1ae (size before relaxing)
 .debug_str     0x00000a0a       0x3e drivers/src/SPI.o
                                0x1b9 (size before relaxing)
 .debug_str     0x00000a48       0x55 drivers/src/TWI.o
                                0x27d (size before relaxing)
 .debug_str     0x00000a9d       0x8e drivers/src/usart0.o
                                0x22e (size before relaxing)
 .debug_str     0x00000b2b       0x64 hal/atmega256rfr2/src/hal.o
                                0x1c5 (size before relaxing)
 .debug_str     0x00000b8f       0x41 hal/atmega256rfr2/src/halTimer.o
                                0x1bf (size before relaxing)
 .debug_str     0x00000bd0      0x1b1 nwk/src/nwk.o
                                0x33f (size before relaxing)
 .debug_str     0x00000d81      0x338 nwk/src/nwkDataReq.o
                                0x57b (size before relaxing)
 .debug_str     0x000010b9       0x5b nwk/src/nwkFrame.o
                                0x41a (size before relaxing)
 .debug_str     0x00001114      0x37d nwk/src/nwkRx.o
                                0x714 (size before relaxing)
 .debug_str     0x00001491      0x1c1 nwk/src/nwkTx.o
                                0x6c9 (size before relaxing)
 .debug_str     0x00001652      0x525 phy/atmegarfr2/src/phy.o
                                0x789 (size before relaxing)
 .debug_str     0x00001b77       0x7d scheduler/src/handler.o
                                0x568 (size before relaxing)
 .debug_str     0x00001bf4       0x9e scheduler/src/scheduler.o
                                0x5ab (size before relaxing)
 .debug_str     0x00001c92       0x44 sys/src/sys.o
                                0x1e7 (size before relaxing)
 .debug_str     0x00001cd6       0x58 sys/src/sysTimer.o
                                0x27c (size before relaxing)
 .debug_str     0x00001d2e       0x44 utilities/src/llist.o
                                0x16d (size before relaxing)
 .debug_str     0x00001d72       0xab utilities/src/time.o
                                0x285 (size before relaxing)
 .debug_str     0x00001e1d       0xc8 devices/base-class/src/Base_Sensor.o
                                0x3e7 (size before relaxing)
 .debug_str     0x00001ee5      0x1c2 devices/old-sensor/BMP280.o
                                0x3fd (size before relaxing)
 .debug_str     0x000020a7      0x1a0 devices/other-device/src/DemoStorage_Device.o
                                0x532 (size before relaxing)
 .debug_str     0x00002247      0x140 devices/other-device/src/LoadData_Device.o
                                0x556 (size before relaxing)
 .debug_str     0x00002387      0x108 devices/sensor/src/BMP280_Sensor.o
                                0x500 (size before relaxing)

.debug_loc      0x00000000     0x53ea
 *(.debug_loc)
 .debug_loc     0x00000000      0x3c8 ATMOS.o
 .debug_loc     0x000003c8      0x417 devices/sensor/src/K30_Sensor.o
 .debug_loc     0x000007df       0x42 drivers/src/ADC.o
 .debug_loc     0x00000821      0x390 drivers/src/int_timer.o
 .debug_loc     0x00000bb1       0x2d drivers/src/SPI.o
 .debug_loc     0x00000bde      0x49c drivers/src/TWI.o
 .debug_loc     0x0000107a       0xa0 drivers/src/usart0.o
 .debug_loc     0x0000111a       0x21 hal/atmega256rfr2/src/hal.o
 .debug_loc     0x0000113b       0x62 hal/atmega256rfr2/src/halTimer.o
 .debug_loc     0x0000119d      0x14d nwk/src/nwk.o
 .debug_loc     0x000012ea      0x137 nwk/src/nwkDataReq.o
 .debug_loc     0x00001421      0x11e nwk/src/nwkFrame.o
 .debug_loc     0x0000153f      0x4c5 nwk/src/nwkRx.o
 .debug_loc     0x00001a04      0x672 nwk/src/nwkTx.o
 .debug_loc     0x00002076      0x33a phy/atmegarfr2/src/phy.o
 .debug_loc     0x000023b0      0x2d8 scheduler/src/handler.o
 .debug_loc     0x00002688      0x7a9 scheduler/src/scheduler.o
 .debug_loc     0x00002e31      0x42e sys/src/sysTimer.o
 .debug_loc     0x0000325f      0x37f utilities/src/llist.o
 .debug_loc     0x000035de      0x542 utilities/src/time.o
 .debug_loc     0x00003b20      0x2f2 devices/base-class/src/Base_Sensor.o
 .debug_loc     0x00003e12      0xb24 devices/old-sensor/BMP280.o
 .debug_loc     0x00004936      0x4a6 devices/other-device/src/DemoStorage_Device.o
 .debug_loc     0x00004ddc      0x259 devices/other-device/src/LoadData_Device.o
 .debug_loc     0x00005035      0x3b5 devices/sensor/src/BMP280_Sensor.o

.debug_macinfo
 *(.debug_macinfo)

.debug_weaknames
 *(.debug_weaknames)

.debug_funcnames
 *(.debug_funcnames)

.debug_typenames
 *(.debug_typenames)

.debug_varnames
 *(.debug_varnames)

.debug_pubtypes
 *(.debug_pubtypes)

.debug_ranges   0x00000000      0x7b8
 *(.debug_ranges)
 .debug_ranges  0x00000000       0x20 ATMOS.o
 .debug_ranges  0x00000020       0x58 devices/sensor/src/K30_Sensor.o
 .debug_ranges  0x00000078       0x28 drivers/src/ADC.o
 .debug_ranges  0x000000a0       0x30 drivers/src/int_timer.o
 .debug_ranges  0x000000d0       0x30 drivers/src/PWR.o
 .debug_ranges  0x00000100       0x20 drivers/src/SPI.o
 .debug_ranges  0x00000120       0x50 drivers/src/TWI.o
 .debug_ranges  0x00000170       0x38 drivers/src/usart0.o
 .debug_ranges  0x000001a8       0x18 hal/atmega256rfr2/src/hal.o
 .debug_ranges  0x000001c0       0x20 hal/atmega256rfr2/src/halTimer.o
 .debug_ranges  0x000001e0       0x60 nwk/src/nwk.o
 .debug_ranges  0x00000240       0x28 nwk/src/nwkDataReq.o
 .debug_ranges  0x00000268       0x30 nwk/src/nwkFrame.o
 .debug_ranges  0x00000298       0x88 nwk/src/nwkRx.o
 .debug_ranges  0x00000320       0x68 nwk/src/nwkTx.o
 .debug_ranges  0x00000388       0x78 phy/atmegarfr2/src/phy.o
 .debug_ranges  0x00000400       0x20 scheduler/src/handler.o
 .debug_ranges  0x00000420       0x48 scheduler/src/scheduler.o
 .debug_ranges  0x00000468       0x18 sys/src/sys.o
 .debug_ranges  0x00000480       0x70 sys/src/sysTimer.o
 .debug_ranges  0x000004f0       0x40 utilities/src/llist.o
 .debug_ranges  0x00000530       0x78 utilities/src/time.o
 .debug_ranges  0x000005a8       0x68 devices/base-class/src/Base_Sensor.o
 .debug_ranges  0x00000610       0xa0 devices/old-sensor/BMP280.o
 .debug_ranges  0x000006b0       0x68 devices/other-device/src/DemoStorage_Device.o
 .debug_ranges  0x00000718       0x48 devices/other-device/src/LoadData_Device.o
 .debug_ranges  0x00000760       0x58 devices/sensor/src/BMP280_Sensor.o

.debug_macro
 *(.debug_macro)
OUTPUT(ATMOS.elf elf32-avr)
LOAD linker stubs
