Archive member included to satisfy reference by file (symbol)

c:/program files (x86)/atmel/studio/7.0/toolchain/avr8/avr8-gnu-toolchain/bin/../lib/gcc/avr/4.9.2/../../../../avr/lib/avr6\libm.a(addsf3.o)
                              drivers/src/ADC.o (__subsf3)
c:/program files (x86)/atmel/studio/7.0/toolchain/avr8/avr8-gnu-toolchain/bin/../lib/gcc/avr/4.9.2/../../../../avr/lib/avr6\libm.a(addsf3x.o)
                              c:/program files (x86)/atmel/studio/7.0/toolchain/avr8/avr8-gnu-toolchain/bin/../lib/gcc/avr/4.9.2/../../../../avr/lib/avr6\libm.a(addsf3.o) (__addsf3x)
c:/program files (x86)/atmel/studio/7.0/toolchain/avr8/avr8-gnu-toolchain/bin/../lib/gcc/avr/4.9.2/../../../../avr/lib/avr6\libm.a(cmpsf2.o)
                              devices/old-sensor/BMP280.o (__nesf2)
c:/program files (x86)/atmel/studio/7.0/toolchain/avr8/avr8-gnu-toolchain/bin/../lib/gcc/avr/4.9.2/../../../../avr/lib/avr6\libm.a(divsf3.o)
                              devices/old-sensor/BMP280.o (__divsf3)
c:/program files (x86)/atmel/studio/7.0/toolchain/avr8/avr8-gnu-toolchain/bin/../lib/gcc/avr/4.9.2/../../../../avr/lib/avr6\libm.a(divsf3x.o)
                              c:/program files (x86)/atmel/studio/7.0/toolchain/avr8/avr8-gnu-toolchain/bin/../lib/gcc/avr/4.9.2/../../../../avr/lib/avr6\libm.a(divsf3.o) (__divsf3x)
c:/program files (x86)/atmel/studio/7.0/toolchain/avr8/avr8-gnu-toolchain/bin/../lib/gcc/avr/4.9.2/../../../../avr/lib/avr6\libm.a(fixsfsi.o)
                              drivers/src/int_timer.o (__fixsfsi)
c:/program files (x86)/atmel/studio/7.0/toolchain/avr8/avr8-gnu-toolchain/bin/../lib/gcc/avr/4.9.2/../../../../avr/lib/avr6\libm.a(fixunssfsi.o)
                              c:/program files (x86)/atmel/studio/7.0/toolchain/avr8/avr8-gnu-toolchain/bin/../lib/gcc/avr/4.9.2/../../../../avr/lib/avr6\libm.a(fixsfsi.o) (__fixunssfsi)
c:/program files (x86)/atmel/studio/7.0/toolchain/avr8/avr8-gnu-toolchain/bin/../lib/gcc/avr/4.9.2/../../../../avr/lib/avr6\libm.a(floatsisf.o)
                              drivers/src/ADC.o (__floatunsisf)
c:/program files (x86)/atmel/studio/7.0/toolchain/avr8/avr8-gnu-toolchain/bin/../lib/gcc/avr/4.9.2/../../../../avr/lib/avr6\libm.a(fp_cmp.o)
                              c:/program files (x86)/atmel/studio/7.0/toolchain/avr8/avr8-gnu-toolchain/bin/../lib/gcc/avr/4.9.2/../../../../avr/lib/avr6\libm.a(cmpsf2.o) (__fp_cmp)
c:/program files (x86)/atmel/studio/7.0/toolchain/avr8/avr8-gnu-toolchain/bin/../lib/gcc/avr/4.9.2/../../../../avr/lib/avr6\libm.a(fp_inf.o)
                              c:/program files (x86)/atmel/studio/7.0/toolchain/avr8/avr8-gnu-toolchain/bin/../lib/gcc/avr/4.9.2/../../../../avr/lib/avr6\libm.a(addsf3x.o) (__fp_inf)
c:/program files (x86)/atmel/studio/7.0/toolchain/avr8/avr8-gnu-toolchain/bin/../lib/gcc/avr/4.9.2/../../../../avr/lib/avr6\libm.a(fp_nan.o)
                              c:/program files (x86)/atmel/studio/7.0/toolchain/avr8/avr8-gnu-toolchain/bin/../lib/gcc/avr/4.9.2/../../../../avr/lib/avr6\libm.a(addsf3x.o) (__fp_nan)
c:/program files (x86)/atmel/studio/7.0/toolchain/avr8/avr8-gnu-toolchain/bin/../lib/gcc/avr/4.9.2/../../../../avr/lib/avr6\libm.a(fp_pscA.o)
                              c:/program files (x86)/atmel/studio/7.0/toolchain/avr8/avr8-gnu-toolchain/bin/../lib/gcc/avr/4.9.2/../../../../avr/lib/avr6\libm.a(addsf3x.o) (__fp_pscA)
c:/program files (x86)/atmel/studio/7.0/toolchain/avr8/avr8-gnu-toolchain/bin/../lib/gcc/avr/4.9.2/../../../../avr/lib/avr6\libm.a(fp_pscB.o)
                              c:/program files (x86)/atmel/studio/7.0/toolchain/avr8/avr8-gnu-toolchain/bin/../lib/gcc/avr/4.9.2/../../../../avr/lib/avr6\libm.a(addsf3x.o) (__fp_pscB)
c:/program files (x86)/atmel/studio/7.0/toolchain/avr8/avr8-gnu-toolchain/bin/../lib/gcc/avr/4.9.2/../../../../avr/lib/avr6\libm.a(fp_round.o)
                              c:/program files (x86)/atmel/studio/7.0/toolchain/avr8/avr8-gnu-toolchain/bin/../lib/gcc/avr/4.9.2/../../../../avr/lib/avr6\libm.a(addsf3.o) (__fp_round)
c:/program files (x86)/atmel/studio/7.0/toolchain/avr8/avr8-gnu-toolchain/bin/../lib/gcc/avr/4.9.2/../../../../avr/lib/avr6\libm.a(fp_split3.o)
                              c:/program files (x86)/atmel/studio/7.0/toolchain/avr8/avr8-gnu-toolchain/bin/../lib/gcc/avr/4.9.2/../../../../avr/lib/avr6\libm.a(addsf3x.o) (__fp_split3)
c:/program files (x86)/atmel/studio/7.0/toolchain/avr8/avr8-gnu-toolchain/bin/../lib/gcc/avr/4.9.2/../../../../avr/lib/avr6\libm.a(fp_zero.o)
                              c:/program files (x86)/atmel/studio/7.0/toolchain/avr8/avr8-gnu-toolchain/bin/../lib/gcc/avr/4.9.2/../../../../avr/lib/avr6\libm.a(addsf3x.o) (__fp_zero)
c:/program files (x86)/atmel/studio/7.0/toolchain/avr8/avr8-gnu-toolchain/bin/../lib/gcc/avr/4.9.2/../../../../avr/lib/avr6\libm.a(gesf2.o)
                              devices/old-sensor/BMP280.o (__gtsf2)
[...]
Memory Configuration

Name             Origin             Length             Attributes
text             0x00000000         0x00100000         xr
data             0x00800200         0x0000fe00         rw !x
eeprom           0x00810000         0x00010000         rw !x
fuse             0x00820000         0x00000400         rw !x
lock             0x00830000         0x00000400         rw !x
signature        0x00840000         0x00000400         rw !x
user_signatures  0x00850000         0x00000400         rw !x
*default*        0x00000000         0xffffffff

Linker script and memory map

Address of section .data set to 0x800200
LOAD C:/Program Files (x86)/Atmel/Studio/7.0/Packs/atmel/ATmega_DFP/1.0.98/gcc/dev/atmega2564rfr2/avr6/crtatmega2564rfr2.o
LOAD ATMOS.o
LOAD devices/old-sensor/K30.o
LOAD devices/sensor/src/K30_Sensor.o
LOAD drivers/src/ADC.o
LOAD drivers/src/int_timer.o
LOAD drivers/src/PWR.o
LOAD drivers/src/SPI.o
LOAD drivers/src/TWI.o
LOAD drivers/src/usart0.o
LOAD hal/atmega256rfr2/src/hal.o
LOAD hal/atmega256rfr2/src/halTimer.o
LOAD nwk/src/nwk.o
LOAD nwk/src/nwkDataReq.o
LOAD nwk/src/nwkFrame.o
LOAD nwk/src/nwkGroup.o
LOAD nwk/src/nwkRoute.o
LOAD nwk/src/nwkRouteDiscovery.o
LOAD nwk/src/nwkRx.o
LOAD nwk/src/nwkSecurity.o
LOAD nwk/src/nwkTx.o
LOAD phy/atmegarfr2/src/phy.o
LOAD scheduler/src/handler.o
LOAD scheduler/src/scheduler.o
LOAD sys/src/sys.o
LOAD sys/src/sysEncrypt.o
LOAD sys/src/sysTimer.o
LOAD utilities/src/common.o
LOAD utilities/src/llist.o
LOAD utilities/src/time.o
LOAD devices/base-class/src/Base_Device.o
LOAD devices/base-class/src/Base_Sensor.o
LOAD devices/old-sensor/BMP280.o
LOAD devices/old-sensor/Si7020.o
LOAD devices/old-sensor/TGS2600.o
LOAD devices/other-device/src/DemoStorage_Device.o
LOAD devices/other-device/src/LoadData_Device.o
LOAD devices/other-device/src/My_Device.o
LOAD devices/sensor/src/BMP280_Sensor.o
LOAD devices/sensor/src/My_Sensor.o
LOAD devices/sensor/src/Si7020_Sensor.o
START GROUP
LOAD c:/program files (x86)/atmel/studio/7.0/toolchain/avr8/avr8-gnu-toolchain/bin/../lib/gcc/avr/4.9.2/../../../../avr/lib/avr6\libm.a
LOAD c:/program files (x86)/atmel/studio/7.0/toolchain/avr8/avr8-gnu-toolchain/bin/../lib/gcc/avr/4.9.2/../../../../avr/lib/avr6\libprintf_flt.a
END GROUP
START GROUP
LOAD c:/program files (x86)/atmel/studio/7.0/toolchain/avr8/avr8-gnu-toolchain/bin/../lib/gcc/avr/4.9.2/avr6\libgcc.a
LOAD c:/program files (x86)/atmel/studio/7.0/toolchain/avr8/avr8-gnu-toolchain/bin/../lib/gcc/avr/4.9.2/../../../../avr/lib/avr6\libm.a
LOAD c:/program files (x86)/atmel/studio/7.0/toolchain/avr8/avr8-gnu-toolchain/bin/../lib/gcc/avr/4.9.2/../../../../avr/lib/avr6\libc.a
LOAD C:/Program Files (x86)/Atmel/Studio/7.0/Packs/atmel/ATmega_DFP/1.0.98/gcc/dev/atmega2564rfr2/avr6\libatmega2564rfr2.a
END GROUP

.hash
 *(.hash)

.dynsym
 *(.dynsym)

.dynstr
 *(.dynstr)

.gnu.version
 *(.gnu.version)

.gnu.version_d
 *(.gnu.version_d)

.gnu.version_r
 *(.gnu.version_r)

.rel.init
 *(.rel.init)

.rela.init
 *(.rela.init)

.rel.text
 *(.rel.text)
 *(.rel.text.*)
 *(.rel.gnu.linkonce.t*)

.rela.text
 *(.rela.text)
 *(.rela.text.*)
 *(.rela.gnu.linkonce.t*)

.rel.fini
 *(.rel.fini)

.rela.fini
 *(.rela.fini)

.rel.rodata
 *(.rel.rodata)
 *(.rel.rodata.*)
 *(.rel.gnu.linkonce.r*)

.rela.rodata
 *(.rela.rodata)
 *(.rela.rodata.*)
 *(.rela.gnu.linkonce.r*)

.rel.data
 *(.rel.data)
 *(.rel.data.*)
 *(.rel.gnu.linkonce.d*)

.rela.data
 *(.rela.data)
 *(.rela.data.*)
 *(.rela.gnu.linkonce.d*)

.rel.ctors
 *(.rel.ctors)

.rela.ctors
 *(.rela.ctors)

.rel.dtors
 *(.rel.dtors)

.rela.dtors
 *(.rela.dtors)

.rel.got
 *(.rel.got)

.rela.got
 *(.rela.got)

.rel.bss
 *(.rel.bss)

.rela.bss
 *(.rela.bss)

.rel.plt
 *(.rel.plt)

.rela.plt
 *(.rela.plt)

.text           0x00000000     0x4120
 *(.vectors)
 .vectors       0x00000000      0x134 C:/Program Files (x86)/Atmel/Studio/7.0/Packs/atmel/ATmega_DFP/1.0.98/gcc/dev/atmega2564rfr2/avr6/crtatmega2564rfr2.o
                0x00000000                __vector_default
                0x00000000                __vectors
 *(.vectors)
 *(.progmem.gcc*)
                0x00000134                . = ALIGN (0x2)
                0x00000134                __trampolines_start = .
 *(.trampolines)
 .trampolines   0x00000134        0x0 linker stubs
 *(.trampolines*)
                0x00000134                __trampolines_end = .
 *(.progmem*)
 .progmem.data  0x00000134        0x8 c:/program files (x86)/atmel/studio/7.0/toolchain/avr8/avr8-gnu-toolchain/bin/../lib/gcc/avr/4.9.2/../../../../avr/lib/avr6\libprintf_flt.a(vfprintf_flt.o)
 .progmem.data  0x0000013c       0xfa c:/program files (x86)/atmel/studio/7.0/toolchain/avr8/avr8-gnu-toolchain/bin/../lib/gcc/avr/4.9.2/../../../../avr/lib/avr6\libc.a(ftoa_engine.o)
                0x00000236                . = ALIGN (0x2)
 *(.jumptables)
 *(.jumptables*)
 *(.lowtext)
 *(.lowtext*)
                0x00000236                __ctors_start = .
 *(.ctors)
                0x00000236                __ctors_end = .
                0x00000236                __dtors_start = .
 *(.dtors)
                0x00000236                __dtors_end = .
 SORT(*)(.ctors)
 SORT(*)(.dtors)
 *(.init0)
 .init0         0x00000236        0x0 C:/Program Files (x86)/Atmel/Studio/7.0/Packs/atmel/ATmega_DFP/1.0.98/gcc/dev/atmega2564rfr2/avr6/crtatmega2564rfr2.o
                0x00000236                __init
 *(.init0)
 *(.init1)
 *(.init1)
 *(.init2)
 .init2         0x00000236       0x10 C:/Program Files (x86)/Atmel/Studio/7.0/Packs/atmel/ATmega_DFP/1.0.98/gcc/dev/atmega2564rfr2/avr6/crtatmega2564rfr2.o
 *(.init2)
 *(.init3)
 *(.init3)
 *(.init4)
 .init4         0x00000246       0x1a c:/program files (x86)/atmel/studio/7.0/toolchain/avr8/avr8-gnu-toolchain/bin/../lib/gcc/avr/4.9.2/avr6\libgcc.a(_copy_data.o)
                0x00000246                __do_copy_data
 .init4         0x00000260       0x10 c:/program files (x86)/atmel/studio/7.0/toolchain/avr8/avr8-gnu-toolchain/bin/../lib/gcc/avr/4.9.2/avr6\libgcc.a(_clear_bss.o)
                0x00000260                __do_clear_bss
 *(.init4)
 *(.init5)
 *(.init5)
 *(.init6)
 *(.init6)
 *(.init7)
 *(.init7)
 *(.init8)
 *(.init8)
 *(.init9)
 .init9         0x00000270        0x6 C:/Program Files (x86)/Atmel/Studio/7.0/Packs/atmel/ATmega_DFP/1.0.98/gcc/dev/atmega2564rfr2/avr6/crtatmega2564rfr2.o
 *(.init9)
 *(.text)
 .text          0x00000276        0x2 C:/Program Files (x86)/Atmel/Studio/7.0/Packs/atmel/ATmega_DFP/1.0.98/gcc/dev/atmega2564rfr2/avr6/crtatmega2564rfr2.o
                0x00000276                __vector_38
                0x00000276                __vector_22
                0x00000276                __vector_63
                0x00000276                __vector_28
                0x00000276                __vector_67
                0x00000276                __vector_1
                0x00000276                __vector_32
                0x00000276                __vector_75
                0x00000276                __vector_71
                0x00000276                __vector_34
                0x00000276                __vector_62
                0x00000276                __vector_24
                0x00000276                __vector_12
                0x00000276                __vector_55
                0x00000276                __vector_69
                0x00000276                __vector_46
                0x00000276                __bad_interrupt
                0x00000276                __vector_72
                0x00000276                __vector_6
                0x00000276                __vector_31
                0x00000276                __vector_35
                0x00000276                __vector_74
                0x00000276                __vector_39
                0x00000276                __vector_3
                0x00000276                __vector_23
                0x00000276                __vector_68
                0x00000276                __vector_30
                0x00000276                __vector_73
                0x00000276                __vector_45
                0x00000276                __vector_25
                0x00000276                __vector_61
                0x00000276                __vector_11
                0x00000276                __vector_54
                0x00000276                __vector_13
                0x00000276                __vector_17
                0x00000276                __vector_19
                0x00000276                __vector_56
                0x00000276                __vector_7
                0x00000276                __vector_49
                0x00000276                __vector_41
                0x00000276                __vector_64
                0x00000276                __vector_43
                0x00000276                __vector_27
                0x00000276                __vector_5
                0x00000276                __vector_33
                0x00000276                __vector_76
                0x00000276                __vector_47
                0x00000276                __vector_52
                0x00000276                __vector_37
                0x00000276                __vector_4
                0x00000276                __vector_44
                0x00000276                __vector_51
                0x00000276                __vector_9
                0x00000276                __vector_2
                0x00000276                __vector_21
                0x00000276                __vector_66
                0x00000276                __vector_36
                0x00000276                __vector_58
                0x00000276                __vector_70
                0x00000276                __vector_29
                0x00000276                __vector_60
                0x00000276                __vector_40
                0x00000276                __vector_8
                0x00000276                __vector_26
                0x00000276                __vector_48
                0x00000276                __vector_14
                0x00000276                __vector_57
                0x00000276                __vector_53
                0x00000276                __vector_10
                0x00000276                __vector_50
                0x00000276                __vector_16
                0x00000276                __vector_59
                0x00000276                __vector_18
                0x00000276                __vector_20
                0x00000276                __vector_65
                0x00000278                . = ALIGN (0x2)
 *(.text.*)
 .text.init_parameter
                0x00000278      0x122 ATMOS.o
                0x00000278                init_parameter
 .text.main     0x0000039a      0x17a ATMOS.o
                0x0000039a                main
 .text.K30_delaytime
                0x00000514       0x2a devices/old-sensor/K30.o
                0x00000514                K30_delaytime
 .text.K30_readCO2
                0x0000053e       0xc6 devices/old-sensor/K30.o
                0x0000053e                K30_readCO2
 .text.K30_FctnInit
                0x00000604        0xc devices/sensor/src/K30_Sensor.o
                0x00000604                K30_FctnInit
 .text.K30_Configure
                0x00000610        0x6 devices/sensor/src/K30_Sensor.o
                0x00000610                K30_Configure
 .text.K30_Error
                0x00000616        0x6 devices/sensor/src/K30_Sensor.o
                0x00000616                K30_Error
 .text.K30_VTinit
                0x0000061c        0xc devices/sensor/src/K30_Sensor.o
                0x0000061c                K30_VTinit
 .text.K30_reset
                0x00000628        0x6 devices/sensor/src/K30_Sensor.o
                0x00000628                K30_reset
 .text.K30_getType
                0x0000062e        0x6 devices/sensor/src/K30_Sensor.o
                0x0000062e                K30_getType
 .text.K30_Request
                0x00000634        0x4 devices/sensor/src/K30_Sensor.o
                0x00000634                K30_Request
 .text.K30_Collect
                0x00000638       0x30 devices/sensor/src/K30_Sensor.o
                0x00000638                K30_Collect
 .text.K30_init
                0x00000668        0xe devices/sensor/src/K30_Sensor.o
                0x00000668                K30_init
 .text.New_K30_Sensor
                0x00000676       0x84 devices/sensor/src/K30_Sensor.o
                0x00000676                New_K30_Sensor
 .text.ADC_Init
                0x000006fa       0x18 drivers/src/ADC.o
                0x000006fa                ADC_Init
 .text.__vector_15
                0x00000712       0x90 drivers/src/int_timer.o
                0x00000712                __vector_15
 .text.init_Event_Timer
                0x000007a2       0x2e drivers/src/int_timer.o
                0x000007a2                init_Event_Timer
 .text.general_set_timer
                0x000007d0      0x1c8 drivers/src/int_timer.o
                0x000007d0                general_set_timer
 .text.init_set_timer
                0x00000998        0xe drivers/src/int_timer.o
                0x00000998                init_set_timer
 .text.set_timer
                0x000009a6       0x5a drivers/src/int_timer.o
                0x000009a6                set_timer
 .text.PWR_Init
                0x00000a00        0x8 drivers/src/PWR.o
                0x00000a00                PWR_Init
 .text.PWR_TurnOn5V
                0x00000a08        0x4 drivers/src/PWR.o
                0x00000a08                PWR_TurnOn5V
 .text.SPI_SlaveInit
                0x00000a0c        0x8 drivers/src/SPI.o
                0x00000a0c                SPI_SlaveInit
 .text.TWI_Init
                0x00000a14       0x3c drivers/src/TWI.o
                0x00000a14                TWI_Init
 .text.TWI_WriteByte
                0x00000a50       0x1c drivers/src/TWI.o
                0x00000a50                TWI_WriteByte
 .text.TWI_BeginWrite
                0x00000a6c       0x38 drivers/src/TWI.o
                0x00000a6c                TWI_BeginWrite
 .text.TWI_BeginRead
                0x00000aa4       0x2e drivers/src/TWI.o
                0x00000aa4                TWI_BeginRead
 .text.TWI_ReadAck
                0x00000ad2       0x20 drivers/src/TWI.o
                0x00000ad2                TWI_ReadAck
 .text.TWI_ReadNack
                0x00000af2       0x20 drivers/src/TWI.o
                0x00000af2                TWI_ReadNack
 .text.TWI_Stop
                0x00000b12        0xa drivers/src/TWI.o
                0x00000b12                TWI_Stop
 .text.TWI_Read
                0x00000b1c       0x74 drivers/src/TWI.o
                0x00000b1c                TWI_Read
 .text.TWI_Write
                0x00000b90       0x32 drivers/src/TWI.o
                0x00000b90                TWI_Write
 .text.USART0_Init
                0x00000bc2       0x5a drivers/src/usart0.o
                0x00000bc2                USART0_Init
 .text.USART0_Transmit
                0x00000c1c       0x10 drivers/src/usart0.o
                0x00000c1c                USART0_Transmit
 .text.USART0_putchar_printf
                0x00000c2c       0x18 drivers/src/usart0.o
                0x00000c2c                USART0_putchar_printf
 .text.HAL_Init
                0x00000c44       0x28 hal/atmega256rfr2/src/hal.o
                0x00000c44                HAL_Init
 .text.HAL_TimerInit
                0x00000c6c       0x2a hal/atmega256rfr2/src/halTimer.o
                0x00000c6c                HAL_TimerInit
 .text.__vector_42
                0x00000c96       0x22 hal/atmega256rfr2/src/halTimer.o
                0x00000c96                __vector_42
 .text.NWK_Init
                0x00000cb8       0x2c nwk/src/nwk.o
                0x00000cb8                NWK_Init
 .text.NWK_OpenEndpoint
                0x00000ce4       0x12 nwk/src/nwk.o
                0x00000ce4                NWK_OpenEndpoint
 .text.nwkDataReqInit
                0x00000cf6        0xa nwk/src/nwkDataReq.o
                0x00000cf6                nwkDataReqInit
 .text.nwkFrameInit
                0x00000d00       0x16 nwk/src/nwkFrame.o
                0x00000d00                nwkFrameInit
 .text.nwkFrameNext
                0x00000d16       0x44 nwk/src/nwkFrame.o
                0x00000d16                nwkFrameNext
 .text.nwkRxServiceDataInd
                0x00000d5a       0x26 nwk/src/nwkRx.o
 .text.nwkRxDuplicateRejectionTimerHandler
                0x00000d80       0x2c nwk/src/nwkRx.o
 .text.nwkRxInit
                0x00000dac       0x3a nwk/src/nwkRx.o
                0x00000dac                nwkRxInit
 .text.nwkTxDelayTimerHandler
                0x00000de6       0x58 nwk/src/nwkTx.o
 .text.nwkTxAckWaitTimerHandler
                0x00000e3e       0x64 nwk/src/nwkTx.o
 .text.nwkTxInit
                0x00000ea2       0x46 nwk/src/nwkTx.o
                0x00000ea2                nwkTxInit
 .text.nwkTxAckReceived
                0x00000ee8       0x48 nwk/src/nwkTx.o
                0x00000ee8                nwkTxAckReceived
 .text.phyTrxSetState
                0x00000f30       0x24 phy/atmegarfr2/src/phy.o
 .text.PHY_Init
                0x00000f54       0x2e phy/atmegarfr2/src/phy.o
                0x00000f54                PHY_Init
 .text.sensor_handler
                0x00000f82      0x10e scheduler/src/handler.o
                0x00000f82                sensor_handler
 .text.device_handler
                0x00001090       0x98 scheduler/src/handler.o
                0x00001090                device_handler
 .text.init_timeoutq
                0x00001128       0x56 scheduler/src/scheduler.o
                0x00001128                init_timeoutq
 .text.next_event_time_collapse
                0x0000117e       0x3e scheduler/src/scheduler.o
                0x0000117e                next_event_time_collapse
 .text.get_next_interval
                0x000011bc       0x48 scheduler/src/scheduler.o
                0x000011bc                get_next_interval
 .text.insert_timeoutq_event
                0x00001204       0x92 scheduler/src/scheduler.o
                0x00001204                insert_timeoutq_event
 .text.load_new_sensor
                0x00001296       0x84 scheduler/src/scheduler.o
                0x00001296                load_new_sensor
 .text.load_new_device
                0x0000131a       0x88 scheduler/src/scheduler.o
                0x0000131a                load_new_device
 .text.handle_timeoutq_event
                0x000013a2      0x156 scheduler/src/scheduler.o
                0x000013a2                handle_timeoutq_event
 .text.SYS_Init
                0x000014f8        0xa sys/src/sys.o
                0x000014f8                SYS_Init
 .text.placeTimer
                0x00001502       0xc8 sys/src/sysTimer.o
 .text.SYS_TimerInit
                0x000015ca        0xa sys/src/sysTimer.o
                0x000015ca                SYS_TimerInit
 .text.SYS_TimerStarted
                0x000015d4       0x34 sys/src/sysTimer.o
                0x000015d4                SYS_TimerStarted
 .text.SYS_TimerStart
                0x00001608       0x16 sys/src/sysTimer.o
                0x00001608                SYS_TimerStart
 .text.ll_first
                0x0000161e       0x12 utilities/src/llist.o
                0x0000161e                ll_first
 .text.ll_r_insert
                0x00001630       0x26 utilities/src/llist.o
                0x00001630                ll_r_insert
 .text.ll_detach
                0x00001656       0x46 utilities/src/llist.o
                0x00001656                ll_detach
 .text.ll_pop   0x0000169c       0x16 utilities/src/llist.o
                0x0000169c                ll_pop
 .text.calcDate
                0x000016b2      0x332 utilities/src/time.o
                0x000016b2                calcDate
 .text.updateTime
                0x000019e4       0x68 utilities/src/time.o
                0x000019e4                updateTime
 .text.init_timestamp
                0x00001a4c       0x14 utilities/src/time.o
                0x00001a4c                init_timestamp
 .text.fctn_getStartNum
                0x00001a60        0x8 devices/base-class/src/Base_Sensor.o
                0x00001a60                fctn_getStartNum
 .text.fctn_getEndNum
                0x00001a68       0x10 devices/base-class/src/Base_Sensor.o
                0x00001a68                fctn_getEndNum
 .text.BMP280_ReadBytes
                0x00001a78       0x4e devices/old-sensor/BMP280.o
 .text.BMP280_ReadInt
                0x00001ac6       0x4a devices/old-sensor/BMP280.o
 .text.BMP280_ReadUChar
                0x00001b10       0x3e devices/old-sensor/BMP280.o
 .text.BME280_ClearCalibration
                0x00001b4e       0x86 devices/old-sensor/BMP280.o
                0x00001b4e                BME280_ClearCalibration
 .text.BMP280_Init
                0x00001bd4      0x30e devices/old-sensor/BMP280.o
                0x00001bd4                BMP280_Init
 .text.BMP280_SetOversampling
                0x00001ee2        0xc devices/old-sensor/BMP280.o
                0x00001ee2                BMP280_SetOversampling
 .text.BMP280_StartMeasurment
                0x00001eee       0xd6 devices/old-sensor/BMP280.o
                0x00001eee                BMP280_StartMeasurment
 .text.BMP280_GetUnPTH
                0x00001fc4      0x286 devices/old-sensor/BMP280.o
                0x00001fc4                BMP280_GetUnPTH
 .text.BMP280_CalcTemperature
                0x0000224a      0x166 devices/old-sensor/BMP280.o
                0x0000224a                BMP280_CalcTemperature
 .text.BMP280_CalcPressure
                0x000023b0      0x28e devices/old-sensor/BMP280.o
                0x000023b0                BMP280_CalcPressure
 .text.BMP280_CalcHumidity
                0x0000263e      0x22e devices/old-sensor/BMP280.o
                0x0000263e                BMP280_CalcHumidity
 .text.BMP280_GetTPH
                0x0000286c       0xae devices/old-sensor/BMP280.o
                0x0000286c                BMP280_GetTPH
 .text.DemoStorage_Device_VTinit
                0x0000291a        0xc devices/other-device/src/DemoStorage_Device.o
                0x0000291a                DemoStorage_Device_VTinit
 .text.DemoStorage_Device_init
                0x00002926        0x6 devices/other-device/src/DemoStorage_Device.o
                0x00002926                DemoStorage_Device_init
 .text.DemoStorage_Device_reset
                0x0000292c        0x6 devices/other-device/src/DemoStorage_Device.o
                0x0000292c                DemoStorage_Device_reset
 .text.DemoStorage_Device_getType
                0x00002932        0x6 devices/other-device/src/DemoStorage_Device.o
                0x00002932                DemoStorage_Device_getType
 .text.DemoStorage_Device_Tinit
                0x00002938        0xc devices/other-device/src/DemoStorage_Device.o
                0x00002938                DemoStorage_Device_Tinit
 .text.DemoStorage_Device_Configure
                0x00002944        0x6 devices/other-device/src/DemoStorage_Device.o
                0x00002944                DemoStorage_Device_Configure
 .text.DemoStorageget_CurDataUnit
                0x0000294a       0x4e devices/other-device/src/DemoStorage_Device.o
                0x0000294a                DemoStorageget_CurDataUnit
 .text.DemoStorage_Device_Execute
                0x00002998      0x19a devices/other-device/src/DemoStorage_Device.o
                0x00002998                DemoStorage_Device_Execute
 .text.New_DemoStorage_Device
                0x00002b32       0xbe devices/other-device/src/DemoStorage_Device.o
                0x00002b32                New_DemoStorage_Device
 .text.LoadData_Device_VTinit
                0x00002bf0        0xc devices/other-device/src/LoadData_Device.o
                0x00002bf0                LoadData_Device_VTinit
 .text.LoadData_Device_init
                0x00002bfc        0x6 devices/other-device/src/LoadData_Device.o
                0x00002bfc                LoadData_Device_init
 .text.LoadData_Device_reset
                0x00002c02        0x6 devices/other-device/src/LoadData_Device.o
                0x00002c02                LoadData_Device_reset
 .text.LoadData_Device_getType
                0x00002c08        0x6 devices/other-device/src/LoadData_Device.o
                0x00002c08                LoadData_Device_getType
 .text.LoadData_Device_Tinit
                0x00002c0e        0xc devices/other-device/src/LoadData_Device.o
                0x00002c0e                LoadData_Device_Tinit
 .text.LoadData_Device_Configure
                0x00002c1a        0x6 devices/other-device/src/LoadData_Device.o
                0x00002c1a                LoadData_Device_Configure
 .text.LoadData_Device_Execute
                0x00002c20       0xcc devices/other-device/src/LoadData_Device.o
                0x00002c20                LoadData_Device_Execute
 .text.New_LoadData_Device
                0x00002cec       0x38 devices/other-device/src/LoadData_Device.o
                0x00002cec                New_LoadData_Device
 .text.BMP280_FctnInit
                0x00002d24        0xc devices/sensor/src/BMP280_Sensor.o
                0x00002d24                BMP280_FctnInit
 .text.BMP280_Configure
                0x00002d30        0x6 devices/sensor/src/BMP280_Sensor.o
                0x00002d30                BMP280_Configure
 .text.BMP280_VTinit
                0x00002d36        0xc devices/sensor/src/BMP280_Sensor.o
                0x00002d36                BMP280_VTinit
 .text.BMP280_reset
                0x00002d42        0x6 devices/sensor/src/BMP280_Sensor.o
                0x00002d42                BMP280_reset
 .text.BMP280_getType
                0x00002d48        0x6 devices/sensor/src/BMP280_Sensor.o
                0x00002d48                BMP280_getType
 .text.BMP280_Error
                0x00002d4e        0xe devices/sensor/src/BMP280_Sensor.o
                0x00002d4e                BMP280_Error
 .text.BMP280_init
                0x00002d5c        0xe devices/sensor/src/BMP280_Sensor.o
                0x00002d5c                BMP280_init
 .text.BMP280_Request
                0x00002d6a       0x3e devices/sensor/src/BMP280_Sensor.o
                0x00002d6a                BMP280_Request
 .text.BMP280_Collect
                0x00002da8      0x100 devices/sensor/src/BMP280_Sensor.o
                0x00002da8                BMP280_Collect
 .text.New_BMP280_Sensor
                0x00002ea8       0x82 devices/sensor/src/BMP280_Sensor.o
                0x00002ea8                New_BMP280_Sensor
 .text.avr-libc.fplib
                0x00002f2a        0xa c:/program files (x86)/atmel/studio/7.0/toolchain/avr8/avr8-gnu-toolchain/bin/../lib/gcc/avr/4.9.2/../../../../avr/lib/avr6\libm.a(addsf3.o)
                0x00002f2a                __subsf3
                0x00002f2c                __addsf3
 .text.avr-libc.fplib
                0x00002f34       0xc0 c:/program files (x86)/atmel/studio/7.0/toolchain/avr8/avr8-gnu-toolchain/bin/../lib/gcc/avr/4.9.2/../../../../avr/lib/avr6\libm.a(addsf3x.o)
                0x00002f4e                __addsf3x
 .text.avr-libc.fplib
                0x00002ff4        0x8 c:/program files (x86)/atmel/studio/7.0/toolchain/avr8/avr8-gnu-toolchain/bin/../lib/gcc/avr/4.9.2/../../../../avr/lib/avr6\libm.a(cmpsf2.o)
                0x00002ff4                __nesf2
                0x00002ff4                __eqsf2
                0x00002ff4                __cmpsf2
                0x00002ff4                __ltsf2
                0x00002ff4                __lesf2
 .text.avr-libc.fplib
                0x00002ffc        0x4 c:/program files (x86)/atmel/studio/7.0/toolchain/avr8/avr8-gnu-toolchain/bin/../lib/gcc/avr/4.9.2/../../../../avr/lib/avr6\libm.a(divsf3.o)
                0x00002ffc                __divsf3
 .text.avr-libc.fplib
                0x00003000       0xcc c:/program files (x86)/atmel/studio/7.0/toolchain/avr8/avr8-gnu-toolchain/bin/../lib/gcc/avr/4.9.2/../../../../avr/lib/avr6\libm.a(divsf3x.o)
                0x00003016                __divsf3x
                0x0000301a                __divsf3_pse
 .text.avr-libc.fplib
                0x000030cc        0xa c:/program files (x86)/atmel/studio/7.0/toolchain/avr8/avr8-gnu-toolchain/bin/../lib/gcc/avr/4.9.2/../../../../avr/lib/avr6\libm.a(fixsfsi.o)
                0x000030cc                __fixsfsi
 .text.avr-libc.fplib
                0x000030d6       0x58 c:/program files (x86)/atmel/studio/7.0/toolchain/avr8/avr8-gnu-toolchain/bin/../lib/gcc/avr/4.9.2/../../../../avr/lib/avr6\libm.a(fixunssfsi.o)
                0x000030d6                __fixunssfsi
 .text.avr-libc.fplib
                0x0000312e       0x7a c:/program files (x86)/atmel/studio/7.0/toolchain/avr8/avr8-gnu-toolchain/bin/../lib/gcc/avr/4.9.2/../../../../avr/lib/avr6\libm.a(floatsisf.o)
                0x0000312e                __floatunsisf
                0x00003132                __floatsisf
 .text.avr-libc.fplib
                0x000031a8       0x48 c:/program files (x86)/atmel/studio/7.0/toolchain/avr8/avr8-gnu-toolchain/bin/../lib/gcc/avr/4.9.2/../../../../avr/lib/avr6\libm.a(fp_cmp.o)
                0x000031a8                __fp_cmp
 .text.avr-libc.fplib
                0x000031f0        0xc c:/program files (x86)/atmel/studio/7.0/toolchain/avr8/avr8-gnu-toolchain/bin/../lib/gcc/avr/4.9.2/../../../../avr/lib/avr6\libm.a(fp_inf.o)
                0x000031f0                __fp_inf
 .text.avr-libc.fplib
                0x000031fc        0x6 c:/program files (x86)/atmel/studio/7.0/toolchain/avr8/avr8-gnu-toolchain/bin/../lib/gcc/avr/4.9.2/../../../../avr/lib/avr6\libm.a(fp_nan.o)
                0x000031fc                __fp_nan
 .text.avr-libc.fplib
                0x00003202        0xe c:/program files (x86)/atmel/studio/7.0/toolchain/avr8/avr8-gnu-toolchain/bin/../lib/gcc/avr/4.9.2/../../../../avr/lib/avr6\libm.a(fp_pscA.o)
                0x00003202                __fp_pscA
 .text.avr-libc.fplib
                0x00003210        0xe c:/program files (x86)/atmel/studio/7.0/toolchain/avr8/avr8-gnu-toolchain/bin/../lib/gcc/avr/4.9.2/../../../../avr/lib/avr6\libm.a(fp_pscB.o)
                0x00003210                __fp_pscB
 .text.avr-libc.fplib
                0x0000321e       0x22 c:/program files (x86)/atmel/studio/7.0/toolchain/avr8/avr8-gnu-toolchain/bin/../lib/gcc/avr/4.9.2/../../../../avr/lib/avr6\libm.a(fp_round.o)
                0x0000321e                __fp_round
 .text.avr-libc.fplib
                0x00003240       0x44 c:/program files (x86)/atmel/studio/7.0/toolchain/avr8/avr8-gnu-toolchain/bin/../lib/gcc/avr/4.9.2/../../../../avr/lib/avr6\libm.a(fp_split3.o)
                0x00003240                __fp_split3
                0x00003250                __fp_splitA
 .text.avr-libc.fplib
                0x00003284        0xe c:/program files (x86)/atmel/studio/7.0/toolchain/avr8/avr8-gnu-toolchain/bin/../lib/gcc/avr/4.9.2/../../../../avr/lib/avr6\libm.a(fp_zero.o)
                0x00003284                __fp_zero
                0x00003286                __fp_szero
 .text.avr-libc.fplib
                0x00003292        0x8 c:/program files (x86)/atmel/studio/7.0/toolchain/avr8/avr8-gnu-toolchain/bin/../lib/gcc/avr/4.9.2/../../../../avr/lib/avr6\libm.a(gesf2.o)
                0x00003292                __gesf2
                0x00003292                __gtsf2
 .text.avr-libc.fplib
                0x0000329a        0x4 c:/program files (x86)/atmel/studio/7.0/toolchain/avr8/avr8-gnu-toolchain/bin/../lib/gcc/avr/4.9.2/../../../../avr/lib/avr6\libm.a(mulsf3.o)
                0x0000329a                __mulsf3
 .text.avr-libc.fplib
                0x0000329e       0xc2 c:/program files (x86)/atmel/studio/7.0/toolchain/avr8/avr8-gnu-toolchain/bin/../lib/gcc/avr/4.9.2/../../../../avr/lib/avr6\libm.a(mulsf3x.o)
                0x000032b2                __mulsf3x
                0x000032b6                __mulsf3_pse
 .text.avr-libc
                0x00003360      0x710 c:/program files (x86)/atmel/studio/7.0/toolchain/avr8/avr8-gnu-toolchain/bin/../lib/gcc/avr/4.9.2/../../../../avr/lib/avr6\libprintf_flt.a(vfprintf_flt.o)
                0x00003360                vfprintf
 .text.libgcc.div
                0x00003a70       0x44 c:/program files (x86)/atmel/studio/7.0/toolchain/avr8/avr8-gnu-toolchain/bin/../lib/gcc/avr/4.9.2/avr6\libgcc.a(_udivmodsi4.o)
                0x00003a70                __udivmodsi4
 .text.libgcc.div
                0x00003ab4       0x28 c:/program files (x86)/atmel/studio/7.0/toolchain/avr8/avr8-gnu-toolchain/bin/../lib/gcc/avr/4.9.2/avr6\libgcc.a(_divmodsi4.o)
                0x00003ab4                __divmodsi4
 .text.libgcc.div
                0x00003adc       0x10 c:/program files (x86)/atmel/studio/7.0/toolchain/avr8/avr8-gnu-toolchain/bin/../lib/gcc/avr/4.9.2/avr6\libgcc.a(_negsi2.o)
                0x00003adc                __negsi2
 .text.libgcc.mul
                0x00003aec        0xc c:/program files (x86)/atmel/studio/7.0/toolchain/avr8/avr8-gnu-toolchain/bin/../lib/gcc/avr/4.9.2/avr6\libgcc.a(_mulshisi3.o)
                0x00003aec                __mulshisi3
                0x00003af0                __mulohisi3
 .text.libgcc.mul
                0x00003af8       0x14 c:/program files (x86)/atmel/studio/7.0/toolchain/avr8/avr8-gnu-toolchain/bin/../lib/gcc/avr/4.9.2/avr6\libgcc.a(_muluhisi3.o)
                0x00003af8                __muluhisi3
 .text.libgcc.mul
                0x00003b0c       0x1e c:/program files (x86)/atmel/studio/7.0/toolchain/avr8/avr8-gnu-toolchain/bin/../lib/gcc/avr/4.9.2/avr6\libgcc.a(_umulhisi3.o)
                0x00003b0c                __umulhisi3
 .text.avr-libc
                0x00003b2a      0x25a c:/program files (x86)/atmel/studio/7.0/toolchain/avr8/avr8-gnu-toolchain/bin/../lib/gcc/avr/4.9.2/../../../../avr/lib/avr6\libc.a(malloc.o)
                0x00003b2a                malloc
                0x00003c54                free
 .text.avr-libc
                0x00003d84      0x1b0 c:/program files (x86)/atmel/studio/7.0/toolchain/avr8/avr8-gnu-toolchain/bin/../lib/gcc/avr/4.9.2/../../../../avr/lib/avr6\libc.a(ftoa_engine.o)
                0x00003d84                __ftoa_engine
 .text.avr-libc
                0x00003f34       0x16 c:/program files (x86)/atmel/studio/7.0/toolchain/avr8/avr8-gnu-toolchain/bin/../lib/gcc/avr/4.9.2/../../../../avr/lib/avr6\libc.a(strnlen_P.o)
                0x00003f34                strnlen_P
 .text.avr-libc
                0x00003f4a       0x16 c:/program files (x86)/atmel/studio/7.0/toolchain/avr8/avr8-gnu-toolchain/bin/../lib/gcc/avr/4.9.2/../../../../avr/lib/avr6\libc.a(strnlen.o)
                0x00003f4a                strnlen
 .text.avr-libc
                0x00003f60       0x70 c:/program files (x86)/atmel/studio/7.0/toolchain/avr8/avr8-gnu-toolchain/bin/../lib/gcc/avr/4.9.2/../../../../avr/lib/avr6\libc.a(fputc.o)
                0x00003f60                fputc
 .text.avr-libc
                0x00003fd0       0x26 c:/program files (x86)/atmel/studio/7.0/toolchain/avr8/avr8-gnu-toolchain/bin/../lib/gcc/avr/4.9.2/../../../../avr/lib/avr6\libc.a(printf.o)
                0x00003fd0                printf
 .text.avr-libc
                0x00003ff6        0xa c:/program files (x86)/atmel/studio/7.0/toolchain/avr8/avr8-gnu-toolchain/bin/../lib/gcc/avr/4.9.2/../../../../avr/lib/avr6\libc.a(putchar.o)
                0x00003ff6                putchar
 .text.avr-libc
                0x00004000       0x60 c:/program files (x86)/atmel/studio/7.0/toolchain/avr8/avr8-gnu-toolchain/bin/../lib/gcc/avr/4.9.2/../../../../avr/lib/avr6\libc.a(puts.o)
                0x00004000                puts
 .text.avr-libc
                0x00004060       0xbc c:/program files (x86)/atmel/studio/7.0/toolchain/avr8/avr8-gnu-toolchain/bin/../lib/gcc/avr/4.9.2/../../../../avr/lib/avr6\libc.a(ultoa_invert.o)
                0x00004060                __ultoa_invert
                0x0000411c                . = ALIGN (0x2)
 *(.fini9)
 .fini9         0x0000411c        0x0 c:/program files (x86)/atmel/studio/7.0/toolchain/avr8/avr8-gnu-toolchain/bin/../lib/gcc/avr/4.9.2/avr6\libgcc.a(_exit.o)
                0x0000411c                _exit
                0x0000411c                exit
 *(.fini9)
 *(.fini8)
 *(.fini8)
 *(.fini7)
 *(.fini7)
 *(.fini6)
 *(.fini6)
 *(.fini5)
 *(.fini5)
 *(.fini4)
 *(.fini4)
 *(.fini3)
 *(.fini3)
 *(.fini2)
 *(.fini2)
 *(.fini1)
 *(.fini1)
 *(.fini0)
 .fini0         0x0000411c        0x4 c:/program files (x86)/atmel/studio/7.0/toolchain/avr8/avr8-gnu-toolchain/bin/../lib/gcc/avr/4.9.2/avr6\libgcc.a(_exit.o)
 *(.fini0)
                0x00004120                _etext = .

.data           0x00800200      0x46a load address 0x00004120
                0x00800200                PROVIDE (__data_start, .)
 *(.data)
 .data          0x00800200        0x6 c:/program files (x86)/atmel/studio/7.0/toolchain/avr8/avr8-gnu-toolchain/bin/../lib/gcc/avr/4.9.2/../../../../avr/lib/avr6\libc.a(malloc.o)
                0x00800200                __malloc_heap_end
                0x00800202                __malloc_heap_start
                0x00800204                __malloc_margin
 *(.data*)
 .data.DeviceCheckCodeList
                0x00800206        0x8 ATMOS.o
                0x00800206                DeviceCheckCodeList
 .data.DeviceInitStartTimeList
                0x0080020e        0x8 ATMOS.o
                0x0080020e                DeviceInitStartTimeList
 .data.DeviceInitPeriodList
                0x00800216        0x8 ATMOS.o
                0x00800216                DeviceInitPeriodList
 .data.SensorNumDataList
                0x0080021e        0xc ATMOS.o
                0x0080021e                SensorNumDataList
 .data.SensorCheckCodeList
                0x0080022a        0xc ATMOS.o
                0x0080022a                SensorCheckCodeList
 .data.SensorInitStartTimeList
                0x00800236        0xc ATMOS.o
                0x00800236                SensorInitStartTimeList
 .data.readcmd  0x00800242        0x4 devices/old-sensor/K30.o
                0x00800242                readcmd
 .data.K30_abstract_vmt
                0x00800246        0x8 devices/sensor/src/K30_Sensor.o
                0x00800246                K30_abstract_vmt
 .data.K30_vmt  0x0080024e        0xa devices/sensor/src/K30_Sensor.o
                0x0080024e                K30_vmt
 .data.USART0_stdout
                0x00800258        0xe drivers/src/usart0.o
 .data.DemoStorageDevice_vmt
                0x00800266        0x8 devices/other-device/src/DemoStorage_Device.o
                0x00800266                DemoStorageDevice_vmt
 .data.DemoStorageDevice_abstract_vmt
                0x0080026e        0x8 devices/other-device/src/DemoStorage_Device.o
                0x0080026e                DemoStorageDevice_abstract_vmt
 .data.LoadDataDevice_vmt
                0x00800276        0x6 devices/other-device/src/LoadData_Device.o
                0x00800276                LoadDataDevice_vmt
 .data.LoadDataDevice_abstract_vmt
                0x0080027c        0x8 devices/other-device/src/LoadData_Device.o
                0x0080027c                LoadDataDevice_abstract_vmt
 .data.BMP280_abstract_vmt
                0x00800284        0x8 devices/sensor/src/BMP280_Sensor.o
                0x00800284                BMP280_abstract_vmt
 .data.BMP280_vmt
                0x0080028c        0xa devices/sensor/src/BMP280_Sensor.o
                0x0080028c                BMP280_vmt
 *(.rodata)
 *(.rodata*)
 .rodata.str1.1
                0x00800296       0x31 ATMOS.o
 .rodata.str1.1
                0x008002c7       0x19 devices/old-sensor/K30.o
 .rodata.str1.1
                0x008002e0       0x36 devices/sensor/src/K30_Sensor.o
 .rodata.str1.1
                0x00800316       0x39 drivers/src/int_timer.o
 .rodata.str1.1
                0x0080034f       0x53 scheduler/src/handler.o
 .rodata.str1.1
                0x008003a2      0x10a scheduler/src/scheduler.o
 .rodata.daysInMonth.1824
                0x008004ac        0xc utilities/src/time.o
 .rodata.str1.1
                0x008004b8       0x88 devices/old-sensor/BMP280.o
 .rodata.str1.1
                0x00800540       0x64 devices/other-device/src/DemoStorage_Device.o
 .rodata.str1.1
                0x008005a4       0x23 devices/other-device/src/LoadData_Device.o
 .rodata.str1.1
                0x008005c7       0xa3 devices/sensor/src/BMP280_Sensor.o
                                 0xb7 (size before relaxing)
 *(.gnu.linkonce.d*)
                0x0080066a                . = ALIGN (0x2)
                0x0080066a                _edata = .
                0x0080066a                PROVIDE (__data_end, .)

.bss            0x0080066a      0x5ab
                0x0080066a                PROVIDE (__bss_start, .)
 *(.bss)
 *(.bss*)
 .bss.cur_data  0x0080066a        0x2 ATMOS.o
                0x0080066a                cur_data
 .bss.TimeStamp
                0x0080066c        0x4 drivers/src/int_timer.o
                0x0080066c                TimeStamp
 .bss.timer_usage
                0x00800670        0x2 drivers/src/int_timer.o
 .bss.nwkDataReqQueue
                0x00800672        0x2 nwk/src/nwkDataReq.o
 .bss.nwkFrameFrames
                0x00800674      0x2ad nwk/src/nwkFrame.o
 .bss.nwkRxDuplicateRejectionTimer
                0x00800921        0xd nwk/src/nwkRx.o
 .bss.nwkRxDuplicateRejectionTable
                0x0080092e       0x32 nwk/src/nwkRx.o
 .bss.nwkTxDelayTimer
                0x00800960        0xd nwk/src/nwkTx.o
 .bss.nwkTxAckWaitTimer
                0x0080096d        0xd nwk/src/nwkTx.o
 .bss.nwkTxPhyActiveFrame
                0x0080097a        0x2 nwk/src/nwkTx.o
 .bss.phyBand   0x0080097c        0x1 phy/atmegarfr2/src/phy.o
 .bss.phyRxState
                0x0080097d        0x1 phy/atmegarfr2/src/phy.o
 .bss.phyState  0x0080097e        0x1 phy/atmegarfr2/src/phy.o
 .bss.timers    0x0080097f        0x2 sys/src/sysTimer.o
 .bss.status    0x00800981        0x1 devices/old-sensor/BMP280.o
 .bss.error     0x00800982        0x1 devices/old-sensor/BMP280.o
 .bss.t_fine    0x00800983        0x4 devices/old-sensor/BMP280.o
 .bss.oversampling_t
                0x00800987        0x2 devices/old-sensor/BMP280.o
 .bss.oversampling
                0x00800989        0x2 devices/old-sensor/BMP280.o
 .bss.dig_H6    0x0080098b        0x1 devices/old-sensor/BMP280.o
 .bss.dig_H3    0x0080098c        0x1 devices/old-sensor/BMP280.o
 .bss.dig_H1    0x0080098d        0x1 devices/old-sensor/BMP280.o
 .bss.dig_P1    0x0080098e        0x2 devices/old-sensor/BMP280.o
 .bss.dig_T1    0x00800990        0x2 devices/old-sensor/BMP280.o
 .bss.dig_H5    0x00800992        0x2 devices/old-sensor/BMP280.o
 .bss.dig_H4    0x00800994        0x2 devices/old-sensor/BMP280.o
 .bss.dig_H2    0x00800996        0x2 devices/old-sensor/BMP280.o
 .bss.dig_P9    0x00800998        0x2 devices/old-sensor/BMP280.o
 .bss.dig_P8    0x0080099a        0x2 devices/old-sensor/BMP280.o
 .bss.dig_P7    0x0080099c        0x2 devices/old-sensor/BMP280.o
 .bss.dig_P6    0x0080099e        0x2 devices/old-sensor/BMP280.o
 .bss.dig_P5    0x008009a0        0x2 devices/old-sensor/BMP280.o
 .bss.dig_P4    0x008009a2        0x2 devices/old-sensor/BMP280.o
 .bss.dig_P3    0x008009a4        0x2 devices/old-sensor/BMP280.o
 .bss.dig_P2    0x008009a6        0x2 devices/old-sensor/BMP280.o
 .bss.dig_T3    0x008009a8        0x2 devices/old-sensor/BMP280.o
 .bss.dig_T2    0x008009aa        0x2 devices/old-sensor/BMP280.o
 *(COMMON)
 COMMON         0x008009ac      0x236 ATMOS.o
                0x008009ac                cur_time
                0x008009d4                queue
                0x00800b84                TQ
                0x00800b88                timeoutq
                0x00800b8a                SensorDataCount
                0x00800b8c                GP
                0x00800bdc                FL
                0x00800be0                freelist
 COMMON         0x00800be2        0x1 hal/atmega256rfr2/src/halTimer.o
                0x00800be2                halTimerIrqCount
 COMMON         0x00800be3       0x28 nwk/src/nwk.o
                0x00800be3                nwkIb
 COMMON         0x00800c0b        0x4 c:/program files (x86)/atmel/studio/7.0/toolchain/avr8/avr8-gnu-toolchain/bin/../lib/gcc/avr/4.9.2/../../../../avr/lib/avr6\libc.a(malloc.o)
                0x00800c0b                __brkval
                0x00800c0d                __flp
 COMMON         0x00800c0f        0x6 c:/program files (x86)/atmel/studio/7.0/toolchain/avr8/avr8-gnu-toolchain/bin/../lib/gcc/avr/4.9.2/../../../../avr/lib/avr6\libc.a(iob.o)
                0x00800c0f                __iob
                0x00800c15                PROVIDE (__bss_end, .)
                0x00004120                __data_load_start = LOADADDR (.data)
                0x0000458a                __data_load_end = (__data_load_start + SIZEOF (.data))

.noinit         0x00800c15        0x0
                0x00800c15                PROVIDE (__noinit_start, .)
 *(.noinit*)
                0x00800c15                PROVIDE (__noinit_end, .)
                0x00800c15                _end = .
                0x00800c15                PROVIDE (__heap_start, .)

.eeprom         0x00810000        0x0
 *(.eeprom*)
                0x00810000                __eeprom_end = .

.fuse
 *(.fuse)
 *(.lfuse)
 *(.hfuse)
 *(.efuse)

.lock
 *(.lock*)

.signature
 *(.signature*)

.user_signatures
 *(.user_signatures*)

.stab
 *(.stab)

.stabstr
 *(.stabstr)

.stab.excl
 *(.stab.excl)

.stab.exclstr
 *(.stab.exclstr)

.stab.index
 *(.stab.index)

.stab.indexstr
 *(.stab.indexstr)

.comment        0x00000000       0x5c
 *(.comment)
 .comment       0x00000000       0x30 ATMOS.o
                                 0x31 (size before relaxing)
 .comment       0x00000030       0x31 devices/old-sensor/K30.o
 .comment       0x00000030       0x31 devices/sensor/src/K30_Sensor.o
 .comment       0x00000030       0x31 drivers/src/ADC.o
 .comment       0x00000030       0x31 drivers/src/int_timer.o
 .comment       0x00000030       0x31 drivers/src/PWR.o
 .comment       0x00000030       0x31 drivers/src/SPI.o
 .comment       0x00000030       0x31 drivers/src/TWI.o
 .comment       0x00000030       0x31 drivers/src/usart0.o
 .comment       0x00000030       0x31 hal/atmega256rfr2/src/hal.o
 .comment       0x00000030       0x31 hal/atmega256rfr2/src/halTimer.o
 .comment       0x00000030       0x31 nwk/src/nwk.o
 .comment       0x00000030       0x31 nwk/src/nwkDataReq.o
 .comment       0x00000030       0x31 nwk/src/nwkFrame.o
 .comment       0x00000030       0x31 nwk/src/nwkRx.o
 .comment       0x00000030       0x31 nwk/src/nwkTx.o
 .comment       0x00000030       0x31 phy/atmegarfr2/src/phy.o
 .comment       0x00000030       0x31 scheduler/src/handler.o
 .comment       0x00000030       0x31 scheduler/src/scheduler.o
 .comment       0x00000030       0x31 sys/src/sys.o
 .comment       0x00000030       0x31 sys/src/sysTimer.o
 .comment       0x00000030       0x31 utilities/src/llist.o
 .comment       0x00000030       0x31 utilities/src/time.o
 .comment       0x00000030       0x31 devices/base-class/src/Base_Sensor.o
 .comment       0x00000030       0x31 devices/old-sensor/BMP280.o
 .comment       0x00000030       0x31 devices/other-device/src/DemoStorage_Device.o
 .comment       0x00000030       0x31 devices/other-device/src/LoadData_Device.o
 .comment       0x00000030       0x31 devices/sensor/src/BMP280_Sensor.o
 .comment       0x00000030       0x2c c:/program files (x86)/atmel/studio/7.0/toolchain/avr8/avr8-gnu-toolchain/bin/../lib/gcc/avr/4.9.2/../../../../avr/lib/avr6\libprintf_flt.a(vfprintf_flt.o)
                                 0x2d (size before relaxing)
 .comment       0x0000005c       0x31 c:/program files (x86)/atmel/studio/7.0/toolchain/avr8/avr8-gnu-toolchain/bin/../lib/gcc/avr/4.9.2/../../../../avr/lib/avr6\libc.a(malloc.o)
 .comment       0x0000005c       0x31 c:/program files (x86)/atmel/studio/7.0/toolchain/avr8/avr8-gnu-toolchain/bin/../lib/gcc/avr/4.9.2/../../../../avr/lib/avr6\libc.a(fputc.o)
 .comment       0x0000005c       0x31 c:/program files (x86)/atmel/studio/7.0/toolchain/avr8/avr8-gnu-toolchain/bin/../lib/gcc/avr/4.9.2/../../../../avr/lib/avr6\libc.a(iob.o)
 .comment       0x0000005c       0x31 c:/program files (x86)/atmel/studio/7.0/toolchain/avr8/avr8-gnu-toolchain/bin/../lib/gcc/avr/4.9.2/../../../../avr/lib/avr6\libc.a(printf.o)
 .comment       0x0000005c       0x31 c:/program files (x86)/atmel/studio/7.0/toolchain/avr8/avr8-gnu-toolchain/bin/../lib/gcc/avr/4.9.2/../../../../avr/lib/avr6\libc.a(putchar.o)
 .comment       0x0000005c       0x31 c:/program files (x86)/atmel/studio/7.0/toolchain/avr8/avr8-gnu-toolchain/bin/../lib/gcc/avr/4.9.2/../../../../avr/lib/avr6\libc.a(puts.o)

.note.gnu.avr.deviceinfo
                0x00000000       0x44
 .note.gnu.avr.deviceinfo
                0x00000000       0x44 C:/Program Files (x86)/Atmel/Studio/7.0/Packs/atmel/ATmega_DFP/1.0.98/gcc/dev/atmega2564rfr2/avr6/crtatmega2564rfr2.o

.note.gnu.build-id
 *(.note.gnu.build-id)

.debug
 *(.debug)

.line
 *(.line)

.debug_srcinfo
 *(.debug_srcinfo)

.debug_sfnames
 *(.debug_sfnames)

.debug_aranges  0x00000000      0x870
 *(.debug_aranges)
 .debug_aranges
                0x00000000       0x30 ATMOS.o
 .debug_aranges
                0x00000030       0x28 devices/old-sensor/K30.o
 .debug_aranges
                0x00000058       0x68 devices/sensor/src/K30_Sensor.o
 .debug_aranges
                0x000000c0       0x38 drivers/src/ADC.o
 .debug_aranges
                0x000000f8       0x40 drivers/src/int_timer.o
 .debug_aranges
                0x00000138       0x40 drivers/src/PWR.o
 .debug_aranges
                0x00000178       0x30 drivers/src/SPI.o
 .debug_aranges
                0x000001a8       0x60 drivers/src/TWI.o
 .debug_aranges
                0x00000208       0x48 drivers/src/usart0.o
 .debug_aranges
                0x00000250       0x28 hal/atmega256rfr2/src/hal.o
 .debug_aranges
                0x00000278       0x30 hal/atmega256rfr2/src/halTimer.o
 .debug_aranges
                0x000002a8       0x70 nwk/src/nwk.o
 .debug_aranges
                0x00000318       0x38 nwk/src/nwkDataReq.o
 .debug_aranges
                0x00000350       0x40 nwk/src/nwkFrame.o
 .debug_aranges
                0x00000390       0x48 nwk/src/nwkRx.o
 .debug_aranges
                0x000003d8       0x60 nwk/src/nwkTx.o
 .debug_aranges
                0x00000438       0x88 phy/atmegarfr2/src/phy.o
 .debug_aranges
                0x000004c0       0x30 scheduler/src/handler.o
 .debug_aranges
                0x000004f0       0x58 scheduler/src/scheduler.o
 .debug_aranges
                0x00000548       0x28 sys/src/sys.o
 .debug_aranges
                0x00000570       0x48 sys/src/sysTimer.o
 .debug_aranges
                0x000005b8       0x50 utilities/src/llist.o
 .debug_aranges
                0x00000608       0x38 utilities/src/time.o
 .debug_aranges
                0x00000640       0x78 devices/base-class/src/Base_Sensor.o
 .debug_aranges
                0x000006b8       0x98 devices/old-sensor/BMP280.o
 .debug_aranges
                0x00000750       0x60 devices/other-device/src/DemoStorage_Device.o
 .debug_aranges
                0x000007b0       0x58 devices/other-device/src/LoadData_Device.o
 .debug_aranges
                0x00000808       0x68 devices/sensor/src/BMP280_Sensor.o

.debug_pubnames
 *(.debug_pubnames)

.debug_info     0x00000000     0xab8f
 *(.debug_info .gnu.linkonce.wi.*)
 .debug_info    0x00000000     0x10e5 ATMOS.o
 .debug_info    0x000010e5      0x32f devices/old-sensor/K30.o
 .debug_info    0x00001414      0x7bb devices/sensor/src/K30_Sensor.o
 .debug_info    0x00001bcf      0x121 drivers/src/ADC.o
 .debug_info    0x00001cf0      0x84b drivers/src/int_timer.o
 .debug_info    0x0000253b       0xdb drivers/src/PWR.o
 .debug_info    0x00002616      0x102 drivers/src/SPI.o
 .debug_info    0x00002718      0x45e drivers/src/TWI.o
 .debug_info    0x00002b76      0x299 drivers/src/usart0.o
 .debug_info    0x00002e0f      0x128 hal/atmega256rfr2/src/hal.o
 .debug_info    0x00002f37       0xe4 hal/atmega256rfr2/src/halTimer.o
 .debug_info    0x0000301b      0x4a6 nwk/src/nwk.o
 .debug_info    0x000034c1      0x79d nwk/src/nwkDataReq.o
 .debug_info    0x00003c5e      0x56a nwk/src/nwkFrame.o
 .debug_info    0x000041c8      0xc23 nwk/src/nwkRx.o
 .debug_info    0x00004deb      0xa08 nwk/src/nwkTx.o
 .debug_info    0x000057f3      0x7c0 phy/atmegarfr2/src/phy.o
 .debug_info    0x00005fb3      0x93e scheduler/src/handler.o
 .debug_info    0x000068f1      0xbba scheduler/src/scheduler.o
 .debug_info    0x000074ab      0x12b sys/src/sys.o
 .debug_info    0x000075d6      0x341 sys/src/sysTimer.o
 .debug_info    0x00007917      0x34c utilities/src/llist.o
 .debug_info    0x00007c63      0x2e8 utilities/src/time.o
 .debug_info    0x00007f4b      0x5e3 devices/base-class/src/Base_Sensor.o
 .debug_info    0x0000852e      0xf35 devices/old-sensor/BMP280.o
 .debug_info    0x00009463      0x737 devices/other-device/src/DemoStorage_Device.o
 .debug_info    0x00009b9a      0x75c devices/other-device/src/LoadData_Device.o
 .debug_info    0x0000a2f6      0x899 devices/sensor/src/BMP280_Sensor.o

.debug_abbrev   0x00000000     0x3526
 *(.debug_abbrev)
 .debug_abbrev  0x00000000      0x318 ATMOS.o
 .debug_abbrev  0x00000318      0x1a4 devices/old-sensor/K30.o
 .debug_abbrev  0x000004bc      0x267 devices/sensor/src/K30_Sensor.o
 .debug_abbrev  0x00000723       0xdd drivers/src/ADC.o
 .debug_abbrev  0x00000800      0x216 drivers/src/int_timer.o
 .debug_abbrev  0x00000a16       0x51 drivers/src/PWR.o
 .debug_abbrev  0x00000a67       0xc6 drivers/src/SPI.o
 .debug_abbrev  0x00000b2d      0x1e3 drivers/src/TWI.o
 .debug_abbrev  0x00000d10      0x18f drivers/src/usart0.o
 .debug_abbrev  0x00000e9f       0xda hal/atmega256rfr2/src/hal.o
 .debug_abbrev  0x00000f79       0xaa hal/atmega256rfr2/src/halTimer.o
 .debug_abbrev  0x00001023      0x1c7 nwk/src/nwk.o
 .debug_abbrev  0x000011ea      0x2ac nwk/src/nwkDataReq.o
 .debug_abbrev  0x00001496      0x181 nwk/src/nwkFrame.o
 .debug_abbrev  0x00001617      0x3ca nwk/src/nwkRx.o
 .debug_abbrev  0x000019e1      0x354 nwk/src/nwkTx.o
 .debug_abbrev  0x00001d35      0x247 phy/atmegarfr2/src/phy.o
 .debug_abbrev  0x00001f7c      0x247 scheduler/src/handler.o
 .debug_abbrev  0x000021c3      0x279 scheduler/src/scheduler.o
 .debug_abbrev  0x0000243c       0x62 sys/src/sys.o
 .debug_abbrev  0x0000249e      0x199 sys/src/sysTimer.o
 .debug_abbrev  0x00002637      0x195 utilities/src/llist.o
 .debug_abbrev  0x000027cc      0x13b utilities/src/time.o
 .debug_abbrev  0x00002907      0x1c8 devices/base-class/src/Base_Sensor.o
 .debug_abbrev  0x00002acf      0x347 devices/old-sensor/BMP280.o
 .debug_abbrev  0x00002e16      0x238 devices/other-device/src/DemoStorage_Device.o
 .debug_abbrev  0x0000304e      0x25b devices/other-device/src/LoadData_Device.o
 .debug_abbrev  0x000032a9      0x27d devices/sensor/src/BMP280_Sensor.o

.debug_line     0x00000000     0x4d9f
 *(.debug_line .debug_line.* .debug_line_end)
 .debug_line    0x00000000      0x492 ATMOS.o
 .debug_line    0x00000492      0x18c devices/old-sensor/K30.o
 .debug_line    0x0000061e      0x310 devices/sensor/src/K30_Sensor.o
 .debug_line    0x0000092e      0x150 drivers/src/ADC.o
 .debug_line    0x00000a7e      0x33e drivers/src/int_timer.o
 .debug_line    0x00000dbc      0x102 drivers/src/PWR.o
 .debug_line    0x00000ebe      0x102 drivers/src/SPI.o
 .debug_line    0x00000fc0      0x364 drivers/src/TWI.o
 .debug_line    0x00001324      0x1b6 drivers/src/usart0.o
 .debug_line    0x000014da      0x179 hal/atmega256rfr2/src/hal.o
 .debug_line    0x00001653      0x127 hal/atmega256rfr2/src/halTimer.o
 .debug_line    0x0000177a      0x282 nwk/src/nwk.o
 .debug_line    0x000019fc      0x240 nwk/src/nwkDataReq.o
 .debug_line    0x00001c3c      0x1ab nwk/src/nwkFrame.o
 .debug_line    0x00001de7      0x450 nwk/src/nwkRx.o
 .debug_line    0x00002237      0x48f nwk/src/nwkTx.o
 .debug_line    0x000026c6      0x3c0 phy/atmegarfr2/src/phy.o
 .debug_line    0x00002a86      0x2fc scheduler/src/handler.o
 .debug_line    0x00002d82      0x4ce scheduler/src/scheduler.o
 .debug_line    0x00003250       0xe7 sys/src/sys.o
 .debug_line    0x00003337      0x2a8 sys/src/sysTimer.o
 .debug_line    0x000035df      0x205 utilities/src/llist.o
 .debug_line    0x000037e4      0x25d utilities/src/time.o
 .debug_line    0x00003a41      0x2d0 devices/base-class/src/Base_Sensor.o
 .debug_line    0x00003d11      0x6c8 devices/old-sensor/BMP280.o
 .debug_line    0x000043d9      0x376 devices/other-device/src/DemoStorage_Device.o
 .debug_line    0x0000474f      0x2e6 devices/other-device/src/LoadData_Device.o
 .debug_line    0x00004a35      0x36a devices/sensor/src/BMP280_Sensor.o

.debug_frame    0x00000000     0x16f8
 *(.debug_frame)
 .debug_frame   0x00000000       0xd8 ATMOS.o
 .debug_frame   0x000000d8       0x6c devices/old-sensor/K30.o
 .debug_frame   0x00000144       0xfc devices/sensor/src/K30_Sensor.o
 .debug_frame   0x00000240       0x54 drivers/src/ADC.o
 .debug_frame   0x00000294      0x100 drivers/src/int_timer.o
 .debug_frame   0x00000394       0x64 drivers/src/PWR.o
 .debug_frame   0x000003f8       0x44 drivers/src/SPI.o
 .debug_frame   0x0000043c       0xf0 drivers/src/TWI.o
 .debug_frame   0x0000052c       0x7c drivers/src/usart0.o
 .debug_frame   0x000005a8       0x34 hal/atmega256rfr2/src/hal.o
 .debug_frame   0x000005dc       0x54 hal/atmega256rfr2/src/halTimer.o
 .debug_frame   0x00000630       0xd4 nwk/src/nwk.o
 .debug_frame   0x00000704       0x68 nwk/src/nwkDataReq.o
 .debug_frame   0x0000076c       0x64 nwk/src/nwkFrame.o
 .debug_frame   0x000007d0       0xe0 nwk/src/nwkRx.o
 .debug_frame   0x000008b0      0x144 nwk/src/nwkTx.o
 .debug_frame   0x000009f4      0x13c phy/atmegarfr2/src/phy.o
 .debug_frame   0x00000b30       0x78 scheduler/src/handler.o
 .debug_frame   0x00000ba8      0x19c scheduler/src/scheduler.o
 .debug_frame   0x00000d44       0x34 sys/src/sys.o
 .debug_frame   0x00000d78       0xc0 sys/src/sysTimer.o
 .debug_frame   0x00000e38       0xac utilities/src/llist.o
 .debug_frame   0x00000ee4       0xdc utilities/src/time.o
 .debug_frame   0x00000fc0      0x104 devices/base-class/src/Base_Sensor.o
 .debug_frame   0x000010c4      0x304 devices/old-sensor/BMP280.o
 .debug_frame   0x000013c8      0x144 devices/other-device/src/DemoStorage_Device.o
 .debug_frame   0x0000150c       0xc8 devices/other-device/src/LoadData_Device.o
 .debug_frame   0x000015d4      0x124 devices/sensor/src/BMP280_Sensor.o

.debug_str      0x00000000     0x254d
 *(.debug_str)
 .debug_str     0x00000000      0x736 ATMOS.o
                                0x888 (size before relaxing)
 .debug_str     0x00000736       0x85 devices/old-sensor/K30.o
                                0x20f (size before relaxing)
 .debug_str     0x000007bb      0x15e devices/sensor/src/K30_Sensor.o
                                0x455 (size before relaxing)
 .debug_str     0x00000919       0x53 drivers/src/ADC.o
                                0x1a5 (size before relaxing)
 .debug_str     0x0000096c       0x78 drivers/src/int_timer.o
                                0x524 (size before relaxing)
 .debug_str     0x000009e4       0x40 drivers/src/PWR.o
                                0x199 (size before relaxing)
 .debug_str     0x00000a24       0x3e drivers/src/SPI.o
                                0x1a4 (size before relaxing)
 .debug_str     0x00000a62       0x64 drivers/src/TWI.o
                                0x268 (size before relaxing)
 .debug_str     0x00000ac6       0x8e drivers/src/usart0.o
                                0x219 (size before relaxing)
 .debug_str     0x00000b54       0x64 hal/atmega256rfr2/src/hal.o
                                0x1b0 (size before relaxing)
 .debug_str     0x00000bb8       0x41 hal/atmega256rfr2/src/halTimer.o
                                0x1aa (size before relaxing)
 .debug_str     0x00000bf9      0x1b1 nwk/src/nwk.o
                                0x32a (size before relaxing)
 .debug_str     0x00000daa      0x338 nwk/src/nwkDataReq.o
                                0x566 (size before relaxing)
 .debug_str     0x000010e2       0x5b nwk/src/nwkFrame.o
                                0x405 (size before relaxing)
 .debug_str     0x0000113d      0x37d nwk/src/nwkRx.o
                                0x6ff (size before relaxing)
 .debug_str     0x000014ba      0x1c1 nwk/src/nwkTx.o
                                0x6b4 (size before relaxing)
 .debug_str     0x0000167b      0x525 phy/atmegarfr2/src/phy.o
                                0x774 (size before relaxing)
 .debug_str     0x00001ba0       0x7d scheduler/src/handler.o
                                0x553 (size before relaxing)
 .debug_str     0x00001c1d       0x9e scheduler/src/scheduler.o
                                0x596 (size before relaxing)
 .debug_str     0x00001cbb       0x44 sys/src/sys.o
                                0x1d2 (size before relaxing)
 .debug_str     0x00001cff       0x58 sys/src/sysTimer.o
                                0x267 (size before relaxing)
 .debug_str     0x00001d57       0x44 utilities/src/llist.o
                                0x158 (size before relaxing)
 .debug_str     0x00001d9b       0xab utilities/src/time.o
                                0x270 (size before relaxing)
 .debug_str     0x00001e46       0xc8 devices/base-class/src/Base_Sensor.o
                                0x3d2 (size before relaxing)
 .debug_str     0x00001f0e      0x257 devices/old-sensor/BMP280.o
                                0x47d (size before relaxing)
 .debug_str     0x00002165      0x1a0 devices/other-device/src/DemoStorage_Device.o
                                0x51d (size before relaxing)
 .debug_str     0x00002305      0x140 devices/other-device/src/LoadData_Device.o
                                0x541 (size before relaxing)
 .debug_str     0x00002445      0x108 devices/sensor/src/BMP280_Sensor.o
                                0x4d8 (size before relaxing)

.debug_loc      0x00000000     0x5885
 *(.debug_loc)
 .debug_loc     0x00000000      0x3c8 ATMOS.o
 .debug_loc     0x000003c8      0x1bb devices/old-sensor/K30.o
 .debug_loc     0x00000583      0x303 devices/sensor/src/K30_Sensor.o
 .debug_loc     0x00000886       0x42 drivers/src/ADC.o
 .debug_loc     0x000008c8      0x390 drivers/src/int_timer.o
 .debug_loc     0x00000c58       0x2d drivers/src/SPI.o
 .debug_loc     0x00000c85      0x49c drivers/src/TWI.o
 .debug_loc     0x00001121       0xa0 drivers/src/usart0.o
 .debug_loc     0x000011c1       0x21 hal/atmega256rfr2/src/hal.o
 .debug_loc     0x000011e2       0x62 hal/atmega256rfr2/src/halTimer.o
 .debug_loc     0x00001244      0x14d nwk/src/nwk.o
 .debug_loc     0x00001391      0x137 nwk/src/nwkDataReq.o
 .debug_loc     0x000014c8      0x11e nwk/src/nwkFrame.o
 .debug_loc     0x000015e6      0x4c5 nwk/src/nwkRx.o
 .debug_loc     0x00001aab      0x672 nwk/src/nwkTx.o
 .debug_loc     0x0000211d      0x33a phy/atmegarfr2/src/phy.o
 .debug_loc     0x00002457      0x2d8 scheduler/src/handler.o
 .debug_loc     0x0000272f      0x7a9 scheduler/src/scheduler.o
 .debug_loc     0x00002ed8      0x42e sys/src/sysTimer.o
 .debug_loc     0x00003306      0x37f utilities/src/llist.o
 .debug_loc     0x00003685      0x542 utilities/src/time.o
 .debug_loc     0x00003bc7      0x2f2 devices/base-class/src/Base_Sensor.o
 .debug_loc     0x00003eb9      0xf18 devices/old-sensor/BMP280.o
 .debug_loc     0x00004dd1      0x4a6 devices/other-device/src/DemoStorage_Device.o
 .debug_loc     0x00005277      0x259 devices/other-device/src/LoadData_Device.o
 .debug_loc     0x000054d0      0x3b5 devices/sensor/src/BMP280_Sensor.o

.debug_macinfo
 *(.debug_macinfo)

.debug_weaknames
 *(.debug_weaknames)

.debug_funcnames
 *(.debug_funcnames)

.debug_typenames
 *(.debug_typenames)

.debug_varnames
 *(.debug_varnames)

.debug_pubtypes
 *(.debug_pubtypes)

.debug_ranges   0x00000000      0x840
 *(.debug_ranges)
 .debug_ranges  0x00000000       0x20 ATMOS.o
 .debug_ranges  0x00000020       0x18 devices/old-sensor/K30.o
 .debug_ranges  0x00000038       0x58 devices/sensor/src/K30_Sensor.o
 .debug_ranges  0x00000090       0x28 drivers/src/ADC.o
 .debug_ranges  0x000000b8       0x30 drivers/src/int_timer.o
 .debug_ranges  0x000000e8       0x30 drivers/src/PWR.o
 .debug_ranges  0x00000118       0x20 drivers/src/SPI.o
 .debug_ranges  0x00000138       0x50 drivers/src/TWI.o
 .debug_ranges  0x00000188       0x38 drivers/src/usart0.o
 .debug_ranges  0x000001c0       0x18 hal/atmega256rfr2/src/hal.o
 .debug_ranges  0x000001d8       0x20 hal/atmega256rfr2/src/halTimer.o
 .debug_ranges  0x000001f8       0x60 nwk/src/nwk.o
 .debug_ranges  0x00000258       0x28 nwk/src/nwkDataReq.o
 .debug_ranges  0x00000280       0x30 nwk/src/nwkFrame.o
 .debug_ranges  0x000002b0       0x88 nwk/src/nwkRx.o
 .debug_ranges  0x00000338       0x68 nwk/src/nwkTx.o
 .debug_ranges  0x000003a0       0x78 phy/atmegarfr2/src/phy.o
 .debug_ranges  0x00000418       0x20 scheduler/src/handler.o
 .debug_ranges  0x00000438       0x48 scheduler/src/scheduler.o
 .debug_ranges  0x00000480       0x18 sys/src/sys.o
 .debug_ranges  0x00000498       0x70 sys/src/sysTimer.o
 .debug_ranges  0x00000508       0x40 utilities/src/llist.o
 .debug_ranges  0x00000548       0x78 utilities/src/time.o
 .debug_ranges  0x000005c0       0x68 devices/base-class/src/Base_Sensor.o
 .debug_ranges  0x00000628      0x110 devices/old-sensor/BMP280.o
 .debug_ranges  0x00000738       0x68 devices/other-device/src/DemoStorage_Device.o
 .debug_ranges  0x000007a0       0x48 devices/other-device/src/LoadData_Device.o
 .debug_ranges  0x000007e8       0x58 devices/sensor/src/BMP280_Sensor.o

.debug_macro
 *(.debug_macro)
OUTPUT(ATMOS.elf elf32-avr)
LOAD linker stubs
