Archive member included because of file (symbol)

c:/program files (x86)/atmel/atmel toolchain/avr8 gcc/native/3.4.1061/avr8-gnu-toolchain/bin/../lib/gcc/avr/4.8.1/../../../../avr/lib/avr5\libm.a(addsf3.o)
                              devices/src/BMP280.o (__subsf3)
c:/program files (x86)/atmel/atmel toolchain/avr8 gcc/native/3.4.1061/avr8-gnu-toolchain/bin/../lib/gcc/avr/4.8.1/../../../../avr/lib/avr5\libm.a(addsf3x.o)
                              c:/program files (x86)/atmel/atmel toolchain/avr8 gcc/native/3.4.1061/avr8-gnu-toolchain/bin/../lib/gcc/avr/4.8.1/../../../../avr/lib/avr5\libm.a(addsf3.o) (__addsf3x)
c:/program files (x86)/atmel/atmel toolchain/avr8 gcc/native/3.4.1061/avr8-gnu-toolchain/bin/../lib/gcc/avr/4.8.1/../../../../avr/lib/avr5\libm.a(cmpsf2.o)
                              devices/src/BMP280.o (__ltsf2)
c:/program files (x86)/atmel/atmel toolchain/avr8 gcc/native/3.4.1061/avr8-gnu-toolchain/bin/../lib/gcc/avr/4.8.1/../../../../avr/lib/avr5\libm.a(divsf3.o)
                              devices/src/BMP280.o (__divsf3)
c:/program files (x86)/atmel/atmel toolchain/avr8 gcc/native/3.4.1061/avr8-gnu-toolchain/bin/../lib/gcc/avr/4.8.1/../../../../avr/lib/avr5\libm.a(divsf3x.o)
                              c:/program files (x86)/atmel/atmel toolchain/avr8 gcc/native/3.4.1061/avr8-gnu-toolchain/bin/../lib/gcc/avr/4.8.1/../../../../avr/lib/avr5\libm.a(divsf3.o) (__divsf3x)
c:/program files (x86)/atmel/atmel toolchain/avr8 gcc/native/3.4.1061/avr8-gnu-toolchain/bin/../lib/gcc/avr/4.8.1/../../../../avr/lib/avr5\libm.a(fixsfsi.o)
                              devices/src/BMP280.o (__fixsfsi)
c:/program files (x86)/atmel/atmel toolchain/avr8 gcc/native/3.4.1061/avr8-gnu-toolchain/bin/../lib/gcc/avr/4.8.1/../../../../avr/lib/avr5\libm.a(fixunssfsi.o)
                              c:/program files (x86)/atmel/atmel toolchain/avr8 gcc/native/3.4.1061/avr8-gnu-toolchain/bin/../lib/gcc/avr/4.8.1/../../../../avr/lib/avr5\libm.a(fixsfsi.o) (__fixunssfsi)
c:/program files (x86)/atmel/atmel toolchain/avr8 gcc/native/3.4.1061/avr8-gnu-toolchain/bin/../lib/gcc/avr/4.8.1/../../../../avr/lib/avr5\libm.a(floatsisf.o)
                              devices/src/BMP280.o (__floatunsisf)
c:/program files (x86)/atmel/atmel toolchain/avr8 gcc/native/3.4.1061/avr8-gnu-toolchain/bin/../lib/gcc/avr/4.8.1/../../../../avr/lib/avr5\libm.a(fp_cmp.o)
                              c:/program files (x86)/atmel/atmel toolchain/avr8 gcc/native/3.4.1061/avr8-gnu-toolchain/bin/../lib/gcc/avr/4.8.1/../../../../avr/lib/avr5\libm.a(cmpsf2.o) (__fp_cmp)
c:/program files (x86)/atmel/atmel toolchain/avr8 gcc/native/3.4.1061/avr8-gnu-toolchain/bin/../lib/gcc/avr/4.8.1/../../../../avr/lib/avr5\libm.a(fp_inf.o)
                              c:/program files (x86)/atmel/atmel toolchain/avr8 gcc/native/3.4.1061/avr8-gnu-toolchain/bin/../lib/gcc/avr/4.8.1/../../../../avr/lib/avr5\libm.a(addsf3x.o) (__fp_inf)
c:/program files (x86)/atmel/atmel toolchain/avr8 gcc/native/3.4.1061/avr8-gnu-toolchain/bin/../lib/gcc/avr/4.8.1/../../../../avr/lib/avr5\libm.a(fp_nan.o)
                              c:/program files (x86)/atmel/atmel toolchain/avr8 gcc/native/3.4.1061/avr8-gnu-toolchain/bin/../lib/gcc/avr/4.8.1/../../../../avr/lib/avr5\libm.a(addsf3x.o) (__fp_nan)
c:/program files (x86)/atmel/atmel toolchain/avr8 gcc/native/3.4.1061/avr8-gnu-toolchain/bin/../lib/gcc/avr/4.8.1/../../../../avr/lib/avr5\libm.a(fp_pscA.o)
                              c:/program files (x86)/atmel/atmel toolchain/avr8 gcc/native/3.4.1061/avr8-gnu-toolchain/bin/../lib/gcc/avr/4.8.1/../../../../avr/lib/avr5\libm.a(addsf3x.o) (__fp_pscA)
c:/program files (x86)/atmel/atmel toolchain/avr8 gcc/native/3.4.1061/avr8-gnu-toolchain/bin/../lib/gcc/avr/4.8.1/../../../../avr/lib/avr5\libm.a(fp_pscB.o)
                              c:/program files (x86)/atmel/atmel toolchain/avr8 gcc/native/3.4.1061/avr8-gnu-toolchain/bin/../lib/gcc/avr/4.8.1/../../../../avr/lib/avr5\libm.a(addsf3x.o) (__fp_pscB)
c:/program files (x86)/atmel/atmel toolchain/avr8 gcc/native/3.4.1061/avr8-gnu-toolchain/bin/../lib/gcc/avr/4.8.1/../../../../avr/lib/avr5\libm.a(fp_round.o)
                              c:/program files (x86)/atmel/atmel toolchain/avr8 gcc/native/3.4.1061/avr8-gnu-toolchain/bin/../lib/gcc/avr/4.8.1/../../../../avr/lib/avr5\libm.a(addsf3.o) (__fp_round)
c:/program files (x86)/atmel/atmel toolchain/avr8 gcc/native/3.4.1061/avr8-gnu-toolchain/bin/../lib/gcc/avr/4.8.1/../../../../avr/lib/avr5\libm.a(fp_split3.o)
                              c:/program files (x86)/atmel/atmel toolchain/avr8 gcc/native/3.4.1061/avr8-gnu-toolchain/bin/../lib/gcc/avr/4.8.1/../../../../avr/lib/avr5\libm.a(addsf3x.o) (__fp_split3)
c:/program files (x86)/atmel/atmel toolchain/avr8 gcc/native/3.4.1061/avr8-gnu-toolchain/bin/../lib/gcc/avr/4.8.1/../../../../avr/lib/avr5\libm.a(fp_zero.o)
[...]
Memory Configuration

Name             Origin             Length             Attributes
text             0x00000000         0x00020000         xr
data             0x00800060         0x0000ffa0         rw !x
eeprom           0x00810000         0x00010000         rw !x
fuse             0x00820000         0x00000400         rw !x
lock             0x00830000         0x00000400         rw !x
signature        0x00840000         0x00000400         rw !x
user_signatures  0x00850000         0x00000400         rw !x
*default*        0x00000000         0xffffffff

Linker script and memory map

Address of section .data set to 0x800200
LOAD c:/program files (x86)/atmel/atmel toolchain/avr8 gcc/native/3.4.1061/avr8-gnu-toolchain/bin/../lib/gcc/avr/4.8.1/../../../../avr/lib/avr5/crtm644rfr2.o
LOAD ATMOS.o
LOAD devices/src/BMP280.o
LOAD devices/src/K30.o
LOAD devices/src/Si7020.o
LOAD devices/src/TGS2600.o
LOAD drivers/src/ADC.o
LOAD drivers/src/int_timer.o
LOAD drivers/src/PWR.o
LOAD drivers/src/SPI.o
LOAD drivers/src/TWI.o
LOAD drivers/src/usart0.o
LOAD hal/atmega256rfr2/src/hal.o
LOAD hal/atmega256rfr2/src/halTimer.o
LOAD nwk/src/nwk.o
LOAD nwk/src/nwkDataReq.o
LOAD nwk/src/nwkFrame.o
LOAD nwk/src/nwkGroup.o
LOAD nwk/src/nwkRoute.o
LOAD nwk/src/nwkRouteDiscovery.o
LOAD nwk/src/nwkRx.o
LOAD nwk/src/nwkSecurity.o
LOAD nwk/src/nwkTx.o
LOAD phy/atmegarfr2/src/phy.o
LOAD scheduler/src/handler.o
LOAD scheduler/src/scheduler.o
LOAD sys/src/sys.o
LOAD sys/src/sysEncrypt.o
LOAD sys/src/sysTimer.o
LOAD utilities/src/common.o
LOAD utilities/src/llist.o
LOAD utilities/src/time.o
LOAD wrapper/base-class/src/Base_Device.o
LOAD wrapper/base-class/src/Base_Sensor.o
LOAD wrapper/other-device/src/DemoStorage_Device.o
LOAD wrapper/other-device/src/LoadData_Device.o
LOAD wrapper/other-device/src/My_Device.o
LOAD wrapper/sensor/src/BMP280_Sensor.o
LOAD wrapper/sensor/src/My_Sensor.o
LOAD wrapper/sensor/src/Si7020_Sensor.o
START GROUP
LOAD c:/program files (x86)/atmel/atmel toolchain/avr8 gcc/native/3.4.1061/avr8-gnu-toolchain/bin/../lib/gcc/avr/4.8.1/../../../../avr/lib/avr5\libm.a
LOAD c:/program files (x86)/atmel/atmel toolchain/avr8 gcc/native/3.4.1061/avr8-gnu-toolchain/bin/../lib/gcc/avr/4.8.1/../../../../avr/lib/avr5\libprintf_flt.a
END GROUP
START GROUP
LOAD c:/program files (x86)/atmel/atmel toolchain/avr8 gcc/native/3.4.1061/avr8-gnu-toolchain/bin/../lib/gcc/avr/4.8.1/avr5\libgcc.a
LOAD c:/program files (x86)/atmel/atmel toolchain/avr8 gcc/native/3.4.1061/avr8-gnu-toolchain/bin/../lib/gcc/avr/4.8.1/../../../../avr/lib/avr5\libm.a
LOAD c:/program files (x86)/atmel/atmel toolchain/avr8 gcc/native/3.4.1061/avr8-gnu-toolchain/bin/../lib/gcc/avr/4.8.1/../../../../avr/lib/avr5\libc.a
END GROUP

.hash
 *(.hash)

.dynsym
 *(.dynsym)

.dynstr
 *(.dynstr)

.gnu.version
 *(.gnu.version)

.gnu.version_d
 *(.gnu.version_d)

.gnu.version_r
 *(.gnu.version_r)

.rel.init
 *(.rel.init)

.rela.init
 *(.rela.init)

.rel.text
 *(.rel.text)
 *(.rel.text.*)
 *(.rel.gnu.linkonce.t*)

.rela.text
 *(.rela.text)
 *(.rela.text.*)
 *(.rela.gnu.linkonce.t*)

.rel.fini
 *(.rel.fini)

.rela.fini
 *(.rela.fini)

.rel.rodata
 *(.rel.rodata)
 *(.rel.rodata.*)
 *(.rel.gnu.linkonce.r*)

.rela.rodata
 *(.rela.rodata)
 *(.rela.rodata.*)
 *(.rela.gnu.linkonce.r*)

.rel.data
 *(.rel.data)
 *(.rel.data.*)
 *(.rel.gnu.linkonce.d*)

.rela.data
 *(.rela.data)
 *(.rela.data.*)
 *(.rela.gnu.linkonce.d*)

.rel.ctors
 *(.rel.ctors)

.rela.ctors
 *(.rela.ctors)

.rel.dtors
 *(.rel.dtors)

.rela.dtors
 *(.rela.dtors)

.rel.got
 *(.rel.got)

.rela.got
 *(.rela.got)

.rel.bss
 *(.rel.bss)

.rela.bss
 *(.rela.bss)

.rel.plt
 *(.rel.plt)

.rela.plt
 *(.rela.plt)

.text           0x00000000     0x347c
 *(.vectors)
 .vectors       0x00000000      0x134 c:/program files (x86)/atmel/atmel toolchain/avr8 gcc/native/3.4.1061/avr8-gnu-toolchain/bin/../lib/gcc/avr/4.8.1/../../../../avr/lib/avr5/crtm644rfr2.o
                0x00000000                __vector_default
                0x00000000                __vectors
 *(.vectors)
 *(.progmem.gcc*)
                0x00000134                . = ALIGN (0x2)
                0x00000134                __trampolines_start = .
 *(.trampolines)
 .trampolines   0x00000134        0x0 linker stubs
 *(.trampolines*)
                0x00000134                __trampolines_end = .
 *(.progmem*)
 .progmem.data  0x00000134        0x8 c:/program files (x86)/atmel/atmel toolchain/avr8 gcc/native/3.4.1061/avr8-gnu-toolchain/bin/../lib/gcc/avr/4.8.1/../../../../avr/lib/avr5\libprintf_flt.a(vfprintf_flt.o)
 .progmem.data  0x0000013c       0xfa c:/program files (x86)/atmel/atmel toolchain/avr8 gcc/native/3.4.1061/avr8-gnu-toolchain/bin/../lib/gcc/avr/4.8.1/../../../../avr/lib/avr5\libc.a(ftoa_engine.o)
                0x00000236                . = ALIGN (0x2)
 *(.jumptables)
 *(.jumptables*)
 *(.lowtext)
 *(.lowtext*)
                0x00000236                __ctors_start = .
 *(.ctors)
                0x00000236                __ctors_end = .
                0x00000236                __dtors_start = .
 *(.dtors)
                0x00000236                __dtors_end = .
 SORT(*)(.ctors)
 SORT(*)(.dtors)
 *(.init0)
 .init0         0x00000236        0x0 c:/program files (x86)/atmel/atmel toolchain/avr8 gcc/native/3.4.1061/avr8-gnu-toolchain/bin/../lib/gcc/avr/4.8.1/../../../../avr/lib/avr5/crtm644rfr2.o
                0x00000236                __init
 *(.init0)
 *(.init1)
 *(.init1)
 *(.init2)
 .init2         0x00000236        0xc c:/program files (x86)/atmel/atmel toolchain/avr8 gcc/native/3.4.1061/avr8-gnu-toolchain/bin/../lib/gcc/avr/4.8.1/../../../../avr/lib/avr5/crtm644rfr2.o
 *(.init2)
 *(.init3)
 *(.init3)
 *(.init4)
 .init4         0x00000242       0x16 c:/program files (x86)/atmel/atmel toolchain/avr8 gcc/native/3.4.1061/avr8-gnu-toolchain/bin/../lib/gcc/avr/4.8.1/avr5\libgcc.a(_copy_data.o)
                0x00000242                __do_copy_data
 .init4         0x00000258       0x10 c:/program files (x86)/atmel/atmel toolchain/avr8 gcc/native/3.4.1061/avr8-gnu-toolchain/bin/../lib/gcc/avr/4.8.1/avr5\libgcc.a(_clear_bss.o)
                0x00000258                __do_clear_bss
 *(.init4)
 *(.init5)
 *(.init5)
 *(.init6)
 *(.init6)
 *(.init7)
 *(.init7)
 *(.init8)
 *(.init8)
 *(.init9)
 .init9         0x00000268        0x8 c:/program files (x86)/atmel/atmel toolchain/avr8 gcc/native/3.4.1061/avr8-gnu-toolchain/bin/../lib/gcc/avr/4.8.1/../../../../avr/lib/avr5/crtm644rfr2.o
 *(.init9)
 *(.text)
 .text          0x00000270        0x4 c:/program files (x86)/atmel/atmel toolchain/avr8 gcc/native/3.4.1061/avr8-gnu-toolchain/bin/../lib/gcc/avr/4.8.1/../../../../avr/lib/avr5/crtm644rfr2.o
                0x00000270                __vector_38
                0x00000270                __vector_22
                0x00000270                __vector_63
                0x00000270                __vector_28
                0x00000270                __vector_67
                0x00000270                __vector_1
                0x00000270                __vector_32
                0x00000270                __vector_75
                0x00000270                __vector_71
                0x00000270                __vector_34
                0x00000270                __vector_62
                0x00000270                __vector_24
                0x00000270                __vector_12
                0x00000270                __vector_55
                0x00000270                __vector_69
                0x00000270                __vector_46
                0x00000270                __bad_interrupt
                0x00000270                __vector_72
                0x00000270                __vector_6
                0x00000270                __vector_31
                0x00000270                __vector_35
                0x00000270                __vector_74
                0x00000270                __vector_39
                0x00000270                __vector_3
                0x00000270                __vector_23
                0x00000270                __vector_68
                0x00000270                __vector_30
                0x00000270                __vector_73
                0x00000270                __vector_45
                0x00000270                __vector_25
                0x00000270                __vector_61
                0x00000270                __vector_11
                0x00000270                __vector_54
                0x00000270                __vector_13
                0x00000270                __vector_17
                0x00000270                __vector_19
                0x00000270                __vector_56
                0x00000270                __vector_7
                0x00000270                __vector_49
                0x00000270                __vector_41
                0x00000270                __vector_64
                0x00000270                __vector_43
                0x00000270                __vector_27
                0x00000270                __vector_5
                0x00000270                __vector_33
                0x00000270                __vector_76
                0x00000270                __vector_47
                0x00000270                __vector_52
                0x00000270                __vector_37
                0x00000270                __vector_4
                0x00000270                __vector_44
                0x00000270                __vector_51
                0x00000270                __vector_9
                0x00000270                __vector_2
                0x00000270                __vector_21
                0x00000270                __vector_66
                0x00000270                __vector_36
                0x00000270                __vector_58
                0x00000270                __vector_70
                0x00000270                __vector_29
                0x00000270                __vector_60
                0x00000270                __vector_40
                0x00000270                __vector_8
                0x00000270                __vector_26
                0x00000270                __vector_48
                0x00000270                __vector_14
                0x00000270                __vector_57
                0x00000270                __vector_53
                0x00000270                __vector_10
                0x00000270                __vector_50
                0x00000270                __vector_16
                0x00000270                __vector_59
                0x00000270                __vector_18
                0x00000270                __vector_20
                0x00000270                __vector_65
                0x00000274                . = ALIGN (0x2)
 *(.text.*)
 .text.main     0x00000274       0xf4 ATMOS.o
                0x00000274                main
 .text.BMP280_ReadBytes
                0x00000368       0x54 devices/src/BMP280.o
 .text.BMP280_ReadInt
                0x000003bc       0x4a devices/src/BMP280.o
 .text.BMP280_Init
                0x00000406      0x1c0 devices/src/BMP280.o
                0x00000406                BMP280_Init
 .text.BMP280_SetOversampling
                0x000005c6        0xc devices/src/BMP280.o
                0x000005c6                BMP280_SetOversampling
 .text.BMP280_StartMeasurment
                0x000005d2       0xd4 devices/src/BMP280.o
                0x000005d2                BMP280_StartMeasurment
 .text.BMP280_GetUnPT
                0x000006a6      0x144 devices/src/BMP280.o
                0x000006a6                BMP280_GetUnPT
 .text.BMP280_CalcTemperature
                0x000007ea      0x184 devices/src/BMP280.o
                0x000007ea                BMP280_CalcTemperature
 .text.BMP280_CalcPressure
                0x0000096e      0x2ea devices/src/BMP280.o
                0x0000096e                BMP280_CalcPressure
 .text.BMP280_GetTemperatureAndPressure
                0x00000c58       0x8c devices/src/BMP280.o
                0x00000c58                BMP280_GetTemperatureAndPressure
 .text.Si7020_readHumidity
                0x00000ce4       0x64 devices/src/Si7020.o
                0x00000ce4                Si7020_readHumidity
 .text.Si7020_calHumidity
                0x00000d48       0x3e devices/src/Si7020.o
                0x00000d48                Si7020_calHumidity
 .text.Si7020_readTemperature
                0x00000d86       0x64 devices/src/Si7020.o
                0x00000d86                Si7020_readTemperature
 .text.Si7020_calTemperature
                0x00000dea       0x3e devices/src/Si7020.o
                0x00000dea                Si7020_calTemperature
 .text.ADC_Init
                0x00000e28       0x18 drivers/src/ADC.o
                0x00000e28                ADC_Init
 .text.__vector_15
                0x00000e40       0x9e drivers/src/int_timer.o
                0x00000e40                __vector_15
 .text.init_Event_Timer
                0x00000ede       0x2e drivers/src/int_timer.o
                0x00000ede                init_Event_Timer
 .text.general_set_timer
                0x00000f0c      0x1c8 drivers/src/int_timer.o
                0x00000f0c                general_set_timer
 .text.init_set_timer
                0x000010d4       0x10 drivers/src/int_timer.o
                0x000010d4                init_set_timer
 .text.set_timer
                0x000010e4       0x42 drivers/src/int_timer.o
                0x000010e4                set_timer
 .text.PWR_Init
                0x00001126        0x8 drivers/src/PWR.o
                0x00001126                PWR_Init
 .text.PWR_TurnOn5V
                0x0000112e        0x4 drivers/src/PWR.o
                0x0000112e                PWR_TurnOn5V
 .text.SPI_SlaveInit
                0x00001132        0x8 drivers/src/SPI.o
                0x00001132                SPI_SlaveInit
 .text.TWI_Init
                0x0000113a       0x3c drivers/src/TWI.o
                0x0000113a                TWI_Init
 .text.TWI_WriteByte
                0x00001176       0x1c drivers/src/TWI.o
                0x00001176                TWI_WriteByte
 .text.TWI_BeginWrite
                0x00001192       0x3a drivers/src/TWI.o
                0x00001192                TWI_BeginWrite
 .text.TWI_BeginRead
                0x000011cc       0x30 drivers/src/TWI.o
                0x000011cc                TWI_BeginRead
 .text.TWI_ReadAck
                0x000011fc       0x20 drivers/src/TWI.o
                0x000011fc                TWI_ReadAck
 .text.TWI_ReadNack
                0x0000121c       0x20 drivers/src/TWI.o
                0x0000121c                TWI_ReadNack
 .text.TWI_Stop
                0x0000123c        0xa drivers/src/TWI.o
                0x0000123c                TWI_Stop
 .text.TWI_Read
                0x00001246       0x78 drivers/src/TWI.o
                0x00001246                TWI_Read
 .text.TWI_Write
                0x000012be       0x34 drivers/src/TWI.o
                0x000012be                TWI_Write
 .text.USART0_Init
                0x000012f2       0x5a drivers/src/usart0.o
                0x000012f2                USART0_Init
 .text.USART0_Transmit
                0x0000134c       0x10 drivers/src/usart0.o
                0x0000134c                USART0_Transmit
 .text.USART0_putchar_printf
                0x0000135c       0x1c drivers/src/usart0.o
                0x0000135c                USART0_putchar_printf
 .text.HAL_Init
                0x00001378       0x24 hal/atmega256rfr2/src/hal.o
                0x00001378                HAL_Init
 .text.HAL_TimerInit
                0x0000139c       0x2a hal/atmega256rfr2/src/halTimer.o
                0x0000139c                HAL_TimerInit
 .text.__vector_42
                0x000013c6       0x22 hal/atmega256rfr2/src/halTimer.o
                0x000013c6                __vector_42
 .text.NWK_Init
                0x000013e8       0x3c nwk/src/nwk.o
                0x000013e8                NWK_Init
 .text.NWK_OpenEndpoint
                0x00001424       0x12 nwk/src/nwk.o
                0x00001424                NWK_OpenEndpoint
 .text.nwkDataReqInit
                0x00001436        0xa nwk/src/nwkDataReq.o
                0x00001436                nwkDataReqInit
 .text.nwkFrameInit
                0x00001440       0x16 nwk/src/nwkFrame.o
                0x00001440                nwkFrameInit
 .text.nwkFrameNext
                0x00001456       0x4a nwk/src/nwkFrame.o
                0x00001456                nwkFrameNext
 .text.nwkRxServiceDataInd
                0x000014a0       0x28 nwk/src/nwkRx.o
 .text.nwkRxDuplicateRejectionTimerHandler
                0x000014c8       0x28 nwk/src/nwkRx.o
 .text.nwkRxInit
                0x000014f0       0x46 nwk/src/nwkRx.o
                0x000014f0                nwkRxInit
 .text.nwkTxDelayTimerHandler
                0x00001536       0x62 nwk/src/nwkTx.o
 .text.nwkTxAckWaitTimerHandler
                0x00001598       0x72 nwk/src/nwkTx.o
 .text.nwkTxInit
                0x0000160a       0x5a nwk/src/nwkTx.o
                0x0000160a                nwkTxInit
 .text.nwkTxAckReceived
                0x00001664       0x4a nwk/src/nwkTx.o
                0x00001664                nwkTxAckReceived
 .text.phyTrxSetState
                0x000016ae       0x24 phy/atmegarfr2/src/phy.o
 .text.PHY_Init
                0x000016d2       0x30 phy/atmegarfr2/src/phy.o
                0x000016d2                PHY_Init
 .text.sensor_handler
                0x00001702      0x120 scheduler/src/handler.o
                0x00001702                sensor_handler
 .text.device_handler
                0x00001822       0x7e scheduler/src/handler.o
                0x00001822                device_handler
 .text.init_timeoutq
                0x000018a0       0x60 scheduler/src/scheduler.o
                0x000018a0                init_timeoutq
 .text.get_next_interval
                0x00001900       0x42 scheduler/src/scheduler.o
                0x00001900                get_next_interval
 .text.insert_timeoutq_event
                0x00001942       0x72 scheduler/src/scheduler.o
                0x00001942                insert_timeoutq_event
 .text.load_new_sensor
                0x000019b4       0x6c scheduler/src/scheduler.o
                0x000019b4                load_new_sensor
 .text.load_new_device
                0x00001a20       0x6c scheduler/src/scheduler.o
                0x00001a20                load_new_device
 .text.handle_timeoutq_event
                0x00001a8c       0xc0 scheduler/src/scheduler.o
                0x00001a8c                handle_timeoutq_event
 .text.SYS_Init
                0x00001b4c       0x12 sys/src/sys.o
                0x00001b4c                SYS_Init
 .text.placeTimer
                0x00001b5e       0xc8 sys/src/sysTimer.o
 .text.SYS_TimerInit
                0x00001c26        0xa sys/src/sysTimer.o
                0x00001c26                SYS_TimerInit
 .text.SYS_TimerStarted
                0x00001c30       0x34 sys/src/sysTimer.o
                0x00001c30                SYS_TimerStarted
 .text.SYS_TimerStart
                0x00001c64       0x1a sys/src/sysTimer.o
                0x00001c64                SYS_TimerStart
 .text.check_crc
                0x00001c7e       0x38 utilities/src/common.o
                0x00001c7e                check_crc
 .text.ll_first
                0x00001cb6       0x18 utilities/src/llist.o
                0x00001cb6                ll_first
 .text.ll_r_insert
                0x00001cce       0x26 utilities/src/llist.o
                0x00001cce                ll_r_insert
 .text.ll_detach
                0x00001cf4       0x46 utilities/src/llist.o
                0x00001cf4                ll_detach
 .text.ll_pop   0x00001d3a       0x18 utilities/src/llist.o
                0x00001d3a                ll_pop
 .text.DemoStorage_Device_VTinit
                0x00001d52        0xc wrapper/other-device/src/DemoStorage_Device.o
                0x00001d52                DemoStorage_Device_VTinit
 .text.DemoStorage_Device_init
                0x00001d5e        0x6 wrapper/other-device/src/DemoStorage_Device.o
                0x00001d5e                DemoStorage_Device_init
 .text.DemoStorage_Device_reset
                0x00001d64        0x6 wrapper/other-device/src/DemoStorage_Device.o
                0x00001d64                DemoStorage_Device_reset
 .text.DemoStorage_Device_getType
                0x00001d6a        0x6 wrapper/other-device/src/DemoStorage_Device.o
                0x00001d6a                DemoStorage_Device_getType
 .text.DemoStorage_Device_Tinit
                0x00001d70        0xc wrapper/other-device/src/DemoStorage_Device.o
                0x00001d70                DemoStorage_Device_Tinit
 .text.DemoStorage_Device_Configure
                0x00001d7c        0x6 wrapper/other-device/src/DemoStorage_Device.o
                0x00001d7c                DemoStorage_Device_Configure
 .text.DemoStorage_Device_Execute
                0x00001d82      0x162 wrapper/other-device/src/DemoStorage_Device.o
                0x00001d82                DemoStorage_Device_Execute
 .text.New_DemoStorage_Device
                0x00001ee4       0x8e wrapper/other-device/src/DemoStorage_Device.o
                0x00001ee4                New_DemoStorage_Device
 .text.LoadData_Device_VTinit
                0x00001f72        0xc wrapper/other-device/src/LoadData_Device.o
                0x00001f72                LoadData_Device_VTinit
 .text.LoadData_Device_init
                0x00001f7e        0x6 wrapper/other-device/src/LoadData_Device.o
                0x00001f7e                LoadData_Device_init
 .text.LoadData_Device_reset
                0x00001f84        0x6 wrapper/other-device/src/LoadData_Device.o
                0x00001f84                LoadData_Device_reset
 .text.LoadData_Device_getType
                0x00001f8a        0x6 wrapper/other-device/src/LoadData_Device.o
                0x00001f8a                LoadData_Device_getType
 .text.LoadData_Device_Tinit
                0x00001f90        0xc wrapper/other-device/src/LoadData_Device.o
                0x00001f90                LoadData_Device_Tinit
 .text.LoadData_Device_Configure
                0x00001f9c        0x6 wrapper/other-device/src/LoadData_Device.o
                0x00001f9c                LoadData_Device_Configure
 .text.LoadData_Device_Execute
                0x00001fa2       0x30 wrapper/other-device/src/LoadData_Device.o
                0x00001fa2                LoadData_Device_Execute
 .text.New_LoadData_Device
                0x00001fd2       0x3a wrapper/other-device/src/LoadData_Device.o
                0x00001fd2                New_LoadData_Device
 .text.BMP280_FctnInit
                0x0000200c        0xc wrapper/sensor/src/BMP280_Sensor.o
                0x0000200c                BMP280_FctnInit
 .text.BMP280_Configure
                0x00002018        0x6 wrapper/sensor/src/BMP280_Sensor.o
                0x00002018                BMP280_Configure
 .text.BMP280_VTinit
                0x0000201e        0xc wrapper/sensor/src/BMP280_Sensor.o
                0x0000201e                BMP280_VTinit
 .text.BMP280_reset
                0x0000202a        0x6 wrapper/sensor/src/BMP280_Sensor.o
                0x0000202a                BMP280_reset
 .text.BMP280_getType
                0x00002030        0x6 wrapper/sensor/src/BMP280_Sensor.o
                0x00002030                BMP280_getType
 .text.BMP280_Error
                0x00002036        0xe wrapper/sensor/src/BMP280_Sensor.o
                0x00002036                BMP280_Error
 .text.BMP280_init
                0x00002044        0xe wrapper/sensor/src/BMP280_Sensor.o
                0x00002044                BMP280_init
 .text.BMP280_Request
                0x00002052       0x40 wrapper/sensor/src/BMP280_Sensor.o
                0x00002052                BMP280_Request
 .text.BMP280_Collect
                0x00002092       0x76 wrapper/sensor/src/BMP280_Sensor.o
                0x00002092                BMP280_Collect
 .text.New_BMP280_Sensor
                0x00002108       0x72 wrapper/sensor/src/BMP280_Sensor.o
                0x00002108                New_BMP280_Sensor
 .text.Si7020_FctnInit
                0x0000217a        0xc wrapper/sensor/src/Si7020_Sensor.o
                0x0000217a                Si7020_FctnInit
 .text.Si7020_Configure
                0x00002186        0x6 wrapper/sensor/src/Si7020_Sensor.o
                0x00002186                Si7020_Configure
 .text.Si7020_Error
                0x0000218c        0x6 wrapper/sensor/src/Si7020_Sensor.o
                0x0000218c                Si7020_Error
 .text.Si7020_VTinit
                0x00002192        0xc wrapper/sensor/src/Si7020_Sensor.o
                0x00002192                Si7020_VTinit
 .text.Si7020_reset
                0x0000219e        0x6 wrapper/sensor/src/Si7020_Sensor.o
                0x0000219e                Si7020_reset
 .text.Si7020_getType
                0x000021a4        0x6 wrapper/sensor/src/Si7020_Sensor.o
                0x000021a4                Si7020_getType
 .text.Si7020_Init
                0x000021aa        0xe wrapper/sensor/src/Si7020_Sensor.o
                0x000021aa                Si7020_Init
 .text.Si7020_Request
                0x000021b8       0x2c wrapper/sensor/src/Si7020_Sensor.o
                0x000021b8                Si7020_Request
 .text.Si7020_Collect
                0x000021e4       0x6c wrapper/sensor/src/Si7020_Sensor.o
                0x000021e4                Si7020_Collect
 .text.New_Si7020_Sensor
                0x00002250       0x7e wrapper/sensor/src/Si7020_Sensor.o
                0x00002250                New_Si7020_Sensor
 .text.avr-libc.fplib
                0x000022ce        0xa c:/program files (x86)/atmel/atmel toolchain/avr8 gcc/native/3.4.1061/avr8-gnu-toolchain/bin/../lib/gcc/avr/4.8.1/../../../../avr/lib/avr5\libm.a(addsf3.o)
                0x000022ce                __subsf3
                0x000022d0                __addsf3
 .text.avr-libc.fplib
                0x000022d8       0xc0 c:/program files (x86)/atmel/atmel toolchain/avr8 gcc/native/3.4.1061/avr8-gnu-toolchain/bin/../lib/gcc/avr/4.8.1/../../../../avr/lib/avr5\libm.a(addsf3x.o)
                0x000022f2                __addsf3x
 .text.avr-libc.fplib
                0x00002398        0x8 c:/program files (x86)/atmel/atmel toolchain/avr8 gcc/native/3.4.1061/avr8-gnu-toolchain/bin/../lib/gcc/avr/4.8.1/../../../../avr/lib/avr5\libm.a(cmpsf2.o)
                0x00002398                __nesf2
                0x00002398                __eqsf2
                0x00002398                __cmpsf2
                0x00002398                __ltsf2
                0x00002398                __lesf2
 .text.avr-libc.fplib
                0x000023a0        0x4 c:/program files (x86)/atmel/atmel toolchain/avr8 gcc/native/3.4.1061/avr8-gnu-toolchain/bin/../lib/gcc/avr/4.8.1/../../../../avr/lib/avr5\libm.a(divsf3.o)
                0x000023a0                __divsf3
 .text.avr-libc.fplib
                0x000023a4       0xcc c:/program files (x86)/atmel/atmel toolchain/avr8 gcc/native/3.4.1061/avr8-gnu-toolchain/bin/../lib/gcc/avr/4.8.1/../../../../avr/lib/avr5\libm.a(divsf3x.o)
                0x000023ba                __divsf3x
                0x000023be                __divsf3_pse
 .text.avr-libc.fplib
                0x00002470        0xa c:/program files (x86)/atmel/atmel toolchain/avr8 gcc/native/3.4.1061/avr8-gnu-toolchain/bin/../lib/gcc/avr/4.8.1/../../../../avr/lib/avr5\libm.a(fixsfsi.o)
                0x00002470                __fixsfsi
 .text.avr-libc.fplib
                0x0000247a       0x58 c:/program files (x86)/atmel/atmel toolchain/avr8 gcc/native/3.4.1061/avr8-gnu-toolchain/bin/../lib/gcc/avr/4.8.1/../../../../avr/lib/avr5\libm.a(fixunssfsi.o)
                0x0000247a                __fixunssfsi
 .text.avr-libc.fplib
                0x000024d2       0x7a c:/program files (x86)/atmel/atmel toolchain/avr8 gcc/native/3.4.1061/avr8-gnu-toolchain/bin/../lib/gcc/avr/4.8.1/../../../../avr/lib/avr5\libm.a(floatsisf.o)
                0x000024d2                __floatunsisf
                0x000024d6                __floatsisf
 .text.avr-libc.fplib
                0x0000254c       0x48 c:/program files (x86)/atmel/atmel toolchain/avr8 gcc/native/3.4.1061/avr8-gnu-toolchain/bin/../lib/gcc/avr/4.8.1/../../../../avr/lib/avr5\libm.a(fp_cmp.o)
                0x0000254c                __fp_cmp
 .text.avr-libc.fplib
                0x00002594        0xc c:/program files (x86)/atmel/atmel toolchain/avr8 gcc/native/3.4.1061/avr8-gnu-toolchain/bin/../lib/gcc/avr/4.8.1/../../../../avr/lib/avr5\libm.a(fp_inf.o)
                0x00002594                __fp_inf
 .text.avr-libc.fplib
                0x000025a0        0x6 c:/program files (x86)/atmel/atmel toolchain/avr8 gcc/native/3.4.1061/avr8-gnu-toolchain/bin/../lib/gcc/avr/4.8.1/../../../../avr/lib/avr5\libm.a(fp_nan.o)
                0x000025a0                __fp_nan
 .text.avr-libc.fplib
                0x000025a6        0xe c:/program files (x86)/atmel/atmel toolchain/avr8 gcc/native/3.4.1061/avr8-gnu-toolchain/bin/../lib/gcc/avr/4.8.1/../../../../avr/lib/avr5\libm.a(fp_pscA.o)
                0x000025a6                __fp_pscA
 .text.avr-libc.fplib
                0x000025b4        0xe c:/program files (x86)/atmel/atmel toolchain/avr8 gcc/native/3.4.1061/avr8-gnu-toolchain/bin/../lib/gcc/avr/4.8.1/../../../../avr/lib/avr5\libm.a(fp_pscB.o)
                0x000025b4                __fp_pscB
 .text.avr-libc.fplib
                0x000025c2       0x22 c:/program files (x86)/atmel/atmel toolchain/avr8 gcc/native/3.4.1061/avr8-gnu-toolchain/bin/../lib/gcc/avr/4.8.1/../../../../avr/lib/avr5\libm.a(fp_round.o)
                0x000025c2                __fp_round
 .text.avr-libc.fplib
                0x000025e4       0x44 c:/program files (x86)/atmel/atmel toolchain/avr8 gcc/native/3.4.1061/avr8-gnu-toolchain/bin/../lib/gcc/avr/4.8.1/../../../../avr/lib/avr5\libm.a(fp_split3.o)
                0x000025e4                __fp_split3
                0x000025f4                __fp_splitA
 .text.avr-libc.fplib
                0x00002628        0xe c:/program files (x86)/atmel/atmel toolchain/avr8 gcc/native/3.4.1061/avr8-gnu-toolchain/bin/../lib/gcc/avr/4.8.1/../../../../avr/lib/avr5\libm.a(fp_zero.o)
                0x00002628                __fp_zero
                0x0000262a                __fp_szero
 .text.avr-libc.fplib
                0x00002636        0x8 c:/program files (x86)/atmel/atmel toolchain/avr8 gcc/native/3.4.1061/avr8-gnu-toolchain/bin/../lib/gcc/avr/4.8.1/../../../../avr/lib/avr5\libm.a(gesf2.o)
                0x00002636                __gesf2
                0x00002636                __gtsf2
 .text.avr-libc.fplib
                0x0000263e        0x4 c:/program files (x86)/atmel/atmel toolchain/avr8 gcc/native/3.4.1061/avr8-gnu-toolchain/bin/../lib/gcc/avr/4.8.1/../../../../avr/lib/avr5\libm.a(mulsf3.o)
                0x0000263e                __mulsf3
 .text.avr-libc.fplib
                0x00002642       0xc2 c:/program files (x86)/atmel/atmel toolchain/avr8 gcc/native/3.4.1061/avr8-gnu-toolchain/bin/../lib/gcc/avr/4.8.1/../../../../avr/lib/avr5\libm.a(mulsf3x.o)
                0x00002656                __mulsf3x
                0x0000265a                __mulsf3_pse
 .text.avr-libc
                0x00002704      0x6f6 c:/program files (x86)/atmel/atmel toolchain/avr8 gcc/native/3.4.1061/avr8-gnu-toolchain/bin/../lib/gcc/avr/4.8.1/../../../../avr/lib/avr5\libprintf_flt.a(vfprintf_flt.o)
                0x00002704                vfprintf
 .text.libgcc.div
                0x00002dfa       0x44 c:/program files (x86)/atmel/atmel toolchain/avr8 gcc/native/3.4.1061/avr8-gnu-toolchain/bin/../lib/gcc/avr/4.8.1/avr5\libgcc.a(_udivmodsi4.o)
                0x00002dfa                __udivmodsi4
 .text.libgcc.prologue
                0x00002e3e       0x38 c:/program files (x86)/atmel/atmel toolchain/avr8 gcc/native/3.4.1061/avr8-gnu-toolchain/bin/../lib/gcc/avr/4.8.1/avr5\libgcc.a(_prologue.o)
                0x00002e3e                __prologue_saves__
 .text.libgcc.prologue
                0x00002e76       0x36 c:/program files (x86)/atmel/atmel toolchain/avr8 gcc/native/3.4.1061/avr8-gnu-toolchain/bin/../lib/gcc/avr/4.8.1/avr5\libgcc.a(_epilogue.o)
                0x00002e76                __epilogue_restores__
 .text.avr-libc
                0x00002eac      0x24e c:/program files (x86)/atmel/atmel toolchain/avr8 gcc/native/3.4.1061/avr8-gnu-toolchain/bin/../lib/gcc/avr/4.8.1/../../../../avr/lib/avr5\libc.a(malloc.o)
                0x00002eac                malloc
                0x00002fdc                free
 .text.avr-libc
                0x000030fa      0x1b0 c:/program files (x86)/atmel/atmel toolchain/avr8 gcc/native/3.4.1061/avr8-gnu-toolchain/bin/../lib/gcc/avr/4.8.1/../../../../avr/lib/avr5\libc.a(ftoa_engine.o)
                0x000030fa                __ftoa_engine
 .text.avr-libc
                0x000032aa       0x16 c:/program files (x86)/atmel/atmel toolchain/avr8 gcc/native/3.4.1061/avr8-gnu-toolchain/bin/../lib/gcc/avr/4.8.1/../../../../avr/lib/avr5\libc.a(strnlen_P.o)
                0x000032aa                strnlen_P
 .text.avr-libc
                0x000032c0       0x16 c:/program files (x86)/atmel/atmel toolchain/avr8 gcc/native/3.4.1061/avr8-gnu-toolchain/bin/../lib/gcc/avr/4.8.1/../../../../avr/lib/avr5\libc.a(strnlen.o)
                0x000032c0                strnlen
 .text.avr-libc
                0x000032d6       0x64 c:/program files (x86)/atmel/atmel toolchain/avr8 gcc/native/3.4.1061/avr8-gnu-toolchain/bin/../lib/gcc/avr/4.8.1/../../../../avr/lib/avr5\libc.a(fputc.o)
                0x000032d6                fputc
 .text.avr-libc
                0x0000333a       0x28 c:/program files (x86)/atmel/atmel toolchain/avr8 gcc/native/3.4.1061/avr8-gnu-toolchain/bin/../lib/gcc/avr/4.8.1/../../../../avr/lib/avr5\libc.a(printf.o)
                0x0000333a                printf
 .text.avr-libc
                0x00003362       0x5a c:/program files (x86)/atmel/atmel toolchain/avr8 gcc/native/3.4.1061/avr8-gnu-toolchain/bin/../lib/gcc/avr/4.8.1/../../../../avr/lib/avr5\libc.a(puts.o)
                0x00003362                puts
 .text.avr-libc
                0x000033bc       0xbc c:/program files (x86)/atmel/atmel toolchain/avr8 gcc/native/3.4.1061/avr8-gnu-toolchain/bin/../lib/gcc/avr/4.8.1/../../../../avr/lib/avr5\libc.a(ultoa_invert.o)
                0x000033bc                __ultoa_invert
                0x00003478                . = ALIGN (0x2)
 *(.fini9)
 .fini9         0x00003478        0x0 c:/program files (x86)/atmel/atmel toolchain/avr8 gcc/native/3.4.1061/avr8-gnu-toolchain/bin/../lib/gcc/avr/4.8.1/avr5\libgcc.a(_exit.o)
                0x00003478                _exit
                0x00003478                exit
 *(.fini9)
 *(.fini8)
 *(.fini8)
 *(.fini7)
 *(.fini7)
 *(.fini6)
 *(.fini6)
 *(.fini5)
 *(.fini5)
 *(.fini4)
 *(.fini4)
 *(.fini3)
 *(.fini3)
 *(.fini2)
 *(.fini2)
 *(.fini1)
 *(.fini1)
 *(.fini0)
 .fini0         0x00003478        0x4 c:/program files (x86)/atmel/atmel toolchain/avr8 gcc/native/3.4.1061/avr8-gnu-toolchain/bin/../lib/gcc/avr/4.8.1/avr5\libgcc.a(_exit.o)
 *(.fini0)
                0x0000347c                _etext = .

.data           0x00800200      0x35c load address 0x0000347c
                0x00800200                PROVIDE (__data_start, .)
 *(.data)
 .data          0x00800200        0x6 c:/program files (x86)/atmel/atmel toolchain/avr8 gcc/native/3.4.1061/avr8-gnu-toolchain/bin/../lib/gcc/avr/4.8.1/../../../../avr/lib/avr5\libc.a(malloc.o)
                0x00800200                __malloc_heap_end
                0x00800202                __malloc_heap_start
                0x00800204                __malloc_margin
 *(.data*)
 .data.USART0_stdout
                0x00800206        0xe drivers/src/usart0.o
 .data.DemoStorageDevice_vmt
                0x00800214        0x6 wrapper/other-device/src/DemoStorage_Device.o
                0x00800214                DemoStorageDevice_vmt
 .data.DemoStorageDevice_abstract_vmt
                0x0080021a        0x8 wrapper/other-device/src/DemoStorage_Device.o
                0x0080021a                DemoStorageDevice_abstract_vmt
 .data.LoadDataDevice_vmt
                0x00800222        0x6 wrapper/other-device/src/LoadData_Device.o
                0x00800222                LoadDataDevice_vmt
 .data.LoadDataDevice_abstract_vmt
                0x00800228        0x8 wrapper/other-device/src/LoadData_Device.o
                0x00800228                LoadDataDevice_abstract_vmt
 .data.BMP280_abstract_vmt
                0x00800230        0x8 wrapper/sensor/src/BMP280_Sensor.o
                0x00800230                BMP280_abstract_vmt
 .data.BMP280_vmt
                0x00800238        0xa wrapper/sensor/src/BMP280_Sensor.o
                0x00800238                BMP280_vmt
 .data.Si7020_abstract_vmt
                0x00800242        0x8 wrapper/sensor/src/Si7020_Sensor.o
                0x00800242                Si7020_abstract_vmt
 .data.Si7020_vmt
                0x0080024a        0xa wrapper/sensor/src/Si7020_Sensor.o
                0x0080024a                Si7020_vmt
 *(.rodata)
 *(.rodata*)
 .rodata.str1.1
                0x00800254       0x1d ATMOS.o
 .rodata.str1.1
                0x00800271       0x37 devices/src/BMP280.o
 .rodata.str1.1
                0x008002a8       0x45 drivers/src/int_timer.o
 .rodata.str1.1
                0x008002ed       0x44 scheduler/src/handler.o
 .rodata.str1.1
                0x00800331      0x106 scheduler/src/scheduler.o
 .rodata.str1.1
                0x00800437       0x2e wrapper/other-device/src/DemoStorage_Device.o
 .rodata.str1.1
                0x00800465       0x19 wrapper/other-device/src/LoadData_Device.o
 .rodata.str1.1
                0x0080047e       0x89 wrapper/sensor/src/BMP280_Sensor.o
 .rodata.str1.1
                0x00800507       0x55 wrapper/sensor/src/Si7020_Sensor.o
                                 0x69 (size before relaxing)
 *(.gnu.linkonce.d*)
                0x0080055c                . = ALIGN (0x2)
                0x0080055c                _edata = .
                0x0080055c                PROVIDE (__data_end, .)

.bss            0x0080055c      0x48a
                0x0080055c                PROVIDE (__bss_start, .)
 *(.bss)
 *(.bss*)
 .bss.status    0x0080055c        0x1 devices/src/BMP280.o
 .bss.error     0x0080055d        0x1 devices/src/BMP280.o
 .bss.t_fine    0x0080055e        0x4 devices/src/BMP280.o
 .bss.oversampling_t
                0x00800562        0x2 devices/src/BMP280.o
 .bss.oversampling
                0x00800564        0x2 devices/src/BMP280.o
 .bss.dig_T1    0x00800566        0x2 devices/src/BMP280.o
 .bss.dig_P1    0x00800568        0x2 devices/src/BMP280.o
 .bss.dig_P9    0x0080056a        0x2 devices/src/BMP280.o
 .bss.dig_P8    0x0080056c        0x2 devices/src/BMP280.o
 .bss.dig_P7    0x0080056e        0x2 devices/src/BMP280.o
 .bss.dig_P6    0x00800570        0x2 devices/src/BMP280.o
 .bss.dig_P5    0x00800572        0x2 devices/src/BMP280.o
 .bss.dig_P4    0x00800574        0x2 devices/src/BMP280.o
 .bss.dig_P3    0x00800576        0x2 devices/src/BMP280.o
 .bss.dig_P2    0x00800578        0x2 devices/src/BMP280.o
 .bss.dig_T3    0x0080057a        0x2 devices/src/BMP280.o
 .bss.dig_T2    0x0080057c        0x2 devices/src/BMP280.o
 .bss.TimeStamp
                0x0080057e        0x4 drivers/src/int_timer.o
 .bss.timer_usage
                0x00800582        0x2 drivers/src/int_timer.o
 .bss.nwkDataReqQueue
                0x00800584        0x2 nwk/src/nwkDataReq.o
 .bss.nwkFrameFrames
                0x00800586      0x2ad nwk/src/nwkFrame.o
 .bss.nwkRxDuplicateRejectionTimer
                0x00800833        0xd nwk/src/nwkRx.o
 .bss.nwkRxDuplicateRejectionTable
                0x00800840       0x32 nwk/src/nwkRx.o
 .bss.nwkTxDelayTimer
                0x00800872        0xd nwk/src/nwkTx.o
 .bss.nwkTxAckWaitTimer
                0x0080087f        0xd nwk/src/nwkTx.o
 .bss.nwkTxPhyActiveFrame
                0x0080088c        0x2 nwk/src/nwkTx.o
 .bss.phyBand   0x0080088e        0x1 phy/atmegarfr2/src/phy.o
 .bss.phyRxState
                0x0080088f        0x1 phy/atmegarfr2/src/phy.o
 .bss.phyState  0x00800890        0x1 phy/atmegarfr2/src/phy.o
 .bss.timers    0x00800891        0x2 sys/src/sysTimer.o
 *(COMMON)
 COMMON         0x00800893      0x120 ATMOS.o
                0x00800893                queue
                0x008009a3                TQ
                0x008009a7                timeoutq
                0x008009a9                SensorDataCount
                0x008009ab                cur_data
                0x008009ad                FL
                0x008009b1                freelist
 COMMON         0x008009b3        0x1 hal/atmega256rfr2/src/halTimer.o
                0x008009b3                halTimerIrqCount
 COMMON         0x008009b4       0x28 nwk/src/nwk.o
                0x008009b4                nwkIb
 COMMON         0x008009dc        0x4 c:/program files (x86)/atmel/atmel toolchain/avr8 gcc/native/3.4.1061/avr8-gnu-toolchain/bin/../lib/gcc/avr/4.8.1/../../../../avr/lib/avr5\libc.a(malloc.o)
                0x008009dc                __brkval
                0x008009de                __flp
 COMMON         0x008009e0        0x6 c:/program files (x86)/atmel/atmel toolchain/avr8 gcc/native/3.4.1061/avr8-gnu-toolchain/bin/../lib/gcc/avr/4.8.1/../../../../avr/lib/avr5\libc.a(iob.o)
                0x008009e0                __iob
                0x008009e6                PROVIDE (__bss_end, .)
                0x0000347c                __data_load_start = LOADADDR (.data)
                0x000037d8                __data_load_end = (__data_load_start + SIZEOF (.data))

.noinit         0x008009e6        0x0
                0x008009e6                PROVIDE (__noinit_start, .)
 *(.noinit*)
                0x008009e6                PROVIDE (__noinit_end, .)
                0x008009e6                _end = .
                0x008009e6                PROVIDE (__heap_start, .)

.eeprom         0x00810000        0x0
 *(.eeprom*)
                0x00810000                __eeprom_end = .

.fuse
 *(.fuse)
 *(.lfuse)
 *(.hfuse)
 *(.efuse)

.lock
 *(.lock*)

.signature
 *(.signature*)

.user_signatures
 *(.user_signatures*)

.stab
 *(.stab)

.stabstr
 *(.stabstr)

.stab.excl
 *(.stab.excl)

.stab.exclstr
 *(.stab.exclstr)

.stab.index
 *(.stab.index)

.stab.indexstr
 *(.stab.indexstr)

.comment        0x00000000       0x5c
 *(.comment)
 .comment       0x00000000       0x30 ATMOS.o
                                 0x31 (size before relaxing)
 .comment       0x00000000       0x31 devices/src/BMP280.o
 .comment       0x00000000       0x31 devices/src/Si7020.o
 .comment       0x00000000       0x31 drivers/src/ADC.o
 .comment       0x00000000       0x31 drivers/src/int_timer.o
 .comment       0x00000000       0x31 drivers/src/PWR.o
 .comment       0x00000000       0x31 drivers/src/SPI.o
 .comment       0x00000000       0x31 drivers/src/TWI.o
 .comment       0x00000000       0x31 drivers/src/usart0.o
 .comment       0x00000000       0x31 hal/atmega256rfr2/src/hal.o
 .comment       0x00000000       0x31 hal/atmega256rfr2/src/halTimer.o
 .comment       0x00000000       0x31 nwk/src/nwk.o
 .comment       0x00000000       0x31 nwk/src/nwkDataReq.o
 .comment       0x00000000       0x31 nwk/src/nwkFrame.o
 .comment       0x00000000       0x31 nwk/src/nwkRx.o
 .comment       0x00000000       0x31 nwk/src/nwkTx.o
 .comment       0x00000000       0x31 phy/atmegarfr2/src/phy.o
 .comment       0x00000000       0x31 scheduler/src/handler.o
 .comment       0x00000000       0x31 scheduler/src/scheduler.o
 .comment       0x00000000       0x31 sys/src/sys.o
 .comment       0x00000000       0x31 sys/src/sysTimer.o
 .comment       0x00000000       0x31 utilities/src/common.o
 .comment       0x00000000       0x31 utilities/src/llist.o
 .comment       0x00000000       0x31 wrapper/other-device/src/DemoStorage_Device.o
 .comment       0x00000000       0x31 wrapper/other-device/src/LoadData_Device.o
 .comment       0x00000000       0x31 wrapper/sensor/src/BMP280_Sensor.o
 .comment       0x00000000       0x31 wrapper/sensor/src/Si7020_Sensor.o
 .comment       0x00000030       0x2c c:/program files (x86)/atmel/atmel toolchain/avr8 gcc/native/3.4.1061/avr8-gnu-toolchain/bin/../lib/gcc/avr/4.8.1/../../../../avr/lib/avr5\libprintf_flt.a(vfprintf_flt.o)
                                 0x2d (size before relaxing)
 .comment       0x00000000       0x31 c:/program files (x86)/atmel/atmel toolchain/avr8 gcc/native/3.4.1061/avr8-gnu-toolchain/bin/../lib/gcc/avr/4.8.1/../../../../avr/lib/avr5\libc.a(malloc.o)
 .comment       0x00000000       0x31 c:/program files (x86)/atmel/atmel toolchain/avr8 gcc/native/3.4.1061/avr8-gnu-toolchain/bin/../lib/gcc/avr/4.8.1/../../../../avr/lib/avr5\libc.a(fputc.o)
 .comment       0x00000000       0x31 c:/program files (x86)/atmel/atmel toolchain/avr8 gcc/native/3.4.1061/avr8-gnu-toolchain/bin/../lib/gcc/avr/4.8.1/../../../../avr/lib/avr5\libc.a(iob.o)
 .comment       0x00000000       0x31 c:/program files (x86)/atmel/atmel toolchain/avr8 gcc/native/3.4.1061/avr8-gnu-toolchain/bin/../lib/gcc/avr/4.8.1/../../../../avr/lib/avr5\libc.a(printf.o)
 .comment       0x00000000       0x31 c:/program files (x86)/atmel/atmel toolchain/avr8 gcc/native/3.4.1061/avr8-gnu-toolchain/bin/../lib/gcc/avr/4.8.1/../../../../avr/lib/avr5\libc.a(puts.o)

.note.gnu.build-id
 *(.note.gnu.build-id)

.debug
 *(.debug)

.line
 *(.line)

.debug_srcinfo
 *(.debug_srcinfo)

.debug_sfnames
 *(.debug_sfnames)

.debug_aranges  0x00000000      0x7c8
 *(.debug_aranges)
 .debug_aranges
                0x00000000       0x20 ATMOS.o
 .debug_aranges
                0x00000020       0x80 devices/src/BMP280.o
 .debug_aranges
                0x000000a0       0x40 devices/src/Si7020.o
 .debug_aranges
                0x000000e0       0x38 drivers/src/ADC.o
 .debug_aranges
                0x00000118       0x40 drivers/src/int_timer.o
 .debug_aranges
                0x00000158       0x40 drivers/src/PWR.o
 .debug_aranges
                0x00000198       0x30 drivers/src/SPI.o
 .debug_aranges
                0x000001c8       0x60 drivers/src/TWI.o
 .debug_aranges
                0x00000228       0x48 drivers/src/usart0.o
 .debug_aranges
                0x00000270       0x28 hal/atmega256rfr2/src/hal.o
 .debug_aranges
                0x00000298       0x30 hal/atmega256rfr2/src/halTimer.o
 .debug_aranges
                0x000002c8       0x70 nwk/src/nwk.o
 .debug_aranges
                0x00000338       0x38 nwk/src/nwkDataReq.o
 .debug_aranges
                0x00000370       0x40 nwk/src/nwkFrame.o
 .debug_aranges
                0x000003b0       0x48 nwk/src/nwkRx.o
 .debug_aranges
                0x000003f8       0x60 nwk/src/nwkTx.o
 .debug_aranges
                0x00000458       0x88 phy/atmegarfr2/src/phy.o
 .debug_aranges
                0x000004e0       0x30 scheduler/src/handler.o
 .debug_aranges
                0x00000510       0x50 scheduler/src/scheduler.o
 .debug_aranges
                0x00000560       0x28 sys/src/sys.o
 .debug_aranges
                0x00000588       0x48 sys/src/sysTimer.o
 .debug_aranges
                0x000005d0       0x20 utilities/src/common.o
 .debug_aranges
                0x000005f0       0x50 utilities/src/llist.o
 .debug_aranges
                0x00000640       0x60 wrapper/other-device/src/DemoStorage_Device.o
 .debug_aranges
                0x000006a0       0x58 wrapper/other-device/src/LoadData_Device.o
 .debug_aranges
                0x000006f8       0x68 wrapper/sensor/src/BMP280_Sensor.o
 .debug_aranges
                0x00000760       0x68 wrapper/sensor/src/Si7020_Sensor.o

.debug_pubnames
 *(.debug_pubnames)

.debug_info     0x00000000     0x9273
 *(.debug_info .gnu.linkonce.wi.*)
 .debug_info    0x00000000      0xc84 ATMOS.o
 .debug_info    0x00000c84      0xaeb devices/src/BMP280.o
 .debug_info    0x0000176f      0x448 devices/src/Si7020.o
 .debug_info    0x00001bb7      0x121 drivers/src/ADC.o
 .debug_info    0x00001cd8      0x568 drivers/src/int_timer.o
 .debug_info    0x00002240       0xdb drivers/src/PWR.o
 .debug_info    0x0000231b      0x102 drivers/src/SPI.o
 .debug_info    0x0000241d      0x45e drivers/src/TWI.o
 .debug_info    0x0000287b      0x299 drivers/src/usart0.o
 .debug_info    0x00002b14       0xe8 hal/atmega256rfr2/src/hal.o
 .debug_info    0x00002bfc       0xe4 hal/atmega256rfr2/src/halTimer.o
 .debug_info    0x00002ce0      0x4a6 nwk/src/nwk.o
 .debug_info    0x00003186      0x79d nwk/src/nwkDataReq.o
 .debug_info    0x00003923      0x56d nwk/src/nwkFrame.o
 .debug_info    0x00003e90      0xc06 nwk/src/nwkRx.o
 .debug_info    0x00004a96      0xa08 nwk/src/nwkTx.o
 .debug_info    0x0000549e      0x7c0 phy/atmegarfr2/src/phy.o
 .debug_info    0x00005c5e      0x8ad scheduler/src/handler.o
 .debug_info    0x0000650b      0x7d7 scheduler/src/scheduler.o
 .debug_info    0x00006ce2      0x12b sys/src/sys.o
 .debug_info    0x00006e0d      0x341 sys/src/sysTimer.o
 .debug_info    0x0000714e       0xe6 utilities/src/common.o
 .debug_info    0x00007234      0x34c utilities/src/llist.o
 .debug_info    0x00007580      0x6ef wrapper/other-device/src/DemoStorage_Device.o
 .debug_info    0x00007c6f      0x6d6 wrapper/other-device/src/LoadData_Device.o
 .debug_info    0x00008345      0x749 wrapper/sensor/src/BMP280_Sensor.o
 .debug_info    0x00008a8e      0x7e5 wrapper/sensor/src/Si7020_Sensor.o

.debug_abbrev   0x00000000     0x3055
 *(.debug_abbrev)
 .debug_abbrev  0x00000000      0x281 ATMOS.o
 .debug_abbrev  0x00000281      0x335 devices/src/BMP280.o
 .debug_abbrev  0x000005b6      0x126 devices/src/Si7020.o
 .debug_abbrev  0x000006dc       0xdd drivers/src/ADC.o
 .debug_abbrev  0x000007b9      0x1fa drivers/src/int_timer.o
 .debug_abbrev  0x000009b3       0x51 drivers/src/PWR.o
 .debug_abbrev  0x00000a04       0xc6 drivers/src/SPI.o
 .debug_abbrev  0x00000aca      0x1e3 drivers/src/TWI.o
 .debug_abbrev  0x00000cad      0x18f drivers/src/usart0.o
 .debug_abbrev  0x00000e3c       0x96 hal/atmega256rfr2/src/hal.o
 .debug_abbrev  0x00000ed2       0xaa hal/atmega256rfr2/src/halTimer.o
 .debug_abbrev  0x00000f7c      0x1c7 nwk/src/nwk.o
 .debug_abbrev  0x00001143      0x2ac nwk/src/nwkDataReq.o
 .debug_abbrev  0x000013ef      0x190 nwk/src/nwkFrame.o
 .debug_abbrev  0x0000157f      0x3da nwk/src/nwkRx.o
 .debug_abbrev  0x00001959      0x354 nwk/src/nwkTx.o
 .debug_abbrev  0x00001cad      0x247 phy/atmegarfr2/src/phy.o
 .debug_abbrev  0x00001ef4      0x238 scheduler/src/handler.o
 .debug_abbrev  0x0000212c      0x24e scheduler/src/scheduler.o
 .debug_abbrev  0x0000237a       0x62 sys/src/sys.o
 .debug_abbrev  0x000023dc      0x199 sys/src/sysTimer.o
 .debug_abbrev  0x00002575       0x89 utilities/src/common.o
 .debug_abbrev  0x000025fe      0x195 utilities/src/llist.o
 .debug_abbrev  0x00002793      0x238 wrapper/other-device/src/DemoStorage_Device.o
 .debug_abbrev  0x000029cb      0x216 wrapper/other-device/src/LoadData_Device.o
 .debug_abbrev  0x00002be1      0x244 wrapper/sensor/src/BMP280_Sensor.o
 .debug_abbrev  0x00002e25      0x230 wrapper/sensor/src/Si7020_Sensor.o

.debug_line     0x00000000     0x2ec3
 *(.debug_line .debug_line.* .debug_line_end)
 .debug_line    0x00000000      0x289 ATMOS.o
 .debug_line    0x00000289      0x27f devices/src/BMP280.o
 .debug_line    0x00000508       0xc9 devices/src/Si7020.o
 .debug_line    0x000005d1       0xfd drivers/src/ADC.o
 .debug_line    0x000006ce      0x1e6 drivers/src/int_timer.o
 .debug_line    0x000008b4       0xf3 drivers/src/PWR.o
 .debug_line    0x000009a7       0xe1 drivers/src/SPI.o
 .debug_line    0x00000a88      0x244 drivers/src/TWI.o
 .debug_line    0x00000ccc      0x152 drivers/src/usart0.o
 .debug_line    0x00000e1e       0xfa hal/atmega256rfr2/src/hal.o
 .debug_line    0x00000f18       0xf2 hal/atmega256rfr2/src/halTimer.o
 .debug_line    0x0000100a      0x1e1 nwk/src/nwk.o
 .debug_line    0x000011eb      0x169 nwk/src/nwkDataReq.o
 .debug_line    0x00001354      0x13e nwk/src/nwkFrame.o
 .debug_line    0x00001492      0x254 nwk/src/nwkRx.o
 .debug_line    0x000016e6      0x286 nwk/src/nwkTx.o
 .debug_line    0x0000196c      0x22c phy/atmegarfr2/src/phy.o
 .debug_line    0x00001b98      0x21b scheduler/src/handler.o
 .debug_line    0x00001db3      0x255 scheduler/src/scheduler.o
 .debug_line    0x00002008       0xc2 sys/src/sys.o
 .debug_line    0x000020ca      0x191 sys/src/sysTimer.o
 .debug_line    0x0000225b       0xc1 utilities/src/common.o
 .debug_line    0x0000231c      0x10f utilities/src/llist.o
 .debug_line    0x0000242b      0x2bf wrapper/other-device/src/DemoStorage_Device.o
 .debug_line    0x000026ea      0x282 wrapper/other-device/src/LoadData_Device.o
 .debug_line    0x0000296c      0x2ab wrapper/sensor/src/BMP280_Sensor.o
 .debug_line    0x00002c17      0x2ac wrapper/sensor/src/Si7020_Sensor.o

.debug_frame    0x00000000     0x135c
 *(.debug_frame)
 .debug_frame   0x00000000       0x34 ATMOS.o
 .debug_frame   0x00000034      0x248 devices/src/BMP280.o
 .debug_frame   0x0000027c       0x7c devices/src/Si7020.o
 .debug_frame   0x000002f8       0x54 drivers/src/ADC.o
 .debug_frame   0x0000034c       0xf4 drivers/src/int_timer.o
 .debug_frame   0x00000440       0x64 drivers/src/PWR.o
 .debug_frame   0x000004a4       0x44 drivers/src/SPI.o
 .debug_frame   0x000004e8       0xf0 drivers/src/TWI.o
 .debug_frame   0x000005d8       0x7c drivers/src/usart0.o
 .debug_frame   0x00000654       0x34 hal/atmega256rfr2/src/hal.o
 .debug_frame   0x00000688       0x54 hal/atmega256rfr2/src/halTimer.o
 .debug_frame   0x000006dc       0xd4 nwk/src/nwk.o
 .debug_frame   0x000007b0       0x68 nwk/src/nwkDataReq.o
 .debug_frame   0x00000818       0x64 nwk/src/nwkFrame.o
 .debug_frame   0x0000087c       0xe0 nwk/src/nwkRx.o
 .debug_frame   0x0000095c      0x150 nwk/src/nwkTx.o
 .debug_frame   0x00000aac      0x13c phy/atmegarfr2/src/phy.o
 .debug_frame   0x00000be8       0x84 scheduler/src/handler.o
 .debug_frame   0x00000c6c      0x124 scheduler/src/scheduler.o
 .debug_frame   0x00000d90       0x34 sys/src/sys.o
 .debug_frame   0x00000dc4       0xc0 sys/src/sysTimer.o
 .debug_frame   0x00000e84       0x24 utilities/src/common.o
 .debug_frame   0x00000ea8       0xac utilities/src/llist.o
 .debug_frame   0x00000f54      0x114 wrapper/other-device/src/DemoStorage_Device.o
 .debug_frame   0x00001068       0xb4 wrapper/other-device/src/LoadData_Device.o
 .debug_frame   0x0000111c      0x110 wrapper/sensor/src/BMP280_Sensor.o
 .debug_frame   0x0000122c      0x130 wrapper/sensor/src/Si7020_Sensor.o

.debug_str      0x00000000     0x222f
 *(.debug_str)
 .debug_str     0x00000000      0x554 ATMOS.o
                                0x667 (size before relaxing)
 .debug_str     0x00000554      0x228 devices/src/BMP280.o
                                0x3db (size before relaxing)
 .debug_str     0x0000077c       0xcd devices/src/Si7020.o
                                0x263 (size before relaxing)
 .debug_str     0x00000849       0x4c drivers/src/ADC.o
                                0x19f (size before relaxing)
 .debug_str     0x00000895       0x78 drivers/src/int_timer.o
                                0x39d (size before relaxing)
 .debug_str     0x0000090d       0x40 drivers/src/PWR.o
                                0x193 (size before relaxing)
 .debug_str     0x0000094d       0x45 drivers/src/SPI.o
                                0x19e (size before relaxing)
 .debug_str     0x00000992       0x83 drivers/src/TWI.o
                                0x262 (size before relaxing)
 .debug_str     0x00000a15       0x8e drivers/src/usart0.o
                                0x213 (size before relaxing)
 .debug_str     0x00000aa3       0x4f hal/atmega256rfr2/src/hal.o
                                0x195 (size before relaxing)
 .debug_str     0x00000af2       0x41 hal/atmega256rfr2/src/halTimer.o
                                0x1a4 (size before relaxing)
 .debug_str     0x00000b33      0x1b1 nwk/src/nwk.o
                                0x324 (size before relaxing)
 .debug_str     0x00000ce4      0x338 nwk/src/nwkDataReq.o
                                0x560 (size before relaxing)
 .debug_str     0x0000101c       0x5b nwk/src/nwkFrame.o
                                0x3ff (size before relaxing)
 .debug_str     0x00001077      0x37d nwk/src/nwkRx.o
                                0x6f9 (size before relaxing)
 .debug_str     0x000013f4      0x1c1 nwk/src/nwkTx.o
                                0x6ae (size before relaxing)
 .debug_str     0x000015b5      0x525 phy/atmegarfr2/src/phy.o
                                0x76e (size before relaxing)
 .debug_str     0x00001ada       0xd7 scheduler/src/handler.o
                                0x52e (size before relaxing)
 .debug_str     0x00001bb1       0x70 scheduler/src/scheduler.o
                                0x3eb (size before relaxing)
 .debug_str     0x00001c21       0x44 sys/src/sys.o
                                0x1cc (size before relaxing)
 .debug_str     0x00001c65       0x58 sys/src/sysTimer.o
                                0x261 (size before relaxing)
 .debug_str     0x00001cbd       0x57 utilities/src/common.o
                                0x1a7 (size before relaxing)
 .debug_str     0x00001d14       0x44 utilities/src/llist.o
                                0x152 (size before relaxing)
 .debug_str     0x00001d58      0x17f wrapper/other-device/src/DemoStorage_Device.o
                                0x4db (size before relaxing)
 .debug_str     0x00001ed7      0x140 wrapper/other-device/src/LoadData_Device.o
                                0x50d (size before relaxing)
 .debug_str     0x00002017      0x110 wrapper/sensor/src/BMP280_Sensor.o
                                0x461 (size before relaxing)
 .debug_str     0x00002127      0x108 wrapper/sensor/src/Si7020_Sensor.o
                                0x49e (size before relaxing)

.debug_loc      0x00000000     0x4c11
 *(.debug_loc)
 .debug_loc     0x00000000       0x7e ATMOS.o
 .debug_loc     0x0000007e      0xb0f devices/src/BMP280.o
 .debug_loc     0x00000b8d      0x66e devices/src/Si7020.o
 .debug_loc     0x000011fb       0x42 drivers/src/ADC.o
 .debug_loc     0x0000123d      0x358 drivers/src/int_timer.o
 .debug_loc     0x00001595       0x2d drivers/src/SPI.o
 .debug_loc     0x000015c2      0x471 drivers/src/TWI.o
 .debug_loc     0x00001a33       0xa0 drivers/src/usart0.o
 .debug_loc     0x00001ad3       0x21 hal/atmega256rfr2/src/hal.o
 .debug_loc     0x00001af4       0x62 hal/atmega256rfr2/src/halTimer.o
 .debug_loc     0x00001b56      0x14d nwk/src/nwk.o
 .debug_loc     0x00001ca3      0x147 nwk/src/nwkDataReq.o
 .debug_loc     0x00001dea       0xf6 nwk/src/nwkFrame.o
 .debug_loc     0x00001ee0      0x460 nwk/src/nwkRx.o
 .debug_loc     0x00002340      0x6b5 nwk/src/nwkTx.o
 .debug_loc     0x000029f5      0x31d phy/atmegarfr2/src/phy.o
 .debug_loc     0x00002d12      0x29e scheduler/src/handler.o
 .debug_loc     0x00002fb0      0x60c scheduler/src/scheduler.o
 .debug_loc     0x000035bc      0x432 sys/src/sysTimer.o
 .debug_loc     0x000039ee       0xd6 utilities/src/common.o
 .debug_loc     0x00003ac4      0x39f utilities/src/llist.o
 .debug_loc     0x00003e63      0x3f0 wrapper/other-device/src/DemoStorage_Device.o
 .debug_loc     0x00004253      0x1fe wrapper/other-device/src/LoadData_Device.o
 .debug_loc     0x00004451      0x349 wrapper/sensor/src/BMP280_Sensor.o
 .debug_loc     0x0000479a      0x477 wrapper/sensor/src/Si7020_Sensor.o

.debug_macinfo
 *(.debug_macinfo)

.debug_weaknames
 *(.debug_weaknames)

.debug_funcnames
 *(.debug_funcnames)

.debug_typenames
 *(.debug_typenames)

.debug_varnames
 *(.debug_varnames)

.debug_pubtypes
 *(.debug_pubtypes)

.debug_ranges   0x00000000      0x788
 *(.debug_ranges)
 .debug_ranges  0x00000000       0x10 ATMOS.o
 .debug_ranges  0x00000010       0xa0 devices/src/BMP280.o
 .debug_ranges  0x000000b0       0x70 devices/src/Si7020.o
 .debug_ranges  0x00000120       0x28 drivers/src/ADC.o
 .debug_ranges  0x00000148       0x30 drivers/src/int_timer.o
 .debug_ranges  0x00000178       0x30 drivers/src/PWR.o
 .debug_ranges  0x000001a8       0x20 drivers/src/SPI.o
 .debug_ranges  0x000001c8       0x50 drivers/src/TWI.o
 .debug_ranges  0x00000218       0x38 drivers/src/usart0.o
 .debug_ranges  0x00000250       0x18 hal/atmega256rfr2/src/hal.o
 .debug_ranges  0x00000268       0x20 hal/atmega256rfr2/src/halTimer.o
 .debug_ranges  0x00000288       0x60 nwk/src/nwk.o
 .debug_ranges  0x000002e8       0x28 nwk/src/nwkDataReq.o
 .debug_ranges  0x00000310       0x30 nwk/src/nwkFrame.o
 .debug_ranges  0x00000340       0xd0 nwk/src/nwkRx.o
 .debug_ranges  0x00000410       0x68 nwk/src/nwkTx.o
 .debug_ranges  0x00000478       0x78 phy/atmegarfr2/src/phy.o
 .debug_ranges  0x000004f0       0x20 scheduler/src/handler.o
 .debug_ranges  0x00000510       0x40 scheduler/src/scheduler.o
 .debug_ranges  0x00000550       0x18 sys/src/sys.o
 .debug_ranges  0x00000568       0x70 sys/src/sysTimer.o
 .debug_ranges  0x000005d8       0x10 utilities/src/common.o
 .debug_ranges  0x000005e8       0x40 utilities/src/llist.o
 .debug_ranges  0x00000628       0x68 wrapper/other-device/src/DemoStorage_Device.o
 .debug_ranges  0x00000690       0x48 wrapper/other-device/src/LoadData_Device.o
 .debug_ranges  0x000006d8       0x58 wrapper/sensor/src/BMP280_Sensor.o
 .debug_ranges  0x00000730       0x58 wrapper/sensor/src/Si7020_Sensor.o

.debug_macro
 *(.debug_macro)
OUTPUT(ATMOS.elf elf32-avr)
LOAD linker stubs
