Archive member included to satisfy reference by file (symbol)

c:/program files (x86)/atmel/studio/7.0/toolchain/avr8/avr8-gnu-toolchain/bin/../lib/gcc/avr/4.9.2/../../../../avr/lib/avr5\libm.a(addsf3.o)
                              drivers/src/ADC.o (__subsf3)
c:/program files (x86)/atmel/studio/7.0/toolchain/avr8/avr8-gnu-toolchain/bin/../lib/gcc/avr/4.9.2/../../../../avr/lib/avr5\libm.a(addsf3x.o)
                              c:/program files (x86)/atmel/studio/7.0/toolchain/avr8/avr8-gnu-toolchain/bin/../lib/gcc/avr/4.9.2/../../../../avr/lib/avr5\libm.a(addsf3.o) (__addsf3x)
c:/program files (x86)/atmel/studio/7.0/toolchain/avr8/avr8-gnu-toolchain/bin/../lib/gcc/avr/4.9.2/../../../../avr/lib/avr5\libm.a(cmpsf2.o)
                              devices/old-sensor/BMP280.o (__ltsf2)
c:/program files (x86)/atmel/studio/7.0/toolchain/avr8/avr8-gnu-toolchain/bin/../lib/gcc/avr/4.9.2/../../../../avr/lib/avr5\libm.a(divsf3.o)
                              devices/old-sensor/BMP280.o (__divsf3)
c:/program files (x86)/atmel/studio/7.0/toolchain/avr8/avr8-gnu-toolchain/bin/../lib/gcc/avr/4.9.2/../../../../avr/lib/avr5\libm.a(divsf3x.o)
                              c:/program files (x86)/atmel/studio/7.0/toolchain/avr8/avr8-gnu-toolchain/bin/../lib/gcc/avr/4.9.2/../../../../avr/lib/avr5\libm.a(divsf3.o) (__divsf3x)
c:/program files (x86)/atmel/studio/7.0/toolchain/avr8/avr8-gnu-toolchain/bin/../lib/gcc/avr/4.9.2/../../../../avr/lib/avr5\libm.a(fixsfsi.o)
                              drivers/src/int_timer.o (__fixsfsi)
c:/program files (x86)/atmel/studio/7.0/toolchain/avr8/avr8-gnu-toolchain/bin/../lib/gcc/avr/4.9.2/../../../../avr/lib/avr5\libm.a(fixunssfsi.o)
                              c:/program files (x86)/atmel/studio/7.0/toolchain/avr8/avr8-gnu-toolchain/bin/../lib/gcc/avr/4.9.2/../../../../avr/lib/avr5\libm.a(fixsfsi.o) (__fixunssfsi)
c:/program files (x86)/atmel/studio/7.0/toolchain/avr8/avr8-gnu-toolchain/bin/../lib/gcc/avr/4.9.2/../../../../avr/lib/avr5\libm.a(floatsisf.o)
                              drivers/src/ADC.o (__floatunsisf)
c:/program files (x86)/atmel/studio/7.0/toolchain/avr8/avr8-gnu-toolchain/bin/../lib/gcc/avr/4.9.2/../../../../avr/lib/avr5\libm.a(fp_cmp.o)
                              c:/program files (x86)/atmel/studio/7.0/toolchain/avr8/avr8-gnu-toolchain/bin/../lib/gcc/avr/4.9.2/../../../../avr/lib/avr5\libm.a(cmpsf2.o) (__fp_cmp)
c:/program files (x86)/atmel/studio/7.0/toolchain/avr8/avr8-gnu-toolchain/bin/../lib/gcc/avr/4.9.2/../../../../avr/lib/avr5\libm.a(fp_inf.o)
                              c:/program files (x86)/atmel/studio/7.0/toolchain/avr8/avr8-gnu-toolchain/bin/../lib/gcc/avr/4.9.2/../../../../avr/lib/avr5\libm.a(addsf3x.o) (__fp_inf)
c:/program files (x86)/atmel/studio/7.0/toolchain/avr8/avr8-gnu-toolchain/bin/../lib/gcc/avr/4.9.2/../../../../avr/lib/avr5\libm.a(fp_nan.o)
                              c:/program files (x86)/atmel/studio/7.0/toolchain/avr8/avr8-gnu-toolchain/bin/../lib/gcc/avr/4.9.2/../../../../avr/lib/avr5\libm.a(addsf3x.o) (__fp_nan)
c:/program files (x86)/atmel/studio/7.0/toolchain/avr8/avr8-gnu-toolchain/bin/../lib/gcc/avr/4.9.2/../../../../avr/lib/avr5\libm.a(fp_pscA.o)
                              c:/program files (x86)/atmel/studio/7.0/toolchain/avr8/avr8-gnu-toolchain/bin/../lib/gcc/avr/4.9.2/../../../../avr/lib/avr5\libm.a(addsf3x.o) (__fp_pscA)
c:/program files (x86)/atmel/studio/7.0/toolchain/avr8/avr8-gnu-toolchain/bin/../lib/gcc/avr/4.9.2/../../../../avr/lib/avr5\libm.a(fp_pscB.o)
                              c:/program files (x86)/atmel/studio/7.0/toolchain/avr8/avr8-gnu-toolchain/bin/../lib/gcc/avr/4.9.2/../../../../avr/lib/avr5\libm.a(addsf3x.o) (__fp_pscB)
c:/program files (x86)/atmel/studio/7.0/toolchain/avr8/avr8-gnu-toolchain/bin/../lib/gcc/avr/4.9.2/../../../../avr/lib/avr5\libm.a(fp_round.o)
                              c:/program files (x86)/atmel/studio/7.0/toolchain/avr8/avr8-gnu-toolchain/bin/../lib/gcc/avr/4.9.2/../../../../avr/lib/avr5\libm.a(addsf3.o) (__fp_round)
c:/program files (x86)/atmel/studio/7.0/toolchain/avr8/avr8-gnu-toolchain/bin/../lib/gcc/avr/4.9.2/../../../../avr/lib/avr5\libm.a(fp_split3.o)
                              c:/program files (x86)/atmel/studio/7.0/toolchain/avr8/avr8-gnu-toolchain/bin/../lib/gcc/avr/4.9.2/../../../../avr/lib/avr5\libm.a(addsf3x.o) (__fp_split3)
c:/program files (x86)/atmel/studio/7.0/toolchain/avr8/avr8-gnu-toolchain/bin/../lib/gcc/avr/4.9.2/../../../../avr/lib/avr5\libm.a(fp_zero.o)
                              c:/program files (x86)/atmel/studio/7.0/toolchain/avr8/avr8-gnu-toolchain/bin/../lib/gcc/avr/4.9.2/../../../../avr/lib/avr5\libm.a(addsf3x.o) (__fp_zero)
c:/program files (x86)/atmel/studio/7.0/toolchain/avr8/avr8-gnu-toolchain/bin/../lib/gcc/avr/4.9.2/../../../../avr/lib/avr5\libm.a(gesf2.o)
                              devices/old-sensor/BMP280.o (__gtsf2)
[...]
Memory Configuration

Name             Origin             Length             Attributes
text             0x00000000         0x00020000         xr
data             0x00800060         0x0000ffa0         rw !x
eeprom           0x00810000         0x00010000         rw !x
fuse             0x00820000         0x00000400         rw !x
lock             0x00830000         0x00000400         rw !x
signature        0x00840000         0x00000400         rw !x
user_signatures  0x00850000         0x00000400         rw !x
*default*        0x00000000         0xffffffff

Linker script and memory map

Address of section .data set to 0x800200
LOAD C:/Program Files (x86)/Atmel/Studio/7.0/Packs/atmel/ATmega_DFP/1.0.98/gcc/dev/atmega644rfr2/avr5/crtatmega644rfr2.o
LOAD ATMOS.o
LOAD drivers/src/ADC.o
LOAD drivers/src/int_timer.o
LOAD drivers/src/PWR.o
LOAD drivers/src/SPI.o
LOAD drivers/src/TWI.o
LOAD drivers/src/usart0.o
LOAD hal/atmega256rfr2/src/hal.o
LOAD hal/atmega256rfr2/src/halTimer.o
LOAD nwk/src/nwk.o
LOAD nwk/src/nwkDataReq.o
LOAD nwk/src/nwkFrame.o
LOAD nwk/src/nwkGroup.o
LOAD nwk/src/nwkRoute.o
LOAD nwk/src/nwkRouteDiscovery.o
LOAD nwk/src/nwkRx.o
LOAD nwk/src/nwkSecurity.o
LOAD nwk/src/nwkTx.o
LOAD phy/atmegarfr2/src/phy.o
LOAD scheduler/src/handler.o
LOAD scheduler/src/scheduler.o
LOAD sys/src/sys.o
LOAD sys/src/sysEncrypt.o
LOAD sys/src/sysTimer.o
LOAD utilities/src/common.o
LOAD utilities/src/llist.o
LOAD utilities/src/time.o
LOAD devices/base-class/src/Base_Device.o
LOAD devices/base-class/src/Base_Sensor.o
LOAD devices/old-sensor/BMP280.o
LOAD devices/old-sensor/K30.o
LOAD devices/old-sensor/Si7020.o
LOAD devices/old-sensor/TGS2600.o
LOAD devices/other-device/src/DemoStorage_Device.o
LOAD devices/other-device/src/LoadData_Device.o
LOAD devices/other-device/src/My_Device.o
LOAD devices/sensor/src/BMP280_Sensor.o
LOAD devices/sensor/src/My_Sensor.o
LOAD devices/sensor/src/Si7020_Sensor.o
START GROUP
LOAD c:/program files (x86)/atmel/studio/7.0/toolchain/avr8/avr8-gnu-toolchain/bin/../lib/gcc/avr/4.9.2/../../../../avr/lib/avr5\libm.a
LOAD c:/program files (x86)/atmel/studio/7.0/toolchain/avr8/avr8-gnu-toolchain/bin/../lib/gcc/avr/4.9.2/../../../../avr/lib/avr5\libprintf_flt.a
END GROUP
START GROUP
LOAD c:/program files (x86)/atmel/studio/7.0/toolchain/avr8/avr8-gnu-toolchain/bin/../lib/gcc/avr/4.9.2/avr5\libgcc.a
LOAD c:/program files (x86)/atmel/studio/7.0/toolchain/avr8/avr8-gnu-toolchain/bin/../lib/gcc/avr/4.9.2/../../../../avr/lib/avr5\libm.a
LOAD c:/program files (x86)/atmel/studio/7.0/toolchain/avr8/avr8-gnu-toolchain/bin/../lib/gcc/avr/4.9.2/../../../../avr/lib/avr5\libc.a
LOAD C:/Program Files (x86)/Atmel/Studio/7.0/Packs/atmel/ATmega_DFP/1.0.98/gcc/dev/atmega644rfr2/avr5\libatmega644rfr2.a
END GROUP

.hash
 *(.hash)

.dynsym
 *(.dynsym)

.dynstr
 *(.dynstr)

.gnu.version
 *(.gnu.version)

.gnu.version_d
 *(.gnu.version_d)

.gnu.version_r
 *(.gnu.version_r)

.rel.init
 *(.rel.init)

.rela.init
 *(.rela.init)

.rel.text
 *(.rel.text)
 *(.rel.text.*)
 *(.rel.gnu.linkonce.t*)

.rela.text
 *(.rela.text)
 *(.rela.text.*)
 *(.rela.gnu.linkonce.t*)

.rel.fini
 *(.rel.fini)

.rela.fini
 *(.rela.fini)

.rel.rodata
 *(.rel.rodata)
 *(.rel.rodata.*)
 *(.rel.gnu.linkonce.r*)

.rela.rodata
 *(.rela.rodata)
 *(.rela.rodata.*)
 *(.rela.gnu.linkonce.r*)

.rel.data
 *(.rel.data)
 *(.rel.data.*)
 *(.rel.gnu.linkonce.d*)

.rela.data
 *(.rela.data)
 *(.rela.data.*)
 *(.rela.gnu.linkonce.d*)

.rel.ctors
 *(.rel.ctors)

.rela.ctors
 *(.rela.ctors)

.rel.dtors
 *(.rel.dtors)

.rela.dtors
 *(.rela.dtors)

.rel.got
 *(.rel.got)

.rela.got
 *(.rela.got)

.rel.bss
 *(.rel.bss)

.rela.bss
 *(.rela.bss)

.rel.plt
 *(.rel.plt)

.rela.plt
 *(.rela.plt)

.text           0x00000000     0x3c72
 *(.vectors)
 .vectors       0x00000000      0x134 C:/Program Files (x86)/Atmel/Studio/7.0/Packs/atmel/ATmega_DFP/1.0.98/gcc/dev/atmega644rfr2/avr5/crtatmega644rfr2.o
                0x00000000                __vector_default
                0x00000000                __vectors
 *(.vectors)
 *(.progmem.gcc*)
                0x00000134                . = ALIGN (0x2)
                0x00000134                __trampolines_start = .
 *(.trampolines)
 .trampolines   0x00000134        0x0 linker stubs
 *(.trampolines*)
                0x00000134                __trampolines_end = .
 *(.progmem*)
 .progmem.data  0x00000134        0x8 c:/program files (x86)/atmel/studio/7.0/toolchain/avr8/avr8-gnu-toolchain/bin/../lib/gcc/avr/4.9.2/../../../../avr/lib/avr5\libprintf_flt.a(vfprintf_flt.o)
 .progmem.data  0x0000013c       0xfa c:/program files (x86)/atmel/studio/7.0/toolchain/avr8/avr8-gnu-toolchain/bin/../lib/gcc/avr/4.9.2/../../../../avr/lib/avr5\libc.a(ftoa_engine.o)
                0x00000236                . = ALIGN (0x2)
 *(.jumptables)
 *(.jumptables*)
 *(.lowtext)
 *(.lowtext*)
                0x00000236                __ctors_start = .
 *(.ctors)
                0x00000236                __ctors_end = .
                0x00000236                __dtors_start = .
 *(.dtors)
                0x00000236                __dtors_end = .
 SORT(*)(.ctors)
 SORT(*)(.dtors)
 *(.init0)
 .init0         0x00000236        0x0 C:/Program Files (x86)/Atmel/Studio/7.0/Packs/atmel/ATmega_DFP/1.0.98/gcc/dev/atmega644rfr2/avr5/crtatmega644rfr2.o
                0x00000236                __init
 *(.init0)
 *(.init1)
 *(.init1)
 *(.init2)
 .init2         0x00000236        0xc C:/Program Files (x86)/Atmel/Studio/7.0/Packs/atmel/ATmega_DFP/1.0.98/gcc/dev/atmega644rfr2/avr5/crtatmega644rfr2.o
 *(.init2)
 *(.init3)
 *(.init3)
 *(.init4)
 .init4         0x00000242       0x16 c:/program files (x86)/atmel/studio/7.0/toolchain/avr8/avr8-gnu-toolchain/bin/../lib/gcc/avr/4.9.2/avr5\libgcc.a(_copy_data.o)
                0x00000242                __do_copy_data
 .init4         0x00000258       0x10 c:/program files (x86)/atmel/studio/7.0/toolchain/avr8/avr8-gnu-toolchain/bin/../lib/gcc/avr/4.9.2/avr5\libgcc.a(_clear_bss.o)
                0x00000258                __do_clear_bss
 *(.init4)
 *(.init5)
 *(.init5)
 *(.init6)
 *(.init6)
 *(.init7)
 *(.init7)
 *(.init8)
 *(.init8)
 *(.init9)
 .init9         0x00000268        0x8 C:/Program Files (x86)/Atmel/Studio/7.0/Packs/atmel/ATmega_DFP/1.0.98/gcc/dev/atmega644rfr2/avr5/crtatmega644rfr2.o
 *(.init9)
 *(.text)
 .text          0x00000270        0x4 C:/Program Files (x86)/Atmel/Studio/7.0/Packs/atmel/ATmega_DFP/1.0.98/gcc/dev/atmega644rfr2/avr5/crtatmega644rfr2.o
                0x00000270                __vector_38
                0x00000270                __vector_22
                0x00000270                __vector_63
                0x00000270                __vector_28
                0x00000270                __vector_67
                0x00000270                __vector_1
                0x00000270                __vector_32
                0x00000270                __vector_75
                0x00000270                __vector_71
                0x00000270                __vector_34
                0x00000270                __vector_62
                0x00000270                __vector_24
                0x00000270                __vector_12
                0x00000270                __vector_55
                0x00000270                __vector_69
                0x00000270                __vector_46
                0x00000270                __bad_interrupt
                0x00000270                __vector_72
                0x00000270                __vector_6
                0x00000270                __vector_31
                0x00000270                __vector_35
                0x00000270                __vector_74
                0x00000270                __vector_39
                0x00000270                __vector_3
                0x00000270                __vector_23
                0x00000270                __vector_68
                0x00000270                __vector_30
                0x00000270                __vector_73
                0x00000270                __vector_45
                0x00000270                __vector_25
                0x00000270                __vector_61
                0x00000270                __vector_11
                0x00000270                __vector_54
                0x00000270                __vector_13
                0x00000270                __vector_17
                0x00000270                __vector_19
                0x00000270                __vector_56
                0x00000270                __vector_7
                0x00000270                __vector_49
                0x00000270                __vector_41
                0x00000270                __vector_64
                0x00000270                __vector_43
                0x00000270                __vector_27
                0x00000270                __vector_5
                0x00000270                __vector_33
                0x00000270                __vector_76
                0x00000270                __vector_47
                0x00000270                __vector_52
                0x00000270                __vector_37
                0x00000270                __vector_4
                0x00000270                __vector_44
                0x00000270                __vector_51
                0x00000270                __vector_9
                0x00000270                __vector_2
                0x00000270                __vector_21
                0x00000270                __vector_66
                0x00000270                __vector_36
                0x00000270                __vector_58
                0x00000270                __vector_70
                0x00000270                __vector_29
                0x00000270                __vector_60
                0x00000270                __vector_40
                0x00000270                __vector_8
                0x00000270                __vector_26
                0x00000270                __vector_48
                0x00000270                __vector_14
                0x00000270                __vector_57
                0x00000270                __vector_53
                0x00000270                __vector_10
                0x00000270                __vector_50
                0x00000270                __vector_16
                0x00000270                __vector_59
                0x00000270                __vector_18
                0x00000270                __vector_20
                0x00000270                __vector_65
                0x00000274                . = ALIGN (0x2)
 *(.text.*)
 .text.init_parameter
                0x00000274       0xb8 ATMOS.o
                0x00000274                init_parameter
 .text.main     0x0000032c      0x12c ATMOS.o
                0x0000032c                main
 .text.ADC_Init
                0x00000458       0x18 drivers/src/ADC.o
                0x00000458                ADC_Init
 .text.__vector_15
                0x00000470       0x8a drivers/src/int_timer.o
                0x00000470                __vector_15
 .text.init_Event_Timer
                0x000004fa       0x2e drivers/src/int_timer.o
                0x000004fa                init_Event_Timer
 .text.general_set_timer
                0x00000528      0x1c6 drivers/src/int_timer.o
                0x00000528                general_set_timer
 .text.init_set_timer
                0x000006ee       0x10 drivers/src/int_timer.o
                0x000006ee                init_set_timer
 .text.set_timer
                0x000006fe       0x42 drivers/src/int_timer.o
                0x000006fe                set_timer
 .text.PWR_Init
                0x00000740        0x8 drivers/src/PWR.o
                0x00000740                PWR_Init
 .text.PWR_TurnOn5V
                0x00000748        0x4 drivers/src/PWR.o
                0x00000748                PWR_TurnOn5V
 .text.SPI_SlaveInit
                0x0000074c        0x8 drivers/src/SPI.o
                0x0000074c                SPI_SlaveInit
 .text.TWI_Init
                0x00000754       0x3c drivers/src/TWI.o
                0x00000754                TWI_Init
 .text.TWI_WriteByte
                0x00000790       0x1c drivers/src/TWI.o
                0x00000790                TWI_WriteByte
 .text.TWI_BeginWrite
                0x000007ac       0x3a drivers/src/TWI.o
                0x000007ac                TWI_BeginWrite
 .text.TWI_BeginRead
                0x000007e6       0x30 drivers/src/TWI.o
                0x000007e6                TWI_BeginRead
 .text.TWI_ReadAck
                0x00000816       0x20 drivers/src/TWI.o
                0x00000816                TWI_ReadAck
 .text.TWI_ReadNack
                0x00000836       0x20 drivers/src/TWI.o
                0x00000836                TWI_ReadNack
 .text.TWI_Stop
                0x00000856        0xa drivers/src/TWI.o
                0x00000856                TWI_Stop
 .text.TWI_Read
                0x00000860       0x78 drivers/src/TWI.o
                0x00000860                TWI_Read
 .text.TWI_Write
                0x000008d8       0x34 drivers/src/TWI.o
                0x000008d8                TWI_Write
 .text.USART0_Init
                0x0000090c       0x5a drivers/src/usart0.o
                0x0000090c                USART0_Init
 .text.USART0_Transmit
                0x00000966       0x10 drivers/src/usart0.o
                0x00000966                USART0_Transmit
 .text.USART0_putchar_printf
                0x00000976       0x1c drivers/src/usart0.o
                0x00000976                USART0_putchar_printf
 .text.HAL_Init
                0x00000992       0x2a hal/atmega256rfr2/src/hal.o
                0x00000992                HAL_Init
 .text.HAL_TimerInit
                0x000009bc       0x2a hal/atmega256rfr2/src/halTimer.o
                0x000009bc                HAL_TimerInit
 .text.__vector_42
                0x000009e6       0x22 hal/atmega256rfr2/src/halTimer.o
                0x000009e6                __vector_42
 .text.NWK_Init
                0x00000a08       0x34 nwk/src/nwk.o
                0x00000a08                NWK_Init
 .text.NWK_OpenEndpoint
                0x00000a3c       0x12 nwk/src/nwk.o
                0x00000a3c                NWK_OpenEndpoint
 .text.nwkDataReqInit
                0x00000a4e        0xa nwk/src/nwkDataReq.o
                0x00000a4e                nwkDataReqInit
 .text.nwkFrameInit
                0x00000a58       0x16 nwk/src/nwkFrame.o
                0x00000a58                nwkFrameInit
 .text.nwkFrameNext
                0x00000a6e       0x44 nwk/src/nwkFrame.o
                0x00000a6e                nwkFrameNext
 .text.nwkRxServiceDataInd
                0x00000ab2       0x28 nwk/src/nwkRx.o
 .text.nwkRxDuplicateRejectionTimerHandler
                0x00000ada       0x2e nwk/src/nwkRx.o
 .text.nwkRxInit
                0x00000b08       0x3c nwk/src/nwkRx.o
                0x00000b08                nwkRxInit
 .text.nwkTxDelayTimerHandler
                0x00000b44       0x5c nwk/src/nwkTx.o
 .text.nwkTxAckWaitTimerHandler
                0x00000ba0       0x68 nwk/src/nwkTx.o
 .text.nwkTxInit
                0x00000c08       0x46 nwk/src/nwkTx.o
                0x00000c08                nwkTxInit
 .text.nwkTxAckReceived
                0x00000c4e       0x4a nwk/src/nwkTx.o
                0x00000c4e                nwkTxAckReceived
 .text.phyTrxSetState
                0x00000c98       0x24 phy/atmegarfr2/src/phy.o
 .text.PHY_Init
                0x00000cbc       0x30 phy/atmegarfr2/src/phy.o
                0x00000cbc                PHY_Init
 .text.sensor_handler
                0x00000cec      0x102 scheduler/src/handler.o
                0x00000cec                sensor_handler
 .text.device_handler
                0x00000dee       0x98 scheduler/src/handler.o
                0x00000dee                device_handler
 .text.init_timeoutq
                0x00000e86       0x58 scheduler/src/scheduler.o
                0x00000e86                init_timeoutq
 .text.next_event_time_collapse
                0x00000ede       0x2c scheduler/src/scheduler.o
                0x00000ede                next_event_time_collapse
 .text.get_next_interval
                0x00000f0a       0x3a scheduler/src/scheduler.o
                0x00000f0a                get_next_interval
 .text.insert_timeoutq_event
                0x00000f44       0x72 scheduler/src/scheduler.o
                0x00000f44                insert_timeoutq_event
 .text.load_new_sensor
                0x00000fb6       0x6c scheduler/src/scheduler.o
                0x00000fb6                load_new_sensor
 .text.load_new_device
                0x00001022       0x70 scheduler/src/scheduler.o
                0x00001022                load_new_device
 .text.handle_timeoutq_event
                0x00001092      0x104 scheduler/src/scheduler.o
                0x00001092                handle_timeoutq_event
 .text.SYS_Init
                0x00001196       0x12 sys/src/sys.o
                0x00001196                SYS_Init
 .text.placeTimer
                0x000011a8       0xc8 sys/src/sysTimer.o
 .text.SYS_TimerInit
                0x00001270        0xa sys/src/sysTimer.o
                0x00001270                SYS_TimerInit
 .text.SYS_TimerStarted
                0x0000127a       0x34 sys/src/sysTimer.o
                0x0000127a                SYS_TimerStarted
 .text.SYS_TimerStart
                0x000012ae       0x1a sys/src/sysTimer.o
                0x000012ae                SYS_TimerStart
 .text.check_crc
                0x000012c8       0x38 utilities/src/common.o
                0x000012c8                check_crc
 .text.ll_first
                0x00001300       0x12 utilities/src/llist.o
                0x00001300                ll_first
 .text.ll_r_insert
                0x00001312       0x26 utilities/src/llist.o
                0x00001312                ll_r_insert
 .text.ll_detach
                0x00001338       0x46 utilities/src/llist.o
                0x00001338                ll_detach
 .text.ll_pop   0x0000137e       0x18 utilities/src/llist.o
                0x0000137e                ll_pop
 .text.calcDate
                0x00001396      0x332 utilities/src/time.o
                0x00001396                calcDate
 .text.updateTime
                0x000016c8       0x6a utilities/src/time.o
                0x000016c8                updateTime
 .text.init_timestamp
                0x00001732       0x14 utilities/src/time.o
                0x00001732                init_timestamp
 .text.fctn_getStartNum
                0x00001746        0x8 devices/base-class/src/Base_Sensor.o
                0x00001746                fctn_getStartNum
 .text.fctn_getEndNum
                0x0000174e       0x10 devices/base-class/src/Base_Sensor.o
                0x0000174e                fctn_getEndNum
 .text.BMP280_ReadBytes
                0x0000175e       0x54 devices/old-sensor/BMP280.o
 .text.BMP280_ReadInt
                0x000017b2       0x4a devices/old-sensor/BMP280.o
 .text.BMP280_Init
                0x000017fc      0x1c0 devices/old-sensor/BMP280.o
                0x000017fc                BMP280_Init
 .text.BMP280_SetOversampling
                0x000019bc        0xc devices/old-sensor/BMP280.o
                0x000019bc                BMP280_SetOversampling
 .text.BMP280_StartMeasurment
                0x000019c8       0xd4 devices/old-sensor/BMP280.o
                0x000019c8                BMP280_StartMeasurment
 .text.BMP280_GetUnPT
                0x00001a9c      0x14c devices/old-sensor/BMP280.o
                0x00001a9c                BMP280_GetUnPT
 .text.BMP280_CalcTemperature
                0x00001be8      0x186 devices/old-sensor/BMP280.o
                0x00001be8                BMP280_CalcTemperature
 .text.BMP280_CalcPressure
                0x00001d6e      0x2ec devices/old-sensor/BMP280.o
                0x00001d6e                BMP280_CalcPressure
 .text.BMP280_GetTemperatureAndPressure
                0x0000205a       0x8c devices/old-sensor/BMP280.o
                0x0000205a                BMP280_GetTemperatureAndPressure
 .text.Si7020_readHumidity
                0x000020e6       0x64 devices/old-sensor/Si7020.o
                0x000020e6                Si7020_readHumidity
 .text.Si7020_calHumidity
                0x0000214a       0x3c devices/old-sensor/Si7020.o
                0x0000214a                Si7020_calHumidity
 .text.Si7020_readTemperature
                0x00002186       0x64 devices/old-sensor/Si7020.o
                0x00002186                Si7020_readTemperature
 .text.Si7020_calTemperature
                0x000021ea       0x3c devices/old-sensor/Si7020.o
                0x000021ea                Si7020_calTemperature
 .text.DemoStorage_Device_VTinit
                0x00002226        0xc devices/other-device/src/DemoStorage_Device.o
                0x00002226                DemoStorage_Device_VTinit
 .text.DemoStorage_Device_init
                0x00002232        0x6 devices/other-device/src/DemoStorage_Device.o
                0x00002232                DemoStorage_Device_init
 .text.DemoStorage_Device_reset
                0x00002238        0x6 devices/other-device/src/DemoStorage_Device.o
                0x00002238                DemoStorage_Device_reset
 .text.DemoStorage_Device_getType
                0x0000223e        0x6 devices/other-device/src/DemoStorage_Device.o
                0x0000223e                DemoStorage_Device_getType
 .text.DemoStorage_Device_Tinit
                0x00002244        0xc devices/other-device/src/DemoStorage_Device.o
                0x00002244                DemoStorage_Device_Tinit
 .text.DemoStorage_Device_Configure
                0x00002250        0x6 devices/other-device/src/DemoStorage_Device.o
                0x00002250                DemoStorage_Device_Configure
 .text.DemoStorageget_CurDataUnit
                0x00002256       0x4e devices/other-device/src/DemoStorage_Device.o
                0x00002256                DemoStorageget_CurDataUnit
 .text.DemoStorage_Device_Execute
                0x000022a4      0x19a devices/other-device/src/DemoStorage_Device.o
                0x000022a4                DemoStorage_Device_Execute
 .text.New_DemoStorage_Device
                0x0000243e       0xc2 devices/other-device/src/DemoStorage_Device.o
                0x0000243e                New_DemoStorage_Device
 .text.LoadData_Device_VTinit
                0x00002500        0xc devices/other-device/src/LoadData_Device.o
                0x00002500                LoadData_Device_VTinit
 .text.LoadData_Device_init
                0x0000250c        0x6 devices/other-device/src/LoadData_Device.o
                0x0000250c                LoadData_Device_init
 .text.LoadData_Device_reset
                0x00002512        0x6 devices/other-device/src/LoadData_Device.o
                0x00002512                LoadData_Device_reset
 .text.LoadData_Device_getType
                0x00002518        0x6 devices/other-device/src/LoadData_Device.o
                0x00002518                LoadData_Device_getType
 .text.LoadData_Device_Tinit
                0x0000251e        0xc devices/other-device/src/LoadData_Device.o
                0x0000251e                LoadData_Device_Tinit
 .text.LoadData_Device_Configure
                0x0000252a        0x6 devices/other-device/src/LoadData_Device.o
                0x0000252a                LoadData_Device_Configure
 .text.LoadData_Device_Execute
                0x00002530       0xcc devices/other-device/src/LoadData_Device.o
                0x00002530                LoadData_Device_Execute
 .text.New_LoadData_Device
                0x000025fc       0x3a devices/other-device/src/LoadData_Device.o
                0x000025fc                New_LoadData_Device
 .text.BMP280_FctnInit
                0x00002636        0xc devices/sensor/src/BMP280_Sensor.o
                0x00002636                BMP280_FctnInit
 .text.BMP280_Configure
                0x00002642        0x6 devices/sensor/src/BMP280_Sensor.o
                0x00002642                BMP280_Configure
 .text.BMP280_VTinit
                0x00002648        0xc devices/sensor/src/BMP280_Sensor.o
                0x00002648                BMP280_VTinit
 .text.BMP280_reset
                0x00002654        0x6 devices/sensor/src/BMP280_Sensor.o
                0x00002654                BMP280_reset
 .text.BMP280_getType
                0x0000265a        0x6 devices/sensor/src/BMP280_Sensor.o
                0x0000265a                BMP280_getType
 .text.BMP280_Error
                0x00002660        0xe devices/sensor/src/BMP280_Sensor.o
                0x00002660                BMP280_Error
 .text.BMP280_init
                0x0000266e        0xe devices/sensor/src/BMP280_Sensor.o
                0x0000266e                BMP280_init
 .text.BMP280_Request
                0x0000267c       0x40 devices/sensor/src/BMP280_Sensor.o
                0x0000267c                BMP280_Request
 .text.BMP280_Collect
                0x000026bc       0xec devices/sensor/src/BMP280_Sensor.o
                0x000026bc                BMP280_Collect
 .text.New_BMP280_Sensor
                0x000027a8       0x84 devices/sensor/src/BMP280_Sensor.o
                0x000027a8                New_BMP280_Sensor
 .text.Si7020_FctnInit
                0x0000282c        0xc devices/sensor/src/Si7020_Sensor.o
                0x0000282c                Si7020_FctnInit
 .text.Si7020_Configure
                0x00002838        0x6 devices/sensor/src/Si7020_Sensor.o
                0x00002838                Si7020_Configure
 .text.Si7020_Error
                0x0000283e        0x6 devices/sensor/src/Si7020_Sensor.o
                0x0000283e                Si7020_Error
 .text.Si7020_VTinit
                0x00002844        0xc devices/sensor/src/Si7020_Sensor.o
                0x00002844                Si7020_VTinit
 .text.Si7020_reset
                0x00002850        0x6 devices/sensor/src/Si7020_Sensor.o
                0x00002850                Si7020_reset
 .text.Si7020_getType
                0x00002856        0x6 devices/sensor/src/Si7020_Sensor.o
                0x00002856                Si7020_getType
 .text.Si7020_Init
                0x0000285c        0xe devices/sensor/src/Si7020_Sensor.o
                0x0000285c                Si7020_Init
 .text.Si7020_Request
                0x0000286a       0x2c devices/sensor/src/Si7020_Sensor.o
                0x0000286a                Si7020_Request
 .text.Si7020_Collect
                0x00002896       0xa4 devices/sensor/src/Si7020_Sensor.o
                0x00002896                Si7020_Collect
 .text.New_Si7020_Sensor
                0x0000293a       0x90 devices/sensor/src/Si7020_Sensor.o
                0x0000293a                New_Si7020_Sensor
 .text.avr-libc.fplib
                0x000029ca        0xe c:/program files (x86)/atmel/studio/7.0/toolchain/avr8/avr8-gnu-toolchain/bin/../lib/gcc/avr/4.9.2/../../../../avr/lib/avr5\libm.a(addsf3.o)
                0x000029ca                __subsf3
                0x000029cc                __addsf3
 .text.avr-libc.fplib
                0x000029d8       0xcc c:/program files (x86)/atmel/studio/7.0/toolchain/avr8/avr8-gnu-toolchain/bin/../lib/gcc/avr/4.9.2/../../../../avr/lib/avr5\libm.a(addsf3x.o)
                0x000029fa                __addsf3x
 .text.avr-libc.fplib
                0x00002aa4        0xa c:/program files (x86)/atmel/studio/7.0/toolchain/avr8/avr8-gnu-toolchain/bin/../lib/gcc/avr/4.9.2/../../../../avr/lib/avr5\libm.a(cmpsf2.o)
                0x00002aa4                __nesf2
                0x00002aa4                __eqsf2
                0x00002aa4                __cmpsf2
                0x00002aa4                __ltsf2
                0x00002aa4                __lesf2
 .text.avr-libc.fplib
                0x00002aae        0x8 c:/program files (x86)/atmel/studio/7.0/toolchain/avr8/avr8-gnu-toolchain/bin/../lib/gcc/avr/4.9.2/../../../../avr/lib/avr5\libm.a(divsf3.o)
                0x00002aae                __divsf3
 .text.avr-libc.fplib
                0x00002ab6       0xdc c:/program files (x86)/atmel/studio/7.0/toolchain/avr8/avr8-gnu-toolchain/bin/../lib/gcc/avr/4.9.2/../../../../avr/lib/avr5\libm.a(divsf3x.o)
                0x00002ad6                __divsf3x
                0x00002adc                __divsf3_pse
 .text.avr-libc.fplib
                0x00002b92        0xe c:/program files (x86)/atmel/studio/7.0/toolchain/avr8/avr8-gnu-toolchain/bin/../lib/gcc/avr/4.9.2/../../../../avr/lib/avr5\libm.a(fixsfsi.o)
                0x00002b92                __fixsfsi
 .text.avr-libc.fplib
                0x00002ba0       0x5e c:/program files (x86)/atmel/studio/7.0/toolchain/avr8/avr8-gnu-toolchain/bin/../lib/gcc/avr/4.9.2/../../../../avr/lib/avr5\libm.a(fixunssfsi.o)
                0x00002ba0                __fixunssfsi
 .text.avr-libc.fplib
                0x00002bfe       0x7a c:/program files (x86)/atmel/studio/7.0/toolchain/avr8/avr8-gnu-toolchain/bin/../lib/gcc/avr/4.9.2/../../../../avr/lib/avr5\libm.a(floatsisf.o)
                0x00002bfe                __floatunsisf
                0x00002c02                __floatsisf
 .text.avr-libc.fplib
                0x00002c78       0x48 c:/program files (x86)/atmel/studio/7.0/toolchain/avr8/avr8-gnu-toolchain/bin/../lib/gcc/avr/4.9.2/../../../../avr/lib/avr5\libm.a(fp_cmp.o)
                0x00002c78                __fp_cmp
 .text.avr-libc.fplib
                0x00002cc0        0xc c:/program files (x86)/atmel/studio/7.0/toolchain/avr8/avr8-gnu-toolchain/bin/../lib/gcc/avr/4.9.2/../../../../avr/lib/avr5\libm.a(fp_inf.o)
                0x00002cc0                __fp_inf
 .text.avr-libc.fplib
                0x00002ccc        0x6 c:/program files (x86)/atmel/studio/7.0/toolchain/avr8/avr8-gnu-toolchain/bin/../lib/gcc/avr/4.9.2/../../../../avr/lib/avr5\libm.a(fp_nan.o)
                0x00002ccc                __fp_nan
 .text.avr-libc.fplib
                0x00002cd2        0xe c:/program files (x86)/atmel/studio/7.0/toolchain/avr8/avr8-gnu-toolchain/bin/../lib/gcc/avr/4.9.2/../../../../avr/lib/avr5\libm.a(fp_pscA.o)
                0x00002cd2                __fp_pscA
 .text.avr-libc.fplib
                0x00002ce0        0xe c:/program files (x86)/atmel/studio/7.0/toolchain/avr8/avr8-gnu-toolchain/bin/../lib/gcc/avr/4.9.2/../../../../avr/lib/avr5\libm.a(fp_pscB.o)
                0x00002ce0                __fp_pscB
 .text.avr-libc.fplib
                0x00002cee       0x22 c:/program files (x86)/atmel/studio/7.0/toolchain/avr8/avr8-gnu-toolchain/bin/../lib/gcc/avr/4.9.2/../../../../avr/lib/avr5\libm.a(fp_round.o)
                0x00002cee                __fp_round
 .text.avr-libc.fplib
                0x00002d10       0x44 c:/program files (x86)/atmel/studio/7.0/toolchain/avr8/avr8-gnu-toolchain/bin/../lib/gcc/avr/4.9.2/../../../../avr/lib/avr5\libm.a(fp_split3.o)
                0x00002d10                __fp_split3
                0x00002d20                __fp_splitA
 .text.avr-libc.fplib
                0x00002d54        0xe c:/program files (x86)/atmel/studio/7.0/toolchain/avr8/avr8-gnu-toolchain/bin/../lib/gcc/avr/4.9.2/../../../../avr/lib/avr5\libm.a(fp_zero.o)
                0x00002d54                __fp_zero
                0x00002d56                __fp_szero
 .text.avr-libc.fplib
                0x00002d62        0xa c:/program files (x86)/atmel/studio/7.0/toolchain/avr8/avr8-gnu-toolchain/bin/../lib/gcc/avr/4.9.2/../../../../avr/lib/avr5\libm.a(gesf2.o)
                0x00002d62                __gesf2
                0x00002d62                __gtsf2
 .text.avr-libc.fplib
                0x00002d6c        0x8 c:/program files (x86)/atmel/studio/7.0/toolchain/avr8/avr8-gnu-toolchain/bin/../lib/gcc/avr/4.9.2/../../../../avr/lib/avr5\libm.a(mulsf3.o)
                0x00002d6c                __mulsf3
 .text.avr-libc.fplib
                0x00002d74       0xd2 c:/program files (x86)/atmel/studio/7.0/toolchain/avr8/avr8-gnu-toolchain/bin/../lib/gcc/avr/4.9.2/../../../../avr/lib/avr5\libm.a(mulsf3x.o)
                0x00002d92                __mulsf3x
                0x00002d98                __mulsf3_pse
 .text.avr-libc
                0x00002e46      0x6f8 c:/program files (x86)/atmel/studio/7.0/toolchain/avr8/avr8-gnu-toolchain/bin/../lib/gcc/avr/4.9.2/../../../../avr/lib/avr5\libprintf_flt.a(vfprintf_flt.o)
                0x00002e46                vfprintf
 .text.libgcc.div
                0x0000353e       0x44 c:/program files (x86)/atmel/studio/7.0/toolchain/avr8/avr8-gnu-toolchain/bin/../lib/gcc/avr/4.9.2/avr5\libgcc.a(_udivmodsi4.o)
                0x0000353e                __udivmodsi4
 .text.libgcc.div
                0x00003582       0x2e c:/program files (x86)/atmel/studio/7.0/toolchain/avr8/avr8-gnu-toolchain/bin/../lib/gcc/avr/4.9.2/avr5\libgcc.a(_divmodsi4.o)
                0x00003582                __divmodsi4
 .text.libgcc.div
                0x000035b0       0x10 c:/program files (x86)/atmel/studio/7.0/toolchain/avr8/avr8-gnu-toolchain/bin/../lib/gcc/avr/4.9.2/avr5\libgcc.a(_negsi2.o)
                0x000035b0                __negsi2
 .text.libgcc.mul
                0x000035c0       0x10 c:/program files (x86)/atmel/studio/7.0/toolchain/avr8/avr8-gnu-toolchain/bin/../lib/gcc/avr/4.9.2/avr5\libgcc.a(_mulshisi3.o)
                0x000035c0                __mulshisi3
                0x000035c6                __mulohisi3
 .text.libgcc.prologue
                0x000035d0       0x38 c:/program files (x86)/atmel/studio/7.0/toolchain/avr8/avr8-gnu-toolchain/bin/../lib/gcc/avr/4.9.2/avr5\libgcc.a(_prologue.o)
                0x000035d0                __prologue_saves__
 .text.libgcc.prologue
                0x00003608       0x36 c:/program files (x86)/atmel/studio/7.0/toolchain/avr8/avr8-gnu-toolchain/bin/../lib/gcc/avr/4.9.2/avr5\libgcc.a(_epilogue.o)
                0x00003608                __epilogue_restores__
 .text.libgcc.mul
                0x0000363e       0x16 c:/program files (x86)/atmel/studio/7.0/toolchain/avr8/avr8-gnu-toolchain/bin/../lib/gcc/avr/4.9.2/avr5\libgcc.a(_muluhisi3.o)
                0x0000363e                __muluhisi3
 .text.libgcc.mul
                0x00003654       0x1e c:/program files (x86)/atmel/studio/7.0/toolchain/avr8/avr8-gnu-toolchain/bin/../lib/gcc/avr/4.9.2/avr5\libgcc.a(_umulhisi3.o)
                0x00003654                __umulhisi3
 .text.avr-libc
                0x00003672      0x25a c:/program files (x86)/atmel/studio/7.0/toolchain/avr8/avr8-gnu-toolchain/bin/../lib/gcc/avr/4.9.2/../../../../avr/lib/avr5\libc.a(malloc.o)
                0x00003672                malloc
                0x0000379c                free
 .text.avr-libc
                0x000038cc      0x1b0 c:/program files (x86)/atmel/studio/7.0/toolchain/avr8/avr8-gnu-toolchain/bin/../lib/gcc/avr/4.9.2/../../../../avr/lib/avr5\libc.a(ftoa_engine.o)
                0x000038cc                __ftoa_engine
 .text.avr-libc
                0x00003a7c       0x16 c:/program files (x86)/atmel/studio/7.0/toolchain/avr8/avr8-gnu-toolchain/bin/../lib/gcc/avr/4.9.2/../../../../avr/lib/avr5\libc.a(strnlen_P.o)
                0x00003a7c                strnlen_P
 .text.avr-libc
                0x00003a92       0x16 c:/program files (x86)/atmel/studio/7.0/toolchain/avr8/avr8-gnu-toolchain/bin/../lib/gcc/avr/4.9.2/../../../../avr/lib/avr5\libc.a(strnlen.o)
                0x00003a92                strnlen
 .text.avr-libc
                0x00003aa8       0x70 c:/program files (x86)/atmel/studio/7.0/toolchain/avr8/avr8-gnu-toolchain/bin/../lib/gcc/avr/4.9.2/../../../../avr/lib/avr5\libc.a(fputc.o)
                0x00003aa8                fputc
 .text.avr-libc
                0x00003b18       0x2c c:/program files (x86)/atmel/studio/7.0/toolchain/avr8/avr8-gnu-toolchain/bin/../lib/gcc/avr/4.9.2/../../../../avr/lib/avr5\libc.a(printf.o)
                0x00003b18                printf
 .text.avr-libc
                0x00003b44        0xe c:/program files (x86)/atmel/studio/7.0/toolchain/avr8/avr8-gnu-toolchain/bin/../lib/gcc/avr/4.9.2/../../../../avr/lib/avr5\libc.a(putchar.o)
                0x00003b44                putchar
 .text.avr-libc
                0x00003b52       0x60 c:/program files (x86)/atmel/studio/7.0/toolchain/avr8/avr8-gnu-toolchain/bin/../lib/gcc/avr/4.9.2/../../../../avr/lib/avr5\libc.a(puts.o)
                0x00003b52                puts
 .text.avr-libc
                0x00003bb2       0xbc c:/program files (x86)/atmel/studio/7.0/toolchain/avr8/avr8-gnu-toolchain/bin/../lib/gcc/avr/4.9.2/../../../../avr/lib/avr5\libc.a(ultoa_invert.o)
                0x00003bb2                __ultoa_invert
                0x00003c6e                . = ALIGN (0x2)
 *(.fini9)
 .fini9         0x00003c6e        0x0 c:/program files (x86)/atmel/studio/7.0/toolchain/avr8/avr8-gnu-toolchain/bin/../lib/gcc/avr/4.9.2/avr5\libgcc.a(_exit.o)
                0x00003c6e                _exit
                0x00003c6e                exit
 *(.fini9)
 *(.fini8)
 *(.fini8)
 *(.fini7)
 *(.fini7)
 *(.fini6)
 *(.fini6)
 *(.fini5)
 *(.fini5)
 *(.fini4)
 *(.fini4)
 *(.fini3)
 *(.fini3)
 *(.fini2)
 *(.fini2)
 *(.fini1)
 *(.fini1)
 *(.fini0)
 .fini0         0x00003c6e        0x4 c:/program files (x86)/atmel/studio/7.0/toolchain/avr8/avr8-gnu-toolchain/bin/../lib/gcc/avr/4.9.2/avr5\libgcc.a(_exit.o)
 *(.fini0)
                0x00003c72                _etext = .

.data           0x00800200      0x3ee load address 0x00003c72
                0x00800200                PROVIDE (__data_start, .)
 *(.data)
 .data          0x00800200        0x6 c:/program files (x86)/atmel/studio/7.0/toolchain/avr8/avr8-gnu-toolchain/bin/../lib/gcc/avr/4.9.2/../../../../avr/lib/avr5\libc.a(malloc.o)
                0x00800200                __malloc_heap_end
                0x00800202                __malloc_heap_start
                0x00800204                __malloc_margin
 *(.data*)
 .data.DeviceCheckCodeList
                0x00800206        0x4 ATMOS.o
                0x00800206                DeviceCheckCodeList
 .data.DeviceInitStartTimeList
                0x0080020a        0x4 ATMOS.o
                0x0080020a                DeviceInitStartTimeList
 .data.DeviceInitPeriodList
                0x0080020e        0x4 ATMOS.o
                0x0080020e                DeviceInitPeriodList
 .data.SensorNumDataList
                0x00800212        0x4 ATMOS.o
                0x00800212                SensorNumDataList
 .data.SensorCheckCodeList
                0x00800216        0x4 ATMOS.o
                0x00800216                SensorCheckCodeList
 .data.SensorInitStartTimeList
                0x0080021a        0x4 ATMOS.o
                0x0080021a                SensorInitStartTimeList
 .data.USART0_stdout
                0x0080021e        0xe drivers/src/usart0.o
 .data.DemoStorageDevice_vmt
                0x0080022c        0x8 devices/other-device/src/DemoStorage_Device.o
                0x0080022c                DemoStorageDevice_vmt
 .data.DemoStorageDevice_abstract_vmt
                0x00800234        0x8 devices/other-device/src/DemoStorage_Device.o
                0x00800234                DemoStorageDevice_abstract_vmt
 .data.LoadDataDevice_vmt
                0x0080023c        0x6 devices/other-device/src/LoadData_Device.o
                0x0080023c                LoadDataDevice_vmt
 .data.LoadDataDevice_abstract_vmt
                0x00800242        0x8 devices/other-device/src/LoadData_Device.o
                0x00800242                LoadDataDevice_abstract_vmt
 .data.BMP280_abstract_vmt
                0x0080024a        0x8 devices/sensor/src/BMP280_Sensor.o
                0x0080024a                BMP280_abstract_vmt
 .data.BMP280_vmt
                0x00800252        0xa devices/sensor/src/BMP280_Sensor.o
                0x00800252                BMP280_vmt
 .data.Si7020_abstract_vmt
                0x0080025c        0x8 devices/sensor/src/Si7020_Sensor.o
                0x0080025c                Si7020_abstract_vmt
 .data.Si7020_vmt
                0x00800264        0xa devices/sensor/src/Si7020_Sensor.o
                0x00800264                Si7020_vmt
 *(.rodata)
 *(.rodata*)
 .rodata.str1.1
                0x0080026e       0x24 ATMOS.o
 .rodata.str1.1
                0x00800292       0x38 drivers/src/int_timer.o
 .rodata.str1.1
                0x008002ca       0x53 scheduler/src/handler.o
 .rodata.str1.1
                0x0080031d      0x10a scheduler/src/scheduler.o
 .rodata.daysInMonth.1824
                0x00800427        0xc utilities/src/time.o
 .rodata.str1.1
                0x00800433       0x37 devices/old-sensor/BMP280.o
 .rodata.str1.1
                0x0080046a       0x64 devices/other-device/src/DemoStorage_Device.o
 .rodata.str1.1
                0x008004ce       0x23 devices/other-device/src/LoadData_Device.o
 .rodata.str1.1
                0x008004f1       0xa6 devices/sensor/src/BMP280_Sensor.o
 .rodata.str1.1
                0x00800597       0x57 devices/sensor/src/Si7020_Sensor.o
                                 0x6b (size before relaxing)
 *(.gnu.linkonce.d*)
                0x008005ee                . = ALIGN (0x2)
                0x008005ee                _edata = .
                0x008005ee                PROVIDE (__data_end, .)

.bss            0x008005ee      0x512
                0x008005ee                PROVIDE (__bss_start, .)
 *(.bss)
 *(.bss*)
 .bss.cur_data  0x008005ee        0x2 ATMOS.o
                0x008005ee                cur_data
 .bss.TimeStamp
                0x008005f0        0x4 drivers/src/int_timer.o
                0x008005f0                TimeStamp
 .bss.timer_usage
                0x008005f4        0x2 drivers/src/int_timer.o
 .bss.nwkDataReqQueue
                0x008005f6        0x2 nwk/src/nwkDataReq.o
 .bss.nwkFrameFrames
                0x008005f8      0x2ad nwk/src/nwkFrame.o
 .bss.nwkRxDuplicateRejectionTimer
                0x008008a5        0xd nwk/src/nwkRx.o
 .bss.nwkRxDuplicateRejectionTable
                0x008008b2       0x32 nwk/src/nwkRx.o
 .bss.nwkTxDelayTimer
                0x008008e4        0xd nwk/src/nwkTx.o
 .bss.nwkTxAckWaitTimer
                0x008008f1        0xd nwk/src/nwkTx.o
 .bss.nwkTxPhyActiveFrame
                0x008008fe        0x2 nwk/src/nwkTx.o
 .bss.phyBand   0x00800900        0x1 phy/atmegarfr2/src/phy.o
 .bss.phyRxState
                0x00800901        0x1 phy/atmegarfr2/src/phy.o
 .bss.phyState  0x00800902        0x1 phy/atmegarfr2/src/phy.o
 .bss.timers    0x00800903        0x2 sys/src/sysTimer.o
 .bss.status    0x00800905        0x1 devices/old-sensor/BMP280.o
 .bss.error     0x00800906        0x1 devices/old-sensor/BMP280.o
 .bss.t_fine    0x00800907        0x4 devices/old-sensor/BMP280.o
 .bss.oversampling_t
                0x0080090b        0x2 devices/old-sensor/BMP280.o
 .bss.oversampling
                0x0080090d        0x2 devices/old-sensor/BMP280.o
 .bss.dig_T1    0x0080090f        0x2 devices/old-sensor/BMP280.o
 .bss.dig_P1    0x00800911        0x2 devices/old-sensor/BMP280.o
 .bss.dig_P9    0x00800913        0x2 devices/old-sensor/BMP280.o
 .bss.dig_P8    0x00800915        0x2 devices/old-sensor/BMP280.o
 .bss.dig_P7    0x00800917        0x2 devices/old-sensor/BMP280.o
 .bss.dig_P6    0x00800919        0x2 devices/old-sensor/BMP280.o
 .bss.dig_P5    0x0080091b        0x2 devices/old-sensor/BMP280.o
 .bss.dig_P4    0x0080091d        0x2 devices/old-sensor/BMP280.o
 .bss.dig_P3    0x0080091f        0x2 devices/old-sensor/BMP280.o
 .bss.dig_P2    0x00800921        0x2 devices/old-sensor/BMP280.o
 .bss.dig_T3    0x00800923        0x2 devices/old-sensor/BMP280.o
 .bss.dig_T2    0x00800925        0x2 devices/old-sensor/BMP280.o
 *(COMMON)
 COMMON         0x00800927      0x1a6 ATMOS.o
                0x00800927                cur_time
                0x0080094f                queue
                0x00800a9f                TQ
                0x00800aa3                timeoutq
                0x00800aa5                SensorDataCount
                0x00800aa7                GP
                0x00800ac7                FL
                0x00800acb                freelist
 COMMON         0x00800acd        0x1 hal/atmega256rfr2/src/halTimer.o
                0x00800acd                halTimerIrqCount
 COMMON         0x00800ace       0x28 nwk/src/nwk.o
                0x00800ace                nwkIb
 COMMON         0x00800af6        0x4 c:/program files (x86)/atmel/studio/7.0/toolchain/avr8/avr8-gnu-toolchain/bin/../lib/gcc/avr/4.9.2/../../../../avr/lib/avr5\libc.a(malloc.o)
                0x00800af6                __brkval
                0x00800af8                __flp
 COMMON         0x00800afa        0x6 c:/program files (x86)/atmel/studio/7.0/toolchain/avr8/avr8-gnu-toolchain/bin/../lib/gcc/avr/4.9.2/../../../../avr/lib/avr5\libc.a(iob.o)
                0x00800afa                __iob
                0x00800b00                PROVIDE (__bss_end, .)
                0x00003c72                __data_load_start = LOADADDR (.data)
                0x00004060                __data_load_end = (__data_load_start + SIZEOF (.data))

.noinit         0x00800b00        0x0
                0x00800b00                PROVIDE (__noinit_start, .)
 *(.noinit*)
                0x00800b00                PROVIDE (__noinit_end, .)
                0x00800b00                _end = .
                0x00800b00                PROVIDE (__heap_start, .)

.eeprom         0x00810000        0x0
 *(.eeprom*)
                0x00810000                __eeprom_end = .

.fuse
 *(.fuse)
 *(.lfuse)
 *(.hfuse)
 *(.efuse)

.lock
 *(.lock*)

.signature
 *(.signature*)

.user_signatures
 *(.user_signatures*)

.stab
 *(.stab)

.stabstr
 *(.stabstr)

.stab.excl
 *(.stab.excl)

.stab.exclstr
 *(.stab.exclstr)

.stab.index
 *(.stab.index)

.stab.indexstr
 *(.stab.indexstr)

.comment        0x00000000       0x5c
 *(.comment)
 .comment       0x00000000       0x30 ATMOS.o
                                 0x31 (size before relaxing)
 .comment       0x00000030       0x31 drivers/src/ADC.o
 .comment       0x00000030       0x31 drivers/src/int_timer.o
 .comment       0x00000030       0x31 drivers/src/PWR.o
 .comment       0x00000030       0x31 drivers/src/SPI.o
 .comment       0x00000030       0x31 drivers/src/TWI.o
 .comment       0x00000030       0x31 drivers/src/usart0.o
 .comment       0x00000030       0x31 hal/atmega256rfr2/src/hal.o
 .comment       0x00000030       0x31 hal/atmega256rfr2/src/halTimer.o
 .comment       0x00000030       0x31 nwk/src/nwk.o
 .comment       0x00000030       0x31 nwk/src/nwkDataReq.o
 .comment       0x00000030       0x31 nwk/src/nwkFrame.o
 .comment       0x00000030       0x31 nwk/src/nwkRx.o
 .comment       0x00000030       0x31 nwk/src/nwkTx.o
 .comment       0x00000030       0x31 phy/atmegarfr2/src/phy.o
 .comment       0x00000030       0x31 scheduler/src/handler.o
 .comment       0x00000030       0x31 scheduler/src/scheduler.o
 .comment       0x00000030       0x31 sys/src/sys.o
 .comment       0x00000030       0x31 sys/src/sysTimer.o
 .comment       0x00000030       0x31 utilities/src/common.o
 .comment       0x00000030       0x31 utilities/src/llist.o
 .comment       0x00000030       0x31 utilities/src/time.o
 .comment       0x00000030       0x31 devices/base-class/src/Base_Sensor.o
 .comment       0x00000030       0x31 devices/old-sensor/BMP280.o
 .comment       0x00000030       0x31 devices/old-sensor/Si7020.o
 .comment       0x00000030       0x31 devices/other-device/src/DemoStorage_Device.o
 .comment       0x00000030       0x31 devices/other-device/src/LoadData_Device.o
 .comment       0x00000030       0x31 devices/sensor/src/BMP280_Sensor.o
 .comment       0x00000030       0x31 devices/sensor/src/Si7020_Sensor.o
 .comment       0x00000030       0x2c c:/program files (x86)/atmel/studio/7.0/toolchain/avr8/avr8-gnu-toolchain/bin/../lib/gcc/avr/4.9.2/../../../../avr/lib/avr5\libprintf_flt.a(vfprintf_flt.o)
                                 0x2d (size before relaxing)
 .comment       0x0000005c       0x31 c:/program files (x86)/atmel/studio/7.0/toolchain/avr8/avr8-gnu-toolchain/bin/../lib/gcc/avr/4.9.2/../../../../avr/lib/avr5\libc.a(malloc.o)
 .comment       0x0000005c       0x31 c:/program files (x86)/atmel/studio/7.0/toolchain/avr8/avr8-gnu-toolchain/bin/../lib/gcc/avr/4.9.2/../../../../avr/lib/avr5\libc.a(fputc.o)
 .comment       0x0000005c       0x31 c:/program files (x86)/atmel/studio/7.0/toolchain/avr8/avr8-gnu-toolchain/bin/../lib/gcc/avr/4.9.2/../../../../avr/lib/avr5\libc.a(iob.o)
 .comment       0x0000005c       0x31 c:/program files (x86)/atmel/studio/7.0/toolchain/avr8/avr8-gnu-toolchain/bin/../lib/gcc/avr/4.9.2/../../../../avr/lib/avr5\libc.a(printf.o)
 .comment       0x0000005c       0x31 c:/program files (x86)/atmel/studio/7.0/toolchain/avr8/avr8-gnu-toolchain/bin/../lib/gcc/avr/4.9.2/../../../../avr/lib/avr5\libc.a(putchar.o)
 .comment       0x0000005c       0x31 c:/program files (x86)/atmel/studio/7.0/toolchain/avr8/avr8-gnu-toolchain/bin/../lib/gcc/avr/4.9.2/../../../../avr/lib/avr5\libc.a(puts.o)

.note.gnu.avr.deviceinfo
                0x00000000       0x40
 .note.gnu.avr.deviceinfo
                0x00000000       0x40 C:/Program Files (x86)/Atmel/Studio/7.0/Packs/atmel/ATmega_DFP/1.0.98/gcc/dev/atmega644rfr2/avr5/crtatmega644rfr2.o

.note.gnu.build-id
 *(.note.gnu.build-id)

.debug
 *(.debug)

.line
 *(.line)

.debug_srcinfo
 *(.debug_srcinfo)

.debug_sfnames
 *(.debug_sfnames)

.debug_aranges  0x00000000      0x890
 *(.debug_aranges)
 .debug_aranges
                0x00000000       0x30 ATMOS.o
 .debug_aranges
                0x00000030       0x38 drivers/src/ADC.o
 .debug_aranges
                0x00000068       0x40 drivers/src/int_timer.o
 .debug_aranges
                0x000000a8       0x40 drivers/src/PWR.o
 .debug_aranges
                0x000000e8       0x30 drivers/src/SPI.o
 .debug_aranges
                0x00000118       0x60 drivers/src/TWI.o
 .debug_aranges
                0x00000178       0x48 drivers/src/usart0.o
 .debug_aranges
                0x000001c0       0x28 hal/atmega256rfr2/src/hal.o
 .debug_aranges
                0x000001e8       0x30 hal/atmega256rfr2/src/halTimer.o
 .debug_aranges
                0x00000218       0x70 nwk/src/nwk.o
 .debug_aranges
                0x00000288       0x38 nwk/src/nwkDataReq.o
 .debug_aranges
                0x000002c0       0x40 nwk/src/nwkFrame.o
 .debug_aranges
                0x00000300       0x48 nwk/src/nwkRx.o
 .debug_aranges
                0x00000348       0x60 nwk/src/nwkTx.o
 .debug_aranges
                0x000003a8       0x88 phy/atmegarfr2/src/phy.o
 .debug_aranges
                0x00000430       0x30 scheduler/src/handler.o
 .debug_aranges
                0x00000460       0x58 scheduler/src/scheduler.o
 .debug_aranges
                0x000004b8       0x28 sys/src/sys.o
 .debug_aranges
                0x000004e0       0x48 sys/src/sysTimer.o
 .debug_aranges
                0x00000528       0x20 utilities/src/common.o
 .debug_aranges
                0x00000548       0x50 utilities/src/llist.o
 .debug_aranges
                0x00000598       0x38 utilities/src/time.o
 .debug_aranges
                0x000005d0       0x78 devices/base-class/src/Base_Sensor.o
 .debug_aranges
                0x00000648       0x80 devices/old-sensor/BMP280.o
 .debug_aranges
                0x000006c8       0x40 devices/old-sensor/Si7020.o
 .debug_aranges
                0x00000708       0x60 devices/other-device/src/DemoStorage_Device.o
 .debug_aranges
                0x00000768       0x58 devices/other-device/src/LoadData_Device.o
 .debug_aranges
                0x000007c0       0x68 devices/sensor/src/BMP280_Sensor.o
 .debug_aranges
                0x00000828       0x68 devices/sensor/src/Si7020_Sensor.o

.debug_pubnames
 *(.debug_pubnames)

.debug_info     0x00000000     0xa8a4
 *(.debug_info .gnu.linkonce.wi.*)
 .debug_info    0x00000000      0xfae ATMOS.o
 .debug_info    0x00000fae      0x121 drivers/src/ADC.o
 .debug_info    0x000010cf      0x82e drivers/src/int_timer.o
 .debug_info    0x000018fd       0xdb drivers/src/PWR.o
 .debug_info    0x000019d8      0x102 drivers/src/SPI.o
 .debug_info    0x00001ada      0x45e drivers/src/TWI.o
 .debug_info    0x00001f38      0x299 drivers/src/usart0.o
 .debug_info    0x000021d1      0x128 hal/atmega256rfr2/src/hal.o
 .debug_info    0x000022f9       0xe4 hal/atmega256rfr2/src/halTimer.o
 .debug_info    0x000023dd      0x4a6 nwk/src/nwk.o
 .debug_info    0x00002883      0x79d nwk/src/nwkDataReq.o
 .debug_info    0x00003020      0x56a nwk/src/nwkFrame.o
 .debug_info    0x0000358a      0xc23 nwk/src/nwkRx.o
 .debug_info    0x000041ad      0xa08 nwk/src/nwkTx.o
 .debug_info    0x00004bb5      0x7c0 phy/atmegarfr2/src/phy.o
 .debug_info    0x00005375      0x935 scheduler/src/handler.o
 .debug_info    0x00005caa      0xb68 scheduler/src/scheduler.o
 .debug_info    0x00006812      0x12b sys/src/sys.o
 .debug_info    0x0000693d      0x341 sys/src/sysTimer.o
 .debug_info    0x00006c7e       0xe6 utilities/src/common.o
 .debug_info    0x00006d64      0x34c utilities/src/llist.o
 .debug_info    0x000070b0      0x2e8 utilities/src/time.o
 .debug_info    0x00007398      0x5e3 devices/base-class/src/Base_Sensor.o
 .debug_info    0x0000797b      0xaeb devices/old-sensor/BMP280.o
 .debug_info    0x00008466      0x448 devices/old-sensor/Si7020.o
 .debug_info    0x000088ae      0x737 devices/other-device/src/DemoStorage_Device.o
 .debug_info    0x00008fe5      0x75c devices/other-device/src/LoadData_Device.o
 .debug_info    0x00009741      0x87d devices/sensor/src/BMP280_Sensor.o
 .debug_info    0x00009fbe      0x8e6 devices/sensor/src/Si7020_Sensor.o

.debug_abbrev   0x00000000     0x34a4
 *(.debug_abbrev)
 .debug_abbrev  0x00000000      0x2d6 ATMOS.o
 .debug_abbrev  0x000002d6       0xdd drivers/src/ADC.o
 .debug_abbrev  0x000003b3      0x216 drivers/src/int_timer.o
 .debug_abbrev  0x000005c9       0x51 drivers/src/PWR.o
 .debug_abbrev  0x0000061a       0xc6 drivers/src/SPI.o
 .debug_abbrev  0x000006e0      0x1e3 drivers/src/TWI.o
 .debug_abbrev  0x000008c3      0x18f drivers/src/usart0.o
 .debug_abbrev  0x00000a52       0xda hal/atmega256rfr2/src/hal.o
 .debug_abbrev  0x00000b2c       0xaa hal/atmega256rfr2/src/halTimer.o
 .debug_abbrev  0x00000bd6      0x1c7 nwk/src/nwk.o
 .debug_abbrev  0x00000d9d      0x2ac nwk/src/nwkDataReq.o
 .debug_abbrev  0x00001049      0x181 nwk/src/nwkFrame.o
 .debug_abbrev  0x000011ca      0x3ca nwk/src/nwkRx.o
 .debug_abbrev  0x00001594      0x354 nwk/src/nwkTx.o
 .debug_abbrev  0x000018e8      0x247 phy/atmegarfr2/src/phy.o
 .debug_abbrev  0x00001b2f      0x238 scheduler/src/handler.o
 .debug_abbrev  0x00001d67      0x26a scheduler/src/scheduler.o
 .debug_abbrev  0x00001fd1       0x62 sys/src/sys.o
 .debug_abbrev  0x00002033      0x199 sys/src/sysTimer.o
 .debug_abbrev  0x000021cc       0x89 utilities/src/common.o
 .debug_abbrev  0x00002255      0x195 utilities/src/llist.o
 .debug_abbrev  0x000023ea      0x13b utilities/src/time.o
 .debug_abbrev  0x00002525      0x1c8 devices/base-class/src/Base_Sensor.o
 .debug_abbrev  0x000026ed      0x335 devices/old-sensor/BMP280.o
 .debug_abbrev  0x00002a22      0x126 devices/old-sensor/Si7020.o
 .debug_abbrev  0x00002b48      0x238 devices/other-device/src/DemoStorage_Device.o
 .debug_abbrev  0x00002d80      0x25b devices/other-device/src/LoadData_Device.o
 .debug_abbrev  0x00002fdb      0x27d devices/sensor/src/BMP280_Sensor.o
 .debug_abbrev  0x00003258      0x24c devices/sensor/src/Si7020_Sensor.o

.debug_line     0x00000000     0x333d
 *(.debug_line .debug_line.* .debug_line_end)
 .debug_line    0x00000000      0x2ed ATMOS.o
 .debug_line    0x000002ed       0xee drivers/src/ADC.o
 .debug_line    0x000003db      0x238 drivers/src/int_timer.o
 .debug_line    0x00000613       0xe4 drivers/src/PWR.o
 .debug_line    0x000006f7       0xd2 drivers/src/SPI.o
 .debug_line    0x000007c9      0x238 drivers/src/TWI.o
 .debug_line    0x00000a01      0x143 drivers/src/usart0.o
 .debug_line    0x00000b44      0x158 hal/atmega256rfr2/src/hal.o
 .debug_line    0x00000c9c       0xe3 hal/atmega256rfr2/src/halTimer.o
 .debug_line    0x00000d7f      0x1d7 nwk/src/nwk.o
 .debug_line    0x00000f56      0x162 nwk/src/nwkDataReq.o
 .debug_line    0x000010b8      0x132 nwk/src/nwkFrame.o
 .debug_line    0x000011ea      0x247 nwk/src/nwkRx.o
 .debug_line    0x00001431      0x265 nwk/src/nwkTx.o
 .debug_line    0x00001696      0x21d phy/atmegarfr2/src/phy.o
 .debug_line    0x000018b3      0x20e scheduler/src/handler.o
 .debug_line    0x00001ac1      0x2cb scheduler/src/scheduler.o
 .debug_line    0x00001d8c       0xc2 sys/src/sys.o
 .debug_line    0x00001e4e      0x194 sys/src/sysTimer.o
 .debug_line    0x00001fe2       0xba utilities/src/common.o
 .debug_line    0x0000209c      0x112 utilities/src/llist.o
 .debug_line    0x000021ae      0x15d utilities/src/time.o
 .debug_line    0x0000230b      0x252 devices/base-class/src/Base_Sensor.o
 .debug_line    0x0000255d      0x278 devices/old-sensor/BMP280.o
 .debug_line    0x000027d5       0xd0 devices/old-sensor/Si7020.o
 .debug_line    0x000028a5      0x2bb devices/other-device/src/DemoStorage_Device.o
 .debug_line    0x00002b60      0x277 devices/other-device/src/LoadData_Device.o
 .debug_line    0x00002dd7      0x2b4 devices/sensor/src/BMP280_Sensor.o
 .debug_line    0x0000308b      0x2b2 devices/sensor/src/Si7020_Sensor.o

.debug_frame    0x00000000     0x15f0
 *(.debug_frame)
 .debug_frame   0x00000000       0x84 ATMOS.o
 .debug_frame   0x00000084       0x54 drivers/src/ADC.o
 .debug_frame   0x000000d8       0xe8 drivers/src/int_timer.o
 .debug_frame   0x000001c0       0x64 drivers/src/PWR.o
 .debug_frame   0x00000224       0x44 drivers/src/SPI.o
 .debug_frame   0x00000268       0xf0 drivers/src/TWI.o
 .debug_frame   0x00000358       0x7c drivers/src/usart0.o
 .debug_frame   0x000003d4       0x34 hal/atmega256rfr2/src/hal.o
 .debug_frame   0x00000408       0x54 hal/atmega256rfr2/src/halTimer.o
 .debug_frame   0x0000045c       0xd4 nwk/src/nwk.o
 .debug_frame   0x00000530       0x68 nwk/src/nwkDataReq.o
 .debug_frame   0x00000598       0x64 nwk/src/nwkFrame.o
 .debug_frame   0x000005fc       0xe0 nwk/src/nwkRx.o
 .debug_frame   0x000006dc      0x144 nwk/src/nwkTx.o
 .debug_frame   0x00000820      0x13c phy/atmegarfr2/src/phy.o
 .debug_frame   0x0000095c       0x78 scheduler/src/handler.o
 .debug_frame   0x000009d4      0x148 scheduler/src/scheduler.o
 .debug_frame   0x00000b1c       0x34 sys/src/sys.o
 .debug_frame   0x00000b50       0xc0 sys/src/sysTimer.o
 .debug_frame   0x00000c10       0x24 utilities/src/common.o
 .debug_frame   0x00000c34       0xac utilities/src/llist.o
 .debug_frame   0x00000ce0       0xdc utilities/src/time.o
 .debug_frame   0x00000dbc      0x104 devices/base-class/src/Base_Sensor.o
 .debug_frame   0x00000ec0      0x248 devices/old-sensor/BMP280.o
 .debug_frame   0x00001108       0x7c devices/old-sensor/Si7020.o
 .debug_frame   0x00001184      0x144 devices/other-device/src/DemoStorage_Device.o
 .debug_frame   0x000012c8       0xc8 devices/other-device/src/LoadData_Device.o
 .debug_frame   0x00001390      0x124 devices/sensor/src/BMP280_Sensor.o
 .debug_frame   0x000014b4      0x13c devices/sensor/src/Si7020_Sensor.o

.debug_str      0x00000000     0x25e3
 *(.debug_str)
 .debug_str     0x00000000      0x71a ATMOS.o
                                0x867 (size before relaxing)
 .debug_str     0x0000071a       0x59 drivers/src/ADC.o
                                0x1a9 (size before relaxing)
 .debug_str     0x00000773       0x78 drivers/src/int_timer.o
                                0x520 (size before relaxing)
 .debug_str     0x000007eb       0x40 drivers/src/PWR.o
                                0x19d (size before relaxing)
 .debug_str     0x0000082b       0x45 drivers/src/SPI.o
                                0x1a8 (size before relaxing)
 .debug_str     0x00000870       0xd9 drivers/src/TWI.o
                                0x26c (size before relaxing)
 .debug_str     0x00000949       0x8e drivers/src/usart0.o
                                0x21d (size before relaxing)
 .debug_str     0x000009d7       0x64 hal/atmega256rfr2/src/hal.o
                                0x1b4 (size before relaxing)
 .debug_str     0x00000a3b       0x41 hal/atmega256rfr2/src/halTimer.o
                                0x1ae (size before relaxing)
 .debug_str     0x00000a7c      0x1b1 nwk/src/nwk.o
                                0x32e (size before relaxing)
 .debug_str     0x00000c2d      0x338 nwk/src/nwkDataReq.o
                                0x56a (size before relaxing)
 .debug_str     0x00000f65       0x5b nwk/src/nwkFrame.o
                                0x409 (size before relaxing)
 .debug_str     0x00000fc0      0x37d nwk/src/nwkRx.o
                                0x703 (size before relaxing)
 .debug_str     0x0000133d      0x1c1 nwk/src/nwkTx.o
                                0x6b8 (size before relaxing)
 .debug_str     0x000014fe      0x525 phy/atmegarfr2/src/phy.o
                                0x778 (size before relaxing)
 .debug_str     0x00001a23       0xd7 scheduler/src/handler.o
                                0x547 (size before relaxing)
 .debug_str     0x00001afa       0x9e scheduler/src/scheduler.o
                                0x592 (size before relaxing)
 .debug_str     0x00001b98       0x44 sys/src/sys.o
                                0x1d6 (size before relaxing)
 .debug_str     0x00001bdc       0x58 sys/src/sysTimer.o
                                0x26b (size before relaxing)
 .debug_str     0x00001c34       0x61 utilities/src/common.o
                                0x1b1 (size before relaxing)
 .debug_str     0x00001c95       0x44 utilities/src/llist.o
                                0x15c (size before relaxing)
 .debug_str     0x00001cd9       0xab utilities/src/time.o
                                0x274 (size before relaxing)
 .debug_str     0x00001d84       0xe3 devices/base-class/src/Base_Sensor.o
                                0x3d6 (size before relaxing)
 .debug_str     0x00001e67      0x1c2 devices/old-sensor/BMP280.o
                                0x3ec (size before relaxing)
 .debug_str     0x00002029       0xca devices/old-sensor/Si7020.o
                                0x274 (size before relaxing)
 .debug_str     0x000020f3      0x1a0 devices/other-device/src/DemoStorage_Device.o
                                0x521 (size before relaxing)
 .debug_str     0x00002293      0x140 devices/other-device/src/LoadData_Device.o
                                0x545 (size before relaxing)
 .debug_str     0x000023d3      0x108 devices/sensor/src/BMP280_Sensor.o
                                0x4ef (size before relaxing)
 .debug_str     0x000024db      0x108 devices/sensor/src/Si7020_Sensor.o
                                0x52a (size before relaxing)

.debug_loc      0x00000000     0x5a0e
 *(.debug_loc)
 .debug_loc     0x00000000      0x20a ATMOS.o
 .debug_loc     0x0000020a       0x42 drivers/src/ADC.o
 .debug_loc     0x0000024c      0x344 drivers/src/int_timer.o
 .debug_loc     0x00000590       0x2d drivers/src/SPI.o
 .debug_loc     0x000005bd      0x49c drivers/src/TWI.o
 .debug_loc     0x00000a59       0xa0 drivers/src/usart0.o
 .debug_loc     0x00000af9       0x21 hal/atmega256rfr2/src/hal.o
 .debug_loc     0x00000b1a       0x62 hal/atmega256rfr2/src/halTimer.o
 .debug_loc     0x00000b7c      0x14d nwk/src/nwk.o
 .debug_loc     0x00000cc9      0x137 nwk/src/nwkDataReq.o
 .debug_loc     0x00000e00      0x11e nwk/src/nwkFrame.o
 .debug_loc     0x00000f1e      0x4c5 nwk/src/nwkRx.o
 .debug_loc     0x000013e3      0x672 nwk/src/nwkTx.o
 .debug_loc     0x00001a55      0x33a phy/atmegarfr2/src/phy.o
 .debug_loc     0x00001d8f      0x2f8 scheduler/src/handler.o
 .debug_loc     0x00002087      0x77b scheduler/src/scheduler.o
 .debug_loc     0x00002802      0x42e sys/src/sysTimer.o
 .debug_loc     0x00002c30       0xd6 utilities/src/common.o
 .debug_loc     0x00002d06      0x37f utilities/src/llist.o
 .debug_loc     0x00003085      0x542 utilities/src/time.o
 .debug_loc     0x000035c7      0x2f2 devices/base-class/src/Base_Sensor.o
 .debug_loc     0x000038b9      0xb24 devices/old-sensor/BMP280.o
 .debug_loc     0x000043dd      0x66e devices/old-sensor/Si7020.o
 .debug_loc     0x00004a4b      0x4a6 devices/other-device/src/DemoStorage_Device.o
 .debug_loc     0x00004ef1      0x259 devices/other-device/src/LoadData_Device.o
 .debug_loc     0x0000514a      0x3b5 devices/sensor/src/BMP280_Sensor.o
 .debug_loc     0x000054ff      0x50f devices/sensor/src/Si7020_Sensor.o

.debug_macinfo
 *(.debug_macinfo)

.debug_weaknames
 *(.debug_weaknames)

.debug_funcnames
 *(.debug_funcnames)

.debug_typenames
 *(.debug_typenames)

.debug_varnames
 *(.debug_varnames)

.debug_pubtypes
 *(.debug_pubtypes)

.debug_ranges   0x00000000      0x838
 *(.debug_ranges)
 .debug_ranges  0x00000000       0x20 ATMOS.o
 .debug_ranges  0x00000020       0x28 drivers/src/ADC.o
 .debug_ranges  0x00000048       0x30 drivers/src/int_timer.o
 .debug_ranges  0x00000078       0x30 drivers/src/PWR.o
 .debug_ranges  0x000000a8       0x20 drivers/src/SPI.o
 .debug_ranges  0x000000c8       0x50 drivers/src/TWI.o
 .debug_ranges  0x00000118       0x38 drivers/src/usart0.o
 .debug_ranges  0x00000150       0x18 hal/atmega256rfr2/src/hal.o
 .debug_ranges  0x00000168       0x20 hal/atmega256rfr2/src/halTimer.o
 .debug_ranges  0x00000188       0x60 nwk/src/nwk.o
 .debug_ranges  0x000001e8       0x28 nwk/src/nwkDataReq.o
 .debug_ranges  0x00000210       0x30 nwk/src/nwkFrame.o
 .debug_ranges  0x00000240       0x88 nwk/src/nwkRx.o
 .debug_ranges  0x000002c8       0x68 nwk/src/nwkTx.o
 .debug_ranges  0x00000330       0x78 phy/atmegarfr2/src/phy.o
 .debug_ranges  0x000003a8       0x20 scheduler/src/handler.o
 .debug_ranges  0x000003c8       0x48 scheduler/src/scheduler.o
 .debug_ranges  0x00000410       0x18 sys/src/sys.o
 .debug_ranges  0x00000428       0x70 sys/src/sysTimer.o
 .debug_ranges  0x00000498       0x10 utilities/src/common.o
 .debug_ranges  0x000004a8       0x40 utilities/src/llist.o
 .debug_ranges  0x000004e8       0x78 utilities/src/time.o
 .debug_ranges  0x00000560       0x68 devices/base-class/src/Base_Sensor.o
 .debug_ranges  0x000005c8       0xa0 devices/old-sensor/BMP280.o
 .debug_ranges  0x00000668       0x70 devices/old-sensor/Si7020.o
 .debug_ranges  0x000006d8       0x68 devices/other-device/src/DemoStorage_Device.o
 .debug_ranges  0x00000740       0x48 devices/other-device/src/LoadData_Device.o
 .debug_ranges  0x00000788       0x58 devices/sensor/src/BMP280_Sensor.o
 .debug_ranges  0x000007e0       0x58 devices/sensor/src/Si7020_Sensor.o

.debug_macro
 *(.debug_macro)
OUTPUT(ATMOS.elf elf32-avr)
LOAD linker stubs
