Archive member included to satisfy reference by file (symbol)

c:/program files (x86)/atmel/studio/7.0/toolchain/avr8/avr8-gnu-toolchain/bin/../lib/gcc/avr/4.9.2/../../../../avr/lib/avr5\libm.a(addsf3.o)
                              devices/BMP280.o (__subsf3)
c:/program files (x86)/atmel/studio/7.0/toolchain/avr8/avr8-gnu-toolchain/bin/../lib/gcc/avr/4.9.2/../../../../avr/lib/avr5\libm.a(addsf3x.o)
                              c:/program files (x86)/atmel/studio/7.0/toolchain/avr8/avr8-gnu-toolchain/bin/../lib/gcc/avr/4.9.2/../../../../avr/lib/avr5\libm.a(addsf3.o) (__addsf3x)
c:/program files (x86)/atmel/studio/7.0/toolchain/avr8/avr8-gnu-toolchain/bin/../lib/gcc/avr/4.9.2/../../../../avr/lib/avr5\libm.a(cmpsf2.o)
                              devices/BMP280.o (__ltsf2)
c:/program files (x86)/atmel/studio/7.0/toolchain/avr8/avr8-gnu-toolchain/bin/../lib/gcc/avr/4.9.2/../../../../avr/lib/avr5\libm.a(divsf3.o)
                              devices/BMP280.o (__divsf3)
c:/program files (x86)/atmel/studio/7.0/toolchain/avr8/avr8-gnu-toolchain/bin/../lib/gcc/avr/4.9.2/../../../../avr/lib/avr5\libm.a(divsf3x.o)
                              c:/program files (x86)/atmel/studio/7.0/toolchain/avr8/avr8-gnu-toolchain/bin/../lib/gcc/avr/4.9.2/../../../../avr/lib/avr5\libm.a(divsf3.o) (__divsf3x)
c:/program files (x86)/atmel/studio/7.0/toolchain/avr8/avr8-gnu-toolchain/bin/../lib/gcc/avr/4.9.2/../../../../avr/lib/avr5\libm.a(fixsfsi.o)
                              devices/BMP280.o (__fixsfsi)
c:/program files (x86)/atmel/studio/7.0/toolchain/avr8/avr8-gnu-toolchain/bin/../lib/gcc/avr/4.9.2/../../../../avr/lib/avr5\libm.a(fixunssfsi.o)
                              c:/program files (x86)/atmel/studio/7.0/toolchain/avr8/avr8-gnu-toolchain/bin/../lib/gcc/avr/4.9.2/../../../../avr/lib/avr5\libm.a(fixsfsi.o) (__fixunssfsi)
c:/program files (x86)/atmel/studio/7.0/toolchain/avr8/avr8-gnu-toolchain/bin/../lib/gcc/avr/4.9.2/../../../../avr/lib/avr5\libm.a(floatsisf.o)
                              devices/BMP280.o (__floatunsisf)
c:/program files (x86)/atmel/studio/7.0/toolchain/avr8/avr8-gnu-toolchain/bin/../lib/gcc/avr/4.9.2/../../../../avr/lib/avr5\libm.a(fp_cmp.o)
                              c:/program files (x86)/atmel/studio/7.0/toolchain/avr8/avr8-gnu-toolchain/bin/../lib/gcc/avr/4.9.2/../../../../avr/lib/avr5\libm.a(cmpsf2.o) (__fp_cmp)
c:/program files (x86)/atmel/studio/7.0/toolchain/avr8/avr8-gnu-toolchain/bin/../lib/gcc/avr/4.9.2/../../../../avr/lib/avr5\libm.a(fp_inf.o)
                              c:/program files (x86)/atmel/studio/7.0/toolchain/avr8/avr8-gnu-toolchain/bin/../lib/gcc/avr/4.9.2/../../../../avr/lib/avr5\libm.a(addsf3x.o) (__fp_inf)
c:/program files (x86)/atmel/studio/7.0/toolchain/avr8/avr8-gnu-toolchain/bin/../lib/gcc/avr/4.9.2/../../../../avr/lib/avr5\libm.a(fp_nan.o)
                              c:/program files (x86)/atmel/studio/7.0/toolchain/avr8/avr8-gnu-toolchain/bin/../lib/gcc/avr/4.9.2/../../../../avr/lib/avr5\libm.a(addsf3x.o) (__fp_nan)
c:/program files (x86)/atmel/studio/7.0/toolchain/avr8/avr8-gnu-toolchain/bin/../lib/gcc/avr/4.9.2/../../../../avr/lib/avr5\libm.a(fp_pscA.o)
                              c:/program files (x86)/atmel/studio/7.0/toolchain/avr8/avr8-gnu-toolchain/bin/../lib/gcc/avr/4.9.2/../../../../avr/lib/avr5\libm.a(addsf3x.o) (__fp_pscA)
c:/program files (x86)/atmel/studio/7.0/toolchain/avr8/avr8-gnu-toolchain/bin/../lib/gcc/avr/4.9.2/../../../../avr/lib/avr5\libm.a(fp_pscB.o)
                              c:/program files (x86)/atmel/studio/7.0/toolchain/avr8/avr8-gnu-toolchain/bin/../lib/gcc/avr/4.9.2/../../../../avr/lib/avr5\libm.a(addsf3x.o) (__fp_pscB)
c:/program files (x86)/atmel/studio/7.0/toolchain/avr8/avr8-gnu-toolchain/bin/../lib/gcc/avr/4.9.2/../../../../avr/lib/avr5\libm.a(fp_round.o)
                              c:/program files (x86)/atmel/studio/7.0/toolchain/avr8/avr8-gnu-toolchain/bin/../lib/gcc/avr/4.9.2/../../../../avr/lib/avr5\libm.a(addsf3.o) (__fp_round)
c:/program files (x86)/atmel/studio/7.0/toolchain/avr8/avr8-gnu-toolchain/bin/../lib/gcc/avr/4.9.2/../../../../avr/lib/avr5\libm.a(fp_split3.o)
                              c:/program files (x86)/atmel/studio/7.0/toolchain/avr8/avr8-gnu-toolchain/bin/../lib/gcc/avr/4.9.2/../../../../avr/lib/avr5\libm.a(addsf3x.o) (__fp_split3)
c:/program files (x86)/atmel/studio/7.0/toolchain/avr8/avr8-gnu-toolchain/bin/../lib/gcc/avr/4.9.2/../../../../avr/lib/avr5\libm.a(fp_zero.o)
                              c:/program files (x86)/atmel/studio/7.0/toolchain/avr8/avr8-gnu-toolchain/bin/../lib/gcc/avr/4.9.2/../../../../avr/lib/avr5\libm.a(addsf3x.o) (__fp_zero)
c:/program files (x86)/atmel/studio/7.0/toolchain/avr8/avr8-gnu-toolchain/bin/../lib/gcc/avr/4.9.2/../../../../avr/lib/avr5\libm.a(gesf2.o)
                              devices/BMP280.o (__gtsf2)
c:/program files (x86)/atmel/studio/7.0/toolchain/avr8/avr8-gnu-toolchain/bin/../lib/gcc/avr/4.9.2/../../../../avr/lib/avr5\libm.a(mulsf3.o)
[...]
Memory Configuration

Name             Origin             Length             Attributes
text             0x00000000         0x00020000         xr
data             0x00800060         0x0000ffa0         rw !x
eeprom           0x00810000         0x00010000         rw !x
fuse             0x00820000         0x00000400         rw !x
lock             0x00830000         0x00000400         rw !x
signature        0x00840000         0x00000400         rw !x
user_signatures  0x00850000         0x00000400         rw !x
*default*        0x00000000         0xffffffff

Linker script and memory map

Address of section .data set to 0x800200
LOAD C:/Program Files (x86)/Atmel/Studio/7.0/Packs/atmel/ATmega_DFP/1.0.90/gcc/dev/atmega644rfr2/avr5/crtatmega644rfr2.o
LOAD ATMOS.o
LOAD commands.o
LOAD common.o
LOAD devices/BMP280.o
LOAD devices/K30.o
LOAD devices/LWMesh.o
LOAD devices/Si7020.o
LOAD devices/TGS2600.o
LOAD drivers/ADC.o
LOAD drivers/PWR.o
LOAD drivers/SPI.o
LOAD drivers/TWI.o
LOAD drivers/usart0.o
LOAD hal/atmega256rfr2/src/hal.o
LOAD hal/atmega256rfr2/src/halSleep.o
LOAD hal/atmega256rfr2/src/halTimer.o
LOAD hal/atmega256rfr2/src/halUart.o
LOAD nwk/src/nwk.o
LOAD nwk/src/nwkDataReq.o
LOAD nwk/src/nwkFrame.o
LOAD nwk/src/nwkGroup.o
LOAD nwk/src/nwkRoute.o
LOAD nwk/src/nwkRouteDiscovery.o
LOAD nwk/src/nwkRx.o
LOAD nwk/src/nwkSecurity.o
LOAD nwk/src/nwkTx.o
LOAD phy/atmegarfr2/src/phy.o
LOAD sys/src/sys.o
LOAD sys/src/sysEncrypt.o
LOAD sys/src/sysTimer.o
START GROUP
LOAD c:/program files (x86)/atmel/studio/7.0/toolchain/avr8/avr8-gnu-toolchain/bin/../lib/gcc/avr/4.9.2/../../../../avr/lib/avr5\libm.a
LOAD c:/program files (x86)/atmel/studio/7.0/toolchain/avr8/avr8-gnu-toolchain/bin/../lib/gcc/avr/4.9.2/../../../../avr/lib/avr5\libprintf_flt.a
END GROUP
START GROUP
LOAD c:/program files (x86)/atmel/studio/7.0/toolchain/avr8/avr8-gnu-toolchain/bin/../lib/gcc/avr/4.9.2/avr5\libgcc.a
LOAD c:/program files (x86)/atmel/studio/7.0/toolchain/avr8/avr8-gnu-toolchain/bin/../lib/gcc/avr/4.9.2/../../../../avr/lib/avr5\libm.a
LOAD c:/program files (x86)/atmel/studio/7.0/toolchain/avr8/avr8-gnu-toolchain/bin/../lib/gcc/avr/4.9.2/../../../../avr/lib/avr5\libc.a
LOAD C:/Program Files (x86)/Atmel/Studio/7.0/Packs/atmel/ATmega_DFP/1.0.90/gcc/dev/atmega644rfr2/avr5\libatmega644rfr2.a
END GROUP

.hash
 *(.hash)

.dynsym
 *(.dynsym)

.dynstr
 *(.dynstr)

.gnu.version
 *(.gnu.version)

.gnu.version_d
 *(.gnu.version_d)

.gnu.version_r
 *(.gnu.version_r)

.rel.init
 *(.rel.init)

.rela.init
 *(.rela.init)

.rel.text
 *(.rel.text)
 *(.rel.text.*)
 *(.rel.gnu.linkonce.t*)

.rela.text
 *(.rela.text)
 *(.rela.text.*)
 *(.rela.gnu.linkonce.t*)

.rel.fini
 *(.rel.fini)

.rela.fini
 *(.rela.fini)

.rel.rodata
 *(.rel.rodata)
 *(.rel.rodata.*)
 *(.rel.gnu.linkonce.r*)

.rela.rodata
 *(.rela.rodata)
 *(.rela.rodata.*)
 *(.rela.gnu.linkonce.r*)

.rel.data
 *(.rel.data)
 *(.rel.data.*)
 *(.rel.gnu.linkonce.d*)

.rela.data
 *(.rela.data)
 *(.rela.data.*)
 *(.rela.gnu.linkonce.d*)

.rel.ctors
 *(.rel.ctors)

.rela.ctors
 *(.rela.ctors)

.rel.dtors
 *(.rel.dtors)

.rela.dtors
 *(.rela.dtors)

.rel.got
 *(.rel.got)

.rela.got
 *(.rela.got)

.rel.bss
 *(.rel.bss)

.rela.bss
 *(.rela.bss)

.rel.plt
 *(.rel.plt)

.rela.plt
 *(.rela.plt)

.text           0x00000000     0x2cc2
 *(.vectors)
 .vectors       0x00000000      0x134 C:/Program Files (x86)/Atmel/Studio/7.0/Packs/atmel/ATmega_DFP/1.0.90/gcc/dev/atmega644rfr2/avr5/crtatmega644rfr2.o
                0x00000000                __vector_default
                0x00000000                __vectors
 *(.vectors)
 *(.progmem.gcc*)
                0x00000134                . = ALIGN (0x2)
                0x00000134                __trampolines_start = .
 *(.trampolines)
 .trampolines   0x00000134        0x0 linker stubs
 *(.trampolines*)
                0x00000134                __trampolines_end = .
 *(.progmem*)
 .progmem.data  0x00000134        0x8 c:/program files (x86)/atmel/studio/7.0/toolchain/avr8/avr8-gnu-toolchain/bin/../lib/gcc/avr/4.9.2/../../../../avr/lib/avr5\libprintf_flt.a(vfprintf_flt.o)
 .progmem.data  0x0000013c       0xfa c:/program files (x86)/atmel/studio/7.0/toolchain/avr8/avr8-gnu-toolchain/bin/../lib/gcc/avr/4.9.2/../../../../avr/lib/avr5\libc.a(ftoa_engine.o)
                0x00000236                . = ALIGN (0x2)
 *(.jumptables)
 *(.jumptables*)
 *(.lowtext)
 *(.lowtext*)
                0x00000236                __ctors_start = .
 *(.ctors)
                0x00000236                __ctors_end = .
                0x00000236                __dtors_start = .
 *(.dtors)
                0x00000236                __dtors_end = .
 SORT(*)(.ctors)
 SORT(*)(.dtors)
 *(.init0)
 .init0         0x00000236        0x0 C:/Program Files (x86)/Atmel/Studio/7.0/Packs/atmel/ATmega_DFP/1.0.90/gcc/dev/atmega644rfr2/avr5/crtatmega644rfr2.o
                0x00000236                __init
 *(.init0)
 *(.init1)
 *(.init1)
 *(.init2)
 .init2         0x00000236        0xc C:/Program Files (x86)/Atmel/Studio/7.0/Packs/atmel/ATmega_DFP/1.0.90/gcc/dev/atmega644rfr2/avr5/crtatmega644rfr2.o
 *(.init2)
 *(.init3)
 *(.init3)
 *(.init4)
 .init4         0x00000242       0x16 c:/program files (x86)/atmel/studio/7.0/toolchain/avr8/avr8-gnu-toolchain/bin/../lib/gcc/avr/4.9.2/avr5\libgcc.a(_copy_data.o)
                0x00000242                __do_copy_data
 .init4         0x00000258       0x10 c:/program files (x86)/atmel/studio/7.0/toolchain/avr8/avr8-gnu-toolchain/bin/../lib/gcc/avr/4.9.2/avr5\libgcc.a(_clear_bss.o)
                0x00000258                __do_clear_bss
 *(.init4)
 *(.init5)
 *(.init5)
 *(.init6)
 *(.init6)
 *(.init7)
 *(.init7)
 *(.init8)
 *(.init8)
 *(.init9)
 .init9         0x00000268        0x8 C:/Program Files (x86)/Atmel/Studio/7.0/Packs/atmel/ATmega_DFP/1.0.90/gcc/dev/atmega644rfr2/avr5/crtatmega644rfr2.o
 *(.init9)
 *(.text)
 .text          0x00000270        0x4 C:/Program Files (x86)/Atmel/Studio/7.0/Packs/atmel/ATmega_DFP/1.0.90/gcc/dev/atmega644rfr2/avr5/crtatmega644rfr2.o
                0x00000270                __vector_38
                0x00000270                __vector_22
                0x00000270                __vector_63
                0x00000270                __vector_28
                0x00000270                __vector_67
                0x00000270                __vector_1
                0x00000270                __vector_32
                0x00000270                __vector_75
                0x00000270                __vector_71
                0x00000270                __vector_34
                0x00000270                __vector_62
                0x00000270                __vector_24
                0x00000270                __vector_12
                0x00000270                __vector_55
                0x00000270                __vector_69
                0x00000270                __vector_46
                0x00000270                __bad_interrupt
                0x00000270                __vector_72
                0x00000270                __vector_6
                0x00000270                __vector_31
                0x00000270                __vector_35
                0x00000270                __vector_74
                0x00000270                __vector_39
                0x00000270                __vector_3
                0x00000270                __vector_23
                0x00000270                __vector_68
                0x00000270                __vector_30
                0x00000270                __vector_73
                0x00000270                __vector_45
                0x00000270                __vector_61
                0x00000270                __vector_11
                0x00000270                __vector_54
                0x00000270                __vector_17
                0x00000270                __vector_19
                0x00000270                __vector_56
                0x00000270                __vector_7
                0x00000270                __vector_49
                0x00000270                __vector_41
                0x00000270                __vector_64
                0x00000270                __vector_43
                0x00000270                __vector_27
                0x00000270                __vector_5
                0x00000270                __vector_33
                0x00000270                __vector_76
                0x00000270                __vector_47
                0x00000270                __vector_52
                0x00000270                __vector_37
                0x00000270                __vector_4
                0x00000270                __vector_44
                0x00000270                __vector_51
                0x00000270                __vector_9
                0x00000270                __vector_2
                0x00000270                __vector_21
                0x00000270                __vector_15
                0x00000270                __vector_66
                0x00000270                __vector_36
                0x00000270                __vector_58
                0x00000270                __vector_70
                0x00000270                __vector_29
                0x00000270                __vector_60
                0x00000270                __vector_40
                0x00000270                __vector_8
                0x00000270                __vector_48
                0x00000270                __vector_14
                0x00000270                __vector_57
                0x00000270                __vector_53
                0x00000270                __vector_10
                0x00000270                __vector_50
                0x00000270                __vector_16
                0x00000270                __vector_59
                0x00000270                __vector_18
                0x00000270                __vector_20
                0x00000270                __vector_65
                0x00000274                . = ALIGN (0x2)
 *(.text.*)
 .text.main     0x00000274       0x70 ATMOS.o
                0x00000274                main
 .text.appCmdCheckPendingTable
                0x000002e4       0x8c commands.o
 .text.APP_CommandsPending
                0x00000370       0x76 commands.o
                0x00000370                APP_CommandsPending
 .text.BMP280_ReadBytes
                0x000003e6       0x54 devices/BMP280.o
 .text.BMP280_ReadInt
                0x0000043a       0x4a devices/BMP280.o
 .text.BMP280_Init
                0x00000484      0x1c0 devices/BMP280.o
                0x00000484                BMP280_Init
 .text.BMP280_SetOversampling
                0x00000644        0xc devices/BMP280.o
                0x00000644                BMP280_SetOversampling
 .text.appDataSendingTimerHandler
                0x00000650       0x2a devices/LWMesh.o
 .text.appUartSendMessage
                0x0000067a       0x8a devices/LWMesh.o
 .text.appDataInd
                0x00000704       0x9a devices/LWMesh.o
 .text.LWMesh   0x0000079e      0x198 devices/LWMesh.o
                0x0000079e                LWMesh
 .text.Si7020_init
                0x00000936        0x4 devices/Si7020.o
                0x00000936                Si7020_init
 .text.TGS2600_TurnOn
                0x0000093a        0x4 devices/TGS2600.o
                0x0000093a                TGS2600_TurnOn
 .text.TGS2600_Init
                0x0000093e        0x8 devices/TGS2600.o
                0x0000093e                TGS2600_Init
 .text.ADC_Init
                0x00000946       0x18 drivers/ADC.o
                0x00000946                ADC_Init
 .text.PWR_Init
                0x0000095e        0x8 drivers/PWR.o
                0x0000095e                PWR_Init
 .text.PWR_TurnOn5V
                0x00000966        0x4 drivers/PWR.o
                0x00000966                PWR_TurnOn5V
 .text.SPI_SlaveInit
                0x0000096a        0x8 drivers/SPI.o
                0x0000096a                SPI_SlaveInit
 .text.TWI_Init
                0x00000972       0x3c drivers/TWI.o
                0x00000972                TWI_Init
 .text.TWI_WriteByte
                0x000009ae       0x1c drivers/TWI.o
                0x000009ae                TWI_WriteByte
 .text.TWI_BeginWrite
                0x000009ca       0x3a drivers/TWI.o
                0x000009ca                TWI_BeginWrite
 .text.TWI_BeginRead
                0x00000a04       0x30 drivers/TWI.o
                0x00000a04                TWI_BeginRead
 .text.TWI_ReadAck
                0x00000a34       0x20 drivers/TWI.o
                0x00000a34                TWI_ReadAck
 .text.TWI_ReadNack
                0x00000a54       0x20 drivers/TWI.o
                0x00000a54                TWI_ReadNack
 .text.TWI_Stop
                0x00000a74        0xa drivers/TWI.o
                0x00000a74                TWI_Stop
 .text.TWI_Read
                0x00000a7e       0x78 drivers/TWI.o
                0x00000a7e                TWI_Read
 .text.USART0_Init
                0x00000af6       0x5a drivers/usart0.o
                0x00000af6                USART0_Init
 .text.USART0_Transmit
                0x00000b50       0x10 drivers/usart0.o
                0x00000b50                USART0_Transmit
 .text.USART0_putchar_printf
                0x00000b60       0x1c drivers/usart0.o
                0x00000b60                USART0_putchar_printf
 .text.HAL_Init
                0x00000b7c       0x2a hal/atmega256rfr2/src/hal.o
                0x00000b7c                HAL_Init
 .text.HAL_Sleep
                0x00000ba6      0x10c hal/atmega256rfr2/src/halSleep.o
                0x00000ba6                HAL_Sleep
 .text.__vector_13
                0x00000cb2       0x1e hal/atmega256rfr2/src/halSleep.o
                0x00000cb2                __vector_13
 .text.HAL_TimerInit
                0x00000cd0       0x2a hal/atmega256rfr2/src/halTimer.o
                0x00000cd0                HAL_TimerInit
 .text.__vector_42
                0x00000cfa       0x22 hal/atmega256rfr2/src/halTimer.o
                0x00000cfa                __vector_42
 .text.HAL_UartInit
                0x00000d1c       0xaa hal/atmega256rfr2/src/halUart.o
                0x00000d1c                HAL_UartInit
 .text.HAL_UartWriteByte
                0x00000dc6       0x4e hal/atmega256rfr2/src/halUart.o
                0x00000dc6                HAL_UartWriteByte
 .text.__vector_26
                0x00000e14       0x30 hal/atmega256rfr2/src/halUart.o
                0x00000e14                __vector_26
 .text.__vector_25
                0x00000e44       0xa6 hal/atmega256rfr2/src/halUart.o
                0x00000e44                __vector_25
 .text.NWK_Init
                0x00000eea       0x34 nwk/src/nwk.o
                0x00000eea                NWK_Init
 .text.NWK_SetAddr
                0x00000f1e        0xe nwk/src/nwk.o
                0x00000f1e                NWK_SetAddr
 .text.NWK_SetPanId
                0x00000f2c        0xe nwk/src/nwk.o
                0x00000f2c                NWK_SetPanId
 .text.NWK_OpenEndpoint
                0x00000f3a       0x12 nwk/src/nwk.o
                0x00000f3a                NWK_OpenEndpoint
 .text.NWK_Busy
                0x00000f4c       0x12 nwk/src/nwk.o
                0x00000f4c                NWK_Busy
 .text.NWK_SleepReq
                0x00000f5e        0x6 nwk/src/nwk.o
                0x00000f5e                NWK_SleepReq
 .text.NWK_WakeupReq
                0x00000f64        0x6 nwk/src/nwk.o
                0x00000f64                NWK_WakeupReq
 .text.NWK_TaskHandler
                0x00000f6a        0xe nwk/src/nwk.o
                0x00000f6a                NWK_TaskHandler
 .text.nwkDataReqTxConf
                0x00000f78       0x48 nwk/src/nwkDataReq.o
 .text.nwkDataReqInit
                0x00000fc0        0xa nwk/src/nwkDataReq.o
                0x00000fc0                nwkDataReqInit
 .text.NWK_DataReq
                0x00000fca       0x48 nwk/src/nwkDataReq.o
                0x00000fca                NWK_DataReq
 .text.nwkDataReqTaskHandler
                0x00001012      0x14a nwk/src/nwkDataReq.o
                0x00001012                nwkDataReqTaskHandler
 .text.nwkFrameInit
                0x0000115c       0x16 nwk/src/nwkFrame.o
                0x0000115c                nwkFrameInit
 .text.nwkFrameAlloc
                0x00001172       0x6e nwk/src/nwkFrame.o
                0x00001172                nwkFrameAlloc
 .text.nwkFrameFree
                0x000011e0       0x14 nwk/src/nwkFrame.o
                0x000011e0                nwkFrameFree
 .text.nwkFrameNext
                0x000011f4       0x44 nwk/src/nwkFrame.o
                0x000011f4                nwkFrameNext
 .text.nwkFrameCommandInit
                0x00001238       0x28 nwk/src/nwkFrame.o
                0x00001238                nwkFrameCommandInit
 .text.nwkRxServiceDataInd
                0x00001260       0x28 nwk/src/nwkRx.o
 .text.nwkRxDuplicateRejectionTimerHandler
                0x00001288       0x2e nwk/src/nwkRx.o
 .text.nwkRxInit
                0x000012b6       0x3c nwk/src/nwkRx.o
                0x000012b6                nwkRxInit
 .text.PHY_DataInd
                0x000012f2       0x58 nwk/src/nwkRx.o
                0x000012f2                PHY_DataInd
 .text.NWK_SetAckControl
                0x0000134a        0x6 nwk/src/nwkRx.o
                0x0000134a                NWK_SetAckControl
 .text.nwkRxTaskHandler
                0x00001350      0x43e nwk/src/nwkRx.o
                0x00001350                nwkRxTaskHandler
 .text.nwkTxDelayTimerHandler
                0x0000178e       0x5c nwk/src/nwkTx.o
 .text.nwkTxAckWaitTimerHandler
                0x000017ea       0x68 nwk/src/nwkTx.o
 .text.nwkTxInit
                0x00001852       0x46 nwk/src/nwkTx.o
                0x00001852                nwkTxInit
 .text.nwkTxFrame
                0x00001898       0x9e nwk/src/nwkTx.o
                0x00001898                nwkTxFrame
 .text.nwkTxBroadcastFrame
                0x00001936       0x8c nwk/src/nwkTx.o
                0x00001936                nwkTxBroadcastFrame
 .text.nwkTxAckReceived
                0x000019c2       0x4a nwk/src/nwkTx.o
                0x000019c2                nwkTxAckReceived
 .text.PHY_DataConf
                0x00001a0c       0x46 nwk/src/nwkTx.o
                0x00001a0c                PHY_DataConf
 .text.nwkTxTaskHandler
                0x00001a52      0x13c nwk/src/nwkTx.o
                0x00001a52                nwkTxTaskHandler
 .text.phySetChannel
                0x00001b8e       0x3c phy/atmegarfr2/src/phy.o
 .text.phyTrxSetState
                0x00001bca       0x24 phy/atmegarfr2/src/phy.o
 .text.phySetRxState
                0x00001bee       0x1c phy/atmegarfr2/src/phy.o
 .text.PHY_Init
                0x00001c0a       0x30 phy/atmegarfr2/src/phy.o
                0x00001c0a                PHY_Init
 .text.PHY_SetRxState
                0x00001c3a        0xa phy/atmegarfr2/src/phy.o
                0x00001c3a                PHY_SetRxState
 .text.PHY_SetChannel
                0x00001c44        0xa phy/atmegarfr2/src/phy.o
                0x00001c44                PHY_SetChannel
 .text.PHY_SetPanId
                0x00001c4e       0x22 phy/atmegarfr2/src/phy.o
                0x00001c4e                PHY_SetPanId
 .text.PHY_SetShortAddr
                0x00001c70       0x2c phy/atmegarfr2/src/phy.o
                0x00001c70                PHY_SetShortAddr
 .text.PHY_Sleep
                0x00001c9c       0x18 phy/atmegarfr2/src/phy.o
                0x00001c9c                PHY_Sleep
 .text.PHY_Wakeup
                0x00001cb4       0x16 phy/atmegarfr2/src/phy.o
                0x00001cb4                PHY_Wakeup
 .text.PHY_DataReq
                0x00001cca       0x56 phy/atmegarfr2/src/phy.o
                0x00001cca                PHY_DataReq
 .text.PHY_TaskHandler
                0x00001d20       0xfc phy/atmegarfr2/src/phy.o
                0x00001d20                PHY_TaskHandler
 .text.SYS_Init
                0x00001e1c       0x12 sys/src/sys.o
                0x00001e1c                SYS_Init
 .text.SYS_TaskHandler
                0x00001e2e        0xe sys/src/sys.o
                0x00001e2e                SYS_TaskHandler
 .text.placeTimer
                0x00001e3c       0xc8 sys/src/sysTimer.o
 .text.SYS_TimerInit
                0x00001f04        0xa sys/src/sysTimer.o
                0x00001f04                SYS_TimerInit
 .text.SYS_TimerStarted
                0x00001f0e       0x34 sys/src/sysTimer.o
                0x00001f0e                SYS_TimerStarted
 .text.SYS_TimerStart
                0x00001f42       0x1a sys/src/sysTimer.o
                0x00001f42                SYS_TimerStart
 .text.SYS_TimerTaskHandler
                0x00001f5c       0xd8 sys/src/sysTimer.o
                0x00001f5c                SYS_TimerTaskHandler
 .text.avr-libc
                0x00002034      0x6f8 c:/program files (x86)/atmel/studio/7.0/toolchain/avr8/avr8-gnu-toolchain/bin/../lib/gcc/avr/4.9.2/../../../../avr/lib/avr5\libprintf_flt.a(vfprintf_flt.o)
                0x00002034                vfprintf
 .text.libgcc.div
                0x0000272c       0x44 c:/program files (x86)/atmel/studio/7.0/toolchain/avr8/avr8-gnu-toolchain/bin/../lib/gcc/avr/4.9.2/avr5\libgcc.a(_udivmodsi4.o)
                0x0000272c                __udivmodsi4
 .text.libgcc.prologue
                0x00002770       0x38 c:/program files (x86)/atmel/studio/7.0/toolchain/avr8/avr8-gnu-toolchain/bin/../lib/gcc/avr/4.9.2/avr5\libgcc.a(_prologue.o)
                0x00002770                __prologue_saves__
 .text.libgcc.prologue
                0x000027a8       0x36 c:/program files (x86)/atmel/studio/7.0/toolchain/avr8/avr8-gnu-toolchain/bin/../lib/gcc/avr/4.9.2/avr5\libgcc.a(_epilogue.o)
                0x000027a8                __epilogue_restores__
 .text.avr-libc
                0x000027de       0xb8 c:/program files (x86)/atmel/studio/7.0/toolchain/avr8/avr8-gnu-toolchain/bin/../lib/gcc/avr/4.9.2/../../../../avr/lib/avr5\libc.a(rand.o)
                0x00002870                rand_r
                0x00002876                rand
                0x00002880                srand
 .text.avr-libc
                0x00002896      0x1b0 c:/program files (x86)/atmel/studio/7.0/toolchain/avr8/avr8-gnu-toolchain/bin/../lib/gcc/avr/4.9.2/../../../../avr/lib/avr5\libc.a(ftoa_engine.o)
                0x00002896                __ftoa_engine
 .text.avr-libc
                0x00002a46       0x16 c:/program files (x86)/atmel/studio/7.0/toolchain/avr8/avr8-gnu-toolchain/bin/../lib/gcc/avr/4.9.2/../../../../avr/lib/avr5\libc.a(strnlen_P.o)
                0x00002a46                strnlen_P
 .text.avr-libc
                0x00002a5c       0x12 c:/program files (x86)/atmel/studio/7.0/toolchain/avr8/avr8-gnu-toolchain/bin/../lib/gcc/avr/4.9.2/../../../../avr/lib/avr5\libc.a(memcpy.o)
                0x00002a5c                memcpy
 .text.avr-libc
                0x00002a6e       0x16 c:/program files (x86)/atmel/studio/7.0/toolchain/avr8/avr8-gnu-toolchain/bin/../lib/gcc/avr/4.9.2/../../../../avr/lib/avr5\libc.a(strnlen.o)
                0x00002a6e                strnlen
 .text.avr-libc
                0x00002a84       0x70 c:/program files (x86)/atmel/studio/7.0/toolchain/avr8/avr8-gnu-toolchain/bin/../lib/gcc/avr/4.9.2/../../../../avr/lib/avr5\libc.a(fputc.o)
                0x00002a84                fputc
 .text.avr-libc
                0x00002af4       0x2c c:/program files (x86)/atmel/studio/7.0/toolchain/avr8/avr8-gnu-toolchain/bin/../lib/gcc/avr/4.9.2/../../../../avr/lib/avr5\libc.a(printf.o)
                0x00002af4                printf
 .text.avr-libc
                0x00002b20       0x60 c:/program files (x86)/atmel/studio/7.0/toolchain/avr8/avr8-gnu-toolchain/bin/../lib/gcc/avr/4.9.2/../../../../avr/lib/avr5\libc.a(puts.o)
                0x00002b20                puts
 .text.avr-libc
                0x00002b80       0xbc c:/program files (x86)/atmel/studio/7.0/toolchain/avr8/avr8-gnu-toolchain/bin/../lib/gcc/avr/4.9.2/../../../../avr/lib/avr5\libc.a(ultoa_invert.o)
                0x00002b80                __ultoa_invert
 .text.libgcc.div
                0x00002c3c       0x2e c:/program files (x86)/atmel/studio/7.0/toolchain/avr8/avr8-gnu-toolchain/bin/../lib/gcc/avr/4.9.2/avr5\libgcc.a(_divmodsi4.o)
                0x00002c3c                __divmodsi4
 .text.libgcc.div
                0x00002c6a       0x10 c:/program files (x86)/atmel/studio/7.0/toolchain/avr8/avr8-gnu-toolchain/bin/../lib/gcc/avr/4.9.2/avr5\libgcc.a(_negsi2.o)
                0x00002c6a                __negsi2
 .text.libgcc.mul
                0x00002c7a       0x16 c:/program files (x86)/atmel/studio/7.0/toolchain/avr8/avr8-gnu-toolchain/bin/../lib/gcc/avr/4.9.2/avr5\libgcc.a(_muluhisi3.o)
                0x00002c7a                __muluhisi3
 .text.libgcc.mul
                0x00002c90       0x10 c:/program files (x86)/atmel/studio/7.0/toolchain/avr8/avr8-gnu-toolchain/bin/../lib/gcc/avr/4.9.2/avr5\libgcc.a(_mulshisi3.o)
                0x00002c90                __mulshisi3
                0x00002c96                __mulohisi3
 .text.libgcc.mul
                0x00002ca0       0x1e c:/program files (x86)/atmel/studio/7.0/toolchain/avr8/avr8-gnu-toolchain/bin/../lib/gcc/avr/4.9.2/avr5\libgcc.a(_umulhisi3.o)
                0x00002ca0                __umulhisi3
                0x00002cbe                . = ALIGN (0x2)
 *(.fini9)
 .fini9         0x00002cbe        0x0 c:/program files (x86)/atmel/studio/7.0/toolchain/avr8/avr8-gnu-toolchain/bin/../lib/gcc/avr/4.9.2/avr5\libgcc.a(_exit.o)
                0x00002cbe                _exit
                0x00002cbe                exit
 *(.fini9)
 *(.fini8)
 *(.fini8)
 *(.fini7)
 *(.fini7)
 *(.fini6)
 *(.fini6)
 *(.fini5)
 *(.fini5)
 *(.fini4)
 *(.fini4)
 *(.fini3)
 *(.fini3)
 *(.fini2)
 *(.fini2)
 *(.fini1)
 *(.fini1)
 *(.fini0)
 .fini0         0x00002cbe        0x4 c:/program files (x86)/atmel/studio/7.0/toolchain/avr8/avr8-gnu-toolchain/bin/../lib/gcc/avr/4.9.2/avr5\libgcc.a(_exit.o)
 *(.fini0)
                0x00002cc2                _etext = .

.data           0x00800200      0x18c load address 0x00002cc2
                0x00800200                PROVIDE (__data_start, .)
 *(.data)
 .data          0x00800200        0x4 c:/program files (x86)/atmel/studio/7.0/toolchain/avr8/avr8-gnu-toolchain/bin/../lib/gcc/avr/4.9.2/../../../../avr/lib/avr5\libc.a(rand.o)
 *(.data*)
 .data.USART0_stdout
                0x00800204        0xe drivers/usart0.o
 *(.rodata)
 *(.rodata*)
 .rodata.str1.1
                0x00800212       0x2b ATMOS.o
 .rodata.str1.1
                0x0080023d       0x37 devices/BMP280.o
 .rodata.str1.1
                0x00800274      0x117 devices/LWMesh.o
 *(.gnu.linkonce.d*)
                0x0080038c                . = ALIGN (0x2)
 *fill*         0x0080038b        0x1 
                0x0080038c                _edata = .
                0x0080038c                PROVIDE (__data_end, .)

.bss            0x0080038c      0x47f
                0x0080038c                PROVIDE (__bss_start, .)
 *(.bss)
 *(.bss*)
 .bss.appCmdDataReq
                0x0080038c       0x11 commands.o
 .bss.appCmdInProgress
                0x0080039d        0x2 commands.o
 .bss.appCmdPendingTable
                0x0080039f       0x2d commands.o
 .bss.status    0x008003cc        0x1 devices/BMP280.o
 .bss.oversampling
                0x008003cd        0x2 devices/BMP280.o
 .bss.dig_T1    0x008003cf        0x2 devices/BMP280.o
 .bss.dig_P1    0x008003d1        0x2 devices/BMP280.o
 .bss.dig_P9    0x008003d3        0x2 devices/BMP280.o
 .bss.dig_P8    0x008003d5        0x2 devices/BMP280.o
 .bss.dig_P7    0x008003d7        0x2 devices/BMP280.o
 .bss.dig_P6    0x008003d9        0x2 devices/BMP280.o
 .bss.dig_P5    0x008003db        0x2 devices/BMP280.o
 .bss.dig_P4    0x008003dd        0x2 devices/BMP280.o
 .bss.dig_P3    0x008003df        0x2 devices/BMP280.o
 .bss.dig_P2    0x008003e1        0x2 devices/BMP280.o
 .bss.dig_T3    0x008003e3        0x2 devices/BMP280.o
 .bss.dig_T2    0x008003e5        0x2 devices/BMP280.o
 .bss.appDataSendingTimer
                0x008003e7        0xd devices/LWMesh.o
 .bss.appMsg    0x008003f4       0x29 devices/LWMesh.o
 .bss.appState  0x0080041d        0x1 devices/LWMesh.o
 .bss.halSleepTimerEvent
                0x0080041e        0x1 hal/atmega256rfr2/src/halSleep.o
 .bss.newData   0x0080041f        0x1 hal/atmega256rfr2/src/halUart.o
 .bss.udrEmpty  0x00800420        0x1 hal/atmega256rfr2/src/halUart.o
 .bss.rxData    0x00800421        0xb hal/atmega256rfr2/src/halUart.o
 .bss.rxFifo    0x0080042c        0xa hal/atmega256rfr2/src/halUart.o
 .bss.txData    0x00800436        0xb hal/atmega256rfr2/src/halUart.o
 .bss.txFifo    0x00800441        0xa hal/atmega256rfr2/src/halUart.o
 .bss.nwkDataReqQueue
                0x0080044b        0x2 nwk/src/nwkDataReq.o
 .bss.nwkFrameFrames
                0x0080044d      0x2ad nwk/src/nwkFrame.o
 .bss.nwkRxDuplicateRejectionTimer
                0x008006fa        0xd nwk/src/nwkRx.o
 .bss.nwkRxAckControl
                0x00800707        0x1 nwk/src/nwkRx.o
 .bss.nwkRxDuplicateRejectionTable
                0x00800708       0x32 nwk/src/nwkRx.o
 .bss.nwkTxDelayTimer
                0x0080073a        0xd nwk/src/nwkTx.o
 .bss.nwkTxAckWaitTimer
                0x00800747        0xd nwk/src/nwkTx.o
 .bss.nwkTxPhyActiveFrame
                0x00800754        0x2 nwk/src/nwkTx.o
 .bss.phyBand   0x00800756        0x1 phy/atmegarfr2/src/phy.o
 .bss.phyChannel
                0x00800757        0x1 phy/atmegarfr2/src/phy.o
 .bss.phyRxState
                0x00800758        0x1 phy/atmegarfr2/src/phy.o
 .bss.phyRxBuffer
                0x00800759       0x80 phy/atmegarfr2/src/phy.o
 .bss.phyState  0x008007d9        0x1 phy/atmegarfr2/src/phy.o
 .bss.timers    0x008007da        0x2 sys/src/sysTimer.o
 *(COMMON)
 COMMON         0x008007dc        0x1 hal/atmega256rfr2/src/halTimer.o
                0x008007dc                halTimerIrqCount
 COMMON         0x008007dd       0x28 nwk/src/nwk.o
                0x008007dd                nwkIb
 COMMON         0x00800805        0x6 c:/program files (x86)/atmel/studio/7.0/toolchain/avr8/avr8-gnu-toolchain/bin/../lib/gcc/avr/4.9.2/../../../../avr/lib/avr5\libc.a(iob.o)
                0x00800805                __iob
                0x0080080b                PROVIDE (__bss_end, .)
                0x00002cc2                __data_load_start = LOADADDR (.data)
                0x00002e4e                __data_load_end = (__data_load_start + SIZEOF (.data))

.noinit         0x0080080b        0x0
                0x0080080b                PROVIDE (__noinit_start, .)
 *(.noinit*)
                0x0080080b                PROVIDE (__noinit_end, .)
                0x0080080b                _end = .
                0x0080080b                PROVIDE (__heap_start, .)

.eeprom         0x00810000        0x0
 *(.eeprom*)
                0x00810000                __eeprom_end = .

.fuse
 *(.fuse)
 *(.lfuse)
 *(.hfuse)
 *(.efuse)

.lock
 *(.lock*)

.signature
 *(.signature*)

.user_signatures
 *(.user_signatures*)

.stab
 *(.stab)

.stabstr
 *(.stabstr)

.stab.excl
 *(.stab.excl)

.stab.exclstr
 *(.stab.exclstr)

.stab.index
 *(.stab.index)

.stab.indexstr
 *(.stab.indexstr)

.comment        0x00000000       0x5c
 *(.comment)
 .comment       0x00000000       0x30 ATMOS.o
                                 0x31 (size before relaxing)
 .comment       0x00000030       0x31 commands.o
 .comment       0x00000030       0x31 devices/BMP280.o
 .comment       0x00000030       0x31 devices/LWMesh.o
 .comment       0x00000030       0x31 devices/Si7020.o
 .comment       0x00000030       0x31 devices/TGS2600.o
 .comment       0x00000030       0x31 drivers/ADC.o
 .comment       0x00000030       0x31 drivers/PWR.o
 .comment       0x00000030       0x31 drivers/SPI.o
 .comment       0x00000030       0x31 drivers/TWI.o
 .comment       0x00000030       0x31 drivers/usart0.o
 .comment       0x00000030       0x31 hal/atmega256rfr2/src/hal.o
 .comment       0x00000030       0x31 hal/atmega256rfr2/src/halSleep.o
 .comment       0x00000030       0x31 hal/atmega256rfr2/src/halTimer.o
 .comment       0x00000030       0x31 hal/atmega256rfr2/src/halUart.o
 .comment       0x00000030       0x31 nwk/src/nwk.o
 .comment       0x00000030       0x31 nwk/src/nwkDataReq.o
 .comment       0x00000030       0x31 nwk/src/nwkFrame.o
 .comment       0x00000030       0x31 nwk/src/nwkRx.o
 .comment       0x00000030       0x31 nwk/src/nwkTx.o
 .comment       0x00000030       0x31 phy/atmegarfr2/src/phy.o
 .comment       0x00000030       0x31 sys/src/sys.o
 .comment       0x00000030       0x31 sys/src/sysTimer.o
 .comment       0x00000030       0x2c c:/program files (x86)/atmel/studio/7.0/toolchain/avr8/avr8-gnu-toolchain/bin/../lib/gcc/avr/4.9.2/../../../../avr/lib/avr5\libprintf_flt.a(vfprintf_flt.o)
                                 0x2d (size before relaxing)
 .comment       0x0000005c       0x31 c:/program files (x86)/atmel/studio/7.0/toolchain/avr8/avr8-gnu-toolchain/bin/../lib/gcc/avr/4.9.2/../../../../avr/lib/avr5\libc.a(rand.o)
 .comment       0x0000005c       0x31 c:/program files (x86)/atmel/studio/7.0/toolchain/avr8/avr8-gnu-toolchain/bin/../lib/gcc/avr/4.9.2/../../../../avr/lib/avr5\libc.a(fputc.o)
 .comment       0x0000005c       0x31 c:/program files (x86)/atmel/studio/7.0/toolchain/avr8/avr8-gnu-toolchain/bin/../lib/gcc/avr/4.9.2/../../../../avr/lib/avr5\libc.a(iob.o)
 .comment       0x0000005c       0x31 c:/program files (x86)/atmel/studio/7.0/toolchain/avr8/avr8-gnu-toolchain/bin/../lib/gcc/avr/4.9.2/../../../../avr/lib/avr5\libc.a(printf.o)
 .comment       0x0000005c       0x31 c:/program files (x86)/atmel/studio/7.0/toolchain/avr8/avr8-gnu-toolchain/bin/../lib/gcc/avr/4.9.2/../../../../avr/lib/avr5\libc.a(puts.o)

.note.gnu.avr.deviceinfo
                0x00000000       0x40
 .note.gnu.avr.deviceinfo
                0x00000000       0x40 C:/Program Files (x86)/Atmel/Studio/7.0/Packs/atmel/ATmega_DFP/1.0.90/gcc/dev/atmega644rfr2/avr5/crtatmega644rfr2.o

.note.gnu.build-id
 *(.note.gnu.build-id)

.debug
 *(.debug)

.line
 *(.line)

.debug_srcinfo
 *(.debug_srcinfo)

.debug_sfnames
 *(.debug_sfnames)

.debug_aranges  0x00000000      0x660
 *(.debug_aranges)
 .debug_aranges
                0x00000000       0x30 ATMOS.o
 .debug_aranges
                0x00000030       0x60 commands.o
 .debug_aranges
                0x00000090       0x80 devices/BMP280.o
 .debug_aranges
                0x00000110       0x38 devices/LWMesh.o
 .debug_aranges
                0x00000148       0x40 devices/Si7020.o
 .debug_aranges
                0x00000188       0x38 devices/TGS2600.o
 .debug_aranges
                0x000001c0       0x38 drivers/ADC.o
 .debug_aranges
                0x000001f8       0x40 drivers/PWR.o
 .debug_aranges
                0x00000238       0x30 drivers/SPI.o
 .debug_aranges
                0x00000268       0x60 drivers/TWI.o
 .debug_aranges
                0x000002c8       0x48 drivers/usart0.o
 .debug_aranges
                0x00000310       0x28 hal/atmega256rfr2/src/hal.o
 .debug_aranges
                0x00000338       0x28 hal/atmega256rfr2/src/halSleep.o
 .debug_aranges
                0x00000360       0x30 hal/atmega256rfr2/src/halTimer.o
 .debug_aranges
                0x00000390       0x48 hal/atmega256rfr2/src/halUart.o
 .debug_aranges
                0x000003d8       0x70 nwk/src/nwk.o
 .debug_aranges
                0x00000448       0x38 nwk/src/nwkDataReq.o
 .debug_aranges
                0x00000480       0x40 nwk/src/nwkFrame.o
 .debug_aranges
                0x000004c0       0x48 nwk/src/nwkRx.o
 .debug_aranges
                0x00000508       0x60 nwk/src/nwkTx.o
 .debug_aranges
                0x00000568       0x88 phy/atmegarfr2/src/phy.o
 .debug_aranges
                0x000005f0       0x28 sys/src/sys.o
 .debug_aranges
                0x00000618       0x48 sys/src/sysTimer.o

.debug_pubnames
 *(.debug_pubnames)

.debug_info     0x00000000     0x7195
 *(.debug_info .gnu.linkonce.wi.*)
 .debug_info    0x00000000      0x812 ATMOS.o
 .debug_info    0x00000812      0xb67 commands.o
 .debug_info    0x00001379      0xaeb devices/BMP280.o
 .debug_info    0x00001e64      0x90a devices/LWMesh.o
 .debug_info    0x0000276e      0x448 devices/Si7020.o
 .debug_info    0x00002bb6      0x13a devices/TGS2600.o
 .debug_info    0x00002cf0      0x121 drivers/ADC.o
 .debug_info    0x00002e11       0xdb drivers/PWR.o
 .debug_info    0x00002eec      0x102 drivers/SPI.o
 .debug_info    0x00002fee      0x45e drivers/TWI.o
 .debug_info    0x0000344c      0x299 drivers/usart0.o
 .debug_info    0x000036e5      0x128 hal/atmega256rfr2/src/hal.o
 .debug_info    0x0000380d      0x184 hal/atmega256rfr2/src/halSleep.o
 .debug_info    0x00003991       0xe4 hal/atmega256rfr2/src/halTimer.o
 .debug_info    0x00003a75      0x31c hal/atmega256rfr2/src/halUart.o
 .debug_info    0x00003d91      0x4a6 nwk/src/nwk.o
 .debug_info    0x00004237      0x79d nwk/src/nwkDataReq.o
 .debug_info    0x000049d4      0x56a nwk/src/nwkFrame.o
 .debug_info    0x00004f3e      0xc23 nwk/src/nwkRx.o
 .debug_info    0x00005b61      0xa08 nwk/src/nwkTx.o
 .debug_info    0x00006569      0x7c0 phy/atmegarfr2/src/phy.o
 .debug_info    0x00006d29      0x12b sys/src/sys.o
 .debug_info    0x00006e54      0x341 sys/src/sysTimer.o

.debug_abbrev   0x00000000     0x289b
 *(.debug_abbrev)
 .debug_abbrev  0x00000000      0x2d8 ATMOS.o
 .debug_abbrev  0x000002d8      0x3a0 commands.o
 .debug_abbrev  0x00000678      0x335 devices/BMP280.o
 .debug_abbrev  0x000009ad      0x253 devices/LWMesh.o
 .debug_abbrev  0x00000c00      0x126 devices/Si7020.o
 .debug_abbrev  0x00000d26       0xf2 devices/TGS2600.o
 .debug_abbrev  0x00000e18       0xdd drivers/ADC.o
 .debug_abbrev  0x00000ef5       0x51 drivers/PWR.o
 .debug_abbrev  0x00000f46       0xc6 drivers/SPI.o
 .debug_abbrev  0x0000100c      0x1e3 drivers/TWI.o
 .debug_abbrev  0x000011ef      0x18f drivers/usart0.o
 .debug_abbrev  0x0000137e       0xda hal/atmega256rfr2/src/hal.o
 .debug_abbrev  0x00001458       0xd5 hal/atmega256rfr2/src/halSleep.o
 .debug_abbrev  0x0000152d       0xaa hal/atmega256rfr2/src/halTimer.o
 .debug_abbrev  0x000015d7      0x170 hal/atmega256rfr2/src/halUart.o
 .debug_abbrev  0x00001747      0x1c7 nwk/src/nwk.o
 .debug_abbrev  0x0000190e      0x2ac nwk/src/nwkDataReq.o
 .debug_abbrev  0x00001bba      0x181 nwk/src/nwkFrame.o
 .debug_abbrev  0x00001d3b      0x3ca nwk/src/nwkRx.o
 .debug_abbrev  0x00002105      0x354 nwk/src/nwkTx.o
 .debug_abbrev  0x00002459      0x247 phy/atmegarfr2/src/phy.o
 .debug_abbrev  0x000026a0       0x62 sys/src/sys.o
 .debug_abbrev  0x00002702      0x199 sys/src/sysTimer.o

.debug_line     0x00000000     0x232f
 *(.debug_line .debug_line.* .debug_line_end)
 .debug_line    0x00000000      0x21b ATMOS.o
 .debug_line    0x0000021b      0x24b commands.o
 .debug_line    0x00000466      0x271 devices/BMP280.o
 .debug_line    0x000006d7      0x246 devices/LWMesh.o
 .debug_line    0x0000091d       0xc9 devices/Si7020.o
 .debug_line    0x000009e6       0xf6 devices/TGS2600.o
 .debug_line    0x00000adc       0xea drivers/ADC.o
 .debug_line    0x00000bc6       0xe0 drivers/PWR.o
 .debug_line    0x00000ca6       0xce drivers/SPI.o
 .debug_line    0x00000d74      0x238 drivers/TWI.o
 .debug_line    0x00000fac      0x143 drivers/usart0.o
 .debug_line    0x000010ef      0x158 hal/atmega256rfr2/src/hal.o
 .debug_line    0x00001247      0x10e hal/atmega256rfr2/src/halSleep.o
 .debug_line    0x00001355       0xe3 hal/atmega256rfr2/src/halTimer.o
 .debug_line    0x00001438      0x16d hal/atmega256rfr2/src/halUart.o
 .debug_line    0x000015a5      0x1d7 nwk/src/nwk.o
 .debug_line    0x0000177c      0x162 nwk/src/nwkDataReq.o
 .debug_line    0x000018de      0x132 nwk/src/nwkFrame.o
 .debug_line    0x00001a10      0x247 nwk/src/nwkRx.o
 .debug_line    0x00001c57      0x265 nwk/src/nwkTx.o
 .debug_line    0x00001ebc      0x21d phy/atmegarfr2/src/phy.o
 .debug_line    0x000020d9       0xc2 sys/src/sys.o
 .debug_line    0x0000219b      0x194 sys/src/sysTimer.o

.debug_frame    0x00000000      0xf50
 *(.debug_frame)
 .debug_frame   0x00000000       0x54 ATMOS.o
 .debug_frame   0x00000054       0xf4 commands.o
 .debug_frame   0x00000148      0x248 devices/BMP280.o
 .debug_frame   0x00000390       0xc4 devices/LWMesh.o
 .debug_frame   0x00000454       0x7c devices/Si7020.o
 .debug_frame   0x000004d0       0x68 devices/TGS2600.o
 .debug_frame   0x00000538       0x54 drivers/ADC.o
 .debug_frame   0x0000058c       0x64 drivers/PWR.o
 .debug_frame   0x000005f0       0x44 drivers/SPI.o
 .debug_frame   0x00000634       0xf0 drivers/TWI.o
 .debug_frame   0x00000724       0x7c drivers/usart0.o
 .debug_frame   0x000007a0       0x34 hal/atmega256rfr2/src/hal.o
 .debug_frame   0x000007d4       0x50 hal/atmega256rfr2/src/halSleep.o
 .debug_frame   0x00000824       0x54 hal/atmega256rfr2/src/halTimer.o
 .debug_frame   0x00000878       0xe4 hal/atmega256rfr2/src/halUart.o
 .debug_frame   0x0000095c       0xd4 nwk/src/nwk.o
 .debug_frame   0x00000a30       0x68 nwk/src/nwkDataReq.o
 .debug_frame   0x00000a98       0x64 nwk/src/nwkFrame.o
 .debug_frame   0x00000afc       0xe0 nwk/src/nwkRx.o
 .debug_frame   0x00000bdc      0x144 nwk/src/nwkTx.o
 .debug_frame   0x00000d20      0x13c phy/atmegarfr2/src/phy.o
 .debug_frame   0x00000e5c       0x34 sys/src/sys.o
 .debug_frame   0x00000e90       0xc0 sys/src/sysTimer.o

.debug_str      0x00000000     0x1f2f
 *(.debug_str)
 .debug_str     0x00000000      0x496 ATMOS.o
                                0x4fc (size before relaxing)
 .debug_str     0x00000496      0x4d2 commands.o
                                0x6ba (size before relaxing)
 .debug_str     0x00000968      0x20d devices/BMP280.o
                                0x3d3 (size before relaxing)
 .debug_str     0x00000b75      0x125 devices/LWMesh.o
                                0x51d (size before relaxing)
 .debug_str     0x00000c9a       0xbd devices/Si7020.o
                                0x25b (size before relaxing)
 .debug_str     0x00000d57       0x64 devices/TGS2600.o
                                0x1b0 (size before relaxing)
 .debug_str     0x00000dbb       0x25 drivers/ADC.o
                                0x197 (size before relaxing)
 .debug_str     0x00000de0       0x3c drivers/PWR.o
                                0x18b (size before relaxing)
 .debug_str     0x00000e1c       0x3b drivers/SPI.o
                                0x196 (size before relaxing)
 .debug_str     0x00000e57       0x3b drivers/TWI.o
                                0x25a (size before relaxing)
 .debug_str     0x00000e92       0x8a drivers/usart0.o
                                0x20b (size before relaxing)
 .debug_str     0x00000f1c       0x64 hal/atmega256rfr2/src/hal.o
                                0x1a6 (size before relaxing)
 .debug_str     0x00000f80       0x7f hal/atmega256rfr2/src/halSleep.o
                                0x1e3 (size before relaxing)
 .debug_str     0x00000fff       0x41 hal/atmega256rfr2/src/halTimer.o
                                0x1a0 (size before relaxing)
 .debug_str     0x00001040       0xbd hal/atmega256rfr2/src/halUart.o
                                0x261 (size before relaxing)
 .debug_str     0x000010fd      0x101 nwk/src/nwk.o
                                0x320 (size before relaxing)
 .debug_str     0x000011fe      0x294 nwk/src/nwkDataReq.o
                                0x55c (size before relaxing)
 .debug_str     0x00001492       0x5b nwk/src/nwkFrame.o
                                0x3fb (size before relaxing)
 .debug_str     0x000014ed      0x305 nwk/src/nwkRx.o
                                0x6f5 (size before relaxing)
 .debug_str     0x000017f2      0x1c1 nwk/src/nwkTx.o
                                0x6aa (size before relaxing)
 .debug_str     0x000019b3      0x507 phy/atmegarfr2/src/phy.o
                                0x76a (size before relaxing)
 .debug_str     0x00001eba       0x34 sys/src/sys.o
                                0x1c8 (size before relaxing)
 .debug_str     0x00001eee       0x41 sys/src/sysTimer.o
                                0x25d (size before relaxing)

.debug_loc      0x00000000     0x3cab
 *(.debug_loc)
 .debug_loc     0x00000000      0x199 ATMOS.o
 .debug_loc     0x00000199      0x5d8 commands.o
 .debug_loc     0x00000771      0xb24 devices/BMP280.o
 .debug_loc     0x00001295      0x331 devices/LWMesh.o
 .debug_loc     0x000015c6      0x66e devices/Si7020.o
 .debug_loc     0x00001c34       0x7d devices/TGS2600.o
 .debug_loc     0x00001cb1       0x42 drivers/ADC.o
 .debug_loc     0x00001cf3       0x2d drivers/SPI.o
 .debug_loc     0x00001d20      0x49c drivers/TWI.o
 .debug_loc     0x000021bc       0xa0 drivers/usart0.o
 .debug_loc     0x0000225c       0x21 hal/atmega256rfr2/src/hal.o
 .debug_loc     0x0000227d      0x179 hal/atmega256rfr2/src/halSleep.o
 .debug_loc     0x000023f6       0x62 hal/atmega256rfr2/src/halTimer.o
 .debug_loc     0x00002458      0x212 hal/atmega256rfr2/src/halUart.o
 .debug_loc     0x0000266a      0x14d nwk/src/nwk.o
 .debug_loc     0x000027b7      0x137 nwk/src/nwkDataReq.o
 .debug_loc     0x000028ee      0x11e nwk/src/nwkFrame.o
 .debug_loc     0x00002a0c      0x4c5 nwk/src/nwkRx.o
 .debug_loc     0x00002ed1      0x672 nwk/src/nwkTx.o
 .debug_loc     0x00003543      0x33a phy/atmegarfr2/src/phy.o
 .debug_loc     0x0000387d      0x42e sys/src/sysTimer.o

.debug_macinfo
 *(.debug_macinfo)

.debug_weaknames
 *(.debug_weaknames)

.debug_funcnames
 *(.debug_funcnames)

.debug_typenames
 *(.debug_typenames)

.debug_varnames
 *(.debug_varnames)

.debug_pubtypes
 *(.debug_pubtypes)

.debug_ranges   0x00000000      0x690
 *(.debug_ranges)
 .debug_ranges  0x00000000       0x20 ATMOS.o
 .debug_ranges  0x00000020       0x80 commands.o
 .debug_ranges  0x000000a0       0xa0 devices/BMP280.o
 .debug_ranges  0x00000140       0x70 devices/LWMesh.o
 .debug_ranges  0x000001b0       0x70 devices/Si7020.o
 .debug_ranges  0x00000220       0x28 devices/TGS2600.o
 .debug_ranges  0x00000248       0x28 drivers/ADC.o
 .debug_ranges  0x00000270       0x30 drivers/PWR.o
 .debug_ranges  0x000002a0       0x20 drivers/SPI.o
 .debug_ranges  0x000002c0       0x50 drivers/TWI.o
 .debug_ranges  0x00000310       0x38 drivers/usart0.o
 .debug_ranges  0x00000348       0x18 hal/atmega256rfr2/src/hal.o
 .debug_ranges  0x00000360       0x30 hal/atmega256rfr2/src/halSleep.o
 .debug_ranges  0x00000390       0x20 hal/atmega256rfr2/src/halTimer.o
 .debug_ranges  0x000003b0       0x38 hal/atmega256rfr2/src/halUart.o
 .debug_ranges  0x000003e8       0x60 nwk/src/nwk.o
 .debug_ranges  0x00000448       0x28 nwk/src/nwkDataReq.o
 .debug_ranges  0x00000470       0x30 nwk/src/nwkFrame.o
 .debug_ranges  0x000004a0       0x88 nwk/src/nwkRx.o
 .debug_ranges  0x00000528       0x68 nwk/src/nwkTx.o
 .debug_ranges  0x00000590       0x78 phy/atmegarfr2/src/phy.o
 .debug_ranges  0x00000608       0x18 sys/src/sys.o
 .debug_ranges  0x00000620       0x70 sys/src/sysTimer.o

.debug_macro
 *(.debug_macro)
OUTPUT(ATMOS.elf elf32-avr)
LOAD linker stubs
