Archive member included to satisfy reference by file (symbol)

c:/program files (x86)/atmel/studio/7.0/toolchain/avr8/avr8-gnu-toolchain/bin/../lib/gcc/avr/4.9.2/../../../../avr/lib/avr5\libm.a(addsf3.o)
                              devices/BMP280.o (__subsf3)
c:/program files (x86)/atmel/studio/7.0/toolchain/avr8/avr8-gnu-toolchain/bin/../lib/gcc/avr/4.9.2/../../../../avr/lib/avr5\libm.a(addsf3x.o)
                              c:/program files (x86)/atmel/studio/7.0/toolchain/avr8/avr8-gnu-toolchain/bin/../lib/gcc/avr/4.9.2/../../../../avr/lib/avr5\libm.a(addsf3.o) (__addsf3x)
c:/program files (x86)/atmel/studio/7.0/toolchain/avr8/avr8-gnu-toolchain/bin/../lib/gcc/avr/4.9.2/../../../../avr/lib/avr5\libm.a(cmpsf2.o)
                              devices/BMP280.o (__ltsf2)
c:/program files (x86)/atmel/studio/7.0/toolchain/avr8/avr8-gnu-toolchain/bin/../lib/gcc/avr/4.9.2/../../../../avr/lib/avr5\libm.a(divsf3.o)
                              devices/BMP280.o (__divsf3)
c:/program files (x86)/atmel/studio/7.0/toolchain/avr8/avr8-gnu-toolchain/bin/../lib/gcc/avr/4.9.2/../../../../avr/lib/avr5\libm.a(divsf3x.o)
                              c:/program files (x86)/atmel/studio/7.0/toolchain/avr8/avr8-gnu-toolchain/bin/../lib/gcc/avr/4.9.2/../../../../avr/lib/avr5\libm.a(divsf3.o) (__divsf3x)
c:/program files (x86)/atmel/studio/7.0/toolchain/avr8/avr8-gnu-toolchain/bin/../lib/gcc/avr/4.9.2/../../../../avr/lib/avr5\libm.a(fixsfsi.o)
                              devices/BMP280.o (__fixsfsi)
c:/program files (x86)/atmel/studio/7.0/toolchain/avr8/avr8-gnu-toolchain/bin/../lib/gcc/avr/4.9.2/../../../../avr/lib/avr5\libm.a(fixunssfsi.o)
                              c:/program files (x86)/atmel/studio/7.0/toolchain/avr8/avr8-gnu-toolchain/bin/../lib/gcc/avr/4.9.2/../../../../avr/lib/avr5\libm.a(fixsfsi.o) (__fixunssfsi)
c:/program files (x86)/atmel/studio/7.0/toolchain/avr8/avr8-gnu-toolchain/bin/../lib/gcc/avr/4.9.2/../../../../avr/lib/avr5\libm.a(floatsisf.o)
                              devices/BMP280.o (__floatunsisf)
c:/program files (x86)/atmel/studio/7.0/toolchain/avr8/avr8-gnu-toolchain/bin/../lib/gcc/avr/4.9.2/../../../../avr/lib/avr5\libm.a(fp_cmp.o)
                              c:/program files (x86)/atmel/studio/7.0/toolchain/avr8/avr8-gnu-toolchain/bin/../lib/gcc/avr/4.9.2/../../../../avr/lib/avr5\libm.a(cmpsf2.o) (__fp_cmp)
c:/program files (x86)/atmel/studio/7.0/toolchain/avr8/avr8-gnu-toolchain/bin/../lib/gcc/avr/4.9.2/../../../../avr/lib/avr5\libm.a(fp_inf.o)
                              c:/program files (x86)/atmel/studio/7.0/toolchain/avr8/avr8-gnu-toolchain/bin/../lib/gcc/avr/4.9.2/../../../../avr/lib/avr5\libm.a(addsf3x.o) (__fp_inf)
c:/program files (x86)/atmel/studio/7.0/toolchain/avr8/avr8-gnu-toolchain/bin/../lib/gcc/avr/4.9.2/../../../../avr/lib/avr5\libm.a(fp_nan.o)
                              c:/program files (x86)/atmel/studio/7.0/toolchain/avr8/avr8-gnu-toolchain/bin/../lib/gcc/avr/4.9.2/../../../../avr/lib/avr5\libm.a(addsf3x.o) (__fp_nan)
c:/program files (x86)/atmel/studio/7.0/toolchain/avr8/avr8-gnu-toolchain/bin/../lib/gcc/avr/4.9.2/../../../../avr/lib/avr5\libm.a(fp_pscA.o)
                              c:/program files (x86)/atmel/studio/7.0/toolchain/avr8/avr8-gnu-toolchain/bin/../lib/gcc/avr/4.9.2/../../../../avr/lib/avr5\libm.a(addsf3x.o) (__fp_pscA)
c:/program files (x86)/atmel/studio/7.0/toolchain/avr8/avr8-gnu-toolchain/bin/../lib/gcc/avr/4.9.2/../../../../avr/lib/avr5\libm.a(fp_pscB.o)
                              c:/program files (x86)/atmel/studio/7.0/toolchain/avr8/avr8-gnu-toolchain/bin/../lib/gcc/avr/4.9.2/../../../../avr/lib/avr5\libm.a(addsf3x.o) (__fp_pscB)
c:/program files (x86)/atmel/studio/7.0/toolchain/avr8/avr8-gnu-toolchain/bin/../lib/gcc/avr/4.9.2/../../../../avr/lib/avr5\libm.a(fp_round.o)
                              c:/program files (x86)/atmel/studio/7.0/toolchain/avr8/avr8-gnu-toolchain/bin/../lib/gcc/avr/4.9.2/../../../../avr/lib/avr5\libm.a(addsf3.o) (__fp_round)
c:/program files (x86)/atmel/studio/7.0/toolchain/avr8/avr8-gnu-toolchain/bin/../lib/gcc/avr/4.9.2/../../../../avr/lib/avr5\libm.a(fp_split3.o)
                              c:/program files (x86)/atmel/studio/7.0/toolchain/avr8/avr8-gnu-toolchain/bin/../lib/gcc/avr/4.9.2/../../../../avr/lib/avr5\libm.a(addsf3x.o) (__fp_split3)
c:/program files (x86)/atmel/studio/7.0/toolchain/avr8/avr8-gnu-toolchain/bin/../lib/gcc/avr/4.9.2/../../../../avr/lib/avr5\libm.a(fp_zero.o)
                              c:/program files (x86)/atmel/studio/7.0/toolchain/avr8/avr8-gnu-toolchain/bin/../lib/gcc/avr/4.9.2/../../../../avr/lib/avr5\libm.a(addsf3x.o) (__fp_zero)
c:/program files (x86)/atmel/studio/7.0/toolchain/avr8/avr8-gnu-toolchain/bin/../lib/gcc/avr/4.9.2/../../../../avr/lib/avr5\libm.a(gesf2.o)
                              devices/BMP280.o (__gtsf2)
c:/program files (x86)/atmel/studio/7.0/toolchain/avr8/avr8-gnu-toolchain/bin/../lib/gcc/avr/4.9.2/../../../../avr/lib/avr5\libm.a(mulsf3.o)
[...]
Memory Configuration

Name             Origin             Length             Attributes
text             0x00000000         0x00020000         xr
data             0x00800060         0x0000ffa0         rw !x
eeprom           0x00810000         0x00010000         rw !x
fuse             0x00820000         0x00000400         rw !x
lock             0x00830000         0x00000400         rw !x
signature        0x00840000         0x00000400         rw !x
user_signatures  0x00850000         0x00000400         rw !x
*default*        0x00000000         0xffffffff

Linker script and memory map

Address of section .data set to 0x800200
LOAD c:/program files (x86)/atmel/studio/7.0/toolchain/avr8/avr8-gnu-toolchain/bin/../lib/gcc/avr/4.9.2/../../../../avr/lib/avr5/crtatmega644rfr2.o
LOAD ATMOS.o
LOAD commands.o
LOAD common.o
LOAD devices/BMP280.o
LOAD devices/K30.o
LOAD devices/LWMesh.o
LOAD devices/Si7020.o
LOAD devices/TGS2600.o
LOAD drivers/ADC.o
LOAD drivers/PWR.o
LOAD drivers/SPI.o
LOAD drivers/TWI.o
LOAD drivers/usart0.o
LOAD hal/atmega256rfr2/src/hal.o
LOAD hal/atmega256rfr2/src/halSleep.o
LOAD hal/atmega256rfr2/src/halTimer.o
LOAD hal/atmega256rfr2/src/halUart.o
LOAD nwk/src/nwk.o
LOAD nwk/src/nwkDataReq.o
LOAD nwk/src/nwkFrame.o
LOAD nwk/src/nwkGroup.o
LOAD nwk/src/nwkRoute.o
LOAD nwk/src/nwkRouteDiscovery.o
LOAD nwk/src/nwkRx.o
LOAD nwk/src/nwkSecurity.o
LOAD nwk/src/nwkTx.o
LOAD phy/atmegarfr2/src/phy.o
LOAD sys/src/sys.o
LOAD sys/src/sysEncrypt.o
LOAD sys/src/sysTimer.o
START GROUP
LOAD c:/program files (x86)/atmel/studio/7.0/toolchain/avr8/avr8-gnu-toolchain/bin/../lib/gcc/avr/4.9.2/../../../../avr/lib/avr5\libm.a
LOAD c:/program files (x86)/atmel/studio/7.0/toolchain/avr8/avr8-gnu-toolchain/bin/../lib/gcc/avr/4.9.2/../../../../avr/lib/avr5\libprintf_flt.a
END GROUP
START GROUP
LOAD c:/program files (x86)/atmel/studio/7.0/toolchain/avr8/avr8-gnu-toolchain/bin/../lib/gcc/avr/4.9.2/avr5\libgcc.a
LOAD c:/program files (x86)/atmel/studio/7.0/toolchain/avr8/avr8-gnu-toolchain/bin/../lib/gcc/avr/4.9.2/../../../../avr/lib/avr5\libm.a
LOAD c:/program files (x86)/atmel/studio/7.0/toolchain/avr8/avr8-gnu-toolchain/bin/../lib/gcc/avr/4.9.2/../../../../avr/lib/avr5\libc.a
LOAD c:/program files (x86)/atmel/studio/7.0/toolchain/avr8/avr8-gnu-toolchain/bin/../lib/gcc/avr/4.9.2/../../../../avr/lib/avr5\libatmega644rfr2.a
END GROUP

.hash
 *(.hash)

.dynsym
 *(.dynsym)

.dynstr
 *(.dynstr)

.gnu.version
 *(.gnu.version)

.gnu.version_d
 *(.gnu.version_d)

.gnu.version_r
 *(.gnu.version_r)

.rel.init
 *(.rel.init)

.rela.init
 *(.rela.init)

.rel.text
 *(.rel.text)
 *(.rel.text.*)
 *(.rel.gnu.linkonce.t*)

.rela.text
 *(.rela.text)
 *(.rela.text.*)
 *(.rela.gnu.linkonce.t*)

.rel.fini
 *(.rel.fini)

.rela.fini
 *(.rela.fini)

.rel.rodata
 *(.rel.rodata)
 *(.rel.rodata.*)
 *(.rel.gnu.linkonce.r*)

.rela.rodata
 *(.rela.rodata)
 *(.rela.rodata.*)
 *(.rela.gnu.linkonce.r*)

.rel.data
 *(.rel.data)
 *(.rel.data.*)
 *(.rel.gnu.linkonce.d*)

.rela.data
 *(.rela.data)
 *(.rela.data.*)
 *(.rela.gnu.linkonce.d*)

.rel.ctors
 *(.rel.ctors)

.rela.ctors
 *(.rela.ctors)

.rel.dtors
 *(.rel.dtors)

.rela.dtors
 *(.rela.dtors)

.rel.got
 *(.rel.got)

.rela.got
 *(.rela.got)

.rel.bss
 *(.rel.bss)

.rela.bss
 *(.rela.bss)

.rel.plt
 *(.rel.plt)

.rela.plt
 *(.rela.plt)

.text           0x00000000     0x2510
 *(.vectors)
 .vectors       0x00000000      0x134 c:/program files (x86)/atmel/studio/7.0/toolchain/avr8/avr8-gnu-toolchain/bin/../lib/gcc/avr/4.9.2/../../../../avr/lib/avr5/crtatmega644rfr2.o
                0x00000000                __vector_default
                0x00000000                __vectors
 *(.vectors)
 *(.progmem.gcc*)
                0x00000134                . = ALIGN (0x2)
                0x00000134                __trampolines_start = .
 *(.trampolines)
 .trampolines   0x00000134        0x0 linker stubs
 *(.trampolines*)
                0x00000134                __trampolines_end = .
 *(.progmem*)
 .progmem.data  0x00000134        0x8 c:/program files (x86)/atmel/studio/7.0/toolchain/avr8/avr8-gnu-toolchain/bin/../lib/gcc/avr/4.9.2/../../../../avr/lib/avr5\libprintf_flt.a(vfprintf_flt.o)
 .progmem.data  0x0000013c       0xfa c:/program files (x86)/atmel/studio/7.0/toolchain/avr8/avr8-gnu-toolchain/bin/../lib/gcc/avr/4.9.2/../../../../avr/lib/avr5\libc.a(ftoa_engine.o)
                0x00000236                . = ALIGN (0x2)
 *(.jumptables)
 *(.jumptables*)
 *(.lowtext)
 *(.lowtext*)
                0x00000236                __ctors_start = .
 *(.ctors)
                0x00000236                __ctors_end = .
                0x00000236                __dtors_start = .
 *(.dtors)
                0x00000236                __dtors_end = .
 SORT(*)(.ctors)
 SORT(*)(.dtors)
 *(.init0)
 .init0         0x00000236        0x0 c:/program files (x86)/atmel/studio/7.0/toolchain/avr8/avr8-gnu-toolchain/bin/../lib/gcc/avr/4.9.2/../../../../avr/lib/avr5/crtatmega644rfr2.o
                0x00000236                __init
 *(.init0)
 *(.init1)
 *(.init1)
 *(.init2)
 .init2         0x00000236        0xc c:/program files (x86)/atmel/studio/7.0/toolchain/avr8/avr8-gnu-toolchain/bin/../lib/gcc/avr/4.9.2/../../../../avr/lib/avr5/crtatmega644rfr2.o
 *(.init2)
 *(.init3)
 *(.init3)
 *(.init4)
 .init4         0x00000242       0x16 c:/program files (x86)/atmel/studio/7.0/toolchain/avr8/avr8-gnu-toolchain/bin/../lib/gcc/avr/4.9.2/avr5\libgcc.a(_copy_data.o)
                0x00000242                __do_copy_data
 .init4         0x00000258       0x10 c:/program files (x86)/atmel/studio/7.0/toolchain/avr8/avr8-gnu-toolchain/bin/../lib/gcc/avr/4.9.2/avr5\libgcc.a(_clear_bss.o)
                0x00000258                __do_clear_bss
 *(.init4)
 *(.init5)
 *(.init5)
 *(.init6)
 *(.init6)
 *(.init7)
 *(.init7)
 *(.init8)
 *(.init8)
 *(.init9)
 .init9         0x00000268        0x8 c:/program files (x86)/atmel/studio/7.0/toolchain/avr8/avr8-gnu-toolchain/bin/../lib/gcc/avr/4.9.2/../../../../avr/lib/avr5/crtatmega644rfr2.o
 *(.init9)
 *(.text)
 .text          0x00000270        0x4 c:/program files (x86)/atmel/studio/7.0/toolchain/avr8/avr8-gnu-toolchain/bin/../lib/gcc/avr/4.9.2/../../../../avr/lib/avr5/crtatmega644rfr2.o
                0x00000270                __vector_38
                0x00000270                __vector_22
                0x00000270                __vector_63
                0x00000270                __vector_28
                0x00000270                __vector_67
                0x00000270                __vector_1
                0x00000270                __vector_32
                0x00000270                __vector_75
                0x00000270                __vector_71
                0x00000270                __vector_34
                0x00000270                __vector_62
                0x00000270                __vector_24
                0x00000270                __vector_12
                0x00000270                __vector_55
                0x00000270                __vector_69
                0x00000270                __vector_46
                0x00000270                __bad_interrupt
                0x00000270                __vector_72
                0x00000270                __vector_6
                0x00000270                __vector_31
                0x00000270                __vector_35
                0x00000270                __vector_74
                0x00000270                __vector_39
                0x00000270                __vector_3
                0x00000270                __vector_23
                0x00000270                __vector_68
                0x00000270                __vector_30
                0x00000270                __vector_73
                0x00000270                __vector_45
                0x00000270                __vector_61
                0x00000270                __vector_11
                0x00000270                __vector_54
                0x00000270                __vector_17
                0x00000270                __vector_19
                0x00000270                __vector_56
                0x00000270                __vector_7
                0x00000270                __vector_49
                0x00000270                __vector_41
                0x00000270                __vector_64
                0x00000270                __vector_43
                0x00000270                __vector_27
                0x00000270                __vector_5
                0x00000270                __vector_33
                0x00000270                __vector_76
                0x00000270                __vector_47
                0x00000270                __vector_52
                0x00000270                __vector_37
                0x00000270                __vector_4
                0x00000270                __vector_44
                0x00000270                __vector_51
                0x00000270                __vector_9
                0x00000270                __vector_2
                0x00000270                __vector_21
                0x00000270                __vector_15
                0x00000270                __vector_66
                0x00000270                __vector_36
                0x00000270                __vector_58
                0x00000270                __vector_70
                0x00000270                __vector_29
                0x00000270                __vector_60
                0x00000270                __vector_40
                0x00000270                __vector_8
                0x00000270                __vector_48
                0x00000270                __vector_14
                0x00000270                __vector_57
                0x00000270                __vector_53
                0x00000270                __vector_10
                0x00000270                __vector_50
                0x00000270                __vector_16
                0x00000270                __vector_59
                0x00000270                __vector_18
                0x00000270                __vector_20
                0x00000270                __vector_65
                0x00000274                . = ALIGN (0x2)
 *(.text.*)
 .text.appDataConf
                0x00000274        0x6 ATMOS.o
 .text.appSendData
                0x0000027a       0x7e ATMOS.o
 .text.appTimerHandler
                0x000002f8        0x6 ATMOS.o
 .text.appDataInd
                0x000002fe       0x78 ATMOS.o
 .text.HAL_UartBytesReceived
                0x00000376       0x62 ATMOS.o
                0x00000376                HAL_UartBytesReceived
 .text.main     0x000003d8       0x74 ATMOS.o
                0x000003d8                main
 .text.USART0_Init
                0x0000044c       0x5a drivers/usart0.o
                0x0000044c                USART0_Init
 .text.USART0_Transmit
                0x000004a6       0x10 drivers/usart0.o
                0x000004a6                USART0_Transmit
 .text.USART0_putchar_printf
                0x000004b6       0x1c drivers/usart0.o
                0x000004b6                USART0_putchar_printf
 .text.HAL_Init
                0x000004d2       0x2a hal/atmega256rfr2/src/hal.o
                0x000004d2                HAL_Init
 .text.__vector_13
                0x000004fc       0x1e hal/atmega256rfr2/src/halSleep.o
                0x000004fc                __vector_13
 .text.HAL_TimerInit
                0x0000051a       0x2a hal/atmega256rfr2/src/halTimer.o
                0x0000051a                HAL_TimerInit
 .text.__vector_42
                0x00000544       0x22 hal/atmega256rfr2/src/halTimer.o
                0x00000544                __vector_42
 .text.HAL_UartReadByte
                0x00000566       0x4c hal/atmega256rfr2/src/halUart.o
                0x00000566                HAL_UartReadByte
 .text.__vector_26
                0x000005b2       0x30 hal/atmega256rfr2/src/halUart.o
                0x000005b2                __vector_26
 .text.__vector_25
                0x000005e2       0xa6 hal/atmega256rfr2/src/halUart.o
                0x000005e2                __vector_25
 .text.HAL_UartTaskHandler
                0x00000688       0x88 hal/atmega256rfr2/src/halUart.o
                0x00000688                HAL_UartTaskHandler
 .text.NWK_Init
                0x00000710       0x34 nwk/src/nwk.o
                0x00000710                NWK_Init
 .text.NWK_SetAddr
                0x00000744        0xe nwk/src/nwk.o
                0x00000744                NWK_SetAddr
 .text.NWK_SetPanId
                0x00000752        0xe nwk/src/nwk.o
                0x00000752                NWK_SetPanId
 .text.NWK_OpenEndpoint
                0x00000760       0x12 nwk/src/nwk.o
                0x00000760                NWK_OpenEndpoint
 .text.NWK_TaskHandler
                0x00000772        0xe nwk/src/nwk.o
                0x00000772                NWK_TaskHandler
 .text.nwkDataReqTxConf
                0x00000780       0x48 nwk/src/nwkDataReq.o
 .text.nwkDataReqInit
                0x000007c8        0xa nwk/src/nwkDataReq.o
                0x000007c8                nwkDataReqInit
 .text.NWK_DataReq
                0x000007d2       0x48 nwk/src/nwkDataReq.o
                0x000007d2                NWK_DataReq
 .text.nwkDataReqTaskHandler
                0x0000081a      0x14a nwk/src/nwkDataReq.o
                0x0000081a                nwkDataReqTaskHandler
 .text.nwkFrameInit
                0x00000964       0x16 nwk/src/nwkFrame.o
                0x00000964                nwkFrameInit
 .text.nwkFrameAlloc
                0x0000097a       0x6e nwk/src/nwkFrame.o
                0x0000097a                nwkFrameAlloc
 .text.nwkFrameFree
                0x000009e8       0x14 nwk/src/nwkFrame.o
                0x000009e8                nwkFrameFree
 .text.nwkFrameNext
                0x000009fc       0x44 nwk/src/nwkFrame.o
                0x000009fc                nwkFrameNext
 .text.nwkFrameCommandInit
                0x00000a40       0x28 nwk/src/nwkFrame.o
                0x00000a40                nwkFrameCommandInit
 .text.nwkRxServiceDataInd
                0x00000a68       0x28 nwk/src/nwkRx.o
 .text.nwkRxDuplicateRejectionTimerHandler
                0x00000a90       0x2e nwk/src/nwkRx.o
 .text.nwkRxInit
                0x00000abe       0x3c nwk/src/nwkRx.o
                0x00000abe                nwkRxInit
 .text.PHY_DataInd
                0x00000afa       0x58 nwk/src/nwkRx.o
                0x00000afa                PHY_DataInd
 .text.nwkRxTaskHandler
                0x00000b52      0x43e nwk/src/nwkRx.o
                0x00000b52                nwkRxTaskHandler
 .text.nwkTxDelayTimerHandler
                0x00000f90       0x5c nwk/src/nwkTx.o
 .text.nwkTxAckWaitTimerHandler
                0x00000fec       0x68 nwk/src/nwkTx.o
 .text.nwkTxInit
                0x00001054       0x46 nwk/src/nwkTx.o
                0x00001054                nwkTxInit
 .text.nwkTxFrame
                0x0000109a       0x9e nwk/src/nwkTx.o
                0x0000109a                nwkTxFrame
 .text.nwkTxBroadcastFrame
                0x00001138       0x8c nwk/src/nwkTx.o
                0x00001138                nwkTxBroadcastFrame
 .text.nwkTxAckReceived
                0x000011c4       0x4a nwk/src/nwkTx.o
                0x000011c4                nwkTxAckReceived
 .text.PHY_DataConf
                0x0000120e       0x46 nwk/src/nwkTx.o
                0x0000120e                PHY_DataConf
 .text.nwkTxTaskHandler
                0x00001254      0x13c nwk/src/nwkTx.o
                0x00001254                nwkTxTaskHandler
 .text.phySetChannel
                0x00001390       0x3c phy/atmegarfr2/src/phy.o
 .text.phyTrxSetState
                0x000013cc       0x24 phy/atmegarfr2/src/phy.o
 .text.phySetRxState
                0x000013f0       0x1c phy/atmegarfr2/src/phy.o
 .text.PHY_Init
                0x0000140c       0x30 phy/atmegarfr2/src/phy.o
                0x0000140c                PHY_Init
 .text.PHY_SetRxState
                0x0000143c        0xa phy/atmegarfr2/src/phy.o
                0x0000143c                PHY_SetRxState
 .text.PHY_SetChannel
                0x00001446        0xa phy/atmegarfr2/src/phy.o
                0x00001446                PHY_SetChannel
 .text.PHY_SetPanId
                0x00001450       0x22 phy/atmegarfr2/src/phy.o
                0x00001450                PHY_SetPanId
 .text.PHY_SetShortAddr
                0x00001472       0x2c phy/atmegarfr2/src/phy.o
                0x00001472                PHY_SetShortAddr
 .text.PHY_DataReq
                0x0000149e       0x56 phy/atmegarfr2/src/phy.o
                0x0000149e                PHY_DataReq
 .text.PHY_TaskHandler
                0x000014f4       0xfc phy/atmegarfr2/src/phy.o
                0x000014f4                PHY_TaskHandler
 .text.SYS_Init
                0x000015f0       0x12 sys/src/sys.o
                0x000015f0                SYS_Init
 .text.SYS_TaskHandler
                0x00001602        0xe sys/src/sys.o
                0x00001602                SYS_TaskHandler
 .text.placeTimer
                0x00001610       0xc8 sys/src/sysTimer.o
 .text.SYS_TimerInit
                0x000016d8        0xa sys/src/sysTimer.o
                0x000016d8                SYS_TimerInit
 .text.SYS_TimerStop
                0x000016e2       0x7a sys/src/sysTimer.o
                0x000016e2                SYS_TimerStop
 .text.SYS_TimerStarted
                0x0000175c       0x34 sys/src/sysTimer.o
                0x0000175c                SYS_TimerStarted
 .text.SYS_TimerStart
                0x00001790       0x1a sys/src/sysTimer.o
                0x00001790                SYS_TimerStart
 .text.SYS_TimerTaskHandler
                0x000017aa       0xd8 sys/src/sysTimer.o
                0x000017aa                SYS_TimerTaskHandler
 .text.avr-libc
                0x00001882      0x6f8 c:/program files (x86)/atmel/studio/7.0/toolchain/avr8/avr8-gnu-toolchain/bin/../lib/gcc/avr/4.9.2/../../../../avr/lib/avr5\libprintf_flt.a(vfprintf_flt.o)
                0x00001882                vfprintf
 .text.libgcc.div
                0x00001f7a       0x44 c:/program files (x86)/atmel/studio/7.0/toolchain/avr8/avr8-gnu-toolchain/bin/../lib/gcc/avr/4.9.2/avr5\libgcc.a(_udivmodsi4.o)
                0x00001f7a                __udivmodsi4
 .text.libgcc.prologue
                0x00001fbe       0x38 c:/program files (x86)/atmel/studio/7.0/toolchain/avr8/avr8-gnu-toolchain/bin/../lib/gcc/avr/4.9.2/avr5\libgcc.a(_prologue.o)
                0x00001fbe                __prologue_saves__
 .text.libgcc.prologue
                0x00001ff6       0x36 c:/program files (x86)/atmel/studio/7.0/toolchain/avr8/avr8-gnu-toolchain/bin/../lib/gcc/avr/4.9.2/avr5\libgcc.a(_epilogue.o)
                0x00001ff6                __epilogue_restores__
 .text.avr-libc
                0x0000202c       0xb8 c:/program files (x86)/atmel/studio/7.0/toolchain/avr8/avr8-gnu-toolchain/bin/../lib/gcc/avr/4.9.2/../../../../avr/lib/avr5\libc.a(rand.o)
                0x000020be                rand_r
                0x000020c4                rand
                0x000020ce                srand
 .text.avr-libc
                0x000020e4      0x1b0 c:/program files (x86)/atmel/studio/7.0/toolchain/avr8/avr8-gnu-toolchain/bin/../lib/gcc/avr/4.9.2/../../../../avr/lib/avr5\libc.a(ftoa_engine.o)
                0x000020e4                __ftoa_engine
 .text.avr-libc
                0x00002294       0x16 c:/program files (x86)/atmel/studio/7.0/toolchain/avr8/avr8-gnu-toolchain/bin/../lib/gcc/avr/4.9.2/../../../../avr/lib/avr5\libc.a(strnlen_P.o)
                0x00002294                strnlen_P
 .text.avr-libc
                0x000022aa       0x12 c:/program files (x86)/atmel/studio/7.0/toolchain/avr8/avr8-gnu-toolchain/bin/../lib/gcc/avr/4.9.2/../../../../avr/lib/avr5\libc.a(memcpy.o)
                0x000022aa                memcpy
 .text.avr-libc
                0x000022bc       0x16 c:/program files (x86)/atmel/studio/7.0/toolchain/avr8/avr8-gnu-toolchain/bin/../lib/gcc/avr/4.9.2/../../../../avr/lib/avr5\libc.a(strnlen.o)
                0x000022bc                strnlen
 .text.avr-libc
                0x000022d2       0x70 c:/program files (x86)/atmel/studio/7.0/toolchain/avr8/avr8-gnu-toolchain/bin/../lib/gcc/avr/4.9.2/../../../../avr/lib/avr5\libc.a(fputc.o)
                0x000022d2                fputc
 .text.avr-libc
                0x00002342       0x2c c:/program files (x86)/atmel/studio/7.0/toolchain/avr8/avr8-gnu-toolchain/bin/../lib/gcc/avr/4.9.2/../../../../avr/lib/avr5\libc.a(printf.o)
                0x00002342                printf
 .text.avr-libc
                0x0000236e       0x60 c:/program files (x86)/atmel/studio/7.0/toolchain/avr8/avr8-gnu-toolchain/bin/../lib/gcc/avr/4.9.2/../../../../avr/lib/avr5\libc.a(puts.o)
                0x0000236e                puts
 .text.avr-libc
                0x000023ce       0xbc c:/program files (x86)/atmel/studio/7.0/toolchain/avr8/avr8-gnu-toolchain/bin/../lib/gcc/avr/4.9.2/../../../../avr/lib/avr5\libc.a(ultoa_invert.o)
                0x000023ce                __ultoa_invert
 .text.libgcc.div
                0x0000248a       0x2e c:/program files (x86)/atmel/studio/7.0/toolchain/avr8/avr8-gnu-toolchain/bin/../lib/gcc/avr/4.9.2/avr5\libgcc.a(_divmodsi4.o)
                0x0000248a                __divmodsi4
 .text.libgcc.div
                0x000024b8       0x10 c:/program files (x86)/atmel/studio/7.0/toolchain/avr8/avr8-gnu-toolchain/bin/../lib/gcc/avr/4.9.2/avr5\libgcc.a(_negsi2.o)
                0x000024b8                __negsi2
 .text.libgcc.mul
                0x000024c8       0x16 c:/program files (x86)/atmel/studio/7.0/toolchain/avr8/avr8-gnu-toolchain/bin/../lib/gcc/avr/4.9.2/avr5\libgcc.a(_muluhisi3.o)
                0x000024c8                __muluhisi3
 .text.libgcc.mul
                0x000024de       0x10 c:/program files (x86)/atmel/studio/7.0/toolchain/avr8/avr8-gnu-toolchain/bin/../lib/gcc/avr/4.9.2/avr5\libgcc.a(_mulshisi3.o)
                0x000024de                __mulshisi3
                0x000024e4                __mulohisi3
 .text.libgcc.mul
                0x000024ee       0x1e c:/program files (x86)/atmel/studio/7.0/toolchain/avr8/avr8-gnu-toolchain/bin/../lib/gcc/avr/4.9.2/avr5\libgcc.a(_umulhisi3.o)
                0x000024ee                __umulhisi3
                0x0000250c                . = ALIGN (0x2)
 *(.fini9)
 .fini9         0x0000250c        0x0 c:/program files (x86)/atmel/studio/7.0/toolchain/avr8/avr8-gnu-toolchain/bin/../lib/gcc/avr/4.9.2/avr5\libgcc.a(_exit.o)
                0x0000250c                _exit
                0x0000250c                exit
 *(.fini9)
 *(.fini8)
 *(.fini8)
 *(.fini7)
 *(.fini7)
 *(.fini6)
 *(.fini6)
 *(.fini5)
 *(.fini5)
 *(.fini4)
 *(.fini4)
 *(.fini3)
 *(.fini3)
 *(.fini2)
 *(.fini2)
 *(.fini1)
 *(.fini1)
 *(.fini0)
 .fini0         0x0000250c        0x4 c:/program files (x86)/atmel/studio/7.0/toolchain/avr8/avr8-gnu-toolchain/bin/../lib/gcc/avr/4.9.2/avr5\libgcc.a(_exit.o)
 *(.fini0)
                0x00002510                _etext = .

.data           0x00800200       0x40 load address 0x00002510
                0x00800200                PROVIDE (__data_start, .)
 *(.data)
 .data          0x00800200        0x4 c:/program files (x86)/atmel/studio/7.0/toolchain/avr8/avr8-gnu-toolchain/bin/../lib/gcc/avr/4.9.2/../../../../avr/lib/avr5\libc.a(rand.o)
 *(.data*)
 .data.USART0_stdout
                0x00800204        0xe drivers/usart0.o
 *(.rodata)
 *(.rodata*)
 .rodata.str1.1
                0x00800212       0x2e ATMOS.o
 *(.gnu.linkonce.d*)
                0x00800240                . = ALIGN (0x2)
                0x00800240                _edata = .
                0x00800240                PROVIDE (__data_end, .)

.bss            0x00800240      0x3fe
                0x00800240                PROVIDE (__bss_start, .)
 *(.bss)
 *(.bss*)
 .bss.appUartBufferPtr
                0x00800240        0x1 ATMOS.o
 .bss.appUartBuffer
                0x00800241        0x3 ATMOS.o
 .bss.appDataReqBuffer
                0x00800244        0x3 ATMOS.o
 .bss.appDataReqBusy
                0x00800247        0x1 ATMOS.o
 .bss.appDataReq
                0x00800248       0x11 ATMOS.o
 .bss.appTimer  0x00800259        0xd ATMOS.o
 .bss.appState  0x00800266        0x1 ATMOS.o
 .bss.halSleepTimerEvent
                0x00800267        0x1 hal/atmega256rfr2/src/halSleep.o
 .bss.newData   0x00800268        0x1 hal/atmega256rfr2/src/halUart.o
 .bss.udrEmpty  0x00800269        0x1 hal/atmega256rfr2/src/halUart.o
 .bss.rxFifo    0x0080026a        0xa hal/atmega256rfr2/src/halUart.o
 .bss.txFifo    0x00800274        0xa hal/atmega256rfr2/src/halUart.o
 .bss.nwkDataReqQueue
                0x0080027e        0x2 nwk/src/nwkDataReq.o
 .bss.nwkFrameFrames
                0x00800280      0x2ad nwk/src/nwkFrame.o
 .bss.nwkRxDuplicateRejectionTimer
                0x0080052d        0xd nwk/src/nwkRx.o
 .bss.nwkRxAckControl
                0x0080053a        0x1 nwk/src/nwkRx.o
 .bss.nwkRxDuplicateRejectionTable
                0x0080053b       0x32 nwk/src/nwkRx.o
 .bss.nwkTxDelayTimer
                0x0080056d        0xd nwk/src/nwkTx.o
 .bss.nwkTxAckWaitTimer
                0x0080057a        0xd nwk/src/nwkTx.o
 .bss.nwkTxPhyActiveFrame
                0x00800587        0x2 nwk/src/nwkTx.o
 .bss.phyBand   0x00800589        0x1 phy/atmegarfr2/src/phy.o
 .bss.phyChannel
                0x0080058a        0x1 phy/atmegarfr2/src/phy.o
 .bss.phyRxState
                0x0080058b        0x1 phy/atmegarfr2/src/phy.o
 .bss.phyRxBuffer
                0x0080058c       0x80 phy/atmegarfr2/src/phy.o
 .bss.phyState  0x0080060c        0x1 phy/atmegarfr2/src/phy.o
 .bss.timers    0x0080060d        0x2 sys/src/sysTimer.o
 *(COMMON)
 COMMON         0x0080060f        0x1 hal/atmega256rfr2/src/halTimer.o
                0x0080060f                halTimerIrqCount
 COMMON         0x00800610       0x28 nwk/src/nwk.o
                0x00800610                nwkIb
 COMMON         0x00800638        0x6 c:/program files (x86)/atmel/studio/7.0/toolchain/avr8/avr8-gnu-toolchain/bin/../lib/gcc/avr/4.9.2/../../../../avr/lib/avr5\libc.a(iob.o)
                0x00800638                __iob
                0x0080063e                PROVIDE (__bss_end, .)
                0x00002510                __data_load_start = LOADADDR (.data)
                0x00002550                __data_load_end = (__data_load_start + SIZEOF (.data))

.noinit         0x0080063e        0x0
                0x0080063e                PROVIDE (__noinit_start, .)
 *(.noinit*)
                0x0080063e                PROVIDE (__noinit_end, .)
                0x0080063e                _end = .
                0x0080063e                PROVIDE (__heap_start, .)

.eeprom         0x00810000        0x0
 *(.eeprom*)
                0x00810000                __eeprom_end = .

.fuse
 *(.fuse)
 *(.lfuse)
 *(.hfuse)
 *(.efuse)

.lock
 *(.lock*)

.signature
 *(.signature*)

.user_signatures
 *(.user_signatures*)

.stab
 *(.stab)

.stabstr
 *(.stabstr)

.stab.excl
 *(.stab.excl)

.stab.exclstr
 *(.stab.exclstr)

.stab.index
 *(.stab.index)

.stab.indexstr
 *(.stab.indexstr)

.comment        0x00000000       0x5c
 *(.comment)
 .comment       0x00000000       0x30 ATMOS.o
                                 0x31 (size before relaxing)
 .comment       0x00000030       0x31 drivers/usart0.o
 .comment       0x00000030       0x31 hal/atmega256rfr2/src/hal.o
 .comment       0x00000030       0x31 hal/atmega256rfr2/src/halSleep.o
 .comment       0x00000030       0x31 hal/atmega256rfr2/src/halTimer.o
 .comment       0x00000030       0x31 hal/atmega256rfr2/src/halUart.o
 .comment       0x00000030       0x31 nwk/src/nwk.o
 .comment       0x00000030       0x31 nwk/src/nwkDataReq.o
 .comment       0x00000030       0x31 nwk/src/nwkFrame.o
 .comment       0x00000030       0x31 nwk/src/nwkRx.o
 .comment       0x00000030       0x31 nwk/src/nwkTx.o
 .comment       0x00000030       0x31 phy/atmegarfr2/src/phy.o
 .comment       0x00000030       0x31 sys/src/sys.o
 .comment       0x00000030       0x31 sys/src/sysTimer.o
 .comment       0x00000030       0x2c c:/program files (x86)/atmel/studio/7.0/toolchain/avr8/avr8-gnu-toolchain/bin/../lib/gcc/avr/4.9.2/../../../../avr/lib/avr5\libprintf_flt.a(vfprintf_flt.o)
                                 0x2d (size before relaxing)
 .comment       0x0000005c       0x31 c:/program files (x86)/atmel/studio/7.0/toolchain/avr8/avr8-gnu-toolchain/bin/../lib/gcc/avr/4.9.2/../../../../avr/lib/avr5\libc.a(rand.o)
 .comment       0x0000005c       0x31 c:/program files (x86)/atmel/studio/7.0/toolchain/avr8/avr8-gnu-toolchain/bin/../lib/gcc/avr/4.9.2/../../../../avr/lib/avr5\libc.a(fputc.o)
 .comment       0x0000005c       0x31 c:/program files (x86)/atmel/studio/7.0/toolchain/avr8/avr8-gnu-toolchain/bin/../lib/gcc/avr/4.9.2/../../../../avr/lib/avr5\libc.a(iob.o)
 .comment       0x0000005c       0x31 c:/program files (x86)/atmel/studio/7.0/toolchain/avr8/avr8-gnu-toolchain/bin/../lib/gcc/avr/4.9.2/../../../../avr/lib/avr5\libc.a(printf.o)
 .comment       0x0000005c       0x31 c:/program files (x86)/atmel/studio/7.0/toolchain/avr8/avr8-gnu-toolchain/bin/../lib/gcc/avr/4.9.2/../../../../avr/lib/avr5\libc.a(puts.o)

.note.gnu.avr.deviceinfo
                0x00000000       0x40
 .note.gnu.avr.deviceinfo
                0x00000000       0x40 c:/program files (x86)/atmel/studio/7.0/toolchain/avr8/avr8-gnu-toolchain/bin/../lib/gcc/avr/4.9.2/../../../../avr/lib/avr5/crtatmega644rfr2.o

.note.gnu.build-id
 *(.note.gnu.build-id)

.debug
 *(.debug)

.line
 *(.line)

.debug_srcinfo
 *(.debug_srcinfo)

.debug_sfnames
 *(.debug_sfnames)

.debug_aranges  0x00000000      0x3e0
 *(.debug_aranges)
 .debug_aranges
                0x00000000       0x48 ATMOS.o
 .debug_aranges
                0x00000048       0x48 drivers/usart0.o
 .debug_aranges
                0x00000090       0x28 hal/atmega256rfr2/src/hal.o
 .debug_aranges
                0x000000b8       0x28 hal/atmega256rfr2/src/halSleep.o
 .debug_aranges
                0x000000e0       0x30 hal/atmega256rfr2/src/halTimer.o
 .debug_aranges
                0x00000110       0x48 hal/atmega256rfr2/src/halUart.o
 .debug_aranges
                0x00000158       0x70 nwk/src/nwk.o
 .debug_aranges
                0x000001c8       0x38 nwk/src/nwkDataReq.o
 .debug_aranges
                0x00000200       0x40 nwk/src/nwkFrame.o
 .debug_aranges
                0x00000240       0x48 nwk/src/nwkRx.o
 .debug_aranges
                0x00000288       0x60 nwk/src/nwkTx.o
 .debug_aranges
                0x000002e8       0x88 phy/atmegarfr2/src/phy.o
 .debug_aranges
                0x00000370       0x28 sys/src/sys.o
 .debug_aranges
                0x00000398       0x48 sys/src/sysTimer.o

.debug_pubnames
 *(.debug_pubnames)

.debug_info     0x00000000     0x457d
 *(.debug_info .gnu.linkonce.wi.*)
 .debug_info    0x00000000      0x834 ATMOS.o
 .debug_info    0x00000834      0x299 drivers/usart0.o
 .debug_info    0x00000acd      0x128 hal/atmega256rfr2/src/hal.o
 .debug_info    0x00000bf5      0x184 hal/atmega256rfr2/src/halSleep.o
 .debug_info    0x00000d79       0xe4 hal/atmega256rfr2/src/halTimer.o
 .debug_info    0x00000e5d      0x31c hal/atmega256rfr2/src/halUart.o
 .debug_info    0x00001179      0x4a6 nwk/src/nwk.o
 .debug_info    0x0000161f      0x79d nwk/src/nwkDataReq.o
 .debug_info    0x00001dbc      0x56a nwk/src/nwkFrame.o
 .debug_info    0x00002326      0xc23 nwk/src/nwkRx.o
 .debug_info    0x00002f49      0xa08 nwk/src/nwkTx.o
 .debug_info    0x00003951      0x7c0 phy/atmegarfr2/src/phy.o
 .debug_info    0x00004111      0x12b sys/src/sys.o
 .debug_info    0x0000423c      0x341 sys/src/sysTimer.o

.debug_abbrev   0x00000000     0x195b
 *(.debug_abbrev)
 .debug_abbrev  0x00000000      0x2af ATMOS.o
 .debug_abbrev  0x000002af      0x18f drivers/usart0.o
 .debug_abbrev  0x0000043e       0xda hal/atmega256rfr2/src/hal.o
 .debug_abbrev  0x00000518       0xd5 hal/atmega256rfr2/src/halSleep.o
 .debug_abbrev  0x000005ed       0xaa hal/atmega256rfr2/src/halTimer.o
 .debug_abbrev  0x00000697      0x170 hal/atmega256rfr2/src/halUart.o
 .debug_abbrev  0x00000807      0x1c7 nwk/src/nwk.o
 .debug_abbrev  0x000009ce      0x2ac nwk/src/nwkDataReq.o
 .debug_abbrev  0x00000c7a      0x181 nwk/src/nwkFrame.o
 .debug_abbrev  0x00000dfb      0x3ca nwk/src/nwkRx.o
 .debug_abbrev  0x000011c5      0x354 nwk/src/nwkTx.o
 .debug_abbrev  0x00001519      0x247 phy/atmegarfr2/src/phy.o
 .debug_abbrev  0x00001760       0x62 sys/src/sys.o
 .debug_abbrev  0x000017c2      0x199 sys/src/sysTimer.o

.debug_line     0x00000000     0x1590
 *(.debug_line .debug_line.* .debug_line_end)
 .debug_line    0x00000000      0x20d ATMOS.o
 .debug_line    0x0000020d      0x143 drivers/usart0.o
 .debug_line    0x00000350      0x158 hal/atmega256rfr2/src/hal.o
 .debug_line    0x000004a8      0x10e hal/atmega256rfr2/src/halSleep.o
 .debug_line    0x000005b6       0xe3 hal/atmega256rfr2/src/halTimer.o
 .debug_line    0x00000699      0x16d hal/atmega256rfr2/src/halUart.o
 .debug_line    0x00000806      0x1d7 nwk/src/nwk.o
 .debug_line    0x000009dd      0x162 nwk/src/nwkDataReq.o
 .debug_line    0x00000b3f      0x132 nwk/src/nwkFrame.o
 .debug_line    0x00000c71      0x247 nwk/src/nwkRx.o
 .debug_line    0x00000eb8      0x265 nwk/src/nwkTx.o
 .debug_line    0x0000111d      0x21d phy/atmegarfr2/src/phy.o
 .debug_line    0x0000133a       0xc2 sys/src/sys.o
 .debug_line    0x000013fc      0x194 sys/src/sysTimer.o

.debug_frame    0x00000000      0x8fc
 *(.debug_frame)
 .debug_frame   0x00000000       0xd0 ATMOS.o
 .debug_frame   0x000000d0       0x7c drivers/usart0.o
 .debug_frame   0x0000014c       0x34 hal/atmega256rfr2/src/hal.o
 .debug_frame   0x00000180       0x50 hal/atmega256rfr2/src/halSleep.o
 .debug_frame   0x000001d0       0x54 hal/atmega256rfr2/src/halTimer.o
 .debug_frame   0x00000224       0xe4 hal/atmega256rfr2/src/halUart.o
 .debug_frame   0x00000308       0xd4 nwk/src/nwk.o
 .debug_frame   0x000003dc       0x68 nwk/src/nwkDataReq.o
 .debug_frame   0x00000444       0x64 nwk/src/nwkFrame.o
 .debug_frame   0x000004a8       0xe0 nwk/src/nwkRx.o
 .debug_frame   0x00000588      0x144 nwk/src/nwkTx.o
 .debug_frame   0x000006cc      0x13c phy/atmegarfr2/src/phy.o
 .debug_frame   0x00000808       0x34 sys/src/sys.o
 .debug_frame   0x0000083c       0xc0 sys/src/sysTimer.o

.debug_str      0x00000000     0x158e
 *(.debug_str)
 .debug_str     0x00000000      0x471 ATMOS.o
                                0x4c2 (size before relaxing)
 .debug_str     0x00000471       0xb7 drivers/usart0.o
                                0x219 (size before relaxing)
 .debug_str     0x00000528       0x64 hal/atmega256rfr2/src/hal.o
                                0x1b4 (size before relaxing)
 .debug_str     0x0000058c       0x89 hal/atmega256rfr2/src/halSleep.o
                                0x1f1 (size before relaxing)
 .debug_str     0x00000615       0x41 hal/atmega256rfr2/src/halTimer.o
                                0x1ae (size before relaxing)
 .debug_str     0x00000656       0x9b hal/atmega256rfr2/src/halUart.o
                                0x26f (size before relaxing)
 .debug_str     0x000006f1      0x144 nwk/src/nwk.o
                                0x32e (size before relaxing)
 .debug_str     0x00000835      0x29c nwk/src/nwkDataReq.o
                                0x56a (size before relaxing)
 .debug_str     0x00000ad1       0x5b nwk/src/nwkFrame.o
                                0x409 (size before relaxing)
 .debug_str     0x00000b2c      0x31d nwk/src/nwkRx.o
                                0x703 (size before relaxing)
 .debug_str     0x00000e49      0x1c1 nwk/src/nwkTx.o
                                0x6b8 (size before relaxing)
 .debug_str     0x0000100a      0x50f phy/atmegarfr2/src/phy.o
                                0x778 (size before relaxing)
 .debug_str     0x00001519       0x34 sys/src/sys.o
                                0x1d6 (size before relaxing)
 .debug_str     0x0000154d       0x41 sys/src/sysTimer.o
                                0x26b (size before relaxing)

.debug_loc      0x00000000     0x1d1a
 *(.debug_loc)
 .debug_loc     0x00000000      0x22b ATMOS.o
 .debug_loc     0x0000022b       0xa0 drivers/usart0.o
 .debug_loc     0x000002cb       0x21 hal/atmega256rfr2/src/hal.o
 .debug_loc     0x000002ec      0x179 hal/atmega256rfr2/src/halSleep.o
 .debug_loc     0x00000465       0x62 hal/atmega256rfr2/src/halTimer.o
 .debug_loc     0x000004c7      0x212 hal/atmega256rfr2/src/halUart.o
 .debug_loc     0x000006d9      0x14d nwk/src/nwk.o
 .debug_loc     0x00000826      0x137 nwk/src/nwkDataReq.o
 .debug_loc     0x0000095d      0x11e nwk/src/nwkFrame.o
 .debug_loc     0x00000a7b      0x4c5 nwk/src/nwkRx.o
 .debug_loc     0x00000f40      0x672 nwk/src/nwkTx.o
 .debug_loc     0x000015b2      0x33a phy/atmegarfr2/src/phy.o
 .debug_loc     0x000018ec      0x42e sys/src/sysTimer.o

.debug_macinfo
 *(.debug_macinfo)

.debug_weaknames
 *(.debug_weaknames)

.debug_funcnames
 *(.debug_funcnames)

.debug_typenames
 *(.debug_typenames)

.debug_varnames
 *(.debug_varnames)

.debug_pubtypes
 *(.debug_pubtypes)

.debug_ranges   0x00000000      0x3e8
 *(.debug_ranges)
 .debug_ranges  0x00000000       0x68 ATMOS.o
 .debug_ranges  0x00000068       0x38 drivers/usart0.o
 .debug_ranges  0x000000a0       0x18 hal/atmega256rfr2/src/hal.o
 .debug_ranges  0x000000b8       0x30 hal/atmega256rfr2/src/halSleep.o
 .debug_ranges  0x000000e8       0x20 hal/atmega256rfr2/src/halTimer.o
 .debug_ranges  0x00000108       0x38 hal/atmega256rfr2/src/halUart.o
 .debug_ranges  0x00000140       0x60 nwk/src/nwk.o
 .debug_ranges  0x000001a0       0x28 nwk/src/nwkDataReq.o
 .debug_ranges  0x000001c8       0x30 nwk/src/nwkFrame.o
 .debug_ranges  0x000001f8       0x88 nwk/src/nwkRx.o
 .debug_ranges  0x00000280       0x68 nwk/src/nwkTx.o
 .debug_ranges  0x000002e8       0x78 phy/atmegarfr2/src/phy.o
 .debug_ranges  0x00000360       0x18 sys/src/sys.o
 .debug_ranges  0x00000378       0x70 sys/src/sysTimer.o

.debug_macro
 *(.debug_macro)
OUTPUT(ATMOS.elf elf32-avr)
LOAD linker stubs
