Archive member included to satisfy reference by file (symbol)

c:/program files (x86)/atmel/studio/7.0/toolchain/avr8/avr8-gnu-toolchain/bin/../lib/gcc/avr/4.9.2/../../../../avr/lib/avr5\libm.a(addsf3.o)
                              devices/BMP280.o (__subsf3)
c:/program files (x86)/atmel/studio/7.0/toolchain/avr8/avr8-gnu-toolchain/bin/../lib/gcc/avr/4.9.2/../../../../avr/lib/avr5\libm.a(addsf3x.o)
                              c:/program files (x86)/atmel/studio/7.0/toolchain/avr8/avr8-gnu-toolchain/bin/../lib/gcc/avr/4.9.2/../../../../avr/lib/avr5\libm.a(addsf3.o) (__addsf3x)
c:/program files (x86)/atmel/studio/7.0/toolchain/avr8/avr8-gnu-toolchain/bin/../lib/gcc/avr/4.9.2/../../../../avr/lib/avr5\libm.a(cmpsf2.o)
                              devices/BMP280.o (__ltsf2)
c:/program files (x86)/atmel/studio/7.0/toolchain/avr8/avr8-gnu-toolchain/bin/../lib/gcc/avr/4.9.2/../../../../avr/lib/avr5\libm.a(divsf3.o)
                              devices/BMP280.o (__divsf3)
c:/program files (x86)/atmel/studio/7.0/toolchain/avr8/avr8-gnu-toolchain/bin/../lib/gcc/avr/4.9.2/../../../../avr/lib/avr5\libm.a(divsf3x.o)
                              c:/program files (x86)/atmel/studio/7.0/toolchain/avr8/avr8-gnu-toolchain/bin/../lib/gcc/avr/4.9.2/../../../../avr/lib/avr5\libm.a(divsf3.o) (__divsf3x)
c:/program files (x86)/atmel/studio/7.0/toolchain/avr8/avr8-gnu-toolchain/bin/../lib/gcc/avr/4.9.2/../../../../avr/lib/avr5\libm.a(fixsfsi.o)
                              devices/BMP280.o (__fixsfsi)
c:/program files (x86)/atmel/studio/7.0/toolchain/avr8/avr8-gnu-toolchain/bin/../lib/gcc/avr/4.9.2/../../../../avr/lib/avr5\libm.a(fixunssfsi.o)
                              c:/program files (x86)/atmel/studio/7.0/toolchain/avr8/avr8-gnu-toolchain/bin/../lib/gcc/avr/4.9.2/../../../../avr/lib/avr5\libm.a(fixsfsi.o) (__fixunssfsi)
c:/program files (x86)/atmel/studio/7.0/toolchain/avr8/avr8-gnu-toolchain/bin/../lib/gcc/avr/4.9.2/../../../../avr/lib/avr5\libm.a(floatsisf.o)
                              devices/BMP280.o (__floatunsisf)
c:/program files (x86)/atmel/studio/7.0/toolchain/avr8/avr8-gnu-toolchain/bin/../lib/gcc/avr/4.9.2/../../../../avr/lib/avr5\libm.a(fp_cmp.o)
                              c:/program files (x86)/atmel/studio/7.0/toolchain/avr8/avr8-gnu-toolchain/bin/../lib/gcc/avr/4.9.2/../../../../avr/lib/avr5\libm.a(cmpsf2.o) (__fp_cmp)
c:/program files (x86)/atmel/studio/7.0/toolchain/avr8/avr8-gnu-toolchain/bin/../lib/gcc/avr/4.9.2/../../../../avr/lib/avr5\libm.a(fp_inf.o)
                              c:/program files (x86)/atmel/studio/7.0/toolchain/avr8/avr8-gnu-toolchain/bin/../lib/gcc/avr/4.9.2/../../../../avr/lib/avr5\libm.a(addsf3x.o) (__fp_inf)
c:/program files (x86)/atmel/studio/7.0/toolchain/avr8/avr8-gnu-toolchain/bin/../lib/gcc/avr/4.9.2/../../../../avr/lib/avr5\libm.a(fp_nan.o)
                              c:/program files (x86)/atmel/studio/7.0/toolchain/avr8/avr8-gnu-toolchain/bin/../lib/gcc/avr/4.9.2/../../../../avr/lib/avr5\libm.a(addsf3x.o) (__fp_nan)
c:/program files (x86)/atmel/studio/7.0/toolchain/avr8/avr8-gnu-toolchain/bin/../lib/gcc/avr/4.9.2/../../../../avr/lib/avr5\libm.a(fp_pscA.o)
                              c:/program files (x86)/atmel/studio/7.0/toolchain/avr8/avr8-gnu-toolchain/bin/../lib/gcc/avr/4.9.2/../../../../avr/lib/avr5\libm.a(addsf3x.o) (__fp_pscA)
c:/program files (x86)/atmel/studio/7.0/toolchain/avr8/avr8-gnu-toolchain/bin/../lib/gcc/avr/4.9.2/../../../../avr/lib/avr5\libm.a(fp_pscB.o)
                              c:/program files (x86)/atmel/studio/7.0/toolchain/avr8/avr8-gnu-toolchain/bin/../lib/gcc/avr/4.9.2/../../../../avr/lib/avr5\libm.a(addsf3x.o) (__fp_pscB)
c:/program files (x86)/atmel/studio/7.0/toolchain/avr8/avr8-gnu-toolchain/bin/../lib/gcc/avr/4.9.2/../../../../avr/lib/avr5\libm.a(fp_round.o)
                              c:/program files (x86)/atmel/studio/7.0/toolchain/avr8/avr8-gnu-toolchain/bin/../lib/gcc/avr/4.9.2/../../../../avr/lib/avr5\libm.a(addsf3.o) (__fp_round)
c:/program files (x86)/atmel/studio/7.0/toolchain/avr8/avr8-gnu-toolchain/bin/../lib/gcc/avr/4.9.2/../../../../avr/lib/avr5\libm.a(fp_split3.o)
                              c:/program files (x86)/atmel/studio/7.0/toolchain/avr8/avr8-gnu-toolchain/bin/../lib/gcc/avr/4.9.2/../../../../avr/lib/avr5\libm.a(addsf3x.o) (__fp_split3)
c:/program files (x86)/atmel/studio/7.0/toolchain/avr8/avr8-gnu-toolchain/bin/../lib/gcc/avr/4.9.2/../../../../avr/lib/avr5\libm.a(fp_zero.o)
                              c:/program files (x86)/atmel/studio/7.0/toolchain/avr8/avr8-gnu-toolchain/bin/../lib/gcc/avr/4.9.2/../../../../avr/lib/avr5\libm.a(addsf3x.o) (__fp_zero)
c:/program files (x86)/atmel/studio/7.0/toolchain/avr8/avr8-gnu-toolchain/bin/../lib/gcc/avr/4.9.2/../../../../avr/lib/avr5\libm.a(gesf2.o)
                              devices/BMP280.o (__gtsf2)
c:/program files (x86)/atmel/studio/7.0/toolchain/avr8/avr8-gnu-toolchain/bin/../lib/gcc/avr/4.9.2/../../../../avr/lib/avr5\libm.a(mulsf3.o)
[...]
Memory Configuration

Name             Origin             Length             Attributes
text             0x00000000         0x00020000         xr
data             0x00800060         0x0000ffa0         rw !x
eeprom           0x00810000         0x00010000         rw !x
fuse             0x00820000         0x00000400         rw !x
lock             0x00830000         0x00000400         rw !x
signature        0x00840000         0x00000400         rw !x
user_signatures  0x00850000         0x00000400         rw !x
*default*        0x00000000         0xffffffff

Linker script and memory map

Address of section .data set to 0x800200
LOAD c:/program files (x86)/atmel/studio/7.0/toolchain/avr8/avr8-gnu-toolchain/bin/../lib/gcc/avr/4.9.2/../../../../avr/lib/avr5/crtatmega644rfr2.o
LOAD ATMOS.o
LOAD commands.o
LOAD common.o
LOAD devices/BMP280.o
LOAD devices/K30.o
LOAD devices/LWMesh.o
LOAD devices/Si7020.o
LOAD devices/TGS2600.o
LOAD drivers/ADC.o
LOAD drivers/PWR.o
LOAD drivers/SPI.o
LOAD drivers/TWI.o
LOAD drivers/usart0.o
LOAD hal/atmega256rfr2/src/hal.o
LOAD hal/atmega256rfr2/src/halSleep.o
LOAD hal/atmega256rfr2/src/halTimer.o
LOAD hal/atmega256rfr2/src/halUart.o
LOAD nwk/src/nwk.o
LOAD nwk/src/nwkDataReq.o
LOAD nwk/src/nwkFrame.o
LOAD nwk/src/nwkGroup.o
LOAD nwk/src/nwkRoute.o
LOAD nwk/src/nwkRouteDiscovery.o
LOAD nwk/src/nwkRx.o
LOAD nwk/src/nwkSecurity.o
LOAD nwk/src/nwkTx.o
LOAD phy/atmegarfr2/src/phy.o
LOAD sys/src/sys.o
LOAD sys/src/sysEncrypt.o
LOAD sys/src/sysTimer.o
START GROUP
LOAD c:/program files (x86)/atmel/studio/7.0/toolchain/avr8/avr8-gnu-toolchain/bin/../lib/gcc/avr/4.9.2/../../../../avr/lib/avr5\libm.a
LOAD c:/program files (x86)/atmel/studio/7.0/toolchain/avr8/avr8-gnu-toolchain/bin/../lib/gcc/avr/4.9.2/../../../../avr/lib/avr5\libprintf_flt.a
END GROUP
START GROUP
LOAD c:/program files (x86)/atmel/studio/7.0/toolchain/avr8/avr8-gnu-toolchain/bin/../lib/gcc/avr/4.9.2/avr5\libgcc.a
LOAD c:/program files (x86)/atmel/studio/7.0/toolchain/avr8/avr8-gnu-toolchain/bin/../lib/gcc/avr/4.9.2/../../../../avr/lib/avr5\libm.a
LOAD c:/program files (x86)/atmel/studio/7.0/toolchain/avr8/avr8-gnu-toolchain/bin/../lib/gcc/avr/4.9.2/../../../../avr/lib/avr5\libc.a
LOAD c:/program files (x86)/atmel/studio/7.0/toolchain/avr8/avr8-gnu-toolchain/bin/../lib/gcc/avr/4.9.2/../../../../avr/lib/avr5\libatmega644rfr2.a
END GROUP

.hash
 *(.hash)

.dynsym
 *(.dynsym)

.dynstr
 *(.dynstr)

.gnu.version
 *(.gnu.version)

.gnu.version_d
 *(.gnu.version_d)

.gnu.version_r
 *(.gnu.version_r)

.rel.init
 *(.rel.init)

.rela.init
 *(.rela.init)

.rel.text
 *(.rel.text)
 *(.rel.text.*)
 *(.rel.gnu.linkonce.t*)

.rela.text
 *(.rela.text)
 *(.rela.text.*)
 *(.rela.gnu.linkonce.t*)

.rel.fini
 *(.rel.fini)

.rela.fini
 *(.rela.fini)

.rel.rodata
 *(.rel.rodata)
 *(.rel.rodata.*)
 *(.rel.gnu.linkonce.r*)

.rela.rodata
 *(.rela.rodata)
 *(.rela.rodata.*)
 *(.rela.gnu.linkonce.r*)

.rel.data
 *(.rel.data)
 *(.rel.data.*)
 *(.rel.gnu.linkonce.d*)

.rela.data
 *(.rela.data)
 *(.rela.data.*)
 *(.rela.gnu.linkonce.d*)

.rel.ctors
 *(.rel.ctors)

.rela.ctors
 *(.rela.ctors)

.rel.dtors
 *(.rel.dtors)

.rela.dtors
 *(.rela.dtors)

.rel.got
 *(.rel.got)

.rela.got
 *(.rela.got)

.rel.bss
 *(.rel.bss)

.rela.bss
 *(.rela.bss)

.rel.plt
 *(.rel.plt)

.rela.plt
 *(.rela.plt)

.text           0x00000000     0x2c94
 *(.vectors)
 .vectors       0x00000000      0x134 c:/program files (x86)/atmel/studio/7.0/toolchain/avr8/avr8-gnu-toolchain/bin/../lib/gcc/avr/4.9.2/../../../../avr/lib/avr5/crtatmega644rfr2.o
                0x00000000                __vector_default
                0x00000000                __vectors
 *(.vectors)
 *(.progmem.gcc*)
                0x00000134                . = ALIGN (0x2)
                0x00000134                __trampolines_start = .
 *(.trampolines)
 .trampolines   0x00000134        0x0 linker stubs
 *(.trampolines*)
                0x00000134                __trampolines_end = .
 *(.progmem*)
 .progmem.data  0x00000134        0x8 c:/program files (x86)/atmel/studio/7.0/toolchain/avr8/avr8-gnu-toolchain/bin/../lib/gcc/avr/4.9.2/../../../../avr/lib/avr5\libprintf_flt.a(vfprintf_flt.o)
 .progmem.data  0x0000013c       0xfa c:/program files (x86)/atmel/studio/7.0/toolchain/avr8/avr8-gnu-toolchain/bin/../lib/gcc/avr/4.9.2/../../../../avr/lib/avr5\libc.a(ftoa_engine.o)
                0x00000236                . = ALIGN (0x2)
 *(.jumptables)
 *(.jumptables*)
 *(.lowtext)
 *(.lowtext*)
                0x00000236                __ctors_start = .
 *(.ctors)
                0x00000236                __ctors_end = .
                0x00000236                __dtors_start = .
 *(.dtors)
                0x00000236                __dtors_end = .
 SORT(*)(.ctors)
 SORT(*)(.dtors)
 *(.init0)
 .init0         0x00000236        0x0 c:/program files (x86)/atmel/studio/7.0/toolchain/avr8/avr8-gnu-toolchain/bin/../lib/gcc/avr/4.9.2/../../../../avr/lib/avr5/crtatmega644rfr2.o
                0x00000236                __init
 *(.init0)
 *(.init1)
 *(.init1)
 *(.init2)
 .init2         0x00000236        0xc c:/program files (x86)/atmel/studio/7.0/toolchain/avr8/avr8-gnu-toolchain/bin/../lib/gcc/avr/4.9.2/../../../../avr/lib/avr5/crtatmega644rfr2.o
 *(.init2)
 *(.init3)
 *(.init3)
 *(.init4)
 .init4         0x00000242       0x16 c:/program files (x86)/atmel/studio/7.0/toolchain/avr8/avr8-gnu-toolchain/bin/../lib/gcc/avr/4.9.2/avr5\libgcc.a(_copy_data.o)
                0x00000242                __do_copy_data
 .init4         0x00000258       0x10 c:/program files (x86)/atmel/studio/7.0/toolchain/avr8/avr8-gnu-toolchain/bin/../lib/gcc/avr/4.9.2/avr5\libgcc.a(_clear_bss.o)
                0x00000258                __do_clear_bss
 *(.init4)
 *(.init5)
 *(.init5)
 *(.init6)
 *(.init6)
 *(.init7)
 *(.init7)
 *(.init8)
 *(.init8)
 *(.init9)
 .init9         0x00000268        0x8 c:/program files (x86)/atmel/studio/7.0/toolchain/avr8/avr8-gnu-toolchain/bin/../lib/gcc/avr/4.9.2/../../../../avr/lib/avr5/crtatmega644rfr2.o
 *(.init9)
 *(.text)
 .text          0x00000270        0x4 c:/program files (x86)/atmel/studio/7.0/toolchain/avr8/avr8-gnu-toolchain/bin/../lib/gcc/avr/4.9.2/../../../../avr/lib/avr5/crtatmega644rfr2.o
                0x00000270                __vector_38
                0x00000270                __vector_22
                0x00000270                __vector_63
                0x00000270                __vector_28
                0x00000270                __vector_67
                0x00000270                __vector_1
                0x00000270                __vector_32
                0x00000270                __vector_75
                0x00000270                __vector_71
                0x00000270                __vector_34
                0x00000270                __vector_62
                0x00000270                __vector_24
                0x00000270                __vector_12
                0x00000270                __vector_55
                0x00000270                __vector_69
                0x00000270                __vector_46
                0x00000270                __bad_interrupt
                0x00000270                __vector_72
                0x00000270                __vector_6
                0x00000270                __vector_31
                0x00000270                __vector_35
                0x00000270                __vector_74
                0x00000270                __vector_39
                0x00000270                __vector_3
                0x00000270                __vector_23
                0x00000270                __vector_68
                0x00000270                __vector_30
                0x00000270                __vector_73
                0x00000270                __vector_45
                0x00000270                __vector_61
                0x00000270                __vector_11
                0x00000270                __vector_54
                0x00000270                __vector_17
                0x00000270                __vector_19
                0x00000270                __vector_56
                0x00000270                __vector_7
                0x00000270                __vector_49
                0x00000270                __vector_41
                0x00000270                __vector_64
                0x00000270                __vector_43
                0x00000270                __vector_27
                0x00000270                __vector_5
                0x00000270                __vector_33
                0x00000270                __vector_76
                0x00000270                __vector_47
                0x00000270                __vector_52
                0x00000270                __vector_37
                0x00000270                __vector_4
                0x00000270                __vector_44
                0x00000270                __vector_51
                0x00000270                __vector_9
                0x00000270                __vector_2
                0x00000270                __vector_21
                0x00000270                __vector_15
                0x00000270                __vector_66
                0x00000270                __vector_36
                0x00000270                __vector_58
                0x00000270                __vector_70
                0x00000270                __vector_29
                0x00000270                __vector_60
                0x00000270                __vector_40
                0x00000270                __vector_8
                0x00000270                __vector_48
                0x00000270                __vector_14
                0x00000270                __vector_57
                0x00000270                __vector_53
                0x00000270                __vector_10
                0x00000270                __vector_50
                0x00000270                __vector_16
                0x00000270                __vector_59
                0x00000270                __vector_18
                0x00000270                __vector_20
                0x00000270                __vector_65
                0x00000274                . = ALIGN (0x2)
 *(.text.*)
 .text.main     0x00000274       0x70 ATMOS.o
                0x00000274                main
 .text.appCmdCheckPendingTable
                0x000002e4       0x8c commands.o
 .text.APP_CommandsPending
                0x00000370       0x76 commands.o
                0x00000370                APP_CommandsPending
 .text.BMP280_ReadBytes
                0x000003e6       0x54 devices/BMP280.o
 .text.BMP280_ReadInt
                0x0000043a       0x4a devices/BMP280.o
 .text.BMP280_Init
                0x00000484      0x1c0 devices/BMP280.o
                0x00000484                BMP280_Init
 .text.BMP280_SetOversampling
                0x00000644        0xc devices/BMP280.o
                0x00000644                BMP280_SetOversampling
 .text.appDataSendingTimerHandler
                0x00000650       0x2a devices/LWMesh.o
 .text.appDataInd
                0x0000067a      0x11e devices/LWMesh.o
 .text.appDataConf
                0x00000798       0x6a devices/LWMesh.o
 .text.LWMesh   0x00000802      0x1e4 devices/LWMesh.o
                0x00000802                LWMesh
 .text.Si7020_init
                0x000009e6        0x4 devices/Si7020.o
                0x000009e6                Si7020_init
 .text.TGS2600_TurnOn
                0x000009ea        0x4 devices/TGS2600.o
                0x000009ea                TGS2600_TurnOn
 .text.TGS2600_Init
                0x000009ee        0x8 devices/TGS2600.o
                0x000009ee                TGS2600_Init
 .text.ADC_Init
                0x000009f6       0x18 drivers/ADC.o
                0x000009f6                ADC_Init
 .text.PWR_Init
                0x00000a0e        0x8 drivers/PWR.o
                0x00000a0e                PWR_Init
 .text.PWR_TurnOn5V
                0x00000a16        0x4 drivers/PWR.o
                0x00000a16                PWR_TurnOn5V
 .text.SPI_SlaveInit
                0x00000a1a        0x8 drivers/SPI.o
                0x00000a1a                SPI_SlaveInit
 .text.TWI_Init
                0x00000a22       0x3c drivers/TWI.o
                0x00000a22                TWI_Init
 .text.TWI_WriteByte
                0x00000a5e       0x1c drivers/TWI.o
                0x00000a5e                TWI_WriteByte
 .text.TWI_BeginWrite
                0x00000a7a       0x3a drivers/TWI.o
                0x00000a7a                TWI_BeginWrite
 .text.TWI_BeginRead
                0x00000ab4       0x30 drivers/TWI.o
                0x00000ab4                TWI_BeginRead
 .text.TWI_ReadAck
                0x00000ae4       0x20 drivers/TWI.o
                0x00000ae4                TWI_ReadAck
 .text.TWI_ReadNack
                0x00000b04       0x20 drivers/TWI.o
                0x00000b04                TWI_ReadNack
 .text.TWI_Stop
                0x00000b24        0xa drivers/TWI.o
                0x00000b24                TWI_Stop
 .text.TWI_Read
                0x00000b2e       0x78 drivers/TWI.o
                0x00000b2e                TWI_Read
 .text.USART0_Init
                0x00000ba6       0x5a drivers/usart0.o
                0x00000ba6                USART0_Init
 .text.USART0_Transmit
                0x00000c00       0x10 drivers/usart0.o
                0x00000c00                USART0_Transmit
 .text.USART0_putchar_printf
                0x00000c10       0x1c drivers/usart0.o
                0x00000c10                USART0_putchar_printf
 .text.HAL_Init
                0x00000c2c       0x2a hal/atmega256rfr2/src/hal.o
                0x00000c2c                HAL_Init
 .text.__vector_13
                0x00000c56       0x1e hal/atmega256rfr2/src/halSleep.o
                0x00000c56                __vector_13
 .text.HAL_TimerInit
                0x00000c74       0x2a hal/atmega256rfr2/src/halTimer.o
                0x00000c74                HAL_TimerInit
 .text.__vector_42
                0x00000c9e       0x22 hal/atmega256rfr2/src/halTimer.o
                0x00000c9e                __vector_42
 .text.HAL_UartInit
                0x00000cc0       0xaa hal/atmega256rfr2/src/halUart.o
                0x00000cc0                HAL_UartInit
 .text.HAL_UartWriteByte
                0x00000d6a       0x4e hal/atmega256rfr2/src/halUart.o
                0x00000d6a                HAL_UartWriteByte
 .text.__vector_26
                0x00000db8       0x30 hal/atmega256rfr2/src/halUart.o
                0x00000db8                __vector_26
 .text.__vector_25
                0x00000de8       0xa6 hal/atmega256rfr2/src/halUart.o
                0x00000de8                __vector_25
 .text.NWK_Init
                0x00000e8e       0x34 nwk/src/nwk.o
                0x00000e8e                NWK_Init
 .text.NWK_SetAddr
                0x00000ec2        0xe nwk/src/nwk.o
                0x00000ec2                NWK_SetAddr
 .text.NWK_SetPanId
                0x00000ed0        0xe nwk/src/nwk.o
                0x00000ed0                NWK_SetPanId
 .text.NWK_OpenEndpoint
                0x00000ede       0x12 nwk/src/nwk.o
                0x00000ede                NWK_OpenEndpoint
 .text.NWK_TaskHandler
                0x00000ef0        0xe nwk/src/nwk.o
                0x00000ef0                NWK_TaskHandler
 .text.nwkDataReqTxConf
                0x00000efe       0x48 nwk/src/nwkDataReq.o
 .text.nwkDataReqInit
                0x00000f46        0xa nwk/src/nwkDataReq.o
                0x00000f46                nwkDataReqInit
 .text.NWK_DataReq
                0x00000f50       0x48 nwk/src/nwkDataReq.o
                0x00000f50                NWK_DataReq
 .text.nwkDataReqTaskHandler
                0x00000f98      0x14a nwk/src/nwkDataReq.o
                0x00000f98                nwkDataReqTaskHandler
 .text.nwkFrameInit
                0x000010e2       0x16 nwk/src/nwkFrame.o
                0x000010e2                nwkFrameInit
 .text.nwkFrameAlloc
                0x000010f8       0x6e nwk/src/nwkFrame.o
                0x000010f8                nwkFrameAlloc
 .text.nwkFrameFree
                0x00001166       0x14 nwk/src/nwkFrame.o
                0x00001166                nwkFrameFree
 .text.nwkFrameNext
                0x0000117a       0x44 nwk/src/nwkFrame.o
                0x0000117a                nwkFrameNext
 .text.nwkFrameCommandInit
                0x000011be       0x28 nwk/src/nwkFrame.o
                0x000011be                nwkFrameCommandInit
 .text.nwkRxServiceDataInd
                0x000011e6       0x28 nwk/src/nwkRx.o
 .text.nwkRxDuplicateRejectionTimerHandler
                0x0000120e       0x2e nwk/src/nwkRx.o
 .text.nwkRxInit
                0x0000123c       0x3c nwk/src/nwkRx.o
                0x0000123c                nwkRxInit
 .text.PHY_DataInd
                0x00001278       0x58 nwk/src/nwkRx.o
                0x00001278                PHY_DataInd
 .text.NWK_SetAckControl
                0x000012d0        0x6 nwk/src/nwkRx.o
                0x000012d0                NWK_SetAckControl
 .text.nwkRxTaskHandler
                0x000012d6      0x43e nwk/src/nwkRx.o
                0x000012d6                nwkRxTaskHandler
 .text.nwkTxDelayTimerHandler
                0x00001714       0x5c nwk/src/nwkTx.o
 .text.nwkTxAckWaitTimerHandler
                0x00001770       0x68 nwk/src/nwkTx.o
 .text.nwkTxInit
                0x000017d8       0x46 nwk/src/nwkTx.o
                0x000017d8                nwkTxInit
 .text.nwkTxFrame
                0x0000181e       0x9e nwk/src/nwkTx.o
                0x0000181e                nwkTxFrame
 .text.nwkTxBroadcastFrame
                0x000018bc       0x8c nwk/src/nwkTx.o
                0x000018bc                nwkTxBroadcastFrame
 .text.nwkTxAckReceived
                0x00001948       0x4a nwk/src/nwkTx.o
                0x00001948                nwkTxAckReceived
 .text.PHY_DataConf
                0x00001992       0x46 nwk/src/nwkTx.o
                0x00001992                PHY_DataConf
 .text.nwkTxTaskHandler
                0x000019d8      0x13c nwk/src/nwkTx.o
                0x000019d8                nwkTxTaskHandler
 .text.phySetChannel
                0x00001b14       0x3c phy/atmegarfr2/src/phy.o
 .text.phyTrxSetState
                0x00001b50       0x24 phy/atmegarfr2/src/phy.o
 .text.phySetRxState
                0x00001b74       0x1c phy/atmegarfr2/src/phy.o
 .text.PHY_Init
                0x00001b90       0x30 phy/atmegarfr2/src/phy.o
                0x00001b90                PHY_Init
 .text.PHY_SetRxState
                0x00001bc0        0xa phy/atmegarfr2/src/phy.o
                0x00001bc0                PHY_SetRxState
 .text.PHY_SetChannel
                0x00001bca        0xa phy/atmegarfr2/src/phy.o
                0x00001bca                PHY_SetChannel
 .text.PHY_SetPanId
                0x00001bd4       0x22 phy/atmegarfr2/src/phy.o
                0x00001bd4                PHY_SetPanId
 .text.PHY_SetShortAddr
                0x00001bf6       0x2c phy/atmegarfr2/src/phy.o
                0x00001bf6                PHY_SetShortAddr
 .text.PHY_DataReq
                0x00001c22       0x56 phy/atmegarfr2/src/phy.o
                0x00001c22                PHY_DataReq
 .text.PHY_TaskHandler
                0x00001c78       0xfc phy/atmegarfr2/src/phy.o
                0x00001c78                PHY_TaskHandler
 .text.SYS_Init
                0x00001d74       0x12 sys/src/sys.o
                0x00001d74                SYS_Init
 .text.SYS_TaskHandler
                0x00001d86        0xe sys/src/sys.o
                0x00001d86                SYS_TaskHandler
 .text.placeTimer
                0x00001d94       0xc8 sys/src/sysTimer.o
 .text.SYS_TimerInit
                0x00001e5c        0xa sys/src/sysTimer.o
                0x00001e5c                SYS_TimerInit
 .text.SYS_TimerStop
                0x00001e66       0x7a sys/src/sysTimer.o
                0x00001e66                SYS_TimerStop
 .text.SYS_TimerStarted
                0x00001ee0       0x34 sys/src/sysTimer.o
                0x00001ee0                SYS_TimerStarted
 .text.SYS_TimerStart
                0x00001f14       0x1a sys/src/sysTimer.o
                0x00001f14                SYS_TimerStart
 .text.SYS_TimerTaskHandler
                0x00001f2e       0xd8 sys/src/sysTimer.o
                0x00001f2e                SYS_TimerTaskHandler
 .text.avr-libc
                0x00002006      0x6f8 c:/program files (x86)/atmel/studio/7.0/toolchain/avr8/avr8-gnu-toolchain/bin/../lib/gcc/avr/4.9.2/../../../../avr/lib/avr5\libprintf_flt.a(vfprintf_flt.o)
                0x00002006                vfprintf
 .text.libgcc.div
                0x000026fe       0x44 c:/program files (x86)/atmel/studio/7.0/toolchain/avr8/avr8-gnu-toolchain/bin/../lib/gcc/avr/4.9.2/avr5\libgcc.a(_udivmodsi4.o)
                0x000026fe                __udivmodsi4
 .text.libgcc.prologue
                0x00002742       0x38 c:/program files (x86)/atmel/studio/7.0/toolchain/avr8/avr8-gnu-toolchain/bin/../lib/gcc/avr/4.9.2/avr5\libgcc.a(_prologue.o)
                0x00002742                __prologue_saves__
 .text.libgcc.prologue
                0x0000277a       0x36 c:/program files (x86)/atmel/studio/7.0/toolchain/avr8/avr8-gnu-toolchain/bin/../lib/gcc/avr/4.9.2/avr5\libgcc.a(_epilogue.o)
                0x0000277a                __epilogue_restores__
 .text.avr-libc
                0x000027b0       0xb8 c:/program files (x86)/atmel/studio/7.0/toolchain/avr8/avr8-gnu-toolchain/bin/../lib/gcc/avr/4.9.2/../../../../avr/lib/avr5\libc.a(rand.o)
                0x00002842                rand_r
                0x00002848                rand
                0x00002852                srand
 .text.avr-libc
                0x00002868      0x1b0 c:/program files (x86)/atmel/studio/7.0/toolchain/avr8/avr8-gnu-toolchain/bin/../lib/gcc/avr/4.9.2/../../../../avr/lib/avr5\libc.a(ftoa_engine.o)
                0x00002868                __ftoa_engine
 .text.avr-libc
                0x00002a18       0x16 c:/program files (x86)/atmel/studio/7.0/toolchain/avr8/avr8-gnu-toolchain/bin/../lib/gcc/avr/4.9.2/../../../../avr/lib/avr5\libc.a(strnlen_P.o)
                0x00002a18                strnlen_P
 .text.avr-libc
                0x00002a2e       0x12 c:/program files (x86)/atmel/studio/7.0/toolchain/avr8/avr8-gnu-toolchain/bin/../lib/gcc/avr/4.9.2/../../../../avr/lib/avr5\libc.a(memcpy.o)
                0x00002a2e                memcpy
 .text.avr-libc
                0x00002a40       0x16 c:/program files (x86)/atmel/studio/7.0/toolchain/avr8/avr8-gnu-toolchain/bin/../lib/gcc/avr/4.9.2/../../../../avr/lib/avr5\libc.a(strnlen.o)
                0x00002a40                strnlen
 .text.avr-libc
                0x00002a56       0x70 c:/program files (x86)/atmel/studio/7.0/toolchain/avr8/avr8-gnu-toolchain/bin/../lib/gcc/avr/4.9.2/../../../../avr/lib/avr5\libc.a(fputc.o)
                0x00002a56                fputc
 .text.avr-libc
                0x00002ac6       0x2c c:/program files (x86)/atmel/studio/7.0/toolchain/avr8/avr8-gnu-toolchain/bin/../lib/gcc/avr/4.9.2/../../../../avr/lib/avr5\libc.a(printf.o)
                0x00002ac6                printf
 .text.avr-libc
                0x00002af2       0x60 c:/program files (x86)/atmel/studio/7.0/toolchain/avr8/avr8-gnu-toolchain/bin/../lib/gcc/avr/4.9.2/../../../../avr/lib/avr5\libc.a(puts.o)
                0x00002af2                puts
 .text.avr-libc
                0x00002b52       0xbc c:/program files (x86)/atmel/studio/7.0/toolchain/avr8/avr8-gnu-toolchain/bin/../lib/gcc/avr/4.9.2/../../../../avr/lib/avr5\libc.a(ultoa_invert.o)
                0x00002b52                __ultoa_invert
 .text.libgcc.div
                0x00002c0e       0x2e c:/program files (x86)/atmel/studio/7.0/toolchain/avr8/avr8-gnu-toolchain/bin/../lib/gcc/avr/4.9.2/avr5\libgcc.a(_divmodsi4.o)
                0x00002c0e                __divmodsi4
 .text.libgcc.div
                0x00002c3c       0x10 c:/program files (x86)/atmel/studio/7.0/toolchain/avr8/avr8-gnu-toolchain/bin/../lib/gcc/avr/4.9.2/avr5\libgcc.a(_negsi2.o)
                0x00002c3c                __negsi2
 .text.libgcc.mul
                0x00002c4c       0x16 c:/program files (x86)/atmel/studio/7.0/toolchain/avr8/avr8-gnu-toolchain/bin/../lib/gcc/avr/4.9.2/avr5\libgcc.a(_muluhisi3.o)
                0x00002c4c                __muluhisi3
 .text.libgcc.mul
                0x00002c62       0x10 c:/program files (x86)/atmel/studio/7.0/toolchain/avr8/avr8-gnu-toolchain/bin/../lib/gcc/avr/4.9.2/avr5\libgcc.a(_mulshisi3.o)
                0x00002c62                __mulshisi3
                0x00002c68                __mulohisi3
 .text.libgcc.mul
                0x00002c72       0x1e c:/program files (x86)/atmel/studio/7.0/toolchain/avr8/avr8-gnu-toolchain/bin/../lib/gcc/avr/4.9.2/avr5\libgcc.a(_umulhisi3.o)
                0x00002c72                __umulhisi3
                0x00002c90                . = ALIGN (0x2)
 *(.fini9)
 .fini9         0x00002c90        0x0 c:/program files (x86)/atmel/studio/7.0/toolchain/avr8/avr8-gnu-toolchain/bin/../lib/gcc/avr/4.9.2/avr5\libgcc.a(_exit.o)
                0x00002c90                _exit
                0x00002c90                exit
 *(.fini9)
 *(.fini8)
 *(.fini8)
 *(.fini7)
 *(.fini7)
 *(.fini6)
 *(.fini6)
 *(.fini5)
 *(.fini5)
 *(.fini4)
 *(.fini4)
 *(.fini3)
 *(.fini3)
 *(.fini2)
 *(.fini2)
 *(.fini1)
 *(.fini1)
 *(.fini0)
 .fini0         0x00002c90        0x4 c:/program files (x86)/atmel/studio/7.0/toolchain/avr8/avr8-gnu-toolchain/bin/../lib/gcc/avr/4.9.2/avr5\libgcc.a(_exit.o)
 *(.fini0)
                0x00002c94                _etext = .

.data           0x00800200      0x200 load address 0x00002c94
                0x00800200                PROVIDE (__data_start, .)
 *(.data)
 .data          0x00800200        0x4 c:/program files (x86)/atmel/studio/7.0/toolchain/avr8/avr8-gnu-toolchain/bin/../lib/gcc/avr/4.9.2/../../../../avr/lib/avr5\libc.a(rand.o)
 *(.data*)
 .data.USART0_stdout
                0x00800204        0xe drivers/usart0.o
 *(.rodata)
 *(.rodata*)
 .rodata.str1.1
                0x00800212       0x2b ATMOS.o
 .rodata.str1.1
                0x0080023d       0x37 devices/BMP280.o
 .rodata.str1.1
                0x00800274      0x18b devices/LWMesh.o
 *(.gnu.linkonce.d*)
                0x00800400                . = ALIGN (0x2)
 *fill*         0x008003ff        0x1 
                0x00800400                _edata = .
                0x00800400                PROVIDE (__data_end, .)

.bss            0x00800400      0x4ab
                0x00800400                PROVIDE (__bss_start, .)
 *(.bss)
 *(.bss*)
 .bss.appCmdDataReq
                0x00800400       0x11 commands.o
 .bss.appCmdInProgress
                0x00800411        0x2 commands.o
 .bss.appCmdPendingTable
                0x00800413       0x2d commands.o
 .bss.status    0x00800440        0x1 devices/BMP280.o
 .bss.oversampling
                0x00800441        0x2 devices/BMP280.o
 .bss.dig_T1    0x00800443        0x2 devices/BMP280.o
 .bss.dig_P1    0x00800445        0x2 devices/BMP280.o
 .bss.dig_P9    0x00800447        0x2 devices/BMP280.o
 .bss.dig_P8    0x00800449        0x2 devices/BMP280.o
 .bss.dig_P7    0x0080044b        0x2 devices/BMP280.o
 .bss.dig_P6    0x0080044d        0x2 devices/BMP280.o
 .bss.dig_P5    0x0080044f        0x2 devices/BMP280.o
 .bss.dig_P4    0x00800451        0x2 devices/BMP280.o
 .bss.dig_P3    0x00800453        0x2 devices/BMP280.o
 .bss.dig_P2    0x00800455        0x2 devices/BMP280.o
 .bss.dig_T3    0x00800457        0x2 devices/BMP280.o
 .bss.dig_T2    0x00800459        0x2 devices/BMP280.o
 .bss.appDataSendingTimer
                0x0080045b        0xd devices/LWMesh.o
 .bss.appMsg    0x00800468       0x29 devices/LWMesh.o
 .bss.appState  0x00800491        0x1 devices/LWMesh.o
 .bss.appNetworkStatus
                0x00800492        0x1 devices/LWMesh.o
 .bss.appCommandWaitTimer
                0x00800493        0xd devices/LWMesh.o
 .bss.appNetworkStatusTimer
                0x008004a0        0xd devices/LWMesh.o
 .bss.appNwkDataReq
                0x008004ad       0x11 devices/LWMesh.o
 .bss.halSleepTimerEvent
                0x008004be        0x1 hal/atmega256rfr2/src/halSleep.o
 .bss.newData   0x008004bf        0x1 hal/atmega256rfr2/src/halUart.o
 .bss.udrEmpty  0x008004c0        0x1 hal/atmega256rfr2/src/halUart.o
 .bss.rxData    0x008004c1        0xb hal/atmega256rfr2/src/halUart.o
 .bss.rxFifo    0x008004cc        0xa hal/atmega256rfr2/src/halUart.o
 .bss.txData    0x008004d6        0xb hal/atmega256rfr2/src/halUart.o
 .bss.txFifo    0x008004e1        0xa hal/atmega256rfr2/src/halUart.o
 .bss.nwkDataReqQueue
                0x008004eb        0x2 nwk/src/nwkDataReq.o
 .bss.nwkFrameFrames
                0x008004ed      0x2ad nwk/src/nwkFrame.o
 .bss.nwkRxDuplicateRejectionTimer
                0x0080079a        0xd nwk/src/nwkRx.o
 .bss.nwkRxAckControl
                0x008007a7        0x1 nwk/src/nwkRx.o
 .bss.nwkRxDuplicateRejectionTable
                0x008007a8       0x32 nwk/src/nwkRx.o
 .bss.nwkTxDelayTimer
                0x008007da        0xd nwk/src/nwkTx.o
 .bss.nwkTxAckWaitTimer
                0x008007e7        0xd nwk/src/nwkTx.o
 .bss.nwkTxPhyActiveFrame
                0x008007f4        0x2 nwk/src/nwkTx.o
 .bss.phyBand   0x008007f6        0x1 phy/atmegarfr2/src/phy.o
 .bss.phyChannel
                0x008007f7        0x1 phy/atmegarfr2/src/phy.o
 .bss.phyRxState
                0x008007f8        0x1 phy/atmegarfr2/src/phy.o
 .bss.phyRxBuffer
                0x008007f9       0x80 phy/atmegarfr2/src/phy.o
 .bss.phyState  0x00800879        0x1 phy/atmegarfr2/src/phy.o
 .bss.timers    0x0080087a        0x2 sys/src/sysTimer.o
 *(COMMON)
 COMMON         0x0080087c        0x1 hal/atmega256rfr2/src/halTimer.o
                0x0080087c                halTimerIrqCount
 COMMON         0x0080087d       0x28 nwk/src/nwk.o
                0x0080087d                nwkIb
 COMMON         0x008008a5        0x6 c:/program files (x86)/atmel/studio/7.0/toolchain/avr8/avr8-gnu-toolchain/bin/../lib/gcc/avr/4.9.2/../../../../avr/lib/avr5\libc.a(iob.o)
                0x008008a5                __iob
                0x008008ab                PROVIDE (__bss_end, .)
                0x00002c94                __data_load_start = LOADADDR (.data)
                0x00002e94                __data_load_end = (__data_load_start + SIZEOF (.data))

.noinit         0x008008ab        0x0
                0x008008ab                PROVIDE (__noinit_start, .)
 *(.noinit*)
                0x008008ab                PROVIDE (__noinit_end, .)
                0x008008ab                _end = .
                0x008008ab                PROVIDE (__heap_start, .)

.eeprom         0x00810000        0x0
 *(.eeprom*)
                0x00810000                __eeprom_end = .

.fuse
 *(.fuse)
 *(.lfuse)
 *(.hfuse)
 *(.efuse)

.lock
 *(.lock*)

.signature
 *(.signature*)

.user_signatures
 *(.user_signatures*)

.stab
 *(.stab)

.stabstr
 *(.stabstr)

.stab.excl
 *(.stab.excl)

.stab.exclstr
 *(.stab.exclstr)

.stab.index
 *(.stab.index)

.stab.indexstr
 *(.stab.indexstr)

.comment        0x00000000       0x5c
 *(.comment)
 .comment       0x00000000       0x30 ATMOS.o
                                 0x31 (size before relaxing)
 .comment       0x00000030       0x31 commands.o
 .comment       0x00000030       0x31 devices/BMP280.o
 .comment       0x00000030       0x31 devices/LWMesh.o
 .comment       0x00000030       0x31 devices/Si7020.o
 .comment       0x00000030       0x31 devices/TGS2600.o
 .comment       0x00000030       0x31 drivers/ADC.o
 .comment       0x00000030       0x31 drivers/PWR.o
 .comment       0x00000030       0x31 drivers/SPI.o
 .comment       0x00000030       0x31 drivers/TWI.o
 .comment       0x00000030       0x31 drivers/usart0.o
 .comment       0x00000030       0x31 hal/atmega256rfr2/src/hal.o
 .comment       0x00000030       0x31 hal/atmega256rfr2/src/halSleep.o
 .comment       0x00000030       0x31 hal/atmega256rfr2/src/halTimer.o
 .comment       0x00000030       0x31 hal/atmega256rfr2/src/halUart.o
 .comment       0x00000030       0x31 nwk/src/nwk.o
 .comment       0x00000030       0x31 nwk/src/nwkDataReq.o
 .comment       0x00000030       0x31 nwk/src/nwkFrame.o
 .comment       0x00000030       0x31 nwk/src/nwkRx.o
 .comment       0x00000030       0x31 nwk/src/nwkTx.o
 .comment       0x00000030       0x31 phy/atmegarfr2/src/phy.o
 .comment       0x00000030       0x31 sys/src/sys.o
 .comment       0x00000030       0x31 sys/src/sysTimer.o
 .comment       0x00000030       0x2c c:/program files (x86)/atmel/studio/7.0/toolchain/avr8/avr8-gnu-toolchain/bin/../lib/gcc/avr/4.9.2/../../../../avr/lib/avr5\libprintf_flt.a(vfprintf_flt.o)
                                 0x2d (size before relaxing)
 .comment       0x0000005c       0x31 c:/program files (x86)/atmel/studio/7.0/toolchain/avr8/avr8-gnu-toolchain/bin/../lib/gcc/avr/4.9.2/../../../../avr/lib/avr5\libc.a(rand.o)
 .comment       0x0000005c       0x31 c:/program files (x86)/atmel/studio/7.0/toolchain/avr8/avr8-gnu-toolchain/bin/../lib/gcc/avr/4.9.2/../../../../avr/lib/avr5\libc.a(fputc.o)
 .comment       0x0000005c       0x31 c:/program files (x86)/atmel/studio/7.0/toolchain/avr8/avr8-gnu-toolchain/bin/../lib/gcc/avr/4.9.2/../../../../avr/lib/avr5\libc.a(iob.o)
 .comment       0x0000005c       0x31 c:/program files (x86)/atmel/studio/7.0/toolchain/avr8/avr8-gnu-toolchain/bin/../lib/gcc/avr/4.9.2/../../../../avr/lib/avr5\libc.a(printf.o)
 .comment       0x0000005c       0x31 c:/program files (x86)/atmel/studio/7.0/toolchain/avr8/avr8-gnu-toolchain/bin/../lib/gcc/avr/4.9.2/../../../../avr/lib/avr5\libc.a(puts.o)

.note.gnu.avr.deviceinfo
                0x00000000       0x40
 .note.gnu.avr.deviceinfo
                0x00000000       0x40 c:/program files (x86)/atmel/studio/7.0/toolchain/avr8/avr8-gnu-toolchain/bin/../lib/gcc/avr/4.9.2/../../../../avr/lib/avr5/crtatmega644rfr2.o

.note.gnu.build-id
 *(.note.gnu.build-id)

.debug
 *(.debug)

.line
 *(.line)

.debug_srcinfo
 *(.debug_srcinfo)

.debug_sfnames
 *(.debug_sfnames)

.debug_aranges  0x00000000      0x660
 *(.debug_aranges)
 .debug_aranges
                0x00000000       0x30 ATMOS.o
 .debug_aranges
                0x00000030       0x60 commands.o
 .debug_aranges
                0x00000090       0x80 devices/BMP280.o
 .debug_aranges
                0x00000110       0x38 devices/LWMesh.o
 .debug_aranges
                0x00000148       0x40 devices/Si7020.o
 .debug_aranges
                0x00000188       0x38 devices/TGS2600.o
 .debug_aranges
                0x000001c0       0x38 drivers/ADC.o
 .debug_aranges
                0x000001f8       0x40 drivers/PWR.o
 .debug_aranges
                0x00000238       0x30 drivers/SPI.o
 .debug_aranges
                0x00000268       0x60 drivers/TWI.o
 .debug_aranges
                0x000002c8       0x48 drivers/usart0.o
 .debug_aranges
                0x00000310       0x28 hal/atmega256rfr2/src/hal.o
 .debug_aranges
                0x00000338       0x28 hal/atmega256rfr2/src/halSleep.o
 .debug_aranges
                0x00000360       0x30 hal/atmega256rfr2/src/halTimer.o
 .debug_aranges
                0x00000390       0x48 hal/atmega256rfr2/src/halUart.o
 .debug_aranges
                0x000003d8       0x70 nwk/src/nwk.o
 .debug_aranges
                0x00000448       0x38 nwk/src/nwkDataReq.o
 .debug_aranges
                0x00000480       0x40 nwk/src/nwkFrame.o
 .debug_aranges
                0x000004c0       0x48 nwk/src/nwkRx.o
 .debug_aranges
                0x00000508       0x60 nwk/src/nwkTx.o
 .debug_aranges
                0x00000568       0x88 phy/atmegarfr2/src/phy.o
 .debug_aranges
                0x000005f0       0x28 sys/src/sys.o
 .debug_aranges
                0x00000618       0x48 sys/src/sysTimer.o

.debug_pubnames
 *(.debug_pubnames)

.debug_info     0x00000000     0x72df
 *(.debug_info .gnu.linkonce.wi.*)
 .debug_info    0x00000000      0x91c ATMOS.o
 .debug_info    0x0000091c      0xb67 commands.o
 .debug_info    0x00001483      0xaeb devices/BMP280.o
 .debug_info    0x00001f6e      0x94a devices/LWMesh.o
 .debug_info    0x000028b8      0x448 devices/Si7020.o
 .debug_info    0x00002d00      0x13a devices/TGS2600.o
 .debug_info    0x00002e3a      0x121 drivers/ADC.o
 .debug_info    0x00002f5b       0xdb drivers/PWR.o
 .debug_info    0x00003036      0x102 drivers/SPI.o
 .debug_info    0x00003138      0x45e drivers/TWI.o
 .debug_info    0x00003596      0x299 drivers/usart0.o
 .debug_info    0x0000382f      0x128 hal/atmega256rfr2/src/hal.o
 .debug_info    0x00003957      0x184 hal/atmega256rfr2/src/halSleep.o
 .debug_info    0x00003adb       0xe4 hal/atmega256rfr2/src/halTimer.o
 .debug_info    0x00003bbf      0x31c hal/atmega256rfr2/src/halUart.o
 .debug_info    0x00003edb      0x4a6 nwk/src/nwk.o
 .debug_info    0x00004381      0x79d nwk/src/nwkDataReq.o
 .debug_info    0x00004b1e      0x56a nwk/src/nwkFrame.o
 .debug_info    0x00005088      0xc23 nwk/src/nwkRx.o
 .debug_info    0x00005cab      0xa08 nwk/src/nwkTx.o
 .debug_info    0x000066b3      0x7c0 phy/atmegarfr2/src/phy.o
 .debug_info    0x00006e73      0x12b sys/src/sys.o
 .debug_info    0x00006f9e      0x341 sys/src/sysTimer.o

.debug_abbrev   0x00000000     0x2924
 *(.debug_abbrev)
 .debug_abbrev  0x00000000      0x2d8 ATMOS.o
 .debug_abbrev  0x000002d8      0x3a0 commands.o
 .debug_abbrev  0x00000678      0x335 devices/BMP280.o
 .debug_abbrev  0x000009ad      0x2dc devices/LWMesh.o
 .debug_abbrev  0x00000c89      0x126 devices/Si7020.o
 .debug_abbrev  0x00000daf       0xf2 devices/TGS2600.o
 .debug_abbrev  0x00000ea1       0xdd drivers/ADC.o
 .debug_abbrev  0x00000f7e       0x51 drivers/PWR.o
 .debug_abbrev  0x00000fcf       0xc6 drivers/SPI.o
 .debug_abbrev  0x00001095      0x1e3 drivers/TWI.o
 .debug_abbrev  0x00001278      0x18f drivers/usart0.o
 .debug_abbrev  0x00001407       0xda hal/atmega256rfr2/src/hal.o
 .debug_abbrev  0x000014e1       0xd5 hal/atmega256rfr2/src/halSleep.o
 .debug_abbrev  0x000015b6       0xaa hal/atmega256rfr2/src/halTimer.o
 .debug_abbrev  0x00001660      0x170 hal/atmega256rfr2/src/halUart.o
 .debug_abbrev  0x000017d0      0x1c7 nwk/src/nwk.o
 .debug_abbrev  0x00001997      0x2ac nwk/src/nwkDataReq.o
 .debug_abbrev  0x00001c43      0x181 nwk/src/nwkFrame.o
 .debug_abbrev  0x00001dc4      0x3ca nwk/src/nwkRx.o
 .debug_abbrev  0x0000218e      0x354 nwk/src/nwkTx.o
 .debug_abbrev  0x000024e2      0x247 phy/atmegarfr2/src/phy.o
 .debug_abbrev  0x00002729       0x62 sys/src/sys.o
 .debug_abbrev  0x0000278b      0x199 sys/src/sysTimer.o

.debug_line     0x00000000     0x2391
 *(.debug_line .debug_line.* .debug_line_end)
 .debug_line    0x00000000      0x236 ATMOS.o
 .debug_line    0x00000236      0x24b commands.o
 .debug_line    0x00000481      0x271 devices/BMP280.o
 .debug_line    0x000006f2      0x28d devices/LWMesh.o
 .debug_line    0x0000097f       0xc9 devices/Si7020.o
 .debug_line    0x00000a48       0xf6 devices/TGS2600.o
 .debug_line    0x00000b3e       0xea drivers/ADC.o
 .debug_line    0x00000c28       0xe0 drivers/PWR.o
 .debug_line    0x00000d08       0xce drivers/SPI.o
 .debug_line    0x00000dd6      0x238 drivers/TWI.o
 .debug_line    0x0000100e      0x143 drivers/usart0.o
 .debug_line    0x00001151      0x158 hal/atmega256rfr2/src/hal.o
 .debug_line    0x000012a9      0x10e hal/atmega256rfr2/src/halSleep.o
 .debug_line    0x000013b7       0xe3 hal/atmega256rfr2/src/halTimer.o
 .debug_line    0x0000149a      0x16d hal/atmega256rfr2/src/halUart.o
 .debug_line    0x00001607      0x1d7 nwk/src/nwk.o
 .debug_line    0x000017de      0x162 nwk/src/nwkDataReq.o
 .debug_line    0x00001940      0x132 nwk/src/nwkFrame.o
 .debug_line    0x00001a72      0x247 nwk/src/nwkRx.o
 .debug_line    0x00001cb9      0x265 nwk/src/nwkTx.o
 .debug_line    0x00001f1e      0x21d phy/atmegarfr2/src/phy.o
 .debug_line    0x0000213b       0xc2 sys/src/sys.o
 .debug_line    0x000021fd      0x194 sys/src/sysTimer.o

.debug_frame    0x00000000      0xf8c
 *(.debug_frame)
 .debug_frame   0x00000000       0x54 ATMOS.o
 .debug_frame   0x00000054       0xf4 commands.o
 .debug_frame   0x00000148      0x248 devices/BMP280.o
 .debug_frame   0x00000390      0x100 devices/LWMesh.o
 .debug_frame   0x00000490       0x7c devices/Si7020.o
 .debug_frame   0x0000050c       0x68 devices/TGS2600.o
 .debug_frame   0x00000574       0x54 drivers/ADC.o
 .debug_frame   0x000005c8       0x64 drivers/PWR.o
 .debug_frame   0x0000062c       0x44 drivers/SPI.o
 .debug_frame   0x00000670       0xf0 drivers/TWI.o
 .debug_frame   0x00000760       0x7c drivers/usart0.o
 .debug_frame   0x000007dc       0x34 hal/atmega256rfr2/src/hal.o
 .debug_frame   0x00000810       0x50 hal/atmega256rfr2/src/halSleep.o
 .debug_frame   0x00000860       0x54 hal/atmega256rfr2/src/halTimer.o
 .debug_frame   0x000008b4       0xe4 hal/atmega256rfr2/src/halUart.o
 .debug_frame   0x00000998       0xd4 nwk/src/nwk.o
 .debug_frame   0x00000a6c       0x68 nwk/src/nwkDataReq.o
 .debug_frame   0x00000ad4       0x64 nwk/src/nwkFrame.o
 .debug_frame   0x00000b38       0xe0 nwk/src/nwkRx.o
 .debug_frame   0x00000c18      0x144 nwk/src/nwkTx.o
 .debug_frame   0x00000d5c      0x13c phy/atmegarfr2/src/phy.o
 .debug_frame   0x00000e98       0x34 sys/src/sys.o
 .debug_frame   0x00000ecc       0xc0 sys/src/sysTimer.o

.debug_str      0x00000000     0x1f92
 *(.debug_str)
 .debug_str     0x00000000      0x546 ATMOS.o
                                0x5ac (size before relaxing)
 .debug_str     0x00000546      0x479 commands.o
                                0x6c8 (size before relaxing)
 .debug_str     0x000009bf      0x20d devices/BMP280.o
                                0x3e1 (size before relaxing)
 .debug_str     0x00000bcc      0x14e devices/LWMesh.o
                                0x677 (size before relaxing)
 .debug_str     0x00000d1a       0xbd devices/Si7020.o
                                0x269 (size before relaxing)
 .debug_str     0x00000dd7       0x64 devices/TGS2600.o
                                0x1be (size before relaxing)
 .debug_str     0x00000e3b       0x25 drivers/ADC.o
                                0x1a5 (size before relaxing)
 .debug_str     0x00000e60       0x3c drivers/PWR.o
                                0x199 (size before relaxing)
 .debug_str     0x00000e9c       0x3b drivers/SPI.o
                                0x1a4 (size before relaxing)
 .debug_str     0x00000ed7       0x3b drivers/TWI.o
                                0x268 (size before relaxing)
 .debug_str     0x00000f12       0x8a drivers/usart0.o
                                0x219 (size before relaxing)
 .debug_str     0x00000f9c       0x64 hal/atmega256rfr2/src/hal.o
                                0x1b4 (size before relaxing)
 .debug_str     0x00001000       0x89 hal/atmega256rfr2/src/halSleep.o
                                0x1f1 (size before relaxing)
 .debug_str     0x00001089       0x41 hal/atmega256rfr2/src/halTimer.o
                                0x1ae (size before relaxing)
 .debug_str     0x000010ca       0xca hal/atmega256rfr2/src/halUart.o
                                0x26f (size before relaxing)
 .debug_str     0x00001194      0x13e nwk/src/nwk.o
                                0x32e (size before relaxing)
 .debug_str     0x000012d2      0x1f5 nwk/src/nwkDataReq.o
                                0x56a (size before relaxing)
 .debug_str     0x000014c7       0x5b nwk/src/nwkFrame.o
                                0x409 (size before relaxing)
 .debug_str     0x00001522      0x305 nwk/src/nwkRx.o
                                0x703 (size before relaxing)
 .debug_str     0x00001827      0x1c1 nwk/src/nwkTx.o
                                0x6b8 (size before relaxing)
 .debug_str     0x000019e8      0x525 phy/atmegarfr2/src/phy.o
                                0x778 (size before relaxing)
 .debug_str     0x00001f0d       0x44 sys/src/sys.o
                                0x1d6 (size before relaxing)
 .debug_str     0x00001f51       0x41 sys/src/sysTimer.o
                                0x26b (size before relaxing)

.debug_loc      0x00000000     0x3d89
 *(.debug_loc)
 .debug_loc     0x00000000      0x199 ATMOS.o
 .debug_loc     0x00000199      0x5d8 commands.o
 .debug_loc     0x00000771      0xb24 devices/BMP280.o
 .debug_loc     0x00001295      0x40f devices/LWMesh.o
 .debug_loc     0x000016a4      0x66e devices/Si7020.o
 .debug_loc     0x00001d12       0x7d devices/TGS2600.o
 .debug_loc     0x00001d8f       0x42 drivers/ADC.o
 .debug_loc     0x00001dd1       0x2d drivers/SPI.o
 .debug_loc     0x00001dfe      0x49c drivers/TWI.o
 .debug_loc     0x0000229a       0xa0 drivers/usart0.o
 .debug_loc     0x0000233a       0x21 hal/atmega256rfr2/src/hal.o
 .debug_loc     0x0000235b      0x179 hal/atmega256rfr2/src/halSleep.o
 .debug_loc     0x000024d4       0x62 hal/atmega256rfr2/src/halTimer.o
 .debug_loc     0x00002536      0x212 hal/atmega256rfr2/src/halUart.o
 .debug_loc     0x00002748      0x14d nwk/src/nwk.o
 .debug_loc     0x00002895      0x137 nwk/src/nwkDataReq.o
 .debug_loc     0x000029cc      0x11e nwk/src/nwkFrame.o
 .debug_loc     0x00002aea      0x4c5 nwk/src/nwkRx.o
 .debug_loc     0x00002faf      0x672 nwk/src/nwkTx.o
 .debug_loc     0x00003621      0x33a phy/atmegarfr2/src/phy.o
 .debug_loc     0x0000395b      0x42e sys/src/sysTimer.o

.debug_macinfo
 *(.debug_macinfo)

.debug_weaknames
 *(.debug_weaknames)

.debug_funcnames
 *(.debug_funcnames)

.debug_typenames
 *(.debug_typenames)

.debug_varnames
 *(.debug_varnames)

.debug_pubtypes
 *(.debug_pubtypes)

.debug_ranges   0x00000000      0x690
 *(.debug_ranges)
 .debug_ranges  0x00000000       0x20 ATMOS.o
 .debug_ranges  0x00000020       0x80 commands.o
 .debug_ranges  0x000000a0       0xa0 devices/BMP280.o
 .debug_ranges  0x00000140       0x70 devices/LWMesh.o
 .debug_ranges  0x000001b0       0x70 devices/Si7020.o
 .debug_ranges  0x00000220       0x28 devices/TGS2600.o
 .debug_ranges  0x00000248       0x28 drivers/ADC.o
 .debug_ranges  0x00000270       0x30 drivers/PWR.o
 .debug_ranges  0x000002a0       0x20 drivers/SPI.o
 .debug_ranges  0x000002c0       0x50 drivers/TWI.o
 .debug_ranges  0x00000310       0x38 drivers/usart0.o
 .debug_ranges  0x00000348       0x18 hal/atmega256rfr2/src/hal.o
 .debug_ranges  0x00000360       0x30 hal/atmega256rfr2/src/halSleep.o
 .debug_ranges  0x00000390       0x20 hal/atmega256rfr2/src/halTimer.o
 .debug_ranges  0x000003b0       0x38 hal/atmega256rfr2/src/halUart.o
 .debug_ranges  0x000003e8       0x60 nwk/src/nwk.o
 .debug_ranges  0x00000448       0x28 nwk/src/nwkDataReq.o
 .debug_ranges  0x00000470       0x30 nwk/src/nwkFrame.o
 .debug_ranges  0x000004a0       0x88 nwk/src/nwkRx.o
 .debug_ranges  0x00000528       0x68 nwk/src/nwkTx.o
 .debug_ranges  0x00000590       0x78 phy/atmegarfr2/src/phy.o
 .debug_ranges  0x00000608       0x18 sys/src/sys.o
 .debug_ranges  0x00000620       0x70 sys/src/sysTimer.o

.debug_macro
 *(.debug_macro)
OUTPUT(ATMOS.elf elf32-avr)
LOAD linker stubs
