Archive member included to satisfy reference by file (symbol)

c:/program files (x86)/atmel/studio/7.0/toolchain/avr8/avr8-gnu-toolchain/bin/../lib/gcc/avr/4.9.2/../../../../avr/lib/avr5\libm.a(addsf3.o)
                              devices/src/BMP280.o (__subsf3)
c:/program files (x86)/atmel/studio/7.0/toolchain/avr8/avr8-gnu-toolchain/bin/../lib/gcc/avr/4.9.2/../../../../avr/lib/avr5\libm.a(addsf3x.o)
                              c:/program files (x86)/atmel/studio/7.0/toolchain/avr8/avr8-gnu-toolchain/bin/../lib/gcc/avr/4.9.2/../../../../avr/lib/avr5\libm.a(addsf3.o) (__addsf3x)
c:/program files (x86)/atmel/studio/7.0/toolchain/avr8/avr8-gnu-toolchain/bin/../lib/gcc/avr/4.9.2/../../../../avr/lib/avr5\libm.a(cmpsf2.o)
                              devices/src/BMP280.o (__ltsf2)
c:/program files (x86)/atmel/studio/7.0/toolchain/avr8/avr8-gnu-toolchain/bin/../lib/gcc/avr/4.9.2/../../../../avr/lib/avr5\libm.a(divsf3.o)
                              devices/src/BMP280.o (__divsf3)
c:/program files (x86)/atmel/studio/7.0/toolchain/avr8/avr8-gnu-toolchain/bin/../lib/gcc/avr/4.9.2/../../../../avr/lib/avr5\libm.a(divsf3x.o)
                              c:/program files (x86)/atmel/studio/7.0/toolchain/avr8/avr8-gnu-toolchain/bin/../lib/gcc/avr/4.9.2/../../../../avr/lib/avr5\libm.a(divsf3.o) (__divsf3x)
c:/program files (x86)/atmel/studio/7.0/toolchain/avr8/avr8-gnu-toolchain/bin/../lib/gcc/avr/4.9.2/../../../../avr/lib/avr5\libm.a(fixsfsi.o)
                              devices/src/BMP280.o (__fixsfsi)
c:/program files (x86)/atmel/studio/7.0/toolchain/avr8/avr8-gnu-toolchain/bin/../lib/gcc/avr/4.9.2/../../../../avr/lib/avr5\libm.a(fixunssfsi.o)
                              c:/program files (x86)/atmel/studio/7.0/toolchain/avr8/avr8-gnu-toolchain/bin/../lib/gcc/avr/4.9.2/../../../../avr/lib/avr5\libm.a(fixsfsi.o) (__fixunssfsi)
c:/program files (x86)/atmel/studio/7.0/toolchain/avr8/avr8-gnu-toolchain/bin/../lib/gcc/avr/4.9.2/../../../../avr/lib/avr5\libm.a(floatsisf.o)
                              devices/src/BMP280.o (__floatunsisf)
c:/program files (x86)/atmel/studio/7.0/toolchain/avr8/avr8-gnu-toolchain/bin/../lib/gcc/avr/4.9.2/../../../../avr/lib/avr5\libm.a(fp_cmp.o)
                              c:/program files (x86)/atmel/studio/7.0/toolchain/avr8/avr8-gnu-toolchain/bin/../lib/gcc/avr/4.9.2/../../../../avr/lib/avr5\libm.a(cmpsf2.o) (__fp_cmp)
c:/program files (x86)/atmel/studio/7.0/toolchain/avr8/avr8-gnu-toolchain/bin/../lib/gcc/avr/4.9.2/../../../../avr/lib/avr5\libm.a(fp_inf.o)
                              c:/program files (x86)/atmel/studio/7.0/toolchain/avr8/avr8-gnu-toolchain/bin/../lib/gcc/avr/4.9.2/../../../../avr/lib/avr5\libm.a(addsf3x.o) (__fp_inf)
c:/program files (x86)/atmel/studio/7.0/toolchain/avr8/avr8-gnu-toolchain/bin/../lib/gcc/avr/4.9.2/../../../../avr/lib/avr5\libm.a(fp_nan.o)
                              c:/program files (x86)/atmel/studio/7.0/toolchain/avr8/avr8-gnu-toolchain/bin/../lib/gcc/avr/4.9.2/../../../../avr/lib/avr5\libm.a(addsf3x.o) (__fp_nan)
c:/program files (x86)/atmel/studio/7.0/toolchain/avr8/avr8-gnu-toolchain/bin/../lib/gcc/avr/4.9.2/../../../../avr/lib/avr5\libm.a(fp_pscA.o)
                              c:/program files (x86)/atmel/studio/7.0/toolchain/avr8/avr8-gnu-toolchain/bin/../lib/gcc/avr/4.9.2/../../../../avr/lib/avr5\libm.a(addsf3x.o) (__fp_pscA)
c:/program files (x86)/atmel/studio/7.0/toolchain/avr8/avr8-gnu-toolchain/bin/../lib/gcc/avr/4.9.2/../../../../avr/lib/avr5\libm.a(fp_pscB.o)
                              c:/program files (x86)/atmel/studio/7.0/toolchain/avr8/avr8-gnu-toolchain/bin/../lib/gcc/avr/4.9.2/../../../../avr/lib/avr5\libm.a(addsf3x.o) (__fp_pscB)
c:/program files (x86)/atmel/studio/7.0/toolchain/avr8/avr8-gnu-toolchain/bin/../lib/gcc/avr/4.9.2/../../../../avr/lib/avr5\libm.a(fp_round.o)
                              c:/program files (x86)/atmel/studio/7.0/toolchain/avr8/avr8-gnu-toolchain/bin/../lib/gcc/avr/4.9.2/../../../../avr/lib/avr5\libm.a(addsf3.o) (__fp_round)
c:/program files (x86)/atmel/studio/7.0/toolchain/avr8/avr8-gnu-toolchain/bin/../lib/gcc/avr/4.9.2/../../../../avr/lib/avr5\libm.a(fp_split3.o)
                              c:/program files (x86)/atmel/studio/7.0/toolchain/avr8/avr8-gnu-toolchain/bin/../lib/gcc/avr/4.9.2/../../../../avr/lib/avr5\libm.a(addsf3x.o) (__fp_split3)
c:/program files (x86)/atmel/studio/7.0/toolchain/avr8/avr8-gnu-toolchain/bin/../lib/gcc/avr/4.9.2/../../../../avr/lib/avr5\libm.a(fp_zero.o)
                              c:/program files (x86)/atmel/studio/7.0/toolchain/avr8/avr8-gnu-toolchain/bin/../lib/gcc/avr/4.9.2/../../../../avr/lib/avr5\libm.a(addsf3x.o) (__fp_zero)
c:/program files (x86)/atmel/studio/7.0/toolchain/avr8/avr8-gnu-toolchain/bin/../lib/gcc/avr/4.9.2/../../../../avr/lib/avr5\libm.a(gesf2.o)
                              devices/src/BMP280.o (__gtsf2)
[...]
Memory Configuration

Name             Origin             Length             Attributes
text             0x00000000         0x00020000         xr
data             0x00800060         0x0000ffa0         rw !x
eeprom           0x00810000         0x00010000         rw !x
fuse             0x00820000         0x00000400         rw !x
lock             0x00830000         0x00000400         rw !x
signature        0x00840000         0x00000400         rw !x
user_signatures  0x00850000         0x00000400         rw !x
*default*        0x00000000         0xffffffff

Linker script and memory map

Address of section .data set to 0x800200
LOAD C:/Program Files (x86)/Atmel/Studio/7.0/Packs/atmel/ATmega_DFP/1.0.98/gcc/dev/atmega644rfr2/avr5/crtatmega644rfr2.o
LOAD ATMOS.o
LOAD devices/src/BMP280.o
LOAD devices/src/K30.o
LOAD devices/src/Si7020.o
LOAD devices/src/TGS2600.o
LOAD drivers/src/ADC.o
LOAD drivers/src/int_timer.o
LOAD drivers/src/PWR.o
LOAD drivers/src/SPI.o
LOAD drivers/src/TWI.o
LOAD drivers/src/usart0.o
LOAD hal/atmega256rfr2/src/hal.o
LOAD hal/atmega256rfr2/src/halTimer.o
LOAD nwk/src/nwk.o
LOAD nwk/src/nwkDataReq.o
LOAD nwk/src/nwkFrame.o
LOAD nwk/src/nwkGroup.o
LOAD nwk/src/nwkRoute.o
LOAD nwk/src/nwkRouteDiscovery.o
LOAD nwk/src/nwkRx.o
LOAD nwk/src/nwkSecurity.o
LOAD nwk/src/nwkTx.o
LOAD phy/atmegarfr2/src/phy.o
LOAD scheduler/src/handler.o
LOAD scheduler/src/scheduler.o
LOAD sys/src/sys.o
LOAD sys/src/sysEncrypt.o
LOAD sys/src/sysTimer.o
LOAD utilities/src/common.o
LOAD utilities/src/llist.o
LOAD wrapper/base-class/src/Base_Device.o
LOAD wrapper/base-class/src/Base_Sensor.o
LOAD wrapper/sensor/src/BMP280_Sensor.o
LOAD wrapper/sensor/src/My_Sensor.o
START GROUP
LOAD c:/program files (x86)/atmel/studio/7.0/toolchain/avr8/avr8-gnu-toolchain/bin/../lib/gcc/avr/4.9.2/../../../../avr/lib/avr5\libm.a
LOAD c:/program files (x86)/atmel/studio/7.0/toolchain/avr8/avr8-gnu-toolchain/bin/../lib/gcc/avr/4.9.2/../../../../avr/lib/avr5\libprintf_flt.a
END GROUP
START GROUP
LOAD c:/program files (x86)/atmel/studio/7.0/toolchain/avr8/avr8-gnu-toolchain/bin/../lib/gcc/avr/4.9.2/avr5\libgcc.a
LOAD c:/program files (x86)/atmel/studio/7.0/toolchain/avr8/avr8-gnu-toolchain/bin/../lib/gcc/avr/4.9.2/../../../../avr/lib/avr5\libm.a
LOAD c:/program files (x86)/atmel/studio/7.0/toolchain/avr8/avr8-gnu-toolchain/bin/../lib/gcc/avr/4.9.2/../../../../avr/lib/avr5\libc.a
LOAD C:/Program Files (x86)/Atmel/Studio/7.0/Packs/atmel/ATmega_DFP/1.0.98/gcc/dev/atmega644rfr2/avr5\libatmega644rfr2.a
END GROUP

.hash
 *(.hash)

.dynsym
 *(.dynsym)

.dynstr
 *(.dynstr)

.gnu.version
 *(.gnu.version)

.gnu.version_d
 *(.gnu.version_d)

.gnu.version_r
 *(.gnu.version_r)

.rel.init
 *(.rel.init)

.rela.init
 *(.rela.init)

.rel.text
 *(.rel.text)
 *(.rel.text.*)
 *(.rel.gnu.linkonce.t*)

.rela.text
 *(.rela.text)
 *(.rela.text.*)
 *(.rela.gnu.linkonce.t*)

.rel.fini
 *(.rel.fini)

.rela.fini
 *(.rela.fini)

.rel.rodata
 *(.rel.rodata)
 *(.rel.rodata.*)
 *(.rel.gnu.linkonce.r*)

.rela.rodata
 *(.rela.rodata)
 *(.rela.rodata.*)
 *(.rela.gnu.linkonce.r*)

.rel.data
 *(.rel.data)
 *(.rel.data.*)
 *(.rel.gnu.linkonce.d*)

.rela.data
 *(.rela.data)
 *(.rela.data.*)
 *(.rela.gnu.linkonce.d*)

.rel.ctors
 *(.rel.ctors)

.rela.ctors
 *(.rela.ctors)

.rel.dtors
 *(.rel.dtors)

.rela.dtors
 *(.rela.dtors)

.rel.got
 *(.rel.got)

.rela.got
 *(.rela.got)

.rel.bss
 *(.rel.bss)

.rela.bss
 *(.rela.bss)

.rel.plt
 *(.rel.plt)

.rela.plt
 *(.rela.plt)

.text           0x00000000     0x2b96
 *(.vectors)
 .vectors       0x00000000      0x134 C:/Program Files (x86)/Atmel/Studio/7.0/Packs/atmel/ATmega_DFP/1.0.98/gcc/dev/atmega644rfr2/avr5/crtatmega644rfr2.o
                0x00000000                __vector_default
                0x00000000                __vectors
 *(.vectors)
 *(.progmem.gcc*)
                0x00000134                . = ALIGN (0x2)
                0x00000134                __trampolines_start = .
 *(.trampolines)
 .trampolines   0x00000134        0x0 linker stubs
 *(.trampolines*)
                0x00000134                __trampolines_end = .
 *(.progmem*)
 .progmem.data  0x00000134        0x8 c:/program files (x86)/atmel/studio/7.0/toolchain/avr8/avr8-gnu-toolchain/bin/../lib/gcc/avr/4.9.2/../../../../avr/lib/avr5\libprintf_flt.a(vfprintf_flt.o)
 .progmem.data  0x0000013c       0xfa c:/program files (x86)/atmel/studio/7.0/toolchain/avr8/avr8-gnu-toolchain/bin/../lib/gcc/avr/4.9.2/../../../../avr/lib/avr5\libc.a(ftoa_engine.o)
                0x00000236                . = ALIGN (0x2)
 *(.jumptables)
 *(.jumptables*)
 *(.lowtext)
 *(.lowtext*)
                0x00000236                __ctors_start = .
 *(.ctors)
                0x00000236                __ctors_end = .
                0x00000236                __dtors_start = .
 *(.dtors)
                0x00000236                __dtors_end = .
 SORT(*)(.ctors)
 SORT(*)(.dtors)
 *(.init0)
 .init0         0x00000236        0x0 C:/Program Files (x86)/Atmel/Studio/7.0/Packs/atmel/ATmega_DFP/1.0.98/gcc/dev/atmega644rfr2/avr5/crtatmega644rfr2.o
                0x00000236                __init
 *(.init0)
 *(.init1)
 *(.init1)
 *(.init2)
 .init2         0x00000236        0xc C:/Program Files (x86)/Atmel/Studio/7.0/Packs/atmel/ATmega_DFP/1.0.98/gcc/dev/atmega644rfr2/avr5/crtatmega644rfr2.o
 *(.init2)
 *(.init3)
 *(.init3)
 *(.init4)
 .init4         0x00000242       0x16 c:/program files (x86)/atmel/studio/7.0/toolchain/avr8/avr8-gnu-toolchain/bin/../lib/gcc/avr/4.9.2/avr5\libgcc.a(_copy_data.o)
                0x00000242                __do_copy_data
 .init4         0x00000258       0x10 c:/program files (x86)/atmel/studio/7.0/toolchain/avr8/avr8-gnu-toolchain/bin/../lib/gcc/avr/4.9.2/avr5\libgcc.a(_clear_bss.o)
                0x00000258                __do_clear_bss
 *(.init4)
 *(.init5)
 *(.init5)
 *(.init6)
 *(.init6)
 *(.init7)
 *(.init7)
 *(.init8)
 *(.init8)
 *(.init9)
 .init9         0x00000268        0x8 C:/Program Files (x86)/Atmel/Studio/7.0/Packs/atmel/ATmega_DFP/1.0.98/gcc/dev/atmega644rfr2/avr5/crtatmega644rfr2.o
 *(.init9)
 *(.text)
 .text          0x00000270        0x4 C:/Program Files (x86)/Atmel/Studio/7.0/Packs/atmel/ATmega_DFP/1.0.98/gcc/dev/atmega644rfr2/avr5/crtatmega644rfr2.o
                0x00000270                __vector_38
                0x00000270                __vector_22
                0x00000270                __vector_63
                0x00000270                __vector_28
                0x00000270                __vector_67
                0x00000270                __vector_1
                0x00000270                __vector_32
                0x00000270                __vector_75
                0x00000270                __vector_71
                0x00000270                __vector_34
                0x00000270                __vector_62
                0x00000270                __vector_24
                0x00000270                __vector_12
                0x00000270                __vector_55
                0x00000270                __vector_69
                0x00000270                __vector_46
                0x00000270                __bad_interrupt
                0x00000270                __vector_72
                0x00000270                __vector_6
                0x00000270                __vector_31
                0x00000270                __vector_35
                0x00000270                __vector_74
                0x00000270                __vector_39
                0x00000270                __vector_3
                0x00000270                __vector_23
                0x00000270                __vector_68
                0x00000270                __vector_30
                0x00000270                __vector_73
                0x00000270                __vector_45
                0x00000270                __vector_25
                0x00000270                __vector_61
                0x00000270                __vector_11
                0x00000270                __vector_54
                0x00000270                __vector_17
                0x00000270                __vector_19
                0x00000270                __vector_56
                0x00000270                __vector_7
                0x00000270                __vector_49
                0x00000270                __vector_41
                0x00000270                __vector_64
                0x00000270                __vector_43
                0x00000270                __vector_27
                0x00000270                __vector_5
                0x00000270                __vector_33
                0x00000270                __vector_76
                0x00000270                __vector_47
                0x00000270                __vector_52
                0x00000270                __vector_37
                0x00000270                __vector_4
                0x00000270                __vector_44
                0x00000270                __vector_51
                0x00000270                __vector_9
                0x00000270                __vector_2
                0x00000270                __vector_21
                0x00000270                __vector_15
                0x00000270                __vector_66
                0x00000270                __vector_36
                0x00000270                __vector_58
                0x00000270                __vector_70
                0x00000270                __vector_29
                0x00000270                __vector_60
                0x00000270                __vector_40
                0x00000270                __vector_8
                0x00000270                __vector_26
                0x00000270                __vector_48
                0x00000270                __vector_14
                0x00000270                __vector_57
                0x00000270                __vector_53
                0x00000270                __vector_10
                0x00000270                __vector_50
                0x00000270                __vector_16
                0x00000270                __vector_59
                0x00000270                __vector_18
                0x00000270                __vector_20
                0x00000270                __vector_65
                0x00000274                . = ALIGN (0x2)
 *(.text.*)
 .text.main     0x00000274       0x92 ATMOS.o
                0x00000274                main
 .text.BMP280_ReadBytes
                0x00000306       0x54 devices/src/BMP280.o
 .text.BMP280_ReadInt
                0x0000035a       0x4a devices/src/BMP280.o
 .text.BMP280_Init
                0x000003a4      0x1c0 devices/src/BMP280.o
                0x000003a4                BMP280_Init
 .text.BMP280_SetOversampling
                0x00000564        0xc devices/src/BMP280.o
                0x00000564                BMP280_SetOversampling
 .text.BMP280_StartMeasurment
                0x00000570       0xd4 devices/src/BMP280.o
                0x00000570                BMP280_StartMeasurment
 .text.BMP280_GetUnPT
                0x00000644      0x14c devices/src/BMP280.o
                0x00000644                BMP280_GetUnPT
 .text.BMP280_CalcTemperature
                0x00000790      0x186 devices/src/BMP280.o
                0x00000790                BMP280_CalcTemperature
 .text.BMP280_CalcPressure
                0x00000916      0x2ec devices/src/BMP280.o
                0x00000916                BMP280_CalcPressure
 .text.BMP280_GetTemperatureAndPressure
                0x00000c02       0x8c devices/src/BMP280.o
                0x00000c02                BMP280_GetTemperatureAndPressure
 .text.ADC_Init
                0x00000c8e       0x18 drivers/src/ADC.o
                0x00000c8e                ADC_Init
 .text.__vector_13
                0x00000ca6       0x72 drivers/src/int_timer.o
                0x00000ca6                __vector_13
 .text.init_Event_Timer
                0x00000d18       0x20 drivers/src/int_timer.o
                0x00000d18                init_Event_Timer
 .text.init_set_timer
                0x00000d38       0x20 drivers/src/int_timer.o
                0x00000d38                init_set_timer
 .text.set_timer
                0x00000d58       0x46 drivers/src/int_timer.o
                0x00000d58                set_timer
 .text.PWR_Init
                0x00000d9e        0x8 drivers/src/PWR.o
                0x00000d9e                PWR_Init
 .text.PWR_TurnOn5V
                0x00000da6        0x4 drivers/src/PWR.o
                0x00000da6                PWR_TurnOn5V
 .text.SPI_SlaveInit
                0x00000daa        0x8 drivers/src/SPI.o
                0x00000daa                SPI_SlaveInit
 .text.TWI_Init
                0x00000db2       0x3c drivers/src/TWI.o
                0x00000db2                TWI_Init
 .text.TWI_WriteByte
                0x00000dee       0x1c drivers/src/TWI.o
                0x00000dee                TWI_WriteByte
 .text.TWI_BeginWrite
                0x00000e0a       0x3a drivers/src/TWI.o
                0x00000e0a                TWI_BeginWrite
 .text.TWI_BeginRead
                0x00000e44       0x30 drivers/src/TWI.o
                0x00000e44                TWI_BeginRead
 .text.TWI_ReadAck
                0x00000e74       0x20 drivers/src/TWI.o
                0x00000e74                TWI_ReadAck
 .text.TWI_ReadNack
                0x00000e94       0x20 drivers/src/TWI.o
                0x00000e94                TWI_ReadNack
 .text.TWI_Stop
                0x00000eb4        0xa drivers/src/TWI.o
                0x00000eb4                TWI_Stop
 .text.TWI_Read
                0x00000ebe       0x78 drivers/src/TWI.o
                0x00000ebe                TWI_Read
 .text.TWI_Write
                0x00000f36       0x34 drivers/src/TWI.o
                0x00000f36                TWI_Write
 .text.USART0_Init
                0x00000f6a       0x5a drivers/src/usart0.o
                0x00000f6a                USART0_Init
 .text.USART0_Transmit
                0x00000fc4       0x10 drivers/src/usart0.o
                0x00000fc4                USART0_Transmit
 .text.USART0_putchar_printf
                0x00000fd4       0x1c drivers/src/usart0.o
                0x00000fd4                USART0_putchar_printf
 .text.HAL_Init
                0x00000ff0       0x2a hal/atmega256rfr2/src/hal.o
                0x00000ff0                HAL_Init
 .text.HAL_TimerInit
                0x0000101a       0x2a hal/atmega256rfr2/src/halTimer.o
                0x0000101a                HAL_TimerInit
 .text.__vector_42
                0x00001044       0x22 hal/atmega256rfr2/src/halTimer.o
                0x00001044                __vector_42
 .text.NWK_Init
                0x00001066       0x34 nwk/src/nwk.o
                0x00001066                NWK_Init
 .text.NWK_OpenEndpoint
                0x0000109a       0x12 nwk/src/nwk.o
                0x0000109a                NWK_OpenEndpoint
 .text.nwkDataReqInit
                0x000010ac        0xa nwk/src/nwkDataReq.o
                0x000010ac                nwkDataReqInit
 .text.nwkFrameInit
                0x000010b6       0x16 nwk/src/nwkFrame.o
                0x000010b6                nwkFrameInit
 .text.nwkFrameNext
                0x000010cc       0x44 nwk/src/nwkFrame.o
                0x000010cc                nwkFrameNext
 .text.nwkRxServiceDataInd
                0x00001110       0x28 nwk/src/nwkRx.o
 .text.nwkRxDuplicateRejectionTimerHandler
                0x00001138       0x2e nwk/src/nwkRx.o
 .text.nwkRxInit
                0x00001166       0x3c nwk/src/nwkRx.o
                0x00001166                nwkRxInit
 .text.nwkTxDelayTimerHandler
                0x000011a2       0x5c nwk/src/nwkTx.o
 .text.nwkTxAckWaitTimerHandler
                0x000011fe       0x68 nwk/src/nwkTx.o
 .text.nwkTxInit
                0x00001266       0x46 nwk/src/nwkTx.o
                0x00001266                nwkTxInit
 .text.nwkTxAckReceived
                0x000012ac       0x4a nwk/src/nwkTx.o
                0x000012ac                nwkTxAckReceived
 .text.phyTrxSetState
                0x000012f6       0x24 phy/atmegarfr2/src/phy.o
 .text.PHY_Init
                0x0000131a       0x30 phy/atmegarfr2/src/phy.o
                0x0000131a                PHY_Init
 .text.sensor_handler
                0x0000134a      0x138 scheduler/src/handler.o
                0x0000134a                sensor_handler
 .text.init_timeoutq
                0x00001482       0x58 scheduler/src/scheduler.o
                0x00001482                init_timeoutq
 .text.get_next_interval
                0x000014da       0x3a scheduler/src/scheduler.o
                0x000014da                get_next_interval
 .text.insert_timeoutq_event
                0x00001514       0x72 scheduler/src/scheduler.o
                0x00001514                insert_timeoutq_event
 .text.load_new_sensor
                0x00001586       0x6c scheduler/src/scheduler.o
                0x00001586                load_new_sensor
 .text.handle_timeoutq_event
                0x000015f2       0xc0 scheduler/src/scheduler.o
                0x000015f2                handle_timeoutq_event
 .text.SYS_Init
                0x000016b2       0x12 sys/src/sys.o
                0x000016b2                SYS_Init
 .text.placeTimer
                0x000016c4       0xc8 sys/src/sysTimer.o
 .text.SYS_TimerInit
                0x0000178c        0xa sys/src/sysTimer.o
                0x0000178c                SYS_TimerInit
 .text.SYS_TimerStarted
                0x00001796       0x34 sys/src/sysTimer.o
                0x00001796                SYS_TimerStarted
 .text.SYS_TimerStart
                0x000017ca       0x1a sys/src/sysTimer.o
                0x000017ca                SYS_TimerStart
 .text.ll_first
                0x000017e4       0x12 utilities/src/llist.o
                0x000017e4                ll_first
 .text.ll_r_insert
                0x000017f6       0x26 utilities/src/llist.o
                0x000017f6                ll_r_insert
 .text.ll_detach
                0x0000181c       0x46 utilities/src/llist.o
                0x0000181c                ll_detach
 .text.ll_pop   0x00001862       0x18 utilities/src/llist.o
                0x00001862                ll_pop
 .text.BMP280_FctnInit
                0x0000187a        0xc wrapper/sensor/src/BMP280_Sensor.o
                0x0000187a                BMP280_FctnInit
 .text.BMP280_Configure
                0x00001886        0x6 wrapper/sensor/src/BMP280_Sensor.o
                0x00001886                BMP280_Configure
 .text.BMP280_VTinit
                0x0000188c        0xc wrapper/sensor/src/BMP280_Sensor.o
                0x0000188c                BMP280_VTinit
 .text.BMP280_reset
                0x00001898        0x6 wrapper/sensor/src/BMP280_Sensor.o
                0x00001898                BMP280_reset
 .text.BMP280_getType
                0x0000189e        0x6 wrapper/sensor/src/BMP280_Sensor.o
                0x0000189e                BMP280_getType
 .text.BMP280_Error
                0x000018a4        0xe wrapper/sensor/src/BMP280_Sensor.o
                0x000018a4                BMP280_Error
 .text.BMP280_init
                0x000018b2        0xe wrapper/sensor/src/BMP280_Sensor.o
                0x000018b2                BMP280_init
 .text.BMP280_Request
                0x000018c0       0x1c wrapper/sensor/src/BMP280_Sensor.o
                0x000018c0                BMP280_Request
 .text.BMP280_Collect
                0x000018dc       0x76 wrapper/sensor/src/BMP280_Sensor.o
                0x000018dc                BMP280_Collect
 .text.New_BMP280_Sensor
                0x00001952       0x2c wrapper/sensor/src/BMP280_Sensor.o
                0x00001952                New_BMP280_Sensor
 .text.avr-libc.fplib
                0x0000197e        0xe c:/program files (x86)/atmel/studio/7.0/toolchain/avr8/avr8-gnu-toolchain/bin/../lib/gcc/avr/4.9.2/../../../../avr/lib/avr5\libm.a(addsf3.o)
                0x0000197e                __subsf3
                0x00001980                __addsf3
 .text.avr-libc.fplib
                0x0000198c       0xcc c:/program files (x86)/atmel/studio/7.0/toolchain/avr8/avr8-gnu-toolchain/bin/../lib/gcc/avr/4.9.2/../../../../avr/lib/avr5\libm.a(addsf3x.o)
                0x000019ae                __addsf3x
 .text.avr-libc.fplib
                0x00001a58        0xa c:/program files (x86)/atmel/studio/7.0/toolchain/avr8/avr8-gnu-toolchain/bin/../lib/gcc/avr/4.9.2/../../../../avr/lib/avr5\libm.a(cmpsf2.o)
                0x00001a58                __nesf2
                0x00001a58                __eqsf2
                0x00001a58                __cmpsf2
                0x00001a58                __ltsf2
                0x00001a58                __lesf2
 .text.avr-libc.fplib
                0x00001a62        0x8 c:/program files (x86)/atmel/studio/7.0/toolchain/avr8/avr8-gnu-toolchain/bin/../lib/gcc/avr/4.9.2/../../../../avr/lib/avr5\libm.a(divsf3.o)
                0x00001a62                __divsf3
 .text.avr-libc.fplib
                0x00001a6a       0xdc c:/program files (x86)/atmel/studio/7.0/toolchain/avr8/avr8-gnu-toolchain/bin/../lib/gcc/avr/4.9.2/../../../../avr/lib/avr5\libm.a(divsf3x.o)
                0x00001a8a                __divsf3x
                0x00001a90                __divsf3_pse
 .text.avr-libc.fplib
                0x00001b46        0xe c:/program files (x86)/atmel/studio/7.0/toolchain/avr8/avr8-gnu-toolchain/bin/../lib/gcc/avr/4.9.2/../../../../avr/lib/avr5\libm.a(fixsfsi.o)
                0x00001b46                __fixsfsi
 .text.avr-libc.fplib
                0x00001b54       0x5e c:/program files (x86)/atmel/studio/7.0/toolchain/avr8/avr8-gnu-toolchain/bin/../lib/gcc/avr/4.9.2/../../../../avr/lib/avr5\libm.a(fixunssfsi.o)
                0x00001b54                __fixunssfsi
 .text.avr-libc.fplib
                0x00001bb2       0x7a c:/program files (x86)/atmel/studio/7.0/toolchain/avr8/avr8-gnu-toolchain/bin/../lib/gcc/avr/4.9.2/../../../../avr/lib/avr5\libm.a(floatsisf.o)
                0x00001bb2                __floatunsisf
                0x00001bb6                __floatsisf
 .text.avr-libc.fplib
                0x00001c2c       0x48 c:/program files (x86)/atmel/studio/7.0/toolchain/avr8/avr8-gnu-toolchain/bin/../lib/gcc/avr/4.9.2/../../../../avr/lib/avr5\libm.a(fp_cmp.o)
                0x00001c2c                __fp_cmp
 .text.avr-libc.fplib
                0x00001c74        0xc c:/program files (x86)/atmel/studio/7.0/toolchain/avr8/avr8-gnu-toolchain/bin/../lib/gcc/avr/4.9.2/../../../../avr/lib/avr5\libm.a(fp_inf.o)
                0x00001c74                __fp_inf
 .text.avr-libc.fplib
                0x00001c80        0x6 c:/program files (x86)/atmel/studio/7.0/toolchain/avr8/avr8-gnu-toolchain/bin/../lib/gcc/avr/4.9.2/../../../../avr/lib/avr5\libm.a(fp_nan.o)
                0x00001c80                __fp_nan
 .text.avr-libc.fplib
                0x00001c86        0xe c:/program files (x86)/atmel/studio/7.0/toolchain/avr8/avr8-gnu-toolchain/bin/../lib/gcc/avr/4.9.2/../../../../avr/lib/avr5\libm.a(fp_pscA.o)
                0x00001c86                __fp_pscA
 .text.avr-libc.fplib
                0x00001c94        0xe c:/program files (x86)/atmel/studio/7.0/toolchain/avr8/avr8-gnu-toolchain/bin/../lib/gcc/avr/4.9.2/../../../../avr/lib/avr5\libm.a(fp_pscB.o)
                0x00001c94                __fp_pscB
 .text.avr-libc.fplib
                0x00001ca2       0x22 c:/program files (x86)/atmel/studio/7.0/toolchain/avr8/avr8-gnu-toolchain/bin/../lib/gcc/avr/4.9.2/../../../../avr/lib/avr5\libm.a(fp_round.o)
                0x00001ca2                __fp_round
 .text.avr-libc.fplib
                0x00001cc4       0x44 c:/program files (x86)/atmel/studio/7.0/toolchain/avr8/avr8-gnu-toolchain/bin/../lib/gcc/avr/4.9.2/../../../../avr/lib/avr5\libm.a(fp_split3.o)
                0x00001cc4                __fp_split3
                0x00001cd4                __fp_splitA
 .text.avr-libc.fplib
                0x00001d08        0xe c:/program files (x86)/atmel/studio/7.0/toolchain/avr8/avr8-gnu-toolchain/bin/../lib/gcc/avr/4.9.2/../../../../avr/lib/avr5\libm.a(fp_zero.o)
                0x00001d08                __fp_zero
                0x00001d0a                __fp_szero
 .text.avr-libc.fplib
                0x00001d16        0xa c:/program files (x86)/atmel/studio/7.0/toolchain/avr8/avr8-gnu-toolchain/bin/../lib/gcc/avr/4.9.2/../../../../avr/lib/avr5\libm.a(gesf2.o)
                0x00001d16                __gesf2
                0x00001d16                __gtsf2
 .text.avr-libc.fplib
                0x00001d20        0x8 c:/program files (x86)/atmel/studio/7.0/toolchain/avr8/avr8-gnu-toolchain/bin/../lib/gcc/avr/4.9.2/../../../../avr/lib/avr5\libm.a(mulsf3.o)
                0x00001d20                __mulsf3
 .text.avr-libc.fplib
                0x00001d28       0xd2 c:/program files (x86)/atmel/studio/7.0/toolchain/avr8/avr8-gnu-toolchain/bin/../lib/gcc/avr/4.9.2/../../../../avr/lib/avr5\libm.a(mulsf3x.o)
                0x00001d46                __mulsf3x
                0x00001d4c                __mulsf3_pse
 .text.avr-libc
                0x00001dfa      0x6f8 c:/program files (x86)/atmel/studio/7.0/toolchain/avr8/avr8-gnu-toolchain/bin/../lib/gcc/avr/4.9.2/../../../../avr/lib/avr5\libprintf_flt.a(vfprintf_flt.o)
                0x00001dfa                vfprintf
 .text.libgcc.div
                0x000024f2       0x44 c:/program files (x86)/atmel/studio/7.0/toolchain/avr8/avr8-gnu-toolchain/bin/../lib/gcc/avr/4.9.2/avr5\libgcc.a(_udivmodsi4.o)
                0x000024f2                __udivmodsi4
 .text.libgcc.prologue
                0x00002536       0x38 c:/program files (x86)/atmel/studio/7.0/toolchain/avr8/avr8-gnu-toolchain/bin/../lib/gcc/avr/4.9.2/avr5\libgcc.a(_prologue.o)
                0x00002536                __prologue_saves__
 .text.libgcc.prologue
                0x0000256e       0x36 c:/program files (x86)/atmel/studio/7.0/toolchain/avr8/avr8-gnu-toolchain/bin/../lib/gcc/avr/4.9.2/avr5\libgcc.a(_epilogue.o)
                0x0000256e                __epilogue_restores__
 .text.avr-libc
                0x000025a4      0x25a c:/program files (x86)/atmel/studio/7.0/toolchain/avr8/avr8-gnu-toolchain/bin/../lib/gcc/avr/4.9.2/../../../../avr/lib/avr5\libc.a(malloc.o)
                0x000025a4                malloc
                0x000026ce                free
 .text.avr-libc
                0x000027fe      0x1b0 c:/program files (x86)/atmel/studio/7.0/toolchain/avr8/avr8-gnu-toolchain/bin/../lib/gcc/avr/4.9.2/../../../../avr/lib/avr5\libc.a(ftoa_engine.o)
                0x000027fe                __ftoa_engine
 .text.avr-libc
                0x000029ae       0x16 c:/program files (x86)/atmel/studio/7.0/toolchain/avr8/avr8-gnu-toolchain/bin/../lib/gcc/avr/4.9.2/../../../../avr/lib/avr5\libc.a(strnlen_P.o)
                0x000029ae                strnlen_P
 .text.avr-libc
                0x000029c4       0x16 c:/program files (x86)/atmel/studio/7.0/toolchain/avr8/avr8-gnu-toolchain/bin/../lib/gcc/avr/4.9.2/../../../../avr/lib/avr5\libc.a(strnlen.o)
                0x000029c4                strnlen
 .text.avr-libc
                0x000029da       0x70 c:/program files (x86)/atmel/studio/7.0/toolchain/avr8/avr8-gnu-toolchain/bin/../lib/gcc/avr/4.9.2/../../../../avr/lib/avr5\libc.a(fputc.o)
                0x000029da                fputc
 .text.avr-libc
                0x00002a4a       0x2c c:/program files (x86)/atmel/studio/7.0/toolchain/avr8/avr8-gnu-toolchain/bin/../lib/gcc/avr/4.9.2/../../../../avr/lib/avr5\libc.a(printf.o)
                0x00002a4a                printf
 .text.avr-libc
                0x00002a76       0x60 c:/program files (x86)/atmel/studio/7.0/toolchain/avr8/avr8-gnu-toolchain/bin/../lib/gcc/avr/4.9.2/../../../../avr/lib/avr5\libc.a(puts.o)
                0x00002a76                puts
 .text.avr-libc
                0x00002ad6       0xbc c:/program files (x86)/atmel/studio/7.0/toolchain/avr8/avr8-gnu-toolchain/bin/../lib/gcc/avr/4.9.2/../../../../avr/lib/avr5\libc.a(ultoa_invert.o)
                0x00002ad6                __ultoa_invert
                0x00002b92                . = ALIGN (0x2)
 *(.fini9)
 .fini9         0x00002b92        0x0 c:/program files (x86)/atmel/studio/7.0/toolchain/avr8/avr8-gnu-toolchain/bin/../lib/gcc/avr/4.9.2/avr5\libgcc.a(_exit.o)
                0x00002b92                _exit
                0x00002b92                exit
 *(.fini9)
 *(.fini8)
 *(.fini8)
 *(.fini7)
 *(.fini7)
 *(.fini6)
 *(.fini6)
 *(.fini5)
 *(.fini5)
 *(.fini4)
 *(.fini4)
 *(.fini3)
 *(.fini3)
 *(.fini2)
 *(.fini2)
 *(.fini1)
 *(.fini1)
 *(.fini0)
 .fini0         0x00002b92        0x4 c:/program files (x86)/atmel/studio/7.0/toolchain/avr8/avr8-gnu-toolchain/bin/../lib/gcc/avr/4.9.2/avr5\libgcc.a(_exit.o)
 *(.fini0)
                0x00002b96                _etext = .

.data           0x00800200      0x262 load address 0x00002b96
                0x00800200                PROVIDE (__data_start, .)
 *(.data)
 .data          0x00800200        0x6 c:/program files (x86)/atmel/studio/7.0/toolchain/avr8/avr8-gnu-toolchain/bin/../lib/gcc/avr/4.9.2/../../../../avr/lib/avr5\libc.a(malloc.o)
                0x00800200                __malloc_heap_end
                0x00800202                __malloc_heap_start
                0x00800204                __malloc_margin
 *(.data*)
 .data.USART0_stdout
                0x00800206        0xe drivers/src/usart0.o
 .data.BMP280_abstract_vmt
                0x00800214        0x8 wrapper/sensor/src/BMP280_Sensor.o
                0x00800214                BMP280_abstract_vmt
 .data.BMP280_vmt
                0x0080021c        0xa wrapper/sensor/src/BMP280_Sensor.o
                0x0080021c                BMP280_vmt
 *(.rodata)
 *(.rodata*)
 .rodata.str1.1
                0x00800226       0x1d ATMOS.o
 .rodata.str1.1
                0x00800243       0x37 devices/src/BMP280.o
 .rodata.str1.1
                0x0080027a       0x22 drivers/src/int_timer.o
 .rodata.str1.1
                0x0080029c       0x4f scheduler/src/handler.o
 .rodata.str1.1
                0x008002eb      0x114 scheduler/src/scheduler.o
 .rodata.str1.1
                0x008003ff       0x62 wrapper/sensor/src/BMP280_Sensor.o
 *(.gnu.linkonce.d*)
                0x00800462                . = ALIGN (0x2)
 *fill*         0x00800461        0x1 
                0x00800462                _edata = .
                0x00800462                PROVIDE (__data_end, .)

.bss            0x00800462      0x482
                0x00800462                PROVIDE (__bss_start, .)
 *(.bss)
 *(.bss*)
 .bss.status    0x00800462        0x1 devices/src/BMP280.o
 .bss.error     0x00800463        0x1 devices/src/BMP280.o
 .bss.t_fine    0x00800464        0x4 devices/src/BMP280.o
 .bss.oversampling_t
                0x00800468        0x2 devices/src/BMP280.o
 .bss.oversampling
                0x0080046a        0x2 devices/src/BMP280.o
 .bss.dig_T1    0x0080046c        0x2 devices/src/BMP280.o
 .bss.dig_P1    0x0080046e        0x2 devices/src/BMP280.o
 .bss.dig_P9    0x00800470        0x2 devices/src/BMP280.o
 .bss.dig_P8    0x00800472        0x2 devices/src/BMP280.o
 .bss.dig_P7    0x00800474        0x2 devices/src/BMP280.o
 .bss.dig_P6    0x00800476        0x2 devices/src/BMP280.o
 .bss.dig_P5    0x00800478        0x2 devices/src/BMP280.o
 .bss.dig_P4    0x0080047a        0x2 devices/src/BMP280.o
 .bss.dig_P3    0x0080047c        0x2 devices/src/BMP280.o
 .bss.dig_P2    0x0080047e        0x2 devices/src/BMP280.o
 .bss.dig_T3    0x00800480        0x2 devices/src/BMP280.o
 .bss.dig_T2    0x00800482        0x2 devices/src/BMP280.o
 .bss.timer_usage
                0x00800484        0x2 drivers/src/int_timer.o
 .bss.nwkDataReqQueue
                0x00800486        0x2 nwk/src/nwkDataReq.o
 .bss.nwkFrameFrames
                0x00800488      0x2ad nwk/src/nwkFrame.o
 .bss.nwkRxDuplicateRejectionTimer
                0x00800735        0xd nwk/src/nwkRx.o
 .bss.nwkRxDuplicateRejectionTable
                0x00800742       0x32 nwk/src/nwkRx.o
 .bss.nwkTxDelayTimer
                0x00800774        0xd nwk/src/nwkTx.o
 .bss.nwkTxAckWaitTimer
                0x00800781        0xd nwk/src/nwkTx.o
 .bss.nwkTxPhyActiveFrame
                0x0080078e        0x2 nwk/src/nwkTx.o
 .bss.phyBand   0x00800790        0x1 phy/atmegarfr2/src/phy.o
 .bss.phyRxState
                0x00800791        0x1 phy/atmegarfr2/src/phy.o
 .bss.phyState  0x00800792        0x1 phy/atmegarfr2/src/phy.o
 .bss.timers    0x00800793        0x2 sys/src/sysTimer.o
 *(COMMON)
 COMMON         0x00800795      0x11c ATMOS.o
                0x00800795                queue
                0x008008a5                TQ
                0x008008a9                timeoutq
                0x008008ab                FL
                0x008008af                freelist
 COMMON         0x008008b1        0x1 hal/atmega256rfr2/src/halTimer.o
                0x008008b1                halTimerIrqCount
 COMMON         0x008008b2       0x28 nwk/src/nwk.o
                0x008008b2                nwkIb
 COMMON         0x008008da        0x4 c:/program files (x86)/atmel/studio/7.0/toolchain/avr8/avr8-gnu-toolchain/bin/../lib/gcc/avr/4.9.2/../../../../avr/lib/avr5\libc.a(malloc.o)
                0x008008da                __brkval
                0x008008dc                __flp
 COMMON         0x008008de        0x6 c:/program files (x86)/atmel/studio/7.0/toolchain/avr8/avr8-gnu-toolchain/bin/../lib/gcc/avr/4.9.2/../../../../avr/lib/avr5\libc.a(iob.o)
                0x008008de                __iob
                0x008008e4                PROVIDE (__bss_end, .)
                0x00002b96                __data_load_start = LOADADDR (.data)
                0x00002df8                __data_load_end = (__data_load_start + SIZEOF (.data))

.noinit         0x008008e4        0x0
                0x008008e4                PROVIDE (__noinit_start, .)
 *(.noinit*)
                0x008008e4                PROVIDE (__noinit_end, .)
                0x008008e4                _end = .
                0x008008e4                PROVIDE (__heap_start, .)

.eeprom         0x00810000        0x0
 *(.eeprom*)
                0x00810000                __eeprom_end = .

.fuse
 *(.fuse)
 *(.lfuse)
 *(.hfuse)
 *(.efuse)

.lock
 *(.lock*)

.signature
 *(.signature*)

.user_signatures
 *(.user_signatures*)

.stab
 *(.stab)

.stabstr
 *(.stabstr)

.stab.excl
 *(.stab.excl)

.stab.exclstr
 *(.stab.exclstr)

.stab.index
 *(.stab.index)

.stab.indexstr
 *(.stab.indexstr)

.comment        0x00000000       0x5c
 *(.comment)
 .comment       0x00000000       0x30 ATMOS.o
                                 0x31 (size before relaxing)
 .comment       0x00000030       0x31 devices/src/BMP280.o
 .comment       0x00000030       0x31 drivers/src/ADC.o
 .comment       0x00000030       0x31 drivers/src/int_timer.o
 .comment       0x00000030       0x31 drivers/src/PWR.o
 .comment       0x00000030       0x31 drivers/src/SPI.o
 .comment       0x00000030       0x31 drivers/src/TWI.o
 .comment       0x00000030       0x31 drivers/src/usart0.o
 .comment       0x00000030       0x31 hal/atmega256rfr2/src/hal.o
 .comment       0x00000030       0x31 hal/atmega256rfr2/src/halTimer.o
 .comment       0x00000030       0x31 nwk/src/nwk.o
 .comment       0x00000030       0x31 nwk/src/nwkDataReq.o
 .comment       0x00000030       0x31 nwk/src/nwkFrame.o
 .comment       0x00000030       0x31 nwk/src/nwkRx.o
 .comment       0x00000030       0x31 nwk/src/nwkTx.o
 .comment       0x00000030       0x31 phy/atmegarfr2/src/phy.o
 .comment       0x00000030       0x31 scheduler/src/handler.o
 .comment       0x00000030       0x31 scheduler/src/scheduler.o
 .comment       0x00000030       0x31 sys/src/sys.o
 .comment       0x00000030       0x31 sys/src/sysTimer.o
 .comment       0x00000030       0x31 utilities/src/llist.o
 .comment       0x00000030       0x31 wrapper/sensor/src/BMP280_Sensor.o
 .comment       0x00000030       0x2c c:/program files (x86)/atmel/studio/7.0/toolchain/avr8/avr8-gnu-toolchain/bin/../lib/gcc/avr/4.9.2/../../../../avr/lib/avr5\libprintf_flt.a(vfprintf_flt.o)
                                 0x2d (size before relaxing)
 .comment       0x0000005c       0x31 c:/program files (x86)/atmel/studio/7.0/toolchain/avr8/avr8-gnu-toolchain/bin/../lib/gcc/avr/4.9.2/../../../../avr/lib/avr5\libc.a(malloc.o)
 .comment       0x0000005c       0x31 c:/program files (x86)/atmel/studio/7.0/toolchain/avr8/avr8-gnu-toolchain/bin/../lib/gcc/avr/4.9.2/../../../../avr/lib/avr5\libc.a(fputc.o)
 .comment       0x0000005c       0x31 c:/program files (x86)/atmel/studio/7.0/toolchain/avr8/avr8-gnu-toolchain/bin/../lib/gcc/avr/4.9.2/../../../../avr/lib/avr5\libc.a(iob.o)
 .comment       0x0000005c       0x31 c:/program files (x86)/atmel/studio/7.0/toolchain/avr8/avr8-gnu-toolchain/bin/../lib/gcc/avr/4.9.2/../../../../avr/lib/avr5\libc.a(printf.o)
 .comment       0x0000005c       0x31 c:/program files (x86)/atmel/studio/7.0/toolchain/avr8/avr8-gnu-toolchain/bin/../lib/gcc/avr/4.9.2/../../../../avr/lib/avr5\libc.a(puts.o)

.note.gnu.avr.deviceinfo
                0x00000000       0x40
 .note.gnu.avr.deviceinfo
                0x00000000       0x40 C:/Program Files (x86)/Atmel/Studio/7.0/Packs/atmel/ATmega_DFP/1.0.98/gcc/dev/atmega644rfr2/avr5/crtatmega644rfr2.o

.note.gnu.build-id
 *(.note.gnu.build-id)

.debug
 *(.debug)

.line
 *(.line)

.debug_srcinfo
 *(.debug_srcinfo)

.debug_sfnames
 *(.debug_sfnames)

.debug_aranges  0x00000000      0x648
 *(.debug_aranges)
 .debug_aranges
                0x00000000       0x20 ATMOS.o
 .debug_aranges
                0x00000020       0x80 devices/src/BMP280.o
 .debug_aranges
                0x000000a0       0x38 drivers/src/ADC.o
 .debug_aranges
                0x000000d8       0x40 drivers/src/int_timer.o
 .debug_aranges
                0x00000118       0x40 drivers/src/PWR.o
 .debug_aranges
                0x00000158       0x30 drivers/src/SPI.o
 .debug_aranges
                0x00000188       0x60 drivers/src/TWI.o
 .debug_aranges
                0x000001e8       0x48 drivers/src/usart0.o
 .debug_aranges
                0x00000230       0x28 hal/atmega256rfr2/src/hal.o
 .debug_aranges
                0x00000258       0x30 hal/atmega256rfr2/src/halTimer.o
 .debug_aranges
                0x00000288       0x70 nwk/src/nwk.o
 .debug_aranges
                0x000002f8       0x38 nwk/src/nwkDataReq.o
 .debug_aranges
                0x00000330       0x40 nwk/src/nwkFrame.o
 .debug_aranges
                0x00000370       0x48 nwk/src/nwkRx.o
 .debug_aranges
                0x000003b8       0x60 nwk/src/nwkTx.o
 .debug_aranges
                0x00000418       0x88 phy/atmegarfr2/src/phy.o
 .debug_aranges
                0x000004a0       0x30 scheduler/src/handler.o
 .debug_aranges
                0x000004d0       0x50 scheduler/src/scheduler.o
 .debug_aranges
                0x00000520       0x28 sys/src/sys.o
 .debug_aranges
                0x00000548       0x48 sys/src/sysTimer.o
 .debug_aranges
                0x00000590       0x50 utilities/src/llist.o
 .debug_aranges
                0x000005e0       0x68 wrapper/sensor/src/BMP280_Sensor.o

.debug_pubnames
 *(.debug_pubnames)

.debug_info     0x00000000     0x6d98
 *(.debug_info .gnu.linkonce.wi.*)
 .debug_info    0x00000000      0x77c ATMOS.o
 .debug_info    0x0000077c      0xaeb devices/src/BMP280.o
 .debug_info    0x00001267      0x121 drivers/src/ADC.o
 .debug_info    0x00001388      0x4ce drivers/src/int_timer.o
 .debug_info    0x00001856       0xdb drivers/src/PWR.o
 .debug_info    0x00001931      0x102 drivers/src/SPI.o
 .debug_info    0x00001a33      0x45e drivers/src/TWI.o
 .debug_info    0x00001e91      0x299 drivers/src/usart0.o
 .debug_info    0x0000212a      0x128 hal/atmega256rfr2/src/hal.o
 .debug_info    0x00002252       0xe4 hal/atmega256rfr2/src/halTimer.o
 .debug_info    0x00002336      0x4a6 nwk/src/nwk.o
 .debug_info    0x000027dc      0x79d nwk/src/nwkDataReq.o
 .debug_info    0x00002f79      0x56a nwk/src/nwkFrame.o
 .debug_info    0x000034e3      0xc23 nwk/src/nwkRx.o
 .debug_info    0x00004106      0xa08 nwk/src/nwkTx.o
 .debug_info    0x00004b0e      0x7c0 phy/atmegarfr2/src/phy.o
 .debug_info    0x000052ce      0x4ea scheduler/src/handler.o
 .debug_info    0x000057b8      0x758 scheduler/src/scheduler.o
 .debug_info    0x00005f10      0x12b sys/src/sys.o
 .debug_info    0x0000603b      0x341 sys/src/sysTimer.o
 .debug_info    0x0000637c      0x34c utilities/src/llist.o
 .debug_info    0x000066c8      0x6d0 wrapper/sensor/src/BMP280_Sensor.o

.debug_abbrev   0x00000000     0x27c4
 *(.debug_abbrev)
 .debug_abbrev  0x00000000      0x256 ATMOS.o
 .debug_abbrev  0x00000256      0x335 devices/src/BMP280.o
 .debug_abbrev  0x0000058b       0xdd drivers/src/ADC.o
 .debug_abbrev  0x00000668      0x1ff drivers/src/int_timer.o
 .debug_abbrev  0x00000867       0x51 drivers/src/PWR.o
 .debug_abbrev  0x000008b8       0xc6 drivers/src/SPI.o
 .debug_abbrev  0x0000097e      0x1e3 drivers/src/TWI.o
 .debug_abbrev  0x00000b61      0x18f drivers/src/usart0.o
 .debug_abbrev  0x00000cf0       0xda hal/atmega256rfr2/src/hal.o
 .debug_abbrev  0x00000dca       0xaa hal/atmega256rfr2/src/halTimer.o
 .debug_abbrev  0x00000e74      0x1c7 nwk/src/nwk.o
 .debug_abbrev  0x0000103b      0x2ac nwk/src/nwkDataReq.o
 .debug_abbrev  0x000012e7      0x181 nwk/src/nwkFrame.o
 .debug_abbrev  0x00001468      0x3ca nwk/src/nwkRx.o
 .debug_abbrev  0x00001832      0x354 nwk/src/nwkTx.o
 .debug_abbrev  0x00001b86      0x247 phy/atmegarfr2/src/phy.o
 .debug_abbrev  0x00001dcd      0x1dd scheduler/src/handler.o
 .debug_abbrev  0x00001faa      0x257 scheduler/src/scheduler.o
 .debug_abbrev  0x00002201       0x62 sys/src/sys.o
 .debug_abbrev  0x00002263      0x199 sys/src/sysTimer.o
 .debug_abbrev  0x000023fc      0x195 utilities/src/llist.o
 .debug_abbrev  0x00002591      0x233 wrapper/sensor/src/BMP280_Sensor.o

.debug_line     0x00000000     0x231f
 *(.debug_line .debug_line.* .debug_line_end)
 .debug_line    0x00000000      0x1e3 ATMOS.o
 .debug_line    0x000001e3      0x271 devices/src/BMP280.o
 .debug_line    0x00000454       0xee drivers/src/ADC.o
 .debug_line    0x00000542      0x190 drivers/src/int_timer.o
 .debug_line    0x000006d2       0xe4 drivers/src/PWR.o
 .debug_line    0x000007b6       0xd2 drivers/src/SPI.o
 .debug_line    0x00000888      0x238 drivers/src/TWI.o
 .debug_line    0x00000ac0      0x143 drivers/src/usart0.o
 .debug_line    0x00000c03      0x158 hal/atmega256rfr2/src/hal.o
 .debug_line    0x00000d5b       0xe3 hal/atmega256rfr2/src/halTimer.o
 .debug_line    0x00000e3e      0x1d7 nwk/src/nwk.o
 .debug_line    0x00001015      0x162 nwk/src/nwkDataReq.o
 .debug_line    0x00001177      0x132 nwk/src/nwkFrame.o
 .debug_line    0x000012a9      0x247 nwk/src/nwkRx.o
 .debug_line    0x000014f0      0x265 nwk/src/nwkTx.o
 .debug_line    0x00001755      0x21d phy/atmegarfr2/src/phy.o
 .debug_line    0x00001972      0x192 scheduler/src/handler.o
 .debug_line    0x00001b04      0x22d scheduler/src/scheduler.o
 .debug_line    0x00001d31       0xc2 sys/src/sys.o
 .debug_line    0x00001df3      0x194 sys/src/sysTimer.o
 .debug_line    0x00001f87      0x112 utilities/src/llist.o
 .debug_line    0x00002099      0x286 wrapper/sensor/src/BMP280_Sensor.o

.debug_frame    0x00000000      0xf30
 *(.debug_frame)
 .debug_frame   0x00000000       0x34 ATMOS.o
 .debug_frame   0x00000034      0x248 devices/src/BMP280.o
 .debug_frame   0x0000027c       0x54 drivers/src/ADC.o
 .debug_frame   0x000002d0       0xd8 drivers/src/int_timer.o
 .debug_frame   0x000003a8       0x64 drivers/src/PWR.o
 .debug_frame   0x0000040c       0x44 drivers/src/SPI.o
 .debug_frame   0x00000450       0xf0 drivers/src/TWI.o
 .debug_frame   0x00000540       0x7c drivers/src/usart0.o
 .debug_frame   0x000005bc       0x34 hal/atmega256rfr2/src/hal.o
 .debug_frame   0x000005f0       0x54 hal/atmega256rfr2/src/halTimer.o
 .debug_frame   0x00000644       0xd4 nwk/src/nwk.o
 .debug_frame   0x00000718       0x68 nwk/src/nwkDataReq.o
 .debug_frame   0x00000780       0x64 nwk/src/nwkFrame.o
 .debug_frame   0x000007e4       0xe0 nwk/src/nwkRx.o
 .debug_frame   0x000008c4      0x144 nwk/src/nwkTx.o
 .debug_frame   0x00000a08      0x13c phy/atmegarfr2/src/phy.o
 .debug_frame   0x00000b44       0x80 scheduler/src/handler.o
 .debug_frame   0x00000bc4       0xfc scheduler/src/scheduler.o
 .debug_frame   0x00000cc0       0x34 sys/src/sys.o
 .debug_frame   0x00000cf4       0xc0 sys/src/sysTimer.o
 .debug_frame   0x00000db4       0xac utilities/src/llist.o
 .debug_frame   0x00000e60       0xd0 wrapper/sensor/src/BMP280_Sensor.o

.debug_str      0x00000000     0x1b41
 *(.debug_str)
 .debug_str     0x00000000      0x383 ATMOS.o
                                0x436 (size before relaxing)
 .debug_str     0x00000383      0x22f devices/src/BMP280.o
                                0x3e7 (size before relaxing)
 .debug_str     0x000005b2       0x4c drivers/src/ADC.o
                                0x1ab (size before relaxing)
 .debug_str     0x000005fe       0x69 drivers/src/int_timer.o
                                0x357 (size before relaxing)
 .debug_str     0x00000667       0x40 drivers/src/PWR.o
                                0x19f (size before relaxing)
 .debug_str     0x000006a7       0x45 drivers/src/SPI.o
                                0x1aa (size before relaxing)
 .debug_str     0x000006ec       0x83 drivers/src/TWI.o
                                0x26e (size before relaxing)
 .debug_str     0x0000076f       0x8e drivers/src/usart0.o
                                0x21f (size before relaxing)
 .debug_str     0x000007fd       0x64 hal/atmega256rfr2/src/hal.o
                                0x1b6 (size before relaxing)
 .debug_str     0x00000861       0x41 hal/atmega256rfr2/src/halTimer.o
                                0x1b0 (size before relaxing)
 .debug_str     0x000008a2      0x1b1 nwk/src/nwk.o
                                0x330 (size before relaxing)
 .debug_str     0x00000a53      0x338 nwk/src/nwkDataReq.o
                                0x56c (size before relaxing)
 .debug_str     0x00000d8b       0x5b nwk/src/nwkFrame.o
                                0x40b (size before relaxing)
 .debug_str     0x00000de6      0x37d nwk/src/nwkRx.o
                                0x705 (size before relaxing)
 .debug_str     0x00001163      0x1c1 nwk/src/nwkTx.o
                                0x6ba (size before relaxing)
 .debug_str     0x00001324      0x525 phy/atmegarfr2/src/phy.o
                                0x77a (size before relaxing)
 .debug_str     0x00001849       0x6f scheduler/src/handler.o
                                0x344 (size before relaxing)
 .debug_str     0x000018b8       0x70 scheduler/src/scheduler.o
                                0x3be (size before relaxing)
 .debug_str     0x00001928       0x44 sys/src/sys.o
                                0x1d8 (size before relaxing)
 .debug_str     0x0000196c       0x58 sys/src/sysTimer.o
                                0x26d (size before relaxing)
 .debug_str     0x000019c4       0x44 utilities/src/llist.o
                                0x15e (size before relaxing)
 .debug_str     0x00001a08      0x139 wrapper/sensor/src/BMP280_Sensor.o
                                0x400 (size before relaxing)

.debug_loc      0x00000000     0x3657
 *(.debug_loc)
 .debug_loc     0x00000000       0x7e ATMOS.o
 .debug_loc     0x0000007e      0xb24 devices/src/BMP280.o
 .debug_loc     0x00000ba2       0x42 drivers/src/ADC.o
 .debug_loc     0x00000be4      0x1fe drivers/src/int_timer.o
 .debug_loc     0x00000de2       0x2d drivers/src/SPI.o
 .debug_loc     0x00000e0f      0x49c drivers/src/TWI.o
 .debug_loc     0x000012ab       0xa0 drivers/src/usart0.o
 .debug_loc     0x0000134b       0x21 hal/atmega256rfr2/src/hal.o
 .debug_loc     0x0000136c       0x62 hal/atmega256rfr2/src/halTimer.o
 .debug_loc     0x000013ce      0x14d nwk/src/nwk.o
 .debug_loc     0x0000151b      0x137 nwk/src/nwkDataReq.o
 .debug_loc     0x00001652      0x11e nwk/src/nwkFrame.o
 .debug_loc     0x00001770      0x4c5 nwk/src/nwkRx.o
 .debug_loc     0x00001c35      0x672 nwk/src/nwkTx.o
 .debug_loc     0x000022a7      0x33a phy/atmegarfr2/src/phy.o
 .debug_loc     0x000025e1      0x231 scheduler/src/handler.o
 .debug_loc     0x00002812      0x494 scheduler/src/scheduler.o
 .debug_loc     0x00002ca6      0x42e sys/src/sysTimer.o
 .debug_loc     0x000030d4      0x37f utilities/src/llist.o
 .debug_loc     0x00003453      0x204 wrapper/sensor/src/BMP280_Sensor.o

.debug_macinfo
 *(.debug_macinfo)

.debug_weaknames
 *(.debug_weaknames)

.debug_funcnames
 *(.debug_funcnames)

.debug_typenames
 *(.debug_typenames)

.debug_varnames
 *(.debug_varnames)

.debug_pubtypes
 *(.debug_pubtypes)

.debug_ranges   0x00000000      0x5b8
 *(.debug_ranges)
 .debug_ranges  0x00000000       0x10 ATMOS.o
 .debug_ranges  0x00000010       0xa0 devices/src/BMP280.o
 .debug_ranges  0x000000b0       0x28 drivers/src/ADC.o
 .debug_ranges  0x000000d8       0x30 drivers/src/int_timer.o
 .debug_ranges  0x00000108       0x30 drivers/src/PWR.o
 .debug_ranges  0x00000138       0x20 drivers/src/SPI.o
 .debug_ranges  0x00000158       0x50 drivers/src/TWI.o
 .debug_ranges  0x000001a8       0x38 drivers/src/usart0.o
 .debug_ranges  0x000001e0       0x18 hal/atmega256rfr2/src/hal.o
 .debug_ranges  0x000001f8       0x20 hal/atmega256rfr2/src/halTimer.o
 .debug_ranges  0x00000218       0x60 nwk/src/nwk.o
 .debug_ranges  0x00000278       0x28 nwk/src/nwkDataReq.o
 .debug_ranges  0x000002a0       0x30 nwk/src/nwkFrame.o
 .debug_ranges  0x000002d0       0x88 nwk/src/nwkRx.o
 .debug_ranges  0x00000358       0x68 nwk/src/nwkTx.o
 .debug_ranges  0x000003c0       0x78 phy/atmegarfr2/src/phy.o
 .debug_ranges  0x00000438       0x20 scheduler/src/handler.o
 .debug_ranges  0x00000458       0x40 scheduler/src/scheduler.o
 .debug_ranges  0x00000498       0x18 sys/src/sys.o
 .debug_ranges  0x000004b0       0x70 sys/src/sysTimer.o
 .debug_ranges  0x00000520       0x40 utilities/src/llist.o
 .debug_ranges  0x00000560       0x58 wrapper/sensor/src/BMP280_Sensor.o

.debug_macro
 *(.debug_macro)
OUTPUT(ATMOS.elf elf32-avr)
LOAD linker stubs
