Archive member included because of file (symbol)

c:/program files (x86)/atmel/atmel toolchain/avr8 gcc/native/3.4.1061/avr8-gnu-toolchain/bin/../lib/gcc/avr/4.8.1/../../../../avr/lib/avr5\libm.a(addsf3.o)
                              devices/src/BMP280.o (__subsf3)
c:/program files (x86)/atmel/atmel toolchain/avr8 gcc/native/3.4.1061/avr8-gnu-toolchain/bin/../lib/gcc/avr/4.8.1/../../../../avr/lib/avr5\libm.a(addsf3x.o)
                              c:/program files (x86)/atmel/atmel toolchain/avr8 gcc/native/3.4.1061/avr8-gnu-toolchain/bin/../lib/gcc/avr/4.8.1/../../../../avr/lib/avr5\libm.a(addsf3.o) (__addsf3x)
c:/program files (x86)/atmel/atmel toolchain/avr8 gcc/native/3.4.1061/avr8-gnu-toolchain/bin/../lib/gcc/avr/4.8.1/../../../../avr/lib/avr5\libm.a(cmpsf2.o)
                              devices/src/BMP280.o (__ltsf2)
c:/program files (x86)/atmel/atmel toolchain/avr8 gcc/native/3.4.1061/avr8-gnu-toolchain/bin/../lib/gcc/avr/4.8.1/../../../../avr/lib/avr5\libm.a(divsf3.o)
                              devices/src/BMP280.o (__divsf3)
c:/program files (x86)/atmel/atmel toolchain/avr8 gcc/native/3.4.1061/avr8-gnu-toolchain/bin/../lib/gcc/avr/4.8.1/../../../../avr/lib/avr5\libm.a(divsf3x.o)
                              c:/program files (x86)/atmel/atmel toolchain/avr8 gcc/native/3.4.1061/avr8-gnu-toolchain/bin/../lib/gcc/avr/4.8.1/../../../../avr/lib/avr5\libm.a(divsf3.o) (__divsf3x)
c:/program files (x86)/atmel/atmel toolchain/avr8 gcc/native/3.4.1061/avr8-gnu-toolchain/bin/../lib/gcc/avr/4.8.1/../../../../avr/lib/avr5\libm.a(fixsfsi.o)
                              devices/src/BMP280.o (__fixsfsi)
c:/program files (x86)/atmel/atmel toolchain/avr8 gcc/native/3.4.1061/avr8-gnu-toolchain/bin/../lib/gcc/avr/4.8.1/../../../../avr/lib/avr5\libm.a(fixunssfsi.o)
                              c:/program files (x86)/atmel/atmel toolchain/avr8 gcc/native/3.4.1061/avr8-gnu-toolchain/bin/../lib/gcc/avr/4.8.1/../../../../avr/lib/avr5\libm.a(fixsfsi.o) (__fixunssfsi)
c:/program files (x86)/atmel/atmel toolchain/avr8 gcc/native/3.4.1061/avr8-gnu-toolchain/bin/../lib/gcc/avr/4.8.1/../../../../avr/lib/avr5\libm.a(floatsisf.o)
                              devices/src/BMP280.o (__floatunsisf)
c:/program files (x86)/atmel/atmel toolchain/avr8 gcc/native/3.4.1061/avr8-gnu-toolchain/bin/../lib/gcc/avr/4.8.1/../../../../avr/lib/avr5\libm.a(fp_cmp.o)
                              c:/program files (x86)/atmel/atmel toolchain/avr8 gcc/native/3.4.1061/avr8-gnu-toolchain/bin/../lib/gcc/avr/4.8.1/../../../../avr/lib/avr5\libm.a(cmpsf2.o) (__fp_cmp)
c:/program files (x86)/atmel/atmel toolchain/avr8 gcc/native/3.4.1061/avr8-gnu-toolchain/bin/../lib/gcc/avr/4.8.1/../../../../avr/lib/avr5\libm.a(fp_inf.o)
                              c:/program files (x86)/atmel/atmel toolchain/avr8 gcc/native/3.4.1061/avr8-gnu-toolchain/bin/../lib/gcc/avr/4.8.1/../../../../avr/lib/avr5\libm.a(addsf3x.o) (__fp_inf)
c:/program files (x86)/atmel/atmel toolchain/avr8 gcc/native/3.4.1061/avr8-gnu-toolchain/bin/../lib/gcc/avr/4.8.1/../../../../avr/lib/avr5\libm.a(fp_nan.o)
                              c:/program files (x86)/atmel/atmel toolchain/avr8 gcc/native/3.4.1061/avr8-gnu-toolchain/bin/../lib/gcc/avr/4.8.1/../../../../avr/lib/avr5\libm.a(addsf3x.o) (__fp_nan)
c:/program files (x86)/atmel/atmel toolchain/avr8 gcc/native/3.4.1061/avr8-gnu-toolchain/bin/../lib/gcc/avr/4.8.1/../../../../avr/lib/avr5\libm.a(fp_pscA.o)
                              c:/program files (x86)/atmel/atmel toolchain/avr8 gcc/native/3.4.1061/avr8-gnu-toolchain/bin/../lib/gcc/avr/4.8.1/../../../../avr/lib/avr5\libm.a(addsf3x.o) (__fp_pscA)
c:/program files (x86)/atmel/atmel toolchain/avr8 gcc/native/3.4.1061/avr8-gnu-toolchain/bin/../lib/gcc/avr/4.8.1/../../../../avr/lib/avr5\libm.a(fp_pscB.o)
                              c:/program files (x86)/atmel/atmel toolchain/avr8 gcc/native/3.4.1061/avr8-gnu-toolchain/bin/../lib/gcc/avr/4.8.1/../../../../avr/lib/avr5\libm.a(addsf3x.o) (__fp_pscB)
c:/program files (x86)/atmel/atmel toolchain/avr8 gcc/native/3.4.1061/avr8-gnu-toolchain/bin/../lib/gcc/avr/4.8.1/../../../../avr/lib/avr5\libm.a(fp_round.o)
                              c:/program files (x86)/atmel/atmel toolchain/avr8 gcc/native/3.4.1061/avr8-gnu-toolchain/bin/../lib/gcc/avr/4.8.1/../../../../avr/lib/avr5\libm.a(addsf3.o) (__fp_round)
c:/program files (x86)/atmel/atmel toolchain/avr8 gcc/native/3.4.1061/avr8-gnu-toolchain/bin/../lib/gcc/avr/4.8.1/../../../../avr/lib/avr5\libm.a(fp_split3.o)
                              c:/program files (x86)/atmel/atmel toolchain/avr8 gcc/native/3.4.1061/avr8-gnu-toolchain/bin/../lib/gcc/avr/4.8.1/../../../../avr/lib/avr5\libm.a(addsf3x.o) (__fp_split3)
c:/program files (x86)/atmel/atmel toolchain/avr8 gcc/native/3.4.1061/avr8-gnu-toolchain/bin/../lib/gcc/avr/4.8.1/../../../../avr/lib/avr5\libm.a(fp_zero.o)
[...]
Memory Configuration

Name             Origin             Length             Attributes
text             0x00000000         0x00020000         xr
data             0x00800060         0x0000ffa0         rw !x
eeprom           0x00810000         0x00010000         rw !x
fuse             0x00820000         0x00000400         rw !x
lock             0x00830000         0x00000400         rw !x
signature        0x00840000         0x00000400         rw !x
user_signatures  0x00850000         0x00000400         rw !x
*default*        0x00000000         0xffffffff

Linker script and memory map

Address of section .data set to 0x800200
LOAD c:/program files (x86)/atmel/atmel toolchain/avr8 gcc/native/3.4.1061/avr8-gnu-toolchain/bin/../lib/gcc/avr/4.8.1/../../../../avr/lib/avr5/crtm644rfr2.o
LOAD ATMOS.o
LOAD devices/src/BMP280.o
LOAD devices/src/K30.o
LOAD devices/src/Si7020.o
LOAD devices/src/TGS2600.o
LOAD drivers/src/ADC.o
LOAD drivers/src/int_timer.o
LOAD drivers/src/PWR.o
LOAD drivers/src/SPI.o
LOAD drivers/src/TWI.o
LOAD drivers/src/usart0.o
LOAD event/src/event.o
LOAD hal/atmega256rfr2/src/hal.o
LOAD hal/atmega256rfr2/src/halTimer.o
LOAD nwk/src/nwk.o
LOAD nwk/src/nwkDataReq.o
LOAD nwk/src/nwkFrame.o
LOAD nwk/src/nwkGroup.o
LOAD nwk/src/nwkRoute.o
LOAD nwk/src/nwkRouteDiscovery.o
LOAD nwk/src/nwkRx.o
LOAD nwk/src/nwkSecurity.o
LOAD nwk/src/nwkTx.o
LOAD phy/atmegarfr2/src/phy.o
LOAD sys/src/sys.o
LOAD sys/src/sysEncrypt.o
LOAD sys/src/sysTimer.o
LOAD utilities/src/common.o
LOAD utilities/src/llist.o
LOAD wrapper/base-class/src/Base_Device.o
LOAD wrapper/base-class/src/Base_Sensor.o
LOAD wrapper/sensor/src/BMP280_Sensor.o
LOAD wrapper/sensor/src/My_Sensor.o
LOAD wrapper/sensor/src/Si7020_Sensor.o
LOAD wrapper/sensor/src/Temperature_ADC_Sensor.o
START GROUP
LOAD c:/program files (x86)/atmel/atmel toolchain/avr8 gcc/native/3.4.1061/avr8-gnu-toolchain/bin/../lib/gcc/avr/4.8.1/../../../../avr/lib/avr5\libm.a
LOAD c:/program files (x86)/atmel/atmel toolchain/avr8 gcc/native/3.4.1061/avr8-gnu-toolchain/bin/../lib/gcc/avr/4.8.1/../../../../avr/lib/avr5\libprintf_flt.a
END GROUP
START GROUP
LOAD c:/program files (x86)/atmel/atmel toolchain/avr8 gcc/native/3.4.1061/avr8-gnu-toolchain/bin/../lib/gcc/avr/4.8.1/avr5\libgcc.a
LOAD c:/program files (x86)/atmel/atmel toolchain/avr8 gcc/native/3.4.1061/avr8-gnu-toolchain/bin/../lib/gcc/avr/4.8.1/../../../../avr/lib/avr5\libm.a
LOAD c:/program files (x86)/atmel/atmel toolchain/avr8 gcc/native/3.4.1061/avr8-gnu-toolchain/bin/../lib/gcc/avr/4.8.1/../../../../avr/lib/avr5\libc.a
END GROUP

.hash
 *(.hash)

.dynsym
 *(.dynsym)

.dynstr
 *(.dynstr)

.gnu.version
 *(.gnu.version)

.gnu.version_d
 *(.gnu.version_d)

.gnu.version_r
 *(.gnu.version_r)

.rel.init
 *(.rel.init)

.rela.init
 *(.rela.init)

.rel.text
 *(.rel.text)
 *(.rel.text.*)
 *(.rel.gnu.linkonce.t*)

.rela.text
 *(.rela.text)
 *(.rela.text.*)
 *(.rela.gnu.linkonce.t*)

.rel.fini
 *(.rel.fini)

.rela.fini
 *(.rela.fini)

.rel.rodata
 *(.rel.rodata)
 *(.rel.rodata.*)
 *(.rel.gnu.linkonce.r*)

.rela.rodata
 *(.rela.rodata)
 *(.rela.rodata.*)
 *(.rela.gnu.linkonce.r*)

.rel.data
 *(.rel.data)
 *(.rel.data.*)
 *(.rel.gnu.linkonce.d*)

.rela.data
 *(.rela.data)
 *(.rela.data.*)
 *(.rela.gnu.linkonce.d*)

.rel.ctors
 *(.rel.ctors)

.rela.ctors
 *(.rela.ctors)

.rel.dtors
 *(.rel.dtors)

.rela.dtors
 *(.rela.dtors)

.rel.got
 *(.rel.got)

.rela.got
 *(.rela.got)

.rel.bss
 *(.rel.bss)

.rela.bss
 *(.rela.bss)

.rel.plt
 *(.rel.plt)

.rela.plt
 *(.rela.plt)

.text           0x00000000     0x2e78
 *(.vectors)
 .vectors       0x00000000      0x134 c:/program files (x86)/atmel/atmel toolchain/avr8 gcc/native/3.4.1061/avr8-gnu-toolchain/bin/../lib/gcc/avr/4.8.1/../../../../avr/lib/avr5/crtm644rfr2.o
                0x00000000                __vector_default
                0x00000000                __vectors
 *(.vectors)
 *(.progmem.gcc*)
                0x00000134                . = ALIGN (0x2)
                0x00000134                __trampolines_start = .
 *(.trampolines)
 .trampolines   0x00000134        0x0 linker stubs
 *(.trampolines*)
                0x00000134                __trampolines_end = .
 *(.progmem*)
 .progmem.data  0x00000134        0x8 c:/program files (x86)/atmel/atmel toolchain/avr8 gcc/native/3.4.1061/avr8-gnu-toolchain/bin/../lib/gcc/avr/4.8.1/../../../../avr/lib/avr5\libprintf_flt.a(vfprintf_flt.o)
 .progmem.data  0x0000013c       0xfa c:/program files (x86)/atmel/atmel toolchain/avr8 gcc/native/3.4.1061/avr8-gnu-toolchain/bin/../lib/gcc/avr/4.8.1/../../../../avr/lib/avr5\libc.a(ftoa_engine.o)
                0x00000236                . = ALIGN (0x2)
 *(.jumptables)
 *(.jumptables*)
 *(.lowtext)
 *(.lowtext*)
                0x00000236                __ctors_start = .
 *(.ctors)
                0x00000236                __ctors_end = .
                0x00000236                __dtors_start = .
 *(.dtors)
                0x00000236                __dtors_end = .
 SORT(*)(.ctors)
 SORT(*)(.dtors)
 *(.init0)
 .init0         0x00000236        0x0 c:/program files (x86)/atmel/atmel toolchain/avr8 gcc/native/3.4.1061/avr8-gnu-toolchain/bin/../lib/gcc/avr/4.8.1/../../../../avr/lib/avr5/crtm644rfr2.o
                0x00000236                __init
 *(.init0)
 *(.init1)
 *(.init1)
 *(.init2)
 .init2         0x00000236        0xc c:/program files (x86)/atmel/atmel toolchain/avr8 gcc/native/3.4.1061/avr8-gnu-toolchain/bin/../lib/gcc/avr/4.8.1/../../../../avr/lib/avr5/crtm644rfr2.o
 *(.init2)
 *(.init3)
 *(.init3)
 *(.init4)
 .init4         0x00000242       0x16 c:/program files (x86)/atmel/atmel toolchain/avr8 gcc/native/3.4.1061/avr8-gnu-toolchain/bin/../lib/gcc/avr/4.8.1/avr5\libgcc.a(_copy_data.o)
                0x00000242                __do_copy_data
 .init4         0x00000258       0x10 c:/program files (x86)/atmel/atmel toolchain/avr8 gcc/native/3.4.1061/avr8-gnu-toolchain/bin/../lib/gcc/avr/4.8.1/avr5\libgcc.a(_clear_bss.o)
                0x00000258                __do_clear_bss
 *(.init4)
 *(.init5)
 *(.init5)
 *(.init6)
 *(.init6)
 *(.init7)
 *(.init7)
 *(.init8)
 *(.init8)
 *(.init9)
 .init9         0x00000268        0x8 c:/program files (x86)/atmel/atmel toolchain/avr8 gcc/native/3.4.1061/avr8-gnu-toolchain/bin/../lib/gcc/avr/4.8.1/../../../../avr/lib/avr5/crtm644rfr2.o
 *(.init9)
 *(.text)
 .text          0x00000270        0x4 c:/program files (x86)/atmel/atmel toolchain/avr8 gcc/native/3.4.1061/avr8-gnu-toolchain/bin/../lib/gcc/avr/4.8.1/../../../../avr/lib/avr5/crtm644rfr2.o
                0x00000270                __vector_38
                0x00000270                __vector_22
                0x00000270                __vector_63
                0x00000270                __vector_28
                0x00000270                __vector_67
                0x00000270                __vector_1
                0x00000270                __vector_32
                0x00000270                __vector_75
                0x00000270                __vector_71
                0x00000270                __vector_34
                0x00000270                __vector_62
                0x00000270                __vector_24
                0x00000270                __vector_12
                0x00000270                __vector_55
                0x00000270                __vector_69
                0x00000270                __vector_46
                0x00000270                __bad_interrupt
                0x00000270                __vector_72
                0x00000270                __vector_6
                0x00000270                __vector_31
                0x00000270                __vector_35
                0x00000270                __vector_74
                0x00000270                __vector_39
                0x00000270                __vector_3
                0x00000270                __vector_23
                0x00000270                __vector_68
                0x00000270                __vector_30
                0x00000270                __vector_73
                0x00000270                __vector_45
                0x00000270                __vector_25
                0x00000270                __vector_61
                0x00000270                __vector_11
                0x00000270                __vector_54
                0x00000270                __vector_17
                0x00000270                __vector_19
                0x00000270                __vector_56
                0x00000270                __vector_7
                0x00000270                __vector_49
                0x00000270                __vector_41
                0x00000270                __vector_64
                0x00000270                __vector_43
                0x00000270                __vector_27
                0x00000270                __vector_5
                0x00000270                __vector_33
                0x00000270                __vector_76
                0x00000270                __vector_47
                0x00000270                __vector_52
                0x00000270                __vector_37
                0x00000270                __vector_4
                0x00000270                __vector_44
                0x00000270                __vector_51
                0x00000270                __vector_9
                0x00000270                __vector_2
                0x00000270                __vector_21
                0x00000270                __vector_15
                0x00000270                __vector_66
                0x00000270                __vector_36
                0x00000270                __vector_58
                0x00000270                __vector_70
                0x00000270                __vector_29
                0x00000270                __vector_60
                0x00000270                __vector_40
                0x00000270                __vector_8
                0x00000270                __vector_26
                0x00000270                __vector_48
                0x00000270                __vector_14
                0x00000270                __vector_57
                0x00000270                __vector_53
                0x00000270                __vector_10
                0x00000270                __vector_50
                0x00000270                __vector_16
                0x00000270                __vector_59
                0x00000270                __vector_18
                0x00000270                __vector_20
                0x00000270                __vector_65
                0x00000274                . = ALIGN (0x2)
 *(.text.*)
 .text.main     0x00000274       0xb2 ATMOS.o
                0x00000274                main
 .text.BMP280_ReadBytes
                0x00000326       0x54 devices/src/BMP280.o
 .text.BMP280_ReadInt
                0x0000037a       0x4a devices/src/BMP280.o
 .text.BMP280_Init
                0x000003c4      0x1c0 devices/src/BMP280.o
                0x000003c4                BMP280_Init
 .text.BMP280_SetOversampling
                0x00000584        0xc devices/src/BMP280.o
                0x00000584                BMP280_SetOversampling
 .text.BMP280_StartMeasurment
                0x00000590       0xd2 devices/src/BMP280.o
                0x00000590                BMP280_StartMeasurment
 .text.BMP280_GetUnPT
                0x00000662      0x144 devices/src/BMP280.o
                0x00000662                BMP280_GetUnPT
 .text.BMP280_CalcTemperature
                0x000007a6      0x184 devices/src/BMP280.o
                0x000007a6                BMP280_CalcTemperature
 .text.BMP280_CalcPressure
                0x0000092a      0x2ea devices/src/BMP280.o
                0x0000092a                BMP280_CalcPressure
 .text.BMP280_GetTemperatureAndPressure
                0x00000c14       0x8c devices/src/BMP280.o
                0x00000c14                BMP280_GetTemperatureAndPressure
 .text.Si7020_init
                0x00000ca0        0x4 devices/src/Si7020.o
                0x00000ca0                Si7020_init
 .text.Si7020_readHumidity
                0x00000ca4       0x64 devices/src/Si7020.o
                0x00000ca4                Si7020_readHumidity
 .text.Si7020_calHumidity
                0x00000d08       0x3e devices/src/Si7020.o
                0x00000d08                Si7020_calHumidity
 .text.Si7020_readTemperature
                0x00000d46       0x64 devices/src/Si7020.o
                0x00000d46                Si7020_readTemperature
 .text.Si7020_calTemperature
                0x00000daa       0x3e devices/src/Si7020.o
                0x00000daa                Si7020_calTemperature
 .text.TGS2600_TurnOn
                0x00000de8        0x4 devices/src/TGS2600.o
                0x00000de8                TGS2600_TurnOn
 .text.TGS2600_Init
                0x00000dec        0x8 devices/src/TGS2600.o
                0x00000dec                TGS2600_Init
 .text.ADC_Init
                0x00000df4       0x18 drivers/src/ADC.o
                0x00000df4                ADC_Init
 .text.ADC_DieTemp
                0x00000e0c       0x42 drivers/src/ADC.o
                0x00000e0c                ADC_DieTemp
 .text.__vector_13
                0x00000e4e       0x72 drivers/src/int_timer.o
                0x00000e4e                __vector_13
 .text.init_Event_Timer
                0x00000ec0       0x18 drivers/src/int_timer.o
                0x00000ec0                init_Event_Timer
 .text.init_set_timer
                0x00000ed8       0x20 drivers/src/int_timer.o
                0x00000ed8                init_set_timer
 .text.set_timer
                0x00000ef8       0x46 drivers/src/int_timer.o
                0x00000ef8                set_timer
 .text.PWR_Init
                0x00000f3e        0x8 drivers/src/PWR.o
                0x00000f3e                PWR_Init
 .text.PWR_TurnOn5V
                0x00000f46        0x4 drivers/src/PWR.o
                0x00000f46                PWR_TurnOn5V
 .text.SPI_SlaveInit
                0x00000f4a        0x8 drivers/src/SPI.o
                0x00000f4a                SPI_SlaveInit
 .text.TWI_Init
                0x00000f52       0x3c drivers/src/TWI.o
                0x00000f52                TWI_Init
 .text.TWI_WriteByte
                0x00000f8e       0x1c drivers/src/TWI.o
                0x00000f8e                TWI_WriteByte
 .text.TWI_BeginWrite
                0x00000faa       0x3a drivers/src/TWI.o
                0x00000faa                TWI_BeginWrite
 .text.TWI_BeginRead
                0x00000fe4       0x30 drivers/src/TWI.o
                0x00000fe4                TWI_BeginRead
 .text.TWI_ReadAck
                0x00001014       0x20 drivers/src/TWI.o
                0x00001014                TWI_ReadAck
 .text.TWI_ReadNack
                0x00001034       0x20 drivers/src/TWI.o
                0x00001034                TWI_ReadNack
 .text.TWI_Stop
                0x00001054        0xa drivers/src/TWI.o
                0x00001054                TWI_Stop
 .text.TWI_Read
                0x0000105e       0x78 drivers/src/TWI.o
                0x0000105e                TWI_Read
 .text.TWI_Write
                0x000010d6       0x34 drivers/src/TWI.o
                0x000010d6                TWI_Write
 .text.USART0_Init
                0x0000110a       0x5a drivers/src/usart0.o
                0x0000110a                USART0_Init
 .text.USART0_Transmit
                0x00001164       0x10 drivers/src/usart0.o
                0x00001164                USART0_Transmit
 .text.USART0_putchar_printf
                0x00001174       0x1c drivers/src/usart0.o
                0x00001174                USART0_putchar_printf
 .text.init_timeoutq
                0x00001190       0x60 event/src/event.o
                0x00001190                init_timeoutq
 .text.get_next_interval
                0x000011f0       0x2c event/src/event.o
                0x000011f0                get_next_interval
 .text.insert_timeoutq_event
                0x0000121c       0x72 event/src/event.o
                0x0000121c                insert_timeoutq_event
 .text.load_new_sensor
                0x0000128e       0x6c event/src/event.o
                0x0000128e                load_new_sensor
 .text.run_next
                0x000012fa      0x106 event/src/event.o
 .text.handle_timeoutq_event
                0x00001400       0xa6 event/src/event.o
                0x00001400                handle_timeoutq_event
 .text.HAL_Init
                0x000014a6       0x24 hal/atmega256rfr2/src/hal.o
                0x000014a6                HAL_Init
 .text.HAL_TimerInit
                0x000014ca       0x2a hal/atmega256rfr2/src/halTimer.o
                0x000014ca                HAL_TimerInit
 .text.__vector_42
                0x000014f4       0x22 hal/atmega256rfr2/src/halTimer.o
                0x000014f4                __vector_42
 .text.NWK_Init
                0x00001516       0x3c nwk/src/nwk.o
                0x00001516                NWK_Init
 .text.NWK_OpenEndpoint
                0x00001552       0x12 nwk/src/nwk.o
                0x00001552                NWK_OpenEndpoint
 .text.nwkDataReqInit
                0x00001564        0xa nwk/src/nwkDataReq.o
                0x00001564                nwkDataReqInit
 .text.nwkFrameInit
                0x0000156e       0x16 nwk/src/nwkFrame.o
                0x0000156e                nwkFrameInit
 .text.nwkFrameNext
                0x00001584       0x4a nwk/src/nwkFrame.o
                0x00001584                nwkFrameNext
 .text.nwkRxServiceDataInd
                0x000015ce       0x28 nwk/src/nwkRx.o
 .text.nwkRxDuplicateRejectionTimerHandler
                0x000015f6       0x28 nwk/src/nwkRx.o
 .text.nwkRxInit
                0x0000161e       0x46 nwk/src/nwkRx.o
                0x0000161e                nwkRxInit
 .text.nwkTxDelayTimerHandler
                0x00001664       0x62 nwk/src/nwkTx.o
 .text.nwkTxAckWaitTimerHandler
                0x000016c6       0x72 nwk/src/nwkTx.o
 .text.nwkTxInit
                0x00001738       0x5a nwk/src/nwkTx.o
                0x00001738                nwkTxInit
 .text.nwkTxAckReceived
                0x00001792       0x4a nwk/src/nwkTx.o
                0x00001792                nwkTxAckReceived
 .text.phyTrxSetState
                0x000017dc       0x24 phy/atmegarfr2/src/phy.o
 .text.PHY_Init
                0x00001800       0x30 phy/atmegarfr2/src/phy.o
                0x00001800                PHY_Init
 .text.SYS_Init
                0x00001830       0x12 sys/src/sys.o
                0x00001830                SYS_Init
 .text.placeTimer
                0x00001842       0xc8 sys/src/sysTimer.o
 .text.SYS_TimerInit
                0x0000190a        0xa sys/src/sysTimer.o
                0x0000190a                SYS_TimerInit
 .text.SYS_TimerStarted
                0x00001914       0x34 sys/src/sysTimer.o
                0x00001914                SYS_TimerStarted
 .text.SYS_TimerStart
                0x00001948       0x1a sys/src/sysTimer.o
                0x00001948                SYS_TimerStart
 .text.check_crc
                0x00001962       0x54 utilities/src/common.o
                0x00001962                check_crc
 .text.ll_first
                0x000019b6       0x18 utilities/src/llist.o
                0x000019b6                ll_first
 .text.ll_r_insert
                0x000019ce       0x26 utilities/src/llist.o
                0x000019ce                ll_r_insert
 .text.ll_detach
                0x000019f4       0x46 utilities/src/llist.o
                0x000019f4                ll_detach
 .text.ll_pop   0x00001a3a       0x18 utilities/src/llist.o
                0x00001a3a                ll_pop
 .text.BMP280_FctnInit
                0x00001a52        0xc wrapper/sensor/src/BMP280_Sensor.o
                0x00001a52                BMP280_FctnInit
 .text.BMP280_init
                0x00001a5e       0x10 wrapper/sensor/src/BMP280_Sensor.o
                0x00001a5e                BMP280_init
 .text.BMP280_Configure
                0x00001a6e        0xe wrapper/sensor/src/BMP280_Sensor.o
                0x00001a6e                BMP280_Configure
 .text.BMP280_Error
                0x00001a7c        0xe wrapper/sensor/src/BMP280_Sensor.o
                0x00001a7c                BMP280_Error
 .text.BMP280_PreProcessing
                0x00001a8a       0x1c wrapper/sensor/src/BMP280_Sensor.o
                0x00001a8a                BMP280_PreProcessing
 .text.BMP280_Collect
                0x00001aa6       0x76 wrapper/sensor/src/BMP280_Sensor.o
                0x00001aa6                BMP280_Collect
 .text.New_BMP280_Sensor
                0x00001b1c       0x1a wrapper/sensor/src/BMP280_Sensor.o
                0x00001b1c                New_BMP280_Sensor
 .text.Si7020_FctnInit
                0x00001b36        0xc wrapper/sensor/src/Si7020_Sensor.o
                0x00001b36                Si7020_FctnInit
 .text.Si7020_Init
                0x00001b42       0x10 wrapper/sensor/src/Si7020_Sensor.o
                0x00001b42                Si7020_Init
 .text.Si7020_Configure
                0x00001b52        0xe wrapper/sensor/src/Si7020_Sensor.o
                0x00001b52                Si7020_Configure
 .text.Si7020_Error
                0x00001b60        0xe wrapper/sensor/src/Si7020_Sensor.o
                0x00001b60                Si7020_Error
 .text.Si7020_PreProcessing
                0x00001b6e       0x38 wrapper/sensor/src/Si7020_Sensor.o
                0x00001b6e                Si7020_PreProcessing
 .text.Si7020_Collect
                0x00001ba6       0x6c wrapper/sensor/src/Si7020_Sensor.o
                0x00001ba6                Si7020_Collect
 .text.New_Si7020_Sensor
                0x00001c12       0x26 wrapper/sensor/src/Si7020_Sensor.o
                0x00001c12                New_Si7020_Sensor
 .text.Temperature_ADC_FctnInit
                0x00001c38        0xc wrapper/sensor/src/Temperature_ADC_Sensor.o
                0x00001c38                Temperature_ADC_FctnInit
 .text.Temperature_ADC_Init
                0x00001c44       0x10 wrapper/sensor/src/Temperature_ADC_Sensor.o
                0x00001c44                Temperature_ADC_Init
 .text.Temperature_ADC_Configure
                0x00001c54        0xe wrapper/sensor/src/Temperature_ADC_Sensor.o
                0x00001c54                Temperature_ADC_Configure
 .text.Temperature_ADC_PreProcessing
                0x00001c62        0xe wrapper/sensor/src/Temperature_ADC_Sensor.o
                0x00001c62                Temperature_ADC_PreProcessing
 .text.Temperature_ADC_Error
                0x00001c70        0xe wrapper/sensor/src/Temperature_ADC_Sensor.o
                0x00001c70                Temperature_ADC_Error
 .text.Temperature_ADC_Collect
                0x00001c7e       0x32 wrapper/sensor/src/Temperature_ADC_Sensor.o
                0x00001c7e                Temperature_ADC_Collect
 .text.New_Temperature_ADC_Sensor
                0x00001cb0       0x1a wrapper/sensor/src/Temperature_ADC_Sensor.o
                0x00001cb0                New_Temperature_ADC_Sensor
 .text.avr-libc.fplib
                0x00001cca        0xa c:/program files (x86)/atmel/atmel toolchain/avr8 gcc/native/3.4.1061/avr8-gnu-toolchain/bin/../lib/gcc/avr/4.8.1/../../../../avr/lib/avr5\libm.a(addsf3.o)
                0x00001cca                __subsf3
                0x00001ccc                __addsf3
 .text.avr-libc.fplib
                0x00001cd4       0xc0 c:/program files (x86)/atmel/atmel toolchain/avr8 gcc/native/3.4.1061/avr8-gnu-toolchain/bin/../lib/gcc/avr/4.8.1/../../../../avr/lib/avr5\libm.a(addsf3x.o)
                0x00001cee                __addsf3x
 .text.avr-libc.fplib
                0x00001d94        0x8 c:/program files (x86)/atmel/atmel toolchain/avr8 gcc/native/3.4.1061/avr8-gnu-toolchain/bin/../lib/gcc/avr/4.8.1/../../../../avr/lib/avr5\libm.a(cmpsf2.o)
                0x00001d94                __nesf2
                0x00001d94                __eqsf2
                0x00001d94                __cmpsf2
                0x00001d94                __ltsf2
                0x00001d94                __lesf2
 .text.avr-libc.fplib
                0x00001d9c        0x4 c:/program files (x86)/atmel/atmel toolchain/avr8 gcc/native/3.4.1061/avr8-gnu-toolchain/bin/../lib/gcc/avr/4.8.1/../../../../avr/lib/avr5\libm.a(divsf3.o)
                0x00001d9c                __divsf3
 .text.avr-libc.fplib
                0x00001da0       0xcc c:/program files (x86)/atmel/atmel toolchain/avr8 gcc/native/3.4.1061/avr8-gnu-toolchain/bin/../lib/gcc/avr/4.8.1/../../../../avr/lib/avr5\libm.a(divsf3x.o)
                0x00001db6                __divsf3x
                0x00001dba                __divsf3_pse
 .text.avr-libc.fplib
                0x00001e6c        0xa c:/program files (x86)/atmel/atmel toolchain/avr8 gcc/native/3.4.1061/avr8-gnu-toolchain/bin/../lib/gcc/avr/4.8.1/../../../../avr/lib/avr5\libm.a(fixsfsi.o)
                0x00001e6c                __fixsfsi
 .text.avr-libc.fplib
                0x00001e76       0x58 c:/program files (x86)/atmel/atmel toolchain/avr8 gcc/native/3.4.1061/avr8-gnu-toolchain/bin/../lib/gcc/avr/4.8.1/../../../../avr/lib/avr5\libm.a(fixunssfsi.o)
                0x00001e76                __fixunssfsi
 .text.avr-libc.fplib
                0x00001ece       0x7a c:/program files (x86)/atmel/atmel toolchain/avr8 gcc/native/3.4.1061/avr8-gnu-toolchain/bin/../lib/gcc/avr/4.8.1/../../../../avr/lib/avr5\libm.a(floatsisf.o)
                0x00001ece                __floatunsisf
                0x00001ed2                __floatsisf
 .text.avr-libc.fplib
                0x00001f48       0x48 c:/program files (x86)/atmel/atmel toolchain/avr8 gcc/native/3.4.1061/avr8-gnu-toolchain/bin/../lib/gcc/avr/4.8.1/../../../../avr/lib/avr5\libm.a(fp_cmp.o)
                0x00001f48                __fp_cmp
 .text.avr-libc.fplib
                0x00001f90        0xc c:/program files (x86)/atmel/atmel toolchain/avr8 gcc/native/3.4.1061/avr8-gnu-toolchain/bin/../lib/gcc/avr/4.8.1/../../../../avr/lib/avr5\libm.a(fp_inf.o)
                0x00001f90                __fp_inf
 .text.avr-libc.fplib
                0x00001f9c        0x6 c:/program files (x86)/atmel/atmel toolchain/avr8 gcc/native/3.4.1061/avr8-gnu-toolchain/bin/../lib/gcc/avr/4.8.1/../../../../avr/lib/avr5\libm.a(fp_nan.o)
                0x00001f9c                __fp_nan
 .text.avr-libc.fplib
                0x00001fa2        0xe c:/program files (x86)/atmel/atmel toolchain/avr8 gcc/native/3.4.1061/avr8-gnu-toolchain/bin/../lib/gcc/avr/4.8.1/../../../../avr/lib/avr5\libm.a(fp_pscA.o)
                0x00001fa2                __fp_pscA
 .text.avr-libc.fplib
                0x00001fb0        0xe c:/program files (x86)/atmel/atmel toolchain/avr8 gcc/native/3.4.1061/avr8-gnu-toolchain/bin/../lib/gcc/avr/4.8.1/../../../../avr/lib/avr5\libm.a(fp_pscB.o)
                0x00001fb0                __fp_pscB
 .text.avr-libc.fplib
                0x00001fbe       0x22 c:/program files (x86)/atmel/atmel toolchain/avr8 gcc/native/3.4.1061/avr8-gnu-toolchain/bin/../lib/gcc/avr/4.8.1/../../../../avr/lib/avr5\libm.a(fp_round.o)
                0x00001fbe                __fp_round
 .text.avr-libc.fplib
                0x00001fe0       0x44 c:/program files (x86)/atmel/atmel toolchain/avr8 gcc/native/3.4.1061/avr8-gnu-toolchain/bin/../lib/gcc/avr/4.8.1/../../../../avr/lib/avr5\libm.a(fp_split3.o)
                0x00001fe0                __fp_split3
                0x00001ff0                __fp_splitA
 .text.avr-libc.fplib
                0x00002024        0xe c:/program files (x86)/atmel/atmel toolchain/avr8 gcc/native/3.4.1061/avr8-gnu-toolchain/bin/../lib/gcc/avr/4.8.1/../../../../avr/lib/avr5\libm.a(fp_zero.o)
                0x00002024                __fp_zero
                0x00002026                __fp_szero
 .text.avr-libc.fplib
                0x00002032        0x8 c:/program files (x86)/atmel/atmel toolchain/avr8 gcc/native/3.4.1061/avr8-gnu-toolchain/bin/../lib/gcc/avr/4.8.1/../../../../avr/lib/avr5\libm.a(gesf2.o)
                0x00002032                __gesf2
                0x00002032                __gtsf2
 .text.avr-libc.fplib
                0x0000203a        0x4 c:/program files (x86)/atmel/atmel toolchain/avr8 gcc/native/3.4.1061/avr8-gnu-toolchain/bin/../lib/gcc/avr/4.8.1/../../../../avr/lib/avr5\libm.a(mulsf3.o)
                0x0000203a                __mulsf3
 .text.avr-libc.fplib
                0x0000203e       0xc2 c:/program files (x86)/atmel/atmel toolchain/avr8 gcc/native/3.4.1061/avr8-gnu-toolchain/bin/../lib/gcc/avr/4.8.1/../../../../avr/lib/avr5\libm.a(mulsf3x.o)
                0x00002052                __mulsf3x
                0x00002056                __mulsf3_pse
 .text.avr-libc
                0x00002100      0x6f6 c:/program files (x86)/atmel/atmel toolchain/avr8 gcc/native/3.4.1061/avr8-gnu-toolchain/bin/../lib/gcc/avr/4.8.1/../../../../avr/lib/avr5\libprintf_flt.a(vfprintf_flt.o)
                0x00002100                vfprintf
 .text.libgcc.div
                0x000027f6       0x44 c:/program files (x86)/atmel/atmel toolchain/avr8 gcc/native/3.4.1061/avr8-gnu-toolchain/bin/../lib/gcc/avr/4.8.1/avr5\libgcc.a(_udivmodsi4.o)
                0x000027f6                __udivmodsi4
 .text.libgcc.prologue
                0x0000283a       0x38 c:/program files (x86)/atmel/atmel toolchain/avr8 gcc/native/3.4.1061/avr8-gnu-toolchain/bin/../lib/gcc/avr/4.8.1/avr5\libgcc.a(_prologue.o)
                0x0000283a                __prologue_saves__
 .text.libgcc.prologue
                0x00002872       0x36 c:/program files (x86)/atmel/atmel toolchain/avr8 gcc/native/3.4.1061/avr8-gnu-toolchain/bin/../lib/gcc/avr/4.8.1/avr5\libgcc.a(_epilogue.o)
                0x00002872                __epilogue_restores__
 .text.avr-libc
                0x000028a8      0x24e c:/program files (x86)/atmel/atmel toolchain/avr8 gcc/native/3.4.1061/avr8-gnu-toolchain/bin/../lib/gcc/avr/4.8.1/../../../../avr/lib/avr5\libc.a(malloc.o)
                0x000028a8                malloc
                0x000029d8                free
 .text.avr-libc
                0x00002af6      0x1b0 c:/program files (x86)/atmel/atmel toolchain/avr8 gcc/native/3.4.1061/avr8-gnu-toolchain/bin/../lib/gcc/avr/4.8.1/../../../../avr/lib/avr5\libc.a(ftoa_engine.o)
                0x00002af6                __ftoa_engine
 .text.avr-libc
                0x00002ca6       0x16 c:/program files (x86)/atmel/atmel toolchain/avr8 gcc/native/3.4.1061/avr8-gnu-toolchain/bin/../lib/gcc/avr/4.8.1/../../../../avr/lib/avr5\libc.a(strnlen_P.o)
                0x00002ca6                strnlen_P
 .text.avr-libc
                0x00002cbc       0x16 c:/program files (x86)/atmel/atmel toolchain/avr8 gcc/native/3.4.1061/avr8-gnu-toolchain/bin/../lib/gcc/avr/4.8.1/../../../../avr/lib/avr5\libc.a(strnlen.o)
                0x00002cbc                strnlen
 .text.avr-libc
                0x00002cd2       0x64 c:/program files (x86)/atmel/atmel toolchain/avr8 gcc/native/3.4.1061/avr8-gnu-toolchain/bin/../lib/gcc/avr/4.8.1/../../../../avr/lib/avr5\libc.a(fputc.o)
                0x00002cd2                fputc
 .text.avr-libc
                0x00002d36       0x28 c:/program files (x86)/atmel/atmel toolchain/avr8 gcc/native/3.4.1061/avr8-gnu-toolchain/bin/../lib/gcc/avr/4.8.1/../../../../avr/lib/avr5\libc.a(printf.o)
                0x00002d36                printf
 .text.avr-libc
                0x00002d5e       0x5a c:/program files (x86)/atmel/atmel toolchain/avr8 gcc/native/3.4.1061/avr8-gnu-toolchain/bin/../lib/gcc/avr/4.8.1/../../../../avr/lib/avr5\libc.a(puts.o)
                0x00002d5e                puts
 .text.avr-libc
                0x00002db8       0xbc c:/program files (x86)/atmel/atmel toolchain/avr8 gcc/native/3.4.1061/avr8-gnu-toolchain/bin/../lib/gcc/avr/4.8.1/../../../../avr/lib/avr5\libc.a(ultoa_invert.o)
                0x00002db8                __ultoa_invert
                0x00002e74                . = ALIGN (0x2)
 *(.fini9)
 .fini9         0x00002e74        0x0 c:/program files (x86)/atmel/atmel toolchain/avr8 gcc/native/3.4.1061/avr8-gnu-toolchain/bin/../lib/gcc/avr/4.8.1/avr5\libgcc.a(_exit.o)
                0x00002e74                _exit
                0x00002e74                exit
 *(.fini9)
 *(.fini8)
 *(.fini8)
 *(.fini7)
 *(.fini7)
 *(.fini6)
 *(.fini6)
 *(.fini5)
 *(.fini5)
 *(.fini4)
 *(.fini4)
 *(.fini3)
 *(.fini3)
 *(.fini2)
 *(.fini2)
 *(.fini1)
 *(.fini1)
 *(.fini0)
 .fini0         0x00002e74        0x4 c:/program files (x86)/atmel/atmel toolchain/avr8 gcc/native/3.4.1061/avr8-gnu-toolchain/bin/../lib/gcc/avr/4.8.1/avr5\libgcc.a(_exit.o)
 *(.fini0)
                0x00002e78                _etext = .

.data           0x00800200      0x288 load address 0x00002e78
                0x00800200                PROVIDE (__data_start, .)
 *(.data)
 .data          0x00800200        0x6 c:/program files (x86)/atmel/atmel toolchain/avr8 gcc/native/3.4.1061/avr8-gnu-toolchain/bin/../lib/gcc/avr/4.8.1/../../../../avr/lib/avr5\libc.a(malloc.o)
                0x00800200                __malloc_heap_end
                0x00800202                __malloc_heap_start
                0x00800204                __malloc_margin
 *(.data*)
 .data.USART0_stdout
                0x00800206        0xe drivers/src/usart0.o
 .data.BMP280_vmt
                0x00800214        0xc wrapper/sensor/src/BMP280_Sensor.o
                0x00800214                BMP280_vmt
 .data.Si7020_vmt
                0x00800220        0xc wrapper/sensor/src/Si7020_Sensor.o
                0x00800220                Si7020_vmt
 .data.Temperature_ADC_vmt
                0x0080022c        0xc wrapper/sensor/src/Temperature_ADC_Sensor.o
                0x0080022c                Temperature_ADC_vmt
 *(.rodata)
 *(.rodata*)
 .rodata.str1.1
                0x00800238       0x1d ATMOS.o
 .rodata.str1.1
                0x00800255       0x37 devices/src/BMP280.o
 .rodata.str1.1
                0x0080028c       0x22 drivers/src/int_timer.o
 .rodata.str1.1
                0x008002ae       0xb8 event/src/event.o
 .rodata.str1.1
                0x00800366       0x66 wrapper/sensor/src/BMP280_Sensor.o
 .rodata.str1.1
                0x008003cc       0x42 wrapper/sensor/src/Si7020_Sensor.o
                                 0x66 (size before relaxing)
 .rodata.str1.1
                0x0080040e       0x7a wrapper/sensor/src/Temperature_ADC_Sensor.o
 *(.gnu.linkonce.d*)
                0x00800488                . = ALIGN (0x2)
                0x00800488                _edata = .
                0x00800488                PROVIDE (__data_end, .)

.bss            0x00800488      0x482
                0x00800488                PROVIDE (__bss_start, .)
 *(.bss)
 *(.bss*)
 .bss.status    0x00800488        0x1 devices/src/BMP280.o
 .bss.error     0x00800489        0x1 devices/src/BMP280.o
 .bss.t_fine    0x0080048a        0x4 devices/src/BMP280.o
 .bss.oversampling_t
                0x0080048e        0x2 devices/src/BMP280.o
 .bss.oversampling
                0x00800490        0x2 devices/src/BMP280.o
 .bss.dig_T1    0x00800492        0x2 devices/src/BMP280.o
 .bss.dig_P1    0x00800494        0x2 devices/src/BMP280.o
 .bss.dig_P9    0x00800496        0x2 devices/src/BMP280.o
 .bss.dig_P8    0x00800498        0x2 devices/src/BMP280.o
 .bss.dig_P7    0x0080049a        0x2 devices/src/BMP280.o
 .bss.dig_P6    0x0080049c        0x2 devices/src/BMP280.o
 .bss.dig_P5    0x0080049e        0x2 devices/src/BMP280.o
 .bss.dig_P4    0x008004a0        0x2 devices/src/BMP280.o
 .bss.dig_P3    0x008004a2        0x2 devices/src/BMP280.o
 .bss.dig_P2    0x008004a4        0x2 devices/src/BMP280.o
 .bss.dig_T3    0x008004a6        0x2 devices/src/BMP280.o
 .bss.dig_T2    0x008004a8        0x2 devices/src/BMP280.o
 .bss.timer_usage
                0x008004aa        0x2 drivers/src/int_timer.o
 .bss.nwkDataReqQueue
                0x008004ac        0x2 nwk/src/nwkDataReq.o
 .bss.nwkFrameFrames
                0x008004ae      0x2ad nwk/src/nwkFrame.o
 .bss.nwkRxDuplicateRejectionTimer
                0x0080075b        0xd nwk/src/nwkRx.o
 .bss.nwkRxDuplicateRejectionTable
                0x00800768       0x32 nwk/src/nwkRx.o
 .bss.nwkTxDelayTimer
                0x0080079a        0xd nwk/src/nwkTx.o
 .bss.nwkTxAckWaitTimer
                0x008007a7        0xd nwk/src/nwkTx.o
 .bss.nwkTxPhyActiveFrame
                0x008007b4        0x2 nwk/src/nwkTx.o
 .bss.phyBand   0x008007b6        0x1 phy/atmegarfr2/src/phy.o
 .bss.phyRxState
                0x008007b7        0x1 phy/atmegarfr2/src/phy.o
 .bss.phyState  0x008007b8        0x1 phy/atmegarfr2/src/phy.o
 .bss.timers    0x008007b9        0x2 sys/src/sysTimer.o
 *(COMMON)
 COMMON         0x008007bb      0x11c ATMOS.o
                0x008007bb                queue
                0x008008cb                TQ
                0x008008cf                timeoutq
                0x008008d1                FL
                0x008008d5                freelist
 COMMON         0x008008d7        0x1 hal/atmega256rfr2/src/halTimer.o
                0x008008d7                halTimerIrqCount
 COMMON         0x008008d8       0x28 nwk/src/nwk.o
                0x008008d8                nwkIb
 COMMON         0x00800900        0x4 c:/program files (x86)/atmel/atmel toolchain/avr8 gcc/native/3.4.1061/avr8-gnu-toolchain/bin/../lib/gcc/avr/4.8.1/../../../../avr/lib/avr5\libc.a(malloc.o)
                0x00800900                __brkval
                0x00800902                __flp
 COMMON         0x00800904        0x6 c:/program files (x86)/atmel/atmel toolchain/avr8 gcc/native/3.4.1061/avr8-gnu-toolchain/bin/../lib/gcc/avr/4.8.1/../../../../avr/lib/avr5\libc.a(iob.o)
                0x00800904                __iob
                0x0080090a                PROVIDE (__bss_end, .)
                0x00002e78                __data_load_start = LOADADDR (.data)
                0x00003100                __data_load_end = (__data_load_start + SIZEOF (.data))

.noinit         0x0080090a        0x0
                0x0080090a                PROVIDE (__noinit_start, .)
 *(.noinit*)
                0x0080090a                PROVIDE (__noinit_end, .)
                0x0080090a                _end = .
                0x0080090a                PROVIDE (__heap_start, .)

.eeprom         0x00810000        0x0
 *(.eeprom*)
                0x00810000                __eeprom_end = .

.fuse
 *(.fuse)
 *(.lfuse)
 *(.hfuse)
 *(.efuse)

.lock
 *(.lock*)

.signature
 *(.signature*)

.user_signatures
 *(.user_signatures*)

.stab
 *(.stab)

.stabstr
 *(.stabstr)

.stab.excl
 *(.stab.excl)

.stab.exclstr
 *(.stab.exclstr)

.stab.index
 *(.stab.index)

.stab.indexstr
 *(.stab.indexstr)

.comment        0x00000000       0x5c
 *(.comment)
 .comment       0x00000000       0x30 ATMOS.o
                                 0x31 (size before relaxing)
 .comment       0x00000000       0x31 devices/src/BMP280.o
 .comment       0x00000000       0x31 devices/src/Si7020.o
 .comment       0x00000000       0x31 devices/src/TGS2600.o
 .comment       0x00000000       0x31 drivers/src/ADC.o
 .comment       0x00000000       0x31 drivers/src/int_timer.o
 .comment       0x00000000       0x31 drivers/src/PWR.o
 .comment       0x00000000       0x31 drivers/src/SPI.o
 .comment       0x00000000       0x31 drivers/src/TWI.o
 .comment       0x00000000       0x31 drivers/src/usart0.o
 .comment       0x00000000       0x31 event/src/event.o
 .comment       0x00000000       0x31 hal/atmega256rfr2/src/hal.o
 .comment       0x00000000       0x31 hal/atmega256rfr2/src/halTimer.o
 .comment       0x00000000       0x31 nwk/src/nwk.o
 .comment       0x00000000       0x31 nwk/src/nwkDataReq.o
 .comment       0x00000000       0x31 nwk/src/nwkFrame.o
 .comment       0x00000000       0x31 nwk/src/nwkRx.o
 .comment       0x00000000       0x31 nwk/src/nwkTx.o
 .comment       0x00000000       0x31 phy/atmegarfr2/src/phy.o
 .comment       0x00000000       0x31 sys/src/sys.o
 .comment       0x00000000       0x31 sys/src/sysTimer.o
 .comment       0x00000000       0x31 utilities/src/common.o
 .comment       0x00000000       0x31 utilities/src/llist.o
 .comment       0x00000000       0x31 wrapper/sensor/src/BMP280_Sensor.o
 .comment       0x00000000       0x31 wrapper/sensor/src/Si7020_Sensor.o
 .comment       0x00000000       0x31 wrapper/sensor/src/Temperature_ADC_Sensor.o
 .comment       0x00000030       0x2c c:/program files (x86)/atmel/atmel toolchain/avr8 gcc/native/3.4.1061/avr8-gnu-toolchain/bin/../lib/gcc/avr/4.8.1/../../../../avr/lib/avr5\libprintf_flt.a(vfprintf_flt.o)
                                 0x2d (size before relaxing)
 .comment       0x00000000       0x31 c:/program files (x86)/atmel/atmel toolchain/avr8 gcc/native/3.4.1061/avr8-gnu-toolchain/bin/../lib/gcc/avr/4.8.1/../../../../avr/lib/avr5\libc.a(malloc.o)
 .comment       0x00000000       0x31 c:/program files (x86)/atmel/atmel toolchain/avr8 gcc/native/3.4.1061/avr8-gnu-toolchain/bin/../lib/gcc/avr/4.8.1/../../../../avr/lib/avr5\libc.a(fputc.o)
 .comment       0x00000000       0x31 c:/program files (x86)/atmel/atmel toolchain/avr8 gcc/native/3.4.1061/avr8-gnu-toolchain/bin/../lib/gcc/avr/4.8.1/../../../../avr/lib/avr5\libc.a(iob.o)
 .comment       0x00000000       0x31 c:/program files (x86)/atmel/atmel toolchain/avr8 gcc/native/3.4.1061/avr8-gnu-toolchain/bin/../lib/gcc/avr/4.8.1/../../../../avr/lib/avr5\libc.a(printf.o)
 .comment       0x00000000       0x31 c:/program files (x86)/atmel/atmel toolchain/avr8 gcc/native/3.4.1061/avr8-gnu-toolchain/bin/../lib/gcc/avr/4.8.1/../../../../avr/lib/avr5\libc.a(puts.o)

.note.gnu.build-id
 *(.note.gnu.build-id)

.debug
 *(.debug)

.line
 *(.line)

.debug_srcinfo
 *(.debug_srcinfo)

.debug_sfnames
 *(.debug_sfnames)

.debug_aranges  0x00000000      0x740
 *(.debug_aranges)
 .debug_aranges
                0x00000000       0x20 ATMOS.o
 .debug_aranges
                0x00000020       0x80 devices/src/BMP280.o
 .debug_aranges
                0x000000a0       0x40 devices/src/Si7020.o
 .debug_aranges
                0x000000e0       0x38 devices/src/TGS2600.o
 .debug_aranges
                0x00000118       0x38 drivers/src/ADC.o
 .debug_aranges
                0x00000150       0x40 drivers/src/int_timer.o
 .debug_aranges
                0x00000190       0x40 drivers/src/PWR.o
 .debug_aranges
                0x000001d0       0x30 drivers/src/SPI.o
 .debug_aranges
                0x00000200       0x60 drivers/src/TWI.o
 .debug_aranges
                0x00000260       0x48 drivers/src/usart0.o
 .debug_aranges
                0x000002a8       0x58 event/src/event.o
 .debug_aranges
                0x00000300       0x28 hal/atmega256rfr2/src/hal.o
 .debug_aranges
                0x00000328       0x30 hal/atmega256rfr2/src/halTimer.o
 .debug_aranges
                0x00000358       0x70 nwk/src/nwk.o
 .debug_aranges
                0x000003c8       0x38 nwk/src/nwkDataReq.o
 .debug_aranges
                0x00000400       0x40 nwk/src/nwkFrame.o
 .debug_aranges
                0x00000440       0x48 nwk/src/nwkRx.o
 .debug_aranges
                0x00000488       0x60 nwk/src/nwkTx.o
 .debug_aranges
                0x000004e8       0x88 phy/atmegarfr2/src/phy.o
 .debug_aranges
                0x00000570       0x28 sys/src/sys.o
 .debug_aranges
                0x00000598       0x48 sys/src/sysTimer.o
 .debug_aranges
                0x000005e0       0x20 utilities/src/common.o
 .debug_aranges
                0x00000600       0x50 utilities/src/llist.o
 .debug_aranges
                0x00000650       0x50 wrapper/sensor/src/BMP280_Sensor.o
 .debug_aranges
                0x000006a0       0x50 wrapper/sensor/src/Si7020_Sensor.o
 .debug_aranges
                0x000006f0       0x50 wrapper/sensor/src/Temperature_ADC_Sensor.o

.debug_pubnames
 *(.debug_pubnames)

.debug_info     0x00000000     0x7ac5
 *(.debug_info .gnu.linkonce.wi.*)
 .debug_info    0x00000000      0x932 ATMOS.o
 .debug_info    0x00000932      0xaeb devices/src/BMP280.o
 .debug_info    0x0000141d      0x448 devices/src/Si7020.o
 .debug_info    0x00001865      0x13a devices/src/TGS2600.o
 .debug_info    0x0000199f      0x121 drivers/src/ADC.o
 .debug_info    0x00001ac0      0x4c6 drivers/src/int_timer.o
 .debug_info    0x00001f86       0xdb drivers/src/PWR.o
 .debug_info    0x00002061      0x102 drivers/src/SPI.o
 .debug_info    0x00002163      0x45e drivers/src/TWI.o
 .debug_info    0x000025c1      0x299 drivers/src/usart0.o
 .debug_info    0x0000285a      0x791 event/src/event.o
 .debug_info    0x00002feb       0xe8 hal/atmega256rfr2/src/hal.o
 .debug_info    0x000030d3       0xe4 hal/atmega256rfr2/src/halTimer.o
 .debug_info    0x000031b7      0x4a6 nwk/src/nwk.o
 .debug_info    0x0000365d      0x79d nwk/src/nwkDataReq.o
 .debug_info    0x00003dfa      0x56d nwk/src/nwkFrame.o
 .debug_info    0x00004367      0xc06 nwk/src/nwkRx.o
 .debug_info    0x00004f6d      0xa08 nwk/src/nwkTx.o
 .debug_info    0x00005975      0x7c0 phy/atmegarfr2/src/phy.o
 .debug_info    0x00006135      0x12b sys/src/sys.o
 .debug_info    0x00006260      0x341 sys/src/sysTimer.o
 .debug_info    0x000065a1       0xf8 utilities/src/common.o
 .debug_info    0x00006699      0x34c utilities/src/llist.o
 .debug_info    0x000069e5      0x57e wrapper/sensor/src/BMP280_Sensor.o
 .debug_info    0x00006f63      0x649 wrapper/sensor/src/Si7020_Sensor.o
 .debug_info    0x000075ac      0x519 wrapper/sensor/src/Temperature_ADC_Sensor.o

.debug_abbrev   0x00000000     0x2c31
 *(.debug_abbrev)
 .debug_abbrev  0x00000000      0x265 ATMOS.o
 .debug_abbrev  0x00000265      0x335 devices/src/BMP280.o
 .debug_abbrev  0x0000059a      0x126 devices/src/Si7020.o
 .debug_abbrev  0x000006c0       0xf2 devices/src/TGS2600.o
 .debug_abbrev  0x000007b2       0xdd drivers/src/ADC.o
 .debug_abbrev  0x0000088f      0x1e8 drivers/src/int_timer.o
 .debug_abbrev  0x00000a77       0x51 drivers/src/PWR.o
 .debug_abbrev  0x00000ac8       0xc6 drivers/src/SPI.o
 .debug_abbrev  0x00000b8e      0x1e3 drivers/src/TWI.o
 .debug_abbrev  0x00000d71      0x18f drivers/src/usart0.o
 .debug_abbrev  0x00000f00      0x2a7 event/src/event.o
 .debug_abbrev  0x000011a7       0x96 hal/atmega256rfr2/src/hal.o
 .debug_abbrev  0x0000123d       0xaa hal/atmega256rfr2/src/halTimer.o
 .debug_abbrev  0x000012e7      0x1c7 nwk/src/nwk.o
 .debug_abbrev  0x000014ae      0x2ac nwk/src/nwkDataReq.o
 .debug_abbrev  0x0000175a      0x190 nwk/src/nwkFrame.o
 .debug_abbrev  0x000018ea      0x3da nwk/src/nwkRx.o
 .debug_abbrev  0x00001cc4      0x354 nwk/src/nwkTx.o
 .debug_abbrev  0x00002018      0x247 phy/atmegarfr2/src/phy.o
 .debug_abbrev  0x0000225f       0x62 sys/src/sys.o
 .debug_abbrev  0x000022c1      0x199 sys/src/sysTimer.o
 .debug_abbrev  0x0000245a       0xa7 utilities/src/common.o
 .debug_abbrev  0x00002501      0x195 utilities/src/llist.o
 .debug_abbrev  0x00002696      0x1e2 wrapper/sensor/src/BMP280_Sensor.o
 .debug_abbrev  0x00002878      0x1ec wrapper/sensor/src/Si7020_Sensor.o
 .debug_abbrev  0x00002a64      0x1cd wrapper/sensor/src/Temperature_ADC_Sensor.o

.debug_line     0x00000000     0x293d
 *(.debug_line .debug_line.* .debug_line_end)
 .debug_line    0x00000000      0x20f ATMOS.o
 .debug_line    0x0000020f      0x27f devices/src/BMP280.o
 .debug_line    0x0000048e       0xc9 devices/src/Si7020.o
 .debug_line    0x00000557      0x105 devices/src/TGS2600.o
 .debug_line    0x0000065c       0xfd drivers/src/ADC.o
 .debug_line    0x00000759      0x1a8 drivers/src/int_timer.o
 .debug_line    0x00000901       0xf3 drivers/src/PWR.o
 .debug_line    0x000009f4       0xe1 drivers/src/SPI.o
 .debug_line    0x00000ad5      0x244 drivers/src/TWI.o
 .debug_line    0x00000d19      0x152 drivers/src/usart0.o
 .debug_line    0x00000e6b      0x248 event/src/event.o
 .debug_line    0x000010b3       0xfa hal/atmega256rfr2/src/hal.o
 .debug_line    0x000011ad       0xf2 hal/atmega256rfr2/src/halTimer.o
 .debug_line    0x0000129f      0x1e1 nwk/src/nwk.o
 .debug_line    0x00001480      0x169 nwk/src/nwkDataReq.o
 .debug_line    0x000015e9      0x13e nwk/src/nwkFrame.o
 .debug_line    0x00001727      0x254 nwk/src/nwkRx.o
 .debug_line    0x0000197b      0x286 nwk/src/nwkTx.o
 .debug_line    0x00001c01      0x22c phy/atmegarfr2/src/phy.o
 .debug_line    0x00001e2d       0xc2 sys/src/sys.o
 .debug_line    0x00001eef      0x191 sys/src/sysTimer.o
 .debug_line    0x00002080       0xc1 utilities/src/common.o
 .debug_line    0x00002141      0x10f utilities/src/llist.o
 .debug_line    0x00002250      0x24b wrapper/sensor/src/BMP280_Sensor.o
 .debug_line    0x0000249b      0x24d wrapper/sensor/src/Si7020_Sensor.o
 .debug_line    0x000026e8      0x255 wrapper/sensor/src/Temperature_ADC_Sensor.o

.debug_frame    0x00000000     0x1168
 *(.debug_frame)
 .debug_frame   0x00000000       0x34 ATMOS.o
 .debug_frame   0x00000034      0x248 devices/src/BMP280.o
 .debug_frame   0x0000027c       0x7c devices/src/Si7020.o
 .debug_frame   0x000002f8       0x68 devices/src/TGS2600.o
 .debug_frame   0x00000360       0x54 drivers/src/ADC.o
 .debug_frame   0x000003b4       0xd8 drivers/src/int_timer.o
 .debug_frame   0x0000048c       0x64 drivers/src/PWR.o
 .debug_frame   0x000004f0       0x44 drivers/src/SPI.o
 .debug_frame   0x00000534       0xf0 drivers/src/TWI.o
 .debug_frame   0x00000624       0x7c drivers/src/usart0.o
 .debug_frame   0x000006a0      0x140 event/src/event.o
 .debug_frame   0x000007e0       0x34 hal/atmega256rfr2/src/hal.o
 .debug_frame   0x00000814       0x54 hal/atmega256rfr2/src/halTimer.o
 .debug_frame   0x00000868       0xd4 nwk/src/nwk.o
 .debug_frame   0x0000093c       0x68 nwk/src/nwkDataReq.o
 .debug_frame   0x000009a4       0x64 nwk/src/nwkFrame.o
 .debug_frame   0x00000a08       0xe0 nwk/src/nwkRx.o
 .debug_frame   0x00000ae8      0x150 nwk/src/nwkTx.o
 .debug_frame   0x00000c38      0x13c phy/atmegarfr2/src/phy.o
 .debug_frame   0x00000d74       0x34 sys/src/sys.o
 .debug_frame   0x00000da8       0xc0 sys/src/sysTimer.o
 .debug_frame   0x00000e68       0x30 utilities/src/common.o
 .debug_frame   0x00000e98       0xac utilities/src/llist.o
 .debug_frame   0x00000f44       0xa0 wrapper/sensor/src/BMP280_Sensor.o
 .debug_frame   0x00000fe4       0xdc wrapper/sensor/src/Si7020_Sensor.o
 .debug_frame   0x000010c0       0xa8 wrapper/sensor/src/Temperature_ADC_Sensor.o

.debug_str      0x00000000     0x1e06
 *(.debug_str)
 .debug_str     0x00000000      0x47c ATMOS.o
                                0x52f (size before relaxing)
 .debug_str     0x0000047c      0x229 devices/src/BMP280.o
                                0x3db (size before relaxing)
 .debug_str     0x000006a5       0xc1 devices/src/Si7020.o
                                0x263 (size before relaxing)
 .debug_str     0x00000766       0x68 devices/src/TGS2600.o
                                0x1b8 (size before relaxing)
 .debug_str     0x000007ce       0x32 drivers/src/ADC.o
                                0x19f (size before relaxing)
 .debug_str     0x00000800       0x5d drivers/src/int_timer.o
                                0x351 (size before relaxing)
 .debug_str     0x0000085d       0x40 drivers/src/PWR.o
                                0x193 (size before relaxing)
 .debug_str     0x0000089d       0x3f drivers/src/SPI.o
                                0x19e (size before relaxing)
 .debug_str     0x000008dc       0x83 drivers/src/TWI.o
                                0x262 (size before relaxing)
 .debug_str     0x0000095f       0x8e drivers/src/usart0.o
                                0x213 (size before relaxing)
 .debug_str     0x000009ed       0x95 event/src/event.o
                                0x3ca (size before relaxing)
 .debug_str     0x00000a82       0x4f hal/atmega256rfr2/src/hal.o
                                0x195 (size before relaxing)
 .debug_str     0x00000ad1       0x41 hal/atmega256rfr2/src/halTimer.o
                                0x1a4 (size before relaxing)
 .debug_str     0x00000b12      0x1b9 nwk/src/nwk.o
                                0x324 (size before relaxing)
 .debug_str     0x00000ccb      0x338 nwk/src/nwkDataReq.o
                                0x560 (size before relaxing)
 .debug_str     0x00001003       0x5b nwk/src/nwkFrame.o
                                0x3ff (size before relaxing)
 .debug_str     0x0000105e      0x37d nwk/src/nwkRx.o
                                0x6f9 (size before relaxing)
 .debug_str     0x000013db      0x1c1 nwk/src/nwkTx.o
                                0x6ae (size before relaxing)
 .debug_str     0x0000159c      0x525 phy/atmegarfr2/src/phy.o
                                0x76e (size before relaxing)
 .debug_str     0x00001ac1       0x44 sys/src/sys.o
                                0x1cc (size before relaxing)
 .debug_str     0x00001b05       0x58 sys/src/sysTimer.o
                                0x261 (size before relaxing)
 .debug_str     0x00001b5d       0x57 utilities/src/common.o
                                0x1b0 (size before relaxing)
 .debug_str     0x00001bb4       0x44 utilities/src/llist.o
                                0x152 (size before relaxing)
 .debug_str     0x00001bf8       0xa4 wrapper/sensor/src/BMP280_Sensor.o
                                0x390 (size before relaxing)
 .debug_str     0x00001c9c       0x91 wrapper/sensor/src/Si7020_Sensor.o
                                0x3d3 (size before relaxing)
 .debug_str     0x00001d2d       0xd9 wrapper/sensor/src/Temperature_ADC_Sensor.o
                                0x3d2 (size before relaxing)

.debug_loc      0x00000000     0x4224
 *(.debug_loc)
 .debug_loc     0x00000000       0xae ATMOS.o
 .debug_loc     0x000000ae      0xb0f devices/src/BMP280.o
 .debug_loc     0x00000bbd      0x66e devices/src/Si7020.o
 .debug_loc     0x0000122b       0x7d devices/src/TGS2600.o
 .debug_loc     0x000012a8       0x42 drivers/src/ADC.o
 .debug_loc     0x000012ea      0x206 drivers/src/int_timer.o
 .debug_loc     0x000014f0       0x2d drivers/src/SPI.o
 .debug_loc     0x0000151d      0x471 drivers/src/TWI.o
 .debug_loc     0x0000198e       0xa0 drivers/src/usart0.o
 .debug_loc     0x00001a2e      0x677 event/src/event.o
 .debug_loc     0x000020a5       0x21 hal/atmega256rfr2/src/hal.o
 .debug_loc     0x000020c6       0x62 hal/atmega256rfr2/src/halTimer.o
 .debug_loc     0x00002128      0x14d nwk/src/nwk.o
 .debug_loc     0x00002275      0x147 nwk/src/nwkDataReq.o
 .debug_loc     0x000023bc       0xf6 nwk/src/nwkFrame.o
 .debug_loc     0x000024b2      0x460 nwk/src/nwkRx.o
 .debug_loc     0x00002912      0x6b5 nwk/src/nwkTx.o
 .debug_loc     0x00002fc7      0x31d phy/atmegarfr2/src/phy.o
 .debug_loc     0x000032e4      0x432 sys/src/sysTimer.o
 .debug_loc     0x00003716       0xc4 utilities/src/common.o
 .debug_loc     0x000037da      0x39f utilities/src/llist.o
 .debug_loc     0x00003b79      0x192 wrapper/sensor/src/BMP280_Sensor.o
 .debug_loc     0x00003d0b      0x320 wrapper/sensor/src/Si7020_Sensor.o
 .debug_loc     0x0000402b      0x1f9 wrapper/sensor/src/Temperature_ADC_Sensor.o

.debug_macinfo
 *(.debug_macinfo)

.debug_weaknames
 *(.debug_weaknames)

.debug_funcnames
 *(.debug_funcnames)

.debug_typenames
 *(.debug_typenames)

.debug_varnames
 *(.debug_varnames)

.debug_pubtypes
 *(.debug_pubtypes)

.debug_ranges   0x00000000      0x6f8
 *(.debug_ranges)
 .debug_ranges  0x00000000       0x10 ATMOS.o
 .debug_ranges  0x00000010       0xa0 devices/src/BMP280.o
 .debug_ranges  0x000000b0       0x70 devices/src/Si7020.o
 .debug_ranges  0x00000120       0x28 devices/src/TGS2600.o
 .debug_ranges  0x00000148       0x28 drivers/src/ADC.o
 .debug_ranges  0x00000170       0x30 drivers/src/int_timer.o
 .debug_ranges  0x000001a0       0x30 drivers/src/PWR.o
 .debug_ranges  0x000001d0       0x20 drivers/src/SPI.o
 .debug_ranges  0x000001f0       0x50 drivers/src/TWI.o
 .debug_ranges  0x00000240       0x38 drivers/src/usart0.o
 .debug_ranges  0x00000278       0x48 event/src/event.o
 .debug_ranges  0x000002c0       0x18 hal/atmega256rfr2/src/hal.o
 .debug_ranges  0x000002d8       0x20 hal/atmega256rfr2/src/halTimer.o
 .debug_ranges  0x000002f8       0x60 nwk/src/nwk.o
 .debug_ranges  0x00000358       0x28 nwk/src/nwkDataReq.o
 .debug_ranges  0x00000380       0x30 nwk/src/nwkFrame.o
 .debug_ranges  0x000003b0       0xd0 nwk/src/nwkRx.o
 .debug_ranges  0x00000480       0x68 nwk/src/nwkTx.o
 .debug_ranges  0x000004e8       0x78 phy/atmegarfr2/src/phy.o
 .debug_ranges  0x00000560       0x18 sys/src/sys.o
 .debug_ranges  0x00000578       0x70 sys/src/sysTimer.o
 .debug_ranges  0x000005e8       0x10 utilities/src/common.o
 .debug_ranges  0x000005f8       0x40 utilities/src/llist.o
 .debug_ranges  0x00000638       0x40 wrapper/sensor/src/BMP280_Sensor.o
 .debug_ranges  0x00000678       0x40 wrapper/sensor/src/Si7020_Sensor.o
 .debug_ranges  0x000006b8       0x40 wrapper/sensor/src/Temperature_ADC_Sensor.o

.debug_macro
 *(.debug_macro)
OUTPUT(ATMOS.elf elf32-avr)
LOAD linker stubs
